[0.013s] Invoking command in '/home/olive/LVTN_2/build/usv_controller': CMAKE_PREFIX_PATH=${CMAKE_PREFIX_PATH}:/opt/ros/humble /usr/bin/cmake --build /home/olive/LVTN_2/build/usv_controller -- -j16 -l16
[0.045s] [35m[1mConsolidate compiler generated dependencies of target state_reader[0m
[0.057s] [ 50%] [32mBuilding CXX object CMakeFiles/state_reader.dir/src/state_reader.cpp.o[0m
[2.271s] [01m[K/home/olive/LVTN_2/src/usv_controller/src/state_reader.cpp:[m[K In member function ‘[01m[Kvoid StateReader::subCallback(nav_msgs::msg::Odometry_<std::allocator<void> >::SharedPtr)[m[K’:
[2.271s] [01m[K/home/olive/LVTN_2/src/usv_controller/src/state_reader.cpp:29:61:[m[K [01;35m[Kwarning: [m[Kunused parameter ‘[01m[Kmsg[m[K’ [[01;35m[K]8;;https://gcc.gnu.org/onlinedocs/gcc/Warning-Options.html#index-Wunused-parameter-Wunused-parameter]8;;[m[K]
[2.271s]    29 | [01;35m[K:msg::Odometry::SharedPtr msg[m[K){
[2.271s]       | [01;35m[K~~~~~~~~~~~~~~~~~~~~~~~~~~^~~[m[K
[2.271s] 
[7.400s] [100%] [32m[1mLinking CXX executable state_reader[0m
[7.719s] [100%] Built target state_reader
[7.727s] Invoked command in '/home/olive/LVTN_2/build/usv_controller' returned '0': CMAKE_PREFIX_PATH=${CMAKE_PREFIX_PATH}:/opt/ros/humble /usr/bin/cmake --build /home/olive/LVTN_2/build/usv_controller -- -j16 -l16
[7.729s] Invoking command in '/home/olive/LVTN_2/build/usv_controller': CMAKE_PREFIX_PATH=${CMAKE_PREFIX_PATH}:/opt/ros/humble /usr/bin/cmake --install /home/olive/LVTN_2/build/usv_controller
[7.733s] -- Install configuration: ""
[7.733s] -- Up-to-date: /home/olive/LVTN_2/install/usv_controller/share/usv_controller/config
[7.733s] -- Up-to-date: /home/olive/LVTN_2/install/usv_controller/share/usv_controller/config/config.yaml
[7.733s] -- Up-to-date: /home/olive/LVTN_2/install/usv_controller/share/usv_controller/launch
[7.733s] -- Installing: /home/olive/LVTN_2/install/usv_controller/lib/usv_controller/state_reader
[7.735s] -- Set runtime path of "/home/olive/LVTN_2/install/usv_controller/lib/usv_controller/state_reader" to ""
[7.736s] -- Up-to-date: /home/olive/LVTN_2/install/usv_controller/share/ament_index/resource_index/package_run_dependencies/usv_controller
[7.736s] -- Up-to-date: /home/olive/LVTN_2/install/usv_controller/share/ament_index/resource_index/parent_prefix_path/usv_controller
[7.736s] -- Up-to-date: /home/olive/LVTN_2/install/usv_controller/share/usv_controller/environment/ament_prefix_path.sh
[7.736s] -- Up-to-date: /home/olive/LVTN_2/install/usv_controller/share/usv_controller/environment/ament_prefix_path.dsv
[7.736s] -- Up-to-date: /home/olive/LVTN_2/install/usv_controller/share/usv_controller/environment/path.sh
[7.736s] -- Up-to-date: /home/olive/LVTN_2/install/usv_controller/share/usv_controller/environment/path.dsv
[7.736s] -- Up-to-date: /home/olive/LVTN_2/install/usv_controller/share/usv_controller/local_setup.bash
[7.736s] -- Up-to-date: /home/olive/LVTN_2/install/usv_controller/share/usv_controller/local_setup.sh
[7.736s] -- Up-to-date: /home/olive/LVTN_2/install/usv_controller/share/usv_controller/local_setup.zsh
[7.736s] -- Up-to-date: /home/olive/LVTN_2/install/usv_controller/share/usv_controller/local_setup.dsv
[7.736s] -- Installing: /home/olive/LVTN_2/install/usv_controller/share/usv_controller/package.dsv
[7.736s] -- Up-to-date: /home/olive/LVTN_2/install/usv_controller/share/ament_index/resource_index/packages/usv_controller
[7.736s] -- Up-to-date: /home/olive/LVTN_2/install/usv_controller/share/usv_controller/cmake/usv_controllerConfig.cmake
[7.736s] -- Up-to-date: /home/olive/LVTN_2/install/usv_controller/share/usv_controller/cmake/usv_controllerConfig-version.cmake
[7.736s] -- Up-to-date: /home/olive/LVTN_2/install/usv_controller/share/usv_controller/package.xml
[7.737s] Invoked command in '/home/olive/LVTN_2/build/usv_controller' returned '0': CMAKE_PREFIX_PATH=${CMAKE_PREFIX_PATH}:/opt/ros/humble /usr/bin/cmake --install /home/olive/LVTN_2/build/usv_controller
