[0.013s] Invoking command in '/home/olive/LVTN_2/build/usv_controller': CMAKE_PREFIX_PATH=${CMAKE_PREFIX_PATH}:/opt/ros/humble /usr/bin/cmake --build /home/olive/LVTN_2/build/usv_controller -- -j16 -l16
[0.044s] [35m[1mConsolidate compiler generated dependencies of target state_reader[0m
[0.056s] [ 50%] [32mBuilding CXX object CMakeFiles/state_reader.dir/src/state_reader.cpp.o[0m
[2.210s] [01m[K/home/olive/LVTN_2/src/usv_controller/src/state_reader.cpp:30:55:[m[K [01;31m[Kerror: [m[Kexpected ‘[01m[K;[m[K’ at end of member declaration
[2.210s]    30 | :Float64MultiArray> [01;31m[KSharedPtr[m[K pub;
[2.210s]       |                     [01;31m[K^~~~~~~~~[m[K
[2.210s]       |                              [32m[K;[m[K
[2.211s] [01m[K/home/olive/LVTN_2/src/usv_controller/src/state_reader.cpp:30:65:[m[K [01;31m[Kerror: [m[K‘[01m[Kpub[m[K’ does not name a type
[2.211s]    30 | oat64MultiArray> SharedPtr [01;31m[Kpub[m[K;
[2.211s]       |                            [01;31m[K^~~[m[K
[2.211s] 
[2.213s] [01m[K/home/olive/LVTN_2/src/usv_controller/src/state_reader.cpp:[m[K In constructor ‘[01m[KStateReader::StateReader()[m[K’:
[2.214s] [01m[K/home/olive/LVTN_2/src/usv_controller/src/state_reader.cpp:12:38:[m[K [01;31m[Kerror: [m[Kno matching function for call to ‘[01m[Krclcpp::Publisher<std_msgs::msg::Float64MultiArray_<std::allocator<void> > >::Publisher()[m[K’
[2.214s]    12 | Reader() : Node("state_reader"[01;31m[K)[m[K
[2.214s]       |                               [01;31m[K^[m[K
[2.214s] 
[2.214s] In file included from [01m[K/opt/ros/humble/include/rclcpp/rclcpp/topic_statistics/subscription_topic_statistics.hpp:31[m[K,
[2.214s]                  from [01m[K/opt/ros/humble/include/rclcpp/rclcpp/subscription.hpp:50[m[K,
[2.214s]                  from [01m[K/opt/ros/humble/include/rclcpp/rclcpp/any_executable.hpp:25[m[K,
[2.214s]                  from [01m[K/opt/ros/humble/include/rclcpp/rclcpp/memory_strategy.hpp:25[m[K,
[2.214s]                  from [01m[K/opt/ros/humble/include/rclcpp/rclcpp/memory_strategies.hpp:18[m[K,
[2.214s]                  from [01m[K/opt/ros/humble/include/rclcpp/rclcpp/executor_options.hpp:20[m[K,
[2.214s]                  from [01m[K/opt/ros/humble/include/rclcpp/rclcpp/executor.hpp:37[m[K,
[2.214s]                  from [01m[K/opt/ros/humble/include/rclcpp/rclcpp/executors/multi_threaded_executor.hpp:25[m[K,
[2.214s]                  from [01m[K/opt/ros/humble/include/rclcpp/rclcpp/executors.hpp:21[m[K,
[2.214s]                  from [01m[K/opt/ros/humble/include/rclcpp/rclcpp/rclcpp.hpp:155[m[K,
[2.214s]                  from [01m[K/home/olive/LVTN_2/src/usv_controller/src/state_reader.cpp:2[m[K:
[2.214s] [01m[K/opt/ros/humble/include/rclcpp/rclcpp/publisher.hpp:125:3:[m[K [01;36m[Knote: [m[Kcandidate: ‘[01m[Krclcpp::Publisher<MessageT, AllocatorT>::Publisher(rclcpp::node_interfaces::NodeBaseInterface*, const string&, const rclcpp::QoS&, const rclcpp::PublisherOptionsWithAllocator<AllocatorT>&) [with MessageT = std_msgs::msg::Float64MultiArray_<std::allocator<void> >; AllocatorT = std::allocator<void>; std::string = std::__cxx11::basic_string<char>][m[K’
[2.214s]   125 |   [01;36m[KPublisher[m[K(
[2.214s]       |   [01;36m[K^~~~~~~~~[m[K
[2.214s] [01m[K/opt/ros/humble/include/rclcpp/rclcpp/publisher.hpp:125:3:[m[K [01;36m[Knote: [m[K  candidate expects 4 arguments, 0 provided
[2.214s] [01m[K/opt/ros/humble/include/rclcpp/rclcpp/publisher.hpp:77:7:[m[K [01;36m[Knote: [m[Kcandidate: ‘[01m[Krclcpp::Publisher<std_msgs::msg::Float64MultiArray_<std::allocator<void> > >::Publisher(const rclcpp::Publisher<std_msgs::msg::Float64MultiArray_<std::allocator<void> > >&)[m[K’
[2.214s]    77 | class [01;36m[KPublisher[m[K : public PublisherBase
[2.214s]       |       [01;36m[K^~~~~~~~~[m[K
[2.214s] [01m[K/opt/ros/humble/include/rclcpp/rclcpp/publisher.hpp:77:7:[m[K [01;36m[Knote: [m[K  candidate expects 1 argument, 0 provided
[2.226s] [01m[K/home/olive/LVTN_2/src/usv_controller/src/state_reader.cpp:26:5:[m[K [01;31m[Kerror: [m[K‘[01m[Kpub[m[K’ was not declared in this scope; did you mean ‘[01m[Ksub[m[K’?
[2.227s]    26 |     [01;31m[Kpub[m[K = this->create_publisher<std_msgs::msg::Float64MultiArray>(pub_topic_, 10);
[2.227s]       |     [01;31m[K^~~[m[K
[2.227s]       |     [32m[Ksub[m[K
[2.233s] [01m[K/home/olive/LVTN_2/src/usv_controller/src/state_reader.cpp:[m[K In member function ‘[01m[Kvoid StateReader::subCallback(nav_msgs::msg::Odometry_<std::allocator<void> >::SharedPtr)[m[K’:
[2.233s] [01m[K/home/olive/LVTN_2/src/usv_controller/src/state_reader.cpp:62:5:[m[K [01;31m[Kerror: [m[K‘[01m[Kpub[m[K’ was not declared in this scope; did you mean ‘[01m[Ksub[m[K’?
[2.233s]    62 |     [01;31m[Kpub[m[K->publish(state_msg);
[2.233s]       |     [01;31m[K^~~[m[K
[2.233s]       |     [32m[Ksub[m[K
[4.391s] gmake[2]: *** [CMakeFiles/state_reader.dir/build.make:76: CMakeFiles/state_reader.dir/src/state_reader.cpp.o] Error 1
[4.392s] gmake[1]: *** [CMakeFiles/Makefile2:137: CMakeFiles/state_reader.dir/all] Error 2
[4.392s] gmake: *** [Makefile:146: all] Error 2
[4.394s] Invoked command in '/home/olive/LVTN_2/build/usv_controller' returned '2': CMAKE_PREFIX_PATH=${CMAKE_PREFIX_PATH}:/opt/ros/humble /usr/bin/cmake --build /home/olive/LVTN_2/build/usv_controller -- -j16 -l16
