[0.013s] Invoking command in '/home/olive/LVTN_2/build/usv_controller': CMAKE_PREFIX_PATH=/opt/ros/humble /usr/bin/cmake --build /home/olive/LVTN_2/build/usv_controller -- -j16 -l16
[0.072s] Consolidate compiler generated dependencies of target thruster_controller
[0.105s] [ 25%] Building CXX object CMakeFiles/thruster_controller.dir/src/thruster_controller.cpp.o
[0.106s] [ 75%] Built target state_reader
[2.915s] /home/olive/LVTN_2/src/usv_controller/src/thruster_controller.cpp:26:26: error: ‘nav_msgs’ was not declared in this scope
[2.915s]    26 |     rclcpp::Subscription<nav_msgs::msg::Odometry>:: SharedPtr sub;
[2.915s]       |                          ^~~~~~~~
[2.915s] /home/olive/LVTN_2/src/usv_controller/src/thruster_controller.cpp:26:49: error: template argument 1 is invalid
[2.915s]    26 |     rclcpp::Subscription<nav_msgs::msg::Odometry>:: SharedPtr sub;
[2.915s]       |                                                 ^
[2.915s] /home/olive/LVTN_2/src/usv_controller/src/thruster_controller.cpp:26:49: error: template argument 3 is invalid
[2.915s] /home/olive/LVTN_2/src/usv_controller/src/thruster_controller.cpp:26:49: error: template argument 4 is invalid
[2.915s] /home/olive/LVTN_2/src/usv_controller/src/thruster_controller.cpp:26:49: error: template argument 5 is invalid
[2.915s] /home/olive/LVTN_2/src/usv_controller/src/thruster_controller.cpp:26:53: error: expected ‘;’ at end of member declaration
[2.915s]    26 |     rclcpp::Subscription<nav_msgs::msg::Odometry>:: SharedPtr sub;
[2.915s]       |                                                     ^~~~~~~~~
[2.916s]       |                                                              ;
[2.917s] /home/olive/LVTN_2/src/usv_controller/src/thruster_controller.cpp:26:63: error: ‘sub’ does not name a type
[2.917s]    26 |     rclcpp::Subscription<nav_msgs::msg::Odometry>:: SharedPtr sub;
[2.917s]       |                                                               ^~~
[2.921s] /home/olive/LVTN_2/src/usv_controller/src/thruster_controller.cpp:31:2: error: expected ‘;’ after class definition
[2.921s]    31 | }
[2.921s]       |  ^
[2.921s]       |  ;
[3.518s] gmake[2]: *** [CMakeFiles/thruster_controller.dir/build.make:76: CMakeFiles/thruster_controller.dir/src/thruster_controller.cpp.o] Error 1
[3.518s] gmake[1]: *** [CMakeFiles/Makefile2:165: CMakeFiles/thruster_controller.dir/all] Error 2
[3.518s] gmake: *** [Makefile:146: all] Error 2
[3.521s] Invoked command in '/home/olive/LVTN_2/build/usv_controller' returned '2': CMAKE_PREFIX_PATH=/opt/ros/humble /usr/bin/cmake --build /home/olive/LVTN_2/build/usv_controller -- -j16 -l16
