[31mCMake Error at CMakeLists.txt:16 (install):
  install TARGETS given target "state_reader" which does not exist.

[0m
Error parsing '/home/olive/LVTN_2/src/usv_controller/package.xml':
Traceback (most recent call last):
  File "/opt/ros/humble/share/ament_cmake_core/cmake/core/package_xml_2_cmake.py", line 150, in <module>
    main()
  File "/opt/ros/humble/share/ament_cmake_core/cmake/core/package_xml_2_cmake.py", line 53, in main
    raise e
  File "/opt/ros/humble/share/ament_cmake_core/cmake/core/package_xml_2_cmake.py", line 49, in main
    package = parse_package_string(
  File "/home/olive/.espressif/python_env/idf5.5_py3.10_env/lib/python3.10/site-packages/catkin_pkg/package.py", line 788, in parse_package_string
    pkg.validate(warnings=warnings)
  File "/home/olive/.espressif/python_env/idf5.5_py3.10_env/lib/python3.10/site-packages/catkin_pkg/package.py", line 330, in validate
    raise InvalidPackage('\n'.join(errors), self.filename)
catkin_pkg.package.InvalidPackage: Error(s) in package '/home/olive/LVTN_2/src/usv_controller/package.xml':
Invalid email "EMAIL_GITHUB_CUA_BAN" for person "olive"
[31mCMake Error at /opt/ros/humble/share/ament_cmake_core/cmake/core/ament_package_xml.cmake:95 (message):
  
  execute_process(/home/olive/.espressif/python_env/idf5.5_py3.10_env/bin/python3
  /opt/ros/humble/share/ament_cmake_core/cmake/core/package_xml_2_cmake.py
  /home/olive/LVTN_2/src/usv_controller/package.xml
  /home/olive/LVTN_2/build/usv_controller/ament_cmake_core/package.cmake)
  returned error code 1
Call Stack (most recent call first):
  /opt/ros/humble/share/ament_cmake_core/cmake/core/ament_package_xml.cmake:49 (_ament_package_xml)
  /opt/ros/humble/share/ament_lint_auto/cmake/ament_lint_auto_find_test_dependencies.cmake:31 (ament_package_xml)
  CMakeLists.txt:27 (ament_lint_auto_find_test_dependencies)

[0m
