[0.012s] Invoking command in '/home/olive/LVTN_2/build/usv_controller': /usr/bin/cmake /home/olive/LVTN_2/src/usv_controller -DCMAKE_INSTALL_PREFIX=/home/olive/LVTN_2/install/usv_controller
[0.130s] -- The C compiler identification is GNU 11.4.0
[0.223s] -- The CXX compiler identification is GNU 11.4.0
[0.233s] -- Detecting C compiler ABI info
[0.281s] -- Detecting C compiler ABI info - done
[0.286s] -- Check for working C compiler: /usr/bin/cc - skipped
[0.286s] -- Detecting C compile features
[0.287s] -- Detecting C compile features - done
[0.289s] -- Detecting CXX compiler ABI info
[0.349s] -- Detecting CXX compiler ABI info - done
[0.355s] -- Check for working CXX compiler: /usr/bin/c++ - skipped
[0.355s] -- Detecting CXX compile features
[0.356s] -- Detecting CXX compile features - done
[0.363s] -- Found ament_cmake: 1.3.14 (/opt/ros/humble/share/ament_cmake/cmake)
[0.657s] -- Found Python3: /home/olive/.espressif/python_env/idf5.5_py3.10_env/bin/python3 (found version "3.10.12") found components: Interpreter 
[0.743s] [31mCMake Error at CMakeLists.txt:16 (install):
[0.743s]   install TARGETS given target "state_reader" which does not exist.
[0.743s] 
[0.743s] [0m
[0.746s] -- Found ament_lint_auto: 0.12.15 (/opt/ros/humble/share/ament_lint_auto/cmake)
[0.800s] Error parsing '/home/olive/LVTN_2/src/usv_controller/package.xml':
[0.800s] Traceback (most recent call last):
[0.800s]   File "/opt/ros/humble/share/ament_cmake_core/cmake/core/package_xml_2_cmake.py", line 150, in <module>
[0.800s]     main()
[0.800s]   File "/opt/ros/humble/share/ament_cmake_core/cmake/core/package_xml_2_cmake.py", line 53, in main
[0.801s]     raise e
[0.801s]   File "/opt/ros/humble/share/ament_cmake_core/cmake/core/package_xml_2_cmake.py", line 49, in main
[0.801s]     package = parse_package_string(
[0.801s]   File "/home/olive/.espressif/python_env/idf5.5_py3.10_env/lib/python3.10/site-packages/catkin_pkg/package.py", line 788, in parse_package_string
[0.801s]     pkg.validate(warnings=warnings)
[0.801s]   File "/home/olive/.espressif/python_env/idf5.5_py3.10_env/lib/python3.10/site-packages/catkin_pkg/package.py", line 330, in validate
[0.801s]     raise InvalidPackage('\n'.join(errors), self.filename)
[0.801s] catkin_pkg.package.InvalidPackage: Error(s) in package '/home/olive/LVTN_2/src/usv_controller/package.xml':
[0.801s] Invalid email "EMAIL_GITHUB_CUA_BAN" for person "olive"
[0.810s] [31mCMake Error at /opt/ros/humble/share/ament_cmake_core/cmake/core/ament_package_xml.cmake:95 (message):
[0.810s]   
[0.810s]   execute_process(/home/olive/.espressif/python_env/idf5.5_py3.10_env/bin/python3
[0.810s]   /opt/ros/humble/share/ament_cmake_core/cmake/core/package_xml_2_cmake.py
[0.810s]   /home/olive/LVTN_2/src/usv_controller/package.xml
[0.810s]   /home/olive/LVTN_2/build/usv_controller/ament_cmake_core/package.cmake)
[0.810s]   returned error code 1
[0.810s] Call Stack (most recent call first):
[0.810s]   /opt/ros/humble/share/ament_cmake_core/cmake/core/ament_package_xml.cmake:49 (_ament_package_xml)
[0.810s]   /opt/ros/humble/share/ament_lint_auto/cmake/ament_lint_auto_find_test_dependencies.cmake:31 (ament_package_xml)
[0.810s]   CMakeLists.txt:27 (ament_lint_auto_find_test_dependencies)
[0.810s] 
[0.810s] [0m
[0.811s] -- Configuring incomplete, errors occurred!
[0.811s] See also "/home/olive/LVTN_2/build/usv_controller/CMakeFiles/CMakeOutput.log".
[0.814s] Invoked command in '/home/olive/LVTN_2/build/usv_controller' returned '1': /usr/bin/cmake /home/olive/LVTN_2/src/usv_controller -DCMAKE_INSTALL_PREFIX=/home/olive/LVTN_2/install/usv_controller
