[0.017s] Invoking command in '/home/olive/LVTN_2/build/usv_navigation': CMAKE_PREFIX_PATH=/opt/ros/humble /usr/bin/cmake /home/olive/LVTN_2/src/usv_navigation -DAMENT_CMAKE_SYMLINK_INSTALL=1 -DCMAKE_INSTALL_PREFIX=/home/olive/LVTN_2/install/usv_navigation
[0.032s] -- Found ament_cmake: 1.3.14 (/opt/ros/humble/share/ament_cmake/cmake)
[0.208s] -- Override CMake install command with custom implementation using symlinks instead of copying resources
[0.217s] -- Found rclcpp: 16.0.19 (/opt/ros/humble/share/rclcpp/cmake)
[0.262s] -- Found rosidl_generator_c: 3.1.9 (/opt/ros/humble/share/rosidl_generator_c/cmake)
[0.266s] -- Found rosidl_adapter: 3.1.9 (/opt/ros/humble/share/rosidl_adapter/cmake)
[0.276s] -- Found rosidl_generator_cpp: 3.1.9 (/opt/ros/humble/share/rosidl_generator_cpp/cmake)
[0.289s] -- Using all available rosidl_typesupport_c: rosidl_typesupport_fastrtps_c;rosidl_typesupport_introspection_c
[0.304s] -- Using all available rosidl_typesupport_cpp: rosidl_typesupport_fastrtps_cpp;rosidl_typesupport_introspection_cpp
[0.350s] -- Found rmw_implementation_cmake: 6.1.2 (/opt/ros/humble/share/rmw_implementation_cmake/cmake)
[0.352s] -- Found rmw_fastrtps_cpp: 6.2.10 (/opt/ros/humble/share/rmw_fastrtps_cpp/cmake)
[0.508s] -- Using RMW implementation 'rmw_fastrtps_cpp' as default
[0.601s] -- Found sensor_msgs: 4.9.1 (/opt/ros/humble/share/sensor_msgs/cmake)
[0.644s] -- Found nav_msgs: 4.9.1 (/opt/ros/humble/share/nav_msgs/cmake)
[0.668s] -- Found ros_gz_interfaces: 0.244.25 (/opt/ros/humble/share/ros_gz_interfaces/cmake)
[0.695s] -- Found tf2: 0.25.20 (/opt/ros/humble/share/tf2/cmake)
[0.700s] -- Found tf2_ros: 0.25.20 (/opt/ros/humble/share/tf2_ros/cmake)
[0.829s] -- Found ament_lint_auto: 0.12.15 (/opt/ros/humble/share/ament_lint_auto/cmake)
[0.974s] -- Added test 'cppcheck' to perform static code analysis on C / C++ code
[0.974s] -- Configured cppcheck include dirs: 
[0.974s] -- Configured cppcheck exclude dirs and/or files: 
[0.975s] -- Added test 'flake8' to check Python code syntax and style conventions
[0.975s] -- Added test 'lint_cmake' to check CMake code style
[0.975s] -- Added test 'pep257' to check Python code against some of the docstring style conventions in PEP 257
[0.977s] -- Added test 'uncrustify' to check C / C++ code style
[0.977s] -- Configured uncrustify additional arguments: 
[0.977s] -- Added test 'xmllint' to check XML markup files
[0.979s] -- Configuring done
[1.023s] -- Generating done
[1.046s] -- Build files have been written to: /home/olive/LVTN_2/build/usv_navigation
[1.063s] Invoked command in '/home/olive/LVTN_2/build/usv_navigation' returned '0': CMAKE_PREFIX_PATH=/opt/ros/humble /usr/bin/cmake /home/olive/LVTN_2/src/usv_navigation -DAMENT_CMAKE_SYMLINK_INSTALL=1 -DCMAKE_INSTALL_PREFIX=/home/olive/LVTN_2/install/usv_navigation
[1.067s] Invoking command in '/home/olive/LVTN_2/build/usv_navigation': CMAKE_PREFIX_PATH=/opt/ros/humble /usr/bin/cmake --build /home/olive/LVTN_2/build/usv_navigation -- -j16 -l16
[1.131s] Consolidate compiler generated dependencies of target mapping_route
[1.133s] Consolidate compiler generated dependencies of target laser_scan_merger
[1.133s] Consolidate compiler generated dependencies of target coverage_planner
[1.136s] Consolidate compiler generated dependencies of target coverage_playback
[1.136s] Consolidate compiler generated dependencies of target trajectory_node
[1.157s] [ 20%] Built target coverage_planner
[1.158s] [ 40%] Built target trajectory_node
[1.159s] [ 60%] Built target coverage_playback
[1.159s] [ 80%] Built target mapping_route
[1.160s] [100%] Built target laser_scan_merger
[1.184s] Invoked command in '/home/olive/LVTN_2/build/usv_navigation' returned '0': CMAKE_PREFIX_PATH=/opt/ros/humble /usr/bin/cmake --build /home/olive/LVTN_2/build/usv_navigation -- -j16 -l16
[1.205s] Invoking command in '/home/olive/LVTN_2/build/usv_navigation': CMAKE_PREFIX_PATH=/opt/ros/humble /usr/bin/cmake --install /home/olive/LVTN_2/build/usv_navigation
[1.221s] -- Install configuration: ""
[1.221s] -- Execute custom install script
[1.222s] -- Up-to-date symlink: /home/olive/LVTN_2/install/usv_navigation/lib/usv_navigation/laser_scan_merger
[1.223s] -- Up-to-date symlink: /home/olive/LVTN_2/install/usv_navigation/lib/usv_navigation/mapping_route
[1.223s] -- Up-to-date symlink: /home/olive/LVTN_2/install/usv_navigation/lib/usv_navigation/coverage_planner
[1.223s] -- Up-to-date symlink: /home/olive/LVTN_2/install/usv_navigation/lib/usv_navigation/trajectory_node
[1.223s] -- Up-to-date symlink: /home/olive/LVTN_2/install/usv_navigation/lib/usv_navigation/coverage_playback
[1.224s] -- Up-to-date symlink: /home/olive/LVTN_2/install/usv_navigation/share/usv_navigation/launch/coverage.launch.py
[1.225s] -- Up-to-date symlink: /home/olive/LVTN_2/install/usv_navigation/share/usv_navigation/launch/saved_coverage.launch.py
[1.225s] -- Up-to-date symlink: /home/olive/LVTN_2/install/usv_navigation/share/usv_navigation/launch/slam.launch.py
[1.225s] -- Up-to-date symlink: /home/olive/LVTN_2/install/usv_navigation/share/usv_navigation/config/coverage.rviz
[1.225s] -- Up-to-date symlink: /home/olive/LVTN_2/install/usv_navigation/share/usv_navigation/config/slam.yaml
[1.226s] -- Up-to-date symlink: /home/olive/LVTN_2/install/usv_navigation/share/usv_navigation/maps/README.md
[1.226s] -- Up-to-date symlink: /home/olive/LVTN_2/install/usv_navigation/share/usv_navigation/maps/usv_map.pgm
[1.226s] -- Up-to-date symlink: /home/olive/LVTN_2/install/usv_navigation/share/usv_navigation/maps/usv_map.yaml
[1.227s] -- Up-to-date symlink: /home/olive/LVTN_2/install/usv_navigation/share/usv_navigation/SLAM_NOTES.md
[1.228s] -- Up-to-date symlink: /home/olive/LVTN_2/install/usv_navigation/share/ament_index/resource_index/package_run_dependencies/usv_navigation
[1.228s] -- Up-to-date symlink: /home/olive/LVTN_2/install/usv_navigation/share/ament_index/resource_index/parent_prefix_path/usv_navigation
[1.228s] -- Up-to-date symlink: /home/olive/LVTN_2/install/usv_navigation/share/usv_navigation/environment/ament_prefix_path.sh
[1.228s] -- Up-to-date symlink: /home/olive/LVTN_2/install/usv_navigation/share/usv_navigation/environment/ament_prefix_path.dsv
[1.229s] -- Up-to-date symlink: /home/olive/LVTN_2/install/usv_navigation/share/usv_navigation/environment/path.sh
[1.229s] -- Up-to-date symlink: /home/olive/LVTN_2/install/usv_navigation/share/usv_navigation/environment/path.dsv
[1.229s] -- Up-to-date symlink: /home/olive/LVTN_2/install/usv_navigation/share/usv_navigation/local_setup.bash
[1.229s] -- Up-to-date symlink: /home/olive/LVTN_2/install/usv_navigation/share/usv_navigation/local_setup.sh
[1.230s] -- Up-to-date symlink: /home/olive/LVTN_2/install/usv_navigation/share/usv_navigation/local_setup.zsh
[1.230s] -- Up-to-date symlink: /home/olive/LVTN_2/install/usv_navigation/share/usv_navigation/local_setup.dsv
[1.230s] -- Symlinking: /home/olive/LVTN_2/install/usv_navigation/share/usv_navigation/package.dsv
[1.248s] -- Up-to-date symlink: /home/olive/LVTN_2/install/usv_navigation/share/ament_index/resource_index/packages/usv_navigation
[1.248s] -- Up-to-date symlink: /home/olive/LVTN_2/install/usv_navigation/share/usv_navigation/cmake/usv_navigationConfig.cmake
[1.248s] -- Up-to-date symlink: /home/olive/LVTN_2/install/usv_navigation/share/usv_navigation/cmake/usv_navigationConfig-version.cmake
[1.248s] -- Up-to-date symlink: /home/olive/LVTN_2/install/usv_navigation/share/usv_navigation/package.xml
[1.252s] Invoked command in '/home/olive/LVTN_2/build/usv_navigation' returned '0': CMAKE_PREFIX_PATH=/opt/ros/humble /usr/bin/cmake --install /home/olive/LVTN_2/build/usv_navigation
