[0.014s] Invoking command in '/home/olive/LVTN_2/build/usv_controller': CMAKE_PREFIX_PATH=${CMAKE_PREFIX_PATH}:/opt/ros/humble /usr/bin/cmake --build /home/olive/LVTN_2/build/usv_controller -- -j16 -l16
[0.036s] -- Found ament_cmake: 1.3.14 (/opt/ros/humble/share/ament_cmake/cmake)
[0.122s] -- Found rclcpp: 16.0.19 (/opt/ros/humble/share/rclcpp/cmake)
[0.145s] -- Found rosidl_generator_c: 3.1.9 (/opt/ros/humble/share/rosidl_generator_c/cmake)
[0.148s] -- Found rosidl_adapter: 3.1.9 (/opt/ros/humble/share/rosidl_adapter/cmake)
[0.153s] -- Found rosidl_generator_cpp: 3.1.9 (/opt/ros/humble/share/rosidl_generator_cpp/cmake)
[0.163s] -- Using all available rosidl_typesupport_c: rosidl_typesupport_fastrtps_c;rosidl_typesupport_introspection_c
[0.174s] -- Using all available rosidl_typesupport_cpp: rosidl_typesupport_fastrtps_cpp;rosidl_typesupport_introspection_cpp
[0.206s] -- Found rmw_implementation_cmake: 6.1.2 (/opt/ros/humble/share/rmw_implementation_cmake/cmake)
[0.208s] -- Found rmw_fastrtps_cpp: 6.2.10 (/opt/ros/humble/share/rmw_fastrtps_cpp/cmake)
[0.315s] -- Using RMW implementation 'rmw_fastrtps_cpp' as default
[0.366s] -- Found tf2: 0.25.20 (/opt/ros/humble/share/tf2/cmake)
[0.383s] -- Found nav_msgs: 4.9.1 (/opt/ros/humble/share/nav_msgs/cmake)
[0.401s] -- Found tf2_geometry_msgs: 0.25.20 (/opt/ros/humble/share/tf2_geometry_msgs/cmake)
[0.404s] -- Found eigen3_cmake_module: 0.1.1 (/opt/ros/humble/share/eigen3_cmake_module/cmake)
[0.405s] -- Ensuring Eigen3 include directory is part of orocos-kdl CMake target
[0.491s] -- Found ament_lint_auto: 0.12.15 (/opt/ros/humble/share/ament_lint_auto/cmake)
[0.557s] -- Added test 'cppcheck' to perform static code analysis on C / C++ code
[0.557s] -- Configured cppcheck include dirs: 
[0.557s] -- Configured cppcheck exclude dirs and/or files: 
[0.558s] -- Added test 'lint_cmake' to check CMake code style
[0.558s] -- Added test 'uncrustify' to check C / C++ code style
[0.558s] -- Configured uncrustify additional arguments: 
[0.558s] -- Added test 'xmllint' to check XML markup files
[0.559s] -- Configuring done
[0.569s] -- Generating done
[0.574s] -- Build files have been written to: /home/olive/LVTN_2/build/usv_controller
[0.599s] [35m[1mConsolidate compiler generated dependencies of target state_reader[0m
[0.605s] [ 25%] [32mBuilding CXX object CMakeFiles/thruster_controller.dir/src/thruster_controller.cpp.o[0m
[0.612s] [ 75%] Built target state_reader
[0.619s] [100%] [32m[1mLinking CXX executable thruster_controller[0m
[0.684s] /usr/bin/ld: /usr/lib/gcc/x86_64-linux-gnu/11/../../../x86_64-linux-gnu/Scrt1.o: in function `_start':
[0.685s] (.text+0x1b): undefined reference to `main'
[0.686s] collect2: error: ld returned 1 exit status
[0.687s] gmake[2]: *** [CMakeFiles/thruster_controller.dir/build.make:205: thruster_controller] Error 1
[0.688s] gmake[1]: *** [CMakeFiles/Makefile2:165: CMakeFiles/thruster_controller.dir/all] Error 2
[0.688s] gmake: *** [Makefile:146: all] Error 2
[0.689s] Invoked command in '/home/olive/LVTN_2/build/usv_controller' returned '2': CMAKE_PREFIX_PATH=${CMAKE_PREFIX_PATH}:/opt/ros/humble /usr/bin/cmake --build /home/olive/LVTN_2/build/usv_controller -- -j16 -l16
