[0.010s] Invoking command in '/home/olive/LVTN_2/build/usv_controller': CMAKE_PREFIX_PATH=${CMAKE_PREFIX_PATH}:/opt/ros/humble /usr/bin/cmake --build /home/olive/LVTN_2/build/usv_controller -- -j16 -l16
[0.026s] -- Found ament_cmake: 1.3.14 (/opt/ros/humble/share/ament_cmake/cmake)
[0.114s] -- Found ament_lint_auto: 0.12.15 (/opt/ros/humble/share/ament_lint_auto/cmake)
[0.195s] -- Added test 'cppcheck' to perform static code analysis on C / C++ code
[0.196s] -- Configured cppcheck include dirs: 
[0.196s] -- Configured cppcheck exclude dirs and/or files: 
[0.197s] -- Added test 'lint_cmake' to check CMake code style
[0.198s] -- Added test 'uncrustify' to check C / C++ code style
[0.198s] -- Configured uncrustify additional arguments: 
[0.199s] -- Added test 'xmllint' to check XML markup files
[0.201s] -- Configuring done
[0.207s] -- Generating done
[0.211s] -- Build files have been written to: /home/olive/LVTN_2/build/usv_controller
[0.227s] [35m[1mConsolidate compiler generated dependencies of target state_reader[0m
[0.239s] [ 50%] [32mBuilding CXX object CMakeFiles/state_reader.dir/src/state_reader.cpp.o[0m
[0.245s] [01m[K/home/olive/LVTN_2/src/usv_controller/src/state_reader.cpp:1:10:[m[K [01;31m[Kfatal error: [m[Krclcpp/rclcpp.hpp: No such file or directory
[0.245s]     1 | #include [01;31m[K"rclcpp/rclcpp.hpp"[m[K
[0.245s]       |          [01;31m[K^~~~~~~~~~~~~~~~~~~[m[K
[0.245s] compilation terminated.
[0.245s] gmake[2]: *** [CMakeFiles/state_reader.dir/build.make:76: CMakeFiles/state_reader.dir/src/state_reader.cpp.o] Error 1
[0.245s] gmake[1]: *** [CMakeFiles/Makefile2:137: CMakeFiles/state_reader.dir/all] Error 2
[0.245s] gmake: *** [Makefile:146: all] Error 2
[0.247s] Invoked command in '/home/olive/LVTN_2/build/usv_controller' returned '2': CMAKE_PREFIX_PATH=${CMAKE_PREFIX_PATH}:/opt/ros/humble /usr/bin/cmake --build /home/olive/LVTN_2/build/usv_controller -- -j16 -l16
