[0.013s] Invoking command in '/home/olive/LVTN_2/build/usv_controller': CMAKE_PREFIX_PATH=/opt/ros/humble /usr/bin/cmake --build /home/olive/LVTN_2/build/usv_controller -- -j16 -l16
[0.066s] [ 50%] Building CXX object CMakeFiles/state_reader.dir/src/state_reader.cpp.o
[0.066s] [ 50%] Building CXX object CMakeFiles/thruster_controller.dir/src/thruster_controller.cpp.o
[11.116s] [ 75%] Linking CXX executable thruster_controller
[11.415s] [100%] Linking CXX executable state_reader
[11.778s] [100%] Built target thruster_controller
[12.048s] [100%] Built target state_reader
[12.062s] Invoked command in '/home/olive/LVTN_2/build/usv_controller' returned '0': CMAKE_PREFIX_PATH=/opt/ros/humble /usr/bin/cmake --build /home/olive/LVTN_2/build/usv_controller -- -j16 -l16
[12.076s] Invoking command in '/home/olive/LVTN_2/build/usv_controller': CMAKE_PREFIX_PATH=/opt/ros/humble /usr/bin/cmake --install /home/olive/LVTN_2/build/usv_controller
[12.084s] -- Install configuration: ""
[12.085s] -- Up-to-date: /home/olive/LVTN_2/install/usv_controller/share/usv_controller/config
[12.085s] -- Installing: /home/olive/LVTN_2/install/usv_controller/share/usv_controller/config/config.yaml
[12.085s] -- Up-to-date: /home/olive/LVTN_2/install/usv_controller/share/usv_controller/launch
[12.085s] -- Installing: /home/olive/LVTN_2/install/usv_controller/lib/usv_controller/state_reader
[12.091s] -- Set runtime path of "/home/olive/LVTN_2/install/usv_controller/lib/usv_controller/state_reader" to ""
[12.092s] -- Installing: /home/olive/LVTN_2/install/usv_controller/lib/usv_controller/thruster_controller
[12.099s] -- Set runtime path of "/home/olive/LVTN_2/install/usv_controller/lib/usv_controller/thruster_controller" to ""
[12.099s] -- Up-to-date: /home/olive/LVTN_2/install/usv_controller/share/ament_index/resource_index/package_run_dependencies/usv_controller
[12.099s] -- Up-to-date: /home/olive/LVTN_2/install/usv_controller/share/ament_index/resource_index/parent_prefix_path/usv_controller
[12.099s] -- Up-to-date: /home/olive/LVTN_2/install/usv_controller/share/usv_controller/environment/ament_prefix_path.sh
[12.100s] -- Up-to-date: /home/olive/LVTN_2/install/usv_controller/share/usv_controller/environment/ament_prefix_path.dsv
[12.100s] -- Up-to-date: /home/olive/LVTN_2/install/usv_controller/share/usv_controller/environment/path.sh
[12.100s] -- Up-to-date: /home/olive/LVTN_2/install/usv_controller/share/usv_controller/environment/path.dsv
[12.100s] -- Up-to-date: /home/olive/LVTN_2/install/usv_controller/share/usv_controller/local_setup.bash
[12.100s] -- Up-to-date: /home/olive/LVTN_2/install/usv_controller/share/usv_controller/local_setup.sh
[12.100s] -- Up-to-date: /home/olive/LVTN_2/install/usv_controller/share/usv_controller/local_setup.zsh
[12.101s] -- Up-to-date: /home/olive/LVTN_2/install/usv_controller/share/usv_controller/local_setup.dsv
[12.101s] -- Installing: /home/olive/LVTN_2/install/usv_controller/share/usv_controller/package.dsv
[12.102s] -- Up-to-date: /home/olive/LVTN_2/install/usv_controller/share/ament_index/resource_index/packages/usv_controller
[12.103s] -- Up-to-date: /home/olive/LVTN_2/install/usv_controller/share/usv_controller/cmake/usv_controllerConfig.cmake
[12.103s] -- Up-to-date: /home/olive/LVTN_2/install/usv_controller/share/usv_controller/cmake/usv_controllerConfig-version.cmake
[12.103s] -- Up-to-date: /home/olive/LVTN_2/install/usv_controller/share/usv_controller/package.xml
[12.103s] Invoked command in '/home/olive/LVTN_2/build/usv_controller' returned '0': CMAKE_PREFIX_PATH=/opt/ros/humble /usr/bin/cmake --install /home/olive/LVTN_2/build/usv_controller
