[0.023s] Invoking command in '/home/olive/LVTN_2/build/usv_description': CMAKE_PREFIX_PATH=${CMAKE_PREFIX_PATH}:/opt/ros/humble /usr/bin/cmake --build /home/olive/LVTN_2/build/usv_description -- -j16 -l16
[0.086s] Invoked command in '/home/olive/LVTN_2/build/usv_description' returned '0': CMAKE_PREFIX_PATH=${CMAKE_PREFIX_PATH}:/opt/ros/humble /usr/bin/cmake --build /home/olive/LVTN_2/build/usv_description -- -j16 -l16
[0.102s] Invoking command in '/home/olive/LVTN_2/build/usv_description': CMAKE_PREFIX_PATH=${CMAKE_PREFIX_PATH}:/opt/ros/humble /usr/bin/cmake --install /home/olive/LVTN_2/build/usv_description
[0.113s] -- Install configuration: ""
[0.113s] -- Execute custom install script
[0.113s] -- Up-to-date symlink: /home/olive/LVTN_2/install/usv_description/share/usv_description/meshes/STL_base.stl
[0.114s] -- Up-to-date symlink: /home/olive/LVTN_2/install/usv_description/share/usv_description/meshes/STL_pontoon.stl
[0.114s] -- Up-to-date symlink: /home/olive/LVTN_2/install/usv_description/share/usv_description/meshes/STL_pump.stl
[0.114s] -- Up-to-date symlink: /home/olive/LVTN_2/install/usv_description/share/usv_description/meshes/STL_thruster.stl
[0.114s] -- Up-to-date symlink: /home/olive/LVTN_2/install/usv_description/share/usv_description/meshes/STL_thruster_frame.stl
[0.114s] -- Up-to-date symlink: /home/olive/LVTN_2/install/usv_description/share/usv_description/meshes/pump.stl
[0.114s] -- Up-to-date symlink: /home/olive/LVTN_2/install/usv_description/share/usv_description/meshes/thruster.stl
[0.114s] -- Up-to-date symlink: /home/olive/LVTN_2/install/usv_description/share/usv_description/meshes/thruster_frame.stl
[0.114s] -- Up-to-date symlink: /home/olive/LVTN_2/install/usv_description/share/usv_description/meshes/usv_body.stl
[0.115s] -- Up-to-date symlink: /home/olive/LVTN_2/install/usv_description/share/usv_description/rviz/display.rviz
[0.115s] -- Up-to-date symlink: /home/olive/LVTN_2/install/usv_description/share/usv_description/urdf/environment.sdf
[0.115s] -- Up-to-date symlink: /home/olive/LVTN_2/install/usv_description/share/usv_description/urdf/gazebo.xacro
[0.115s] -- Up-to-date symlink: /home/olive/LVTN_2/install/usv_description/share/usv_description/urdf/usv.urdf.xacro
[0.115s] -- Symlinking: /home/olive/LVTN_2/install/usv_description/share/usv_description/launch/__pycache__/display.launch.cpython-310.pyc
[0.130s] -- Symlinking: /home/olive/LVTN_2/install/usv_description/share/usv_description/launch/__pycache__/gazebo.launch.cpython-310.pyc
[0.145s] -- Up-to-date symlink: /home/olive/LVTN_2/install/usv_description/share/usv_description/launch/display.launch.py
[0.145s] -- Up-to-date symlink: /home/olive/LVTN_2/install/usv_description/share/usv_description/launch/gazebo.launch.py
[0.146s] -- Up-to-date symlink: /home/olive/LVTN_2/install/usv_description/share/usv_description/TUNING_NOTES.md
[0.146s] -- Up-to-date symlink: /home/olive/LVTN_2/install/usv_description/share/ament_index/resource_index/package_run_dependencies/usv_description
[0.146s] -- Up-to-date symlink: /home/olive/LVTN_2/install/usv_description/share/ament_index/resource_index/parent_prefix_path/usv_description
[0.146s] -- Up-to-date symlink: /home/olive/LVTN_2/install/usv_description/share/usv_description/environment/ament_prefix_path.sh
[0.146s] -- Up-to-date symlink: /home/olive/LVTN_2/install/usv_description/share/usv_description/environment/ament_prefix_path.dsv
[0.146s] -- Up-to-date symlink: /home/olive/LVTN_2/install/usv_description/share/usv_description/environment/path.sh
[0.146s] -- Up-to-date symlink: /home/olive/LVTN_2/install/usv_description/share/usv_description/environment/path.dsv
[0.147s] -- Up-to-date symlink: /home/olive/LVTN_2/install/usv_description/share/usv_description/local_setup.bash
[0.147s] -- Up-to-date symlink: /home/olive/LVTN_2/install/usv_description/share/usv_description/local_setup.sh
[0.147s] -- Up-to-date symlink: /home/olive/LVTN_2/install/usv_description/share/usv_description/local_setup.zsh
[0.147s] -- Up-to-date symlink: /home/olive/LVTN_2/install/usv_description/share/usv_description/local_setup.dsv
[0.147s] -- Symlinking: /home/olive/LVTN_2/install/usv_description/share/usv_description/package.dsv
[0.160s] -- Up-to-date symlink: /home/olive/LVTN_2/install/usv_description/share/ament_index/resource_index/packages/usv_description
[0.160s] -- Up-to-date symlink: /home/olive/LVTN_2/install/usv_description/share/usv_description/cmake/usv_descriptionConfig.cmake
[0.160s] -- Up-to-date symlink: /home/olive/LVTN_2/install/usv_description/share/usv_description/cmake/usv_descriptionConfig-version.cmake
[0.160s] -- Up-to-date symlink: /home/olive/LVTN_2/install/usv_description/share/usv_description/package.xml
[0.164s] Invoked command in '/home/olive/LVTN_2/build/usv_description' returned '0': CMAKE_PREFIX_PATH=${CMAKE_PREFIX_PATH}:/opt/ros/humble /usr/bin/cmake --install /home/olive/LVTN_2/build/usv_description
