[0.015s] Invoking command in '/home/olive/LVTN_2/build/usv_description': CMAKE_PREFIX_PATH=${CMAKE_PREFIX_PATH}:/opt/ros/humble /usr/bin/cmake /home/olive/LVTN_2/src/usv_description -DCMAKE_INSTALL_PREFIX=/home/olive/LVTN_2/install/usv_description
[0.027s] -- Found ament_cmake: 1.3.14 (/opt/ros/humble/share/ament_cmake/cmake)
[0.173s] -- Override CMake install command with custom implementation using symlinks instead of copying resources
[0.184s] -- Found ament_lint_auto: 0.12.15 (/opt/ros/humble/share/ament_lint_auto/cmake)
[0.313s] -- Added test 'flake8' to check Python code syntax and style conventions
[0.314s] -- Added test 'lint_cmake' to check CMake code style
[0.314s] -- Added test 'pep257' to check Python code against some of the docstring style conventions in PEP 257
[0.317s] -- Added test 'xmllint' to check XML markup files
[0.319s] -- Configuring done
[0.324s] -- Generating done
[0.328s] -- Build files have been written to: /home/olive/LVTN_2/build/usv_description
[0.332s] Invoked command in '/home/olive/LVTN_2/build/usv_description' returned '0': CMAKE_PREFIX_PATH=${CMAKE_PREFIX_PATH}:/opt/ros/humble /usr/bin/cmake /home/olive/LVTN_2/src/usv_description -DCMAKE_INSTALL_PREFIX=/home/olive/LVTN_2/install/usv_description
[0.334s] Invoking command in '/home/olive/LVTN_2/build/usv_description': CMAKE_PREFIX_PATH=${CMAKE_PREFIX_PATH}:/opt/ros/humble /usr/bin/cmake --build /home/olive/LVTN_2/build/usv_description -- -j16 -l16
[0.379s] Invoked command in '/home/olive/LVTN_2/build/usv_description' returned '0': CMAKE_PREFIX_PATH=${CMAKE_PREFIX_PATH}:/opt/ros/humble /usr/bin/cmake --build /home/olive/LVTN_2/build/usv_description -- -j16 -l16
[0.381s] Invoking command in '/home/olive/LVTN_2/build/usv_description': CMAKE_PREFIX_PATH=${CMAKE_PREFIX_PATH}:/opt/ros/humble /usr/bin/cmake --install /home/olive/LVTN_2/build/usv_description
[0.392s] -- Install configuration: ""
[0.392s] -- Execute custom install script
[0.392s] -- Up-to-date symlink: /home/olive/LVTN_2/install/usv_description/share/usv_description/meshes/STL_base.stl
[0.393s] -- Up-to-date symlink: /home/olive/LVTN_2/install/usv_description/share/usv_description/meshes/STL_pontoon.stl
[0.393s] -- Up-to-date symlink: /home/olive/LVTN_2/install/usv_description/share/usv_description/meshes/STL_pump.stl
[0.393s] -- Up-to-date symlink: /home/olive/LVTN_2/install/usv_description/share/usv_description/meshes/STL_thruster.stl
[0.393s] -- Up-to-date symlink: /home/olive/LVTN_2/install/usv_description/share/usv_description/meshes/STL_thruster_frame.stl
[0.393s] -- Up-to-date symlink: /home/olive/LVTN_2/install/usv_description/share/usv_description/meshes/pump.stl
[0.393s] -- Up-to-date symlink: /home/olive/LVTN_2/install/usv_description/share/usv_description/meshes/thruster.stl
[0.393s] -- Up-to-date symlink: /home/olive/LVTN_2/install/usv_description/share/usv_description/meshes/thruster_frame.stl
[0.393s] -- Up-to-date symlink: /home/olive/LVTN_2/install/usv_description/share/usv_description/meshes/usv_body.stl
[0.393s] -- Up-to-date symlink: /home/olive/LVTN_2/install/usv_description/share/usv_description/rviz/display.rviz
[0.394s] -- Up-to-date symlink: /home/olive/LVTN_2/install/usv_description/share/usv_description/urdf/environment.sdf
[0.394s] -- Up-to-date symlink: /home/olive/LVTN_2/install/usv_description/share/usv_description/urdf/gazebo.xacro
[0.394s] -- Up-to-date symlink: /home/olive/LVTN_2/install/usv_description/share/usv_description/urdf/usv.urdf.xacro
[0.394s] -- Up-to-date symlink: /home/olive/LVTN_2/install/usv_description/share/usv_description/launch/__pycache__/display.launch.cpython-310.pyc
[0.394s] -- Up-to-date symlink: /home/olive/LVTN_2/install/usv_description/share/usv_description/launch/__pycache__/gazebo.launch.cpython-310.pyc
[0.395s] -- Up-to-date symlink: /home/olive/LVTN_2/install/usv_description/share/usv_description/launch/display.launch.py
[0.395s] -- Up-to-date symlink: /home/olive/LVTN_2/install/usv_description/share/usv_description/launch/gazebo.launch.py
[0.395s] -- Up-to-date symlink: /home/olive/LVTN_2/install/usv_description/share/usv_description/TUNING_NOTES.md
[0.395s] -- Up-to-date symlink: /home/olive/LVTN_2/install/usv_description/share/ament_index/resource_index/package_run_dependencies/usv_description
[0.395s] -- Up-to-date symlink: /home/olive/LVTN_2/install/usv_description/share/ament_index/resource_index/parent_prefix_path/usv_description
[0.395s] -- Up-to-date symlink: /home/olive/LVTN_2/install/usv_description/share/usv_description/environment/ament_prefix_path.sh
[0.395s] -- Up-to-date symlink: /home/olive/LVTN_2/install/usv_description/share/usv_description/environment/ament_prefix_path.dsv
[0.395s] -- Up-to-date symlink: /home/olive/LVTN_2/install/usv_description/share/usv_description/environment/path.sh
[0.396s] -- Up-to-date symlink: /home/olive/LVTN_2/install/usv_description/share/usv_description/environment/path.dsv
[0.396s] -- Up-to-date symlink: /home/olive/LVTN_2/install/usv_description/share/usv_description/local_setup.bash
[0.396s] -- Up-to-date symlink: /home/olive/LVTN_2/install/usv_description/share/usv_description/local_setup.sh
[0.396s] -- Up-to-date symlink: /home/olive/LVTN_2/install/usv_description/share/usv_description/local_setup.zsh
[0.396s] -- Up-to-date symlink: /home/olive/LVTN_2/install/usv_description/share/usv_description/local_setup.dsv
[0.396s] -- Symlinking: /home/olive/LVTN_2/install/usv_description/share/usv_description/package.dsv
[0.407s] -- Up-to-date symlink: /home/olive/LVTN_2/install/usv_description/share/ament_index/resource_index/packages/usv_description
[0.408s] -- Up-to-date symlink: /home/olive/LVTN_2/install/usv_description/share/usv_description/cmake/usv_descriptionConfig.cmake
[0.408s] -- Up-to-date symlink: /home/olive/LVTN_2/install/usv_description/share/usv_description/cmake/usv_descriptionConfig-version.cmake
[0.408s] -- Up-to-date symlink: /home/olive/LVTN_2/install/usv_description/share/usv_description/package.xml
[0.411s] Invoked command in '/home/olive/LVTN_2/build/usv_description' returned '0': CMAKE_PREFIX_PATH=${CMAKE_PREFIX_PATH}:/opt/ros/humble /usr/bin/cmake --install /home/olive/LVTN_2/build/usv_description
