[01m[K/home/olive/LVTN_2/src/usv_controller/src/thruster_controller.cpp:[m[K In member function ‘[01m[Kvoid ThrusterController::KeyboardControl()[m[K’:
[01m[K/home/olive/LVTN_2/src/usv_controller/src/thruster_controller.cpp:242:21:[m[K [01;31m[Kerror: [m[K‘[01m[Kkey_active_[m[K’ was not declared in this scope; did you mean ‘[01m[Kx_key_active_[m[K’?
  242 |                     [01;31m[Kkey_active_[m[K = false;
      |                     [01;31m[K^~~~~~~~~~~[m[K
      |                     [32m[Kx_key_active_[m[K
[01m[K/home/olive/LVTN_2/src/usv_controller/src/thruster_controller.cpp:261:13:[m[K [01;31m[Kerror: [m[K‘[01m[Kkey_active_[m[K’ was not declared in this scope; did you mean ‘[01m[Kx_key_active_[m[K’?
  261 |             [01;31m[Kkey_active_[m[K = false;
      |             [01;31m[K^~~~~~~~~~~[m[K
      |             [32m[Kx_key_active_[m[K
[01m[K/home/olive/LVTN_2/src/usv_controller/src/thruster_controller.cpp:281:13:[m[K [01;31m[Kerror: [m[K‘[01m[Kkey_active_[m[K’ was not declared in this scope; did you mean ‘[01m[Kx_key_active_[m[K’?
  281 |             [01;31m[Kkey_active_[m[K = false;
      |             [01;31m[K^~~~~~~~~~~[m[K
      |             [32m[Kx_key_active_[m[K
[01m[K/home/olive/LVTN_2/src/usv_controller/src/thruster_controller.cpp:[m[K In member function ‘[01m[Kvoid ThrusterController::ControlLoop()[m[K’:
[01m[K/home/olive/LVTN_2/src/usv_controller/src/thruster_controller.cpp:348:12:[m[K [01;35m[Kwarning: [m[Kunused variable ‘[01m[Kerror_u[m[K’ [[01;35m[K]8;;https://gcc.gnu.org/onlinedocs/gcc/Warning-Options.html#index-Wunused-variable-Wunused-variable]8;;[m[K]
  348 |     double [01;35m[Kerror_u[m[K = u_d_ - u_;
      |            [01;35m[K^~~~~~~[m[K
[01m[K/home/olive/LVTN_2/src/usv_controller/src/thruster_controller.cpp:349:12:[m[K [01;35m[Kwarning: [m[Kunused variable ‘[01m[Kerror_v[m[K’ [[01;35m[K]8;;https://gcc.gnu.org/onlinedocs/gcc/Warning-Options.html#index-Wunused-variable-Wunused-variable]8;;[m[K]
  349 |     double [01;35m[Kerror_v[m[K = v_d_ - v_;
      |            [01;35m[K^~~~~~~[m[K
gmake[2]: *** [CMakeFiles/thruster_controller.dir/build.make:76: CMakeFiles/thruster_controller.dir/src/thruster_controller.cpp.o] Error 1
gmake[1]: *** [CMakeFiles/Makefile2:165: CMakeFiles/thruster_controller.dir/all] Error 2
gmake: *** [Makefile:146: all] Error 2
