[0.010s] Invoking command in '/home/olive/LVTN_2/build/usv_controller': CMAKE_PREFIX_PATH=/opt/ros/humble /usr/bin/cmake --build /home/olive/LVTN_2/build/usv_controller -- -j16 -l16
[0.051s] [ 50%] [32mBuilding CXX object CMakeFiles/thruster_controller.dir/src/thruster_controller.cpp.o[0m
[0.051s] [ 75%] Built target state_reader
[2.474s] [01m[K/home/olive/LVTN_2/src/usv_controller/src/thruster_controller.cpp:[m[K In member function ‘[01m[Kvoid ThrusterController::KeyboardControl()[m[K’:
[2.474s] [01m[K/home/olive/LVTN_2/src/usv_controller/src/thruster_controller.cpp:242:21:[m[K [01;31m[Kerror: [m[K‘[01m[Kkey_active_[m[K’ was not declared in this scope; did you mean ‘[01m[Kx_key_active_[m[K’?
[2.474s]   242 |                     [01;31m[Kkey_active_[m[K = false;
[2.474s]       |                     [01;31m[K^~~~~~~~~~~[m[K
[2.475s]       |                     [32m[Kx_key_active_[m[K
[2.480s] [01m[K/home/olive/LVTN_2/src/usv_controller/src/thruster_controller.cpp:261:13:[m[K [01;31m[Kerror: [m[K‘[01m[Kkey_active_[m[K’ was not declared in this scope; did you mean ‘[01m[Kx_key_active_[m[K’?
[2.480s]   261 |             [01;31m[Kkey_active_[m[K = false;
[2.480s]       |             [01;31m[K^~~~~~~~~~~[m[K
[2.480s]       |             [32m[Kx_key_active_[m[K
[2.485s] [01m[K/home/olive/LVTN_2/src/usv_controller/src/thruster_controller.cpp:281:13:[m[K [01;31m[Kerror: [m[K‘[01m[Kkey_active_[m[K’ was not declared in this scope; did you mean ‘[01m[Kx_key_active_[m[K’?
[2.485s]   281 |             [01;31m[Kkey_active_[m[K = false;
[2.485s]       |             [01;31m[K^~~~~~~~~~~[m[K
[2.485s]       |             [32m[Kx_key_active_[m[K
[2.486s] [01m[K/home/olive/LVTN_2/src/usv_controller/src/thruster_controller.cpp:[m[K In member function ‘[01m[Kvoid ThrusterController::ControlLoop()[m[K’:
[2.487s] [01m[K/home/olive/LVTN_2/src/usv_controller/src/thruster_controller.cpp:348:12:[m[K [01;35m[Kwarning: [m[Kunused variable ‘[01m[Kerror_u[m[K’ [[01;35m[K]8;;https://gcc.gnu.org/onlinedocs/gcc/Warning-Options.html#index-Wunused-variable-Wunused-variable]8;;[m[K]
[2.487s]   348 |     double [01;35m[Kerror_u[m[K = u_d_ - u_;
[2.487s]       |            [01;35m[K^~~~~~~[m[K
[2.487s] [01m[K/home/olive/LVTN_2/src/usv_controller/src/thruster_controller.cpp:349:12:[m[K [01;35m[Kwarning: [m[Kunused variable ‘[01m[Kerror_v[m[K’ [[01;35m[K]8;;https://gcc.gnu.org/onlinedocs/gcc/Warning-Options.html#index-Wunused-variable-Wunused-variable]8;;[m[K]
[2.487s]   349 |     double [01;35m[Kerror_v[m[K = v_d_ - v_;
[2.487s]       |            [01;35m[K^~~~~~~[m[K
[4.913s] gmake[2]: *** [CMakeFiles/thruster_controller.dir/build.make:76: CMakeFiles/thruster_controller.dir/src/thruster_controller.cpp.o] Error 1
[4.914s] gmake[1]: *** [CMakeFiles/Makefile2:165: CMakeFiles/thruster_controller.dir/all] Error 2
[4.914s] gmake: *** [Makefile:146: all] Error 2
[4.917s] Invoked command in '/home/olive/LVTN_2/build/usv_controller' returned '2': CMAKE_PREFIX_PATH=/opt/ros/humble /usr/bin/cmake --build /home/olive/LVTN_2/build/usv_controller -- -j16 -l16
