[0.012s] Invoking command in '/home/olive/LVTN_2/build/usv_controller': CMAKE_PREFIX_PATH=${CMAKE_PREFIX_PATH}:/opt/ros/humble /usr/bin/cmake --build /home/olive/LVTN_2/build/usv_controller -- -j16 -l16
[0.031s] -- Found ament_cmake: 1.3.14 (/opt/ros/humble/share/ament_cmake/cmake)
[0.111s] -- Found rclcpp: 16.0.19 (/opt/ros/humble/share/rclcpp/cmake)
[0.132s] -- Found rosidl_generator_c: 3.1.9 (/opt/ros/humble/share/rosidl_generator_c/cmake)
[0.134s] -- Found rosidl_adapter: 3.1.9 (/opt/ros/humble/share/rosidl_adapter/cmake)
[0.139s] -- Found rosidl_generator_cpp: 3.1.9 (/opt/ros/humble/share/rosidl_generator_cpp/cmake)
[0.146s] -- Using all available rosidl_typesupport_c: rosidl_typesupport_fastrtps_c;rosidl_typesupport_introspection_c
[0.156s] -- Using all available rosidl_typesupport_cpp: rosidl_typesupport_fastrtps_cpp;rosidl_typesupport_introspection_cpp
[0.185s] -- Found rmw_implementation_cmake: 6.1.2 (/opt/ros/humble/share/rmw_implementation_cmake/cmake)
[0.186s] -- Found rmw_fastrtps_cpp: 6.2.10 (/opt/ros/humble/share/rmw_fastrtps_cpp/cmake)
[0.283s] -- Using RMW implementation 'rmw_fastrtps_cpp' as default
[0.327s] -- Found tf2: 0.25.20 (/opt/ros/humble/share/tf2/cmake)
[0.342s] -- Found nav_msgs: 4.9.1 (/opt/ros/humble/share/nav_msgs/cmake)
[0.358s] -- Found ament_lint_auto: 0.12.15 (/opt/ros/humble/share/ament_lint_auto/cmake)
[0.425s] -- Added test 'cppcheck' to perform static code analysis on C / C++ code
[0.425s] -- Configured cppcheck include dirs: 
[0.425s] -- Configured cppcheck exclude dirs and/or files: 
[0.425s] -- Added test 'lint_cmake' to check CMake code style
[0.426s] -- Added test 'uncrustify' to check C / C++ code style
[0.426s] -- Configured uncrustify additional arguments: 
[0.426s] -- Added test 'xmllint' to check XML markup files
[0.427s] -- Configuring done
[0.433s] -- Generating done
[0.436s] -- Build files have been written to: /home/olive/LVTN_2/build/usv_controller
[0.458s] [35m[1mConsolidate compiler generated dependencies of target state_reader[0m
[0.472s] [ 50%] [32mBuilding CXX object CMakeFiles/state_reader.dir/src/state_reader.cpp.o[0m
[2.050s] [01m[K/home/olive/LVTN_2/src/usv_controller/src/state_reader.cpp:30:55:[m[K [01;31m[Kerror: [m[Kexpected ‘[01m[K;[m[K’ at end of member declaration
[2.050s]    30 | :Float64MultiArray> [01;31m[KSharedPtr[m[K pub;
[2.050s]       |                     [01;31m[K^~~~~~~~~[m[K
[2.050s]       |                              [32m[K;[m[K
[2.051s] [01m[K/home/olive/LVTN_2/src/usv_controller/src/state_reader.cpp:30:65:[m[K [01;31m[Kerror: [m[K‘[01m[Kpub[m[K’ does not name a type
[2.051s]    30 | oat64MultiArray> SharedPtr [01;31m[Kpub[m[K;
[2.051s]       |                            [01;31m[K^~~[m[K
[2.051s] 
[2.053s] [01m[K/home/olive/LVTN_2/src/usv_controller/src/state_reader.cpp:[m[K In constructor ‘[01m[KStateReader::StateReader()[m[K’:
[2.053s] [01m[K/home/olive/LVTN_2/src/usv_controller/src/state_reader.cpp:12:38:[m[K [01;31m[Kerror: [m[Kno matching function for call to ‘[01m[Krclcpp::Publisher<std_msgs::msg::Float64MultiArray_<std::allocator<void> > >::Publisher()[m[K’
[2.053s]    12 | Reader() : Node("state_reader"[01;31m[K)[m[K
[2.053s]       |                               [01;31m[K^[m[K
[2.053s] 
[2.053s] In file included from [01m[K/opt/ros/humble/include/rclcpp/rclcpp/topic_statistics/subscription_topic_statistics.hpp:31[m[K,
[2.053s]                  from [01m[K/opt/ros/humble/include/rclcpp/rclcpp/subscription.hpp:50[m[K,
[2.053s]                  from [01m[K/opt/ros/humble/include/rclcpp/rclcpp/any_executable.hpp:25[m[K,
[2.053s]                  from [01m[K/opt/ros/humble/include/rclcpp/rclcpp/memory_strategy.hpp:25[m[K,
[2.053s]                  from [01m[K/opt/ros/humble/include/rclcpp/rclcpp/memory_strategies.hpp:18[m[K,
[2.053s]                  from [01m[K/opt/ros/humble/include/rclcpp/rclcpp/executor_options.hpp:20[m[K,
[2.053s]                  from [01m[K/opt/ros/humble/include/rclcpp/rclcpp/executor.hpp:37[m[K,
[2.054s]                  from [01m[K/opt/ros/humble/include/rclcpp/rclcpp/executors/multi_threaded_executor.hpp:25[m[K,
[2.054s]                  from [01m[K/opt/ros/humble/include/rclcpp/rclcpp/executors.hpp:21[m[K,
[2.054s]                  from [01m[K/opt/ros/humble/include/rclcpp/rclcpp/rclcpp.hpp:155[m[K,
[2.054s]                  from [01m[K/home/olive/LVTN_2/src/usv_controller/src/state_reader.cpp:2[m[K:
[2.054s] [01m[K/opt/ros/humble/include/rclcpp/rclcpp/publisher.hpp:125:3:[m[K [01;36m[Knote: [m[Kcandidate: ‘[01m[Krclcpp::Publisher<MessageT, AllocatorT>::Publisher(rclcpp::node_interfaces::NodeBaseInterface*, const string&, const rclcpp::QoS&, const rclcpp::PublisherOptionsWithAllocator<AllocatorT>&) [with MessageT = std_msgs::msg::Float64MultiArray_<std::allocator<void> >; AllocatorT = std::allocator<void>; std::string = std::__cxx11::basic_string<char>][m[K’
[2.054s]   125 |   [01;36m[KPublisher[m[K(
[2.054s]       |   [01;36m[K^~~~~~~~~[m[K
[2.054s] [01m[K/opt/ros/humble/include/rclcpp/rclcpp/publisher.hpp:125:3:[m[K [01;36m[Knote: [m[K  candidate expects 4 arguments, 0 provided
[2.054s] [01m[K/opt/ros/humble/include/rclcpp/rclcpp/publisher.hpp:77:7:[m[K [01;36m[Knote: [m[Kcandidate: ‘[01m[Krclcpp::Publisher<std_msgs::msg::Float64MultiArray_<std::allocator<void> > >::Publisher(const rclcpp::Publisher<std_msgs::msg::Float64MultiArray_<std::allocator<void> > >&)[m[K’
[2.054s]    77 | class [01;36m[KPublisher[m[K : public PublisherBase
[2.054s]       |       [01;36m[K^~~~~~~~~[m[K
[2.054s] [01m[K/opt/ros/humble/include/rclcpp/rclcpp/publisher.hpp:77:7:[m[K [01;36m[Knote: [m[K  candidate expects 1 argument, 0 provided
[2.065s] [01m[K/home/olive/LVTN_2/src/usv_controller/src/state_reader.cpp:26:5:[m[K [01;31m[Kerror: [m[K‘[01m[Kpub[m[K’ was not declared in this scope; did you mean ‘[01m[Ksub[m[K’?
[2.065s]    26 |     [01;31m[Kpub[m[K = this->create_publisher<std_msgs::msg::Float64MultiArray>(pub_topic_, 10);
[2.065s]       |     [01;31m[K^~~[m[K
[2.065s]       |     [32m[Ksub[m[K
[2.071s] [01m[K/home/olive/LVTN_2/src/usv_controller/src/state_reader.cpp:[m[K In member function ‘[01m[Kvoid StateReader::subCallback(nav_msgs::msg::Odometry_<std::allocator<void> >::SharedPtr)[m[K’:
[2.071s] [01m[K/home/olive/LVTN_2/src/usv_controller/src/state_reader.cpp:62:5:[m[K [01;31m[Kerror: [m[K‘[01m[Kpub[m[K’ was not declared in this scope; did you mean ‘[01m[Ksub[m[K’?
[2.071s]    62 |     [01;31m[Kpub[m[K->publish(state_msg);
[2.071s]       |     [01;31m[K^~~[m[K
[2.071s]       |     [32m[Ksub[m[K
[3.686s] gmake[2]: *** [CMakeFiles/state_reader.dir/build.make:76: CMakeFiles/state_reader.dir/src/state_reader.cpp.o] Error 1
[3.686s] gmake[1]: *** [CMakeFiles/Makefile2:137: CMakeFiles/state_reader.dir/all] Error 2
[3.686s] gmake: *** [Makefile:146: all] Error 2
[3.689s] Invoked command in '/home/olive/LVTN_2/build/usv_controller' returned '2': CMAKE_PREFIX_PATH=${CMAKE_PREFIX_PATH}:/opt/ros/humble /usr/bin/cmake --build /home/olive/LVTN_2/build/usv_controller -- -j16 -l16
