[0.019s] Invoking command in '/home/olive/LVTN_2/build/usv_navigation': CMAKE_PREFIX_PATH=/opt/ros/humble /usr/bin/cmake --build /home/olive/LVTN_2/build/usv_navigation -- -j16 -l16
[0.054s] -- Found ament_cmake: 1.3.14 (/opt/ros/humble/share/ament_cmake/cmake)
[0.308s] -- Found rclcpp: 16.0.19 (/opt/ros/humble/share/rclcpp/cmake)
[0.351s] -- Found rosidl_generator_c: 3.1.9 (/opt/ros/humble/share/rosidl_generator_c/cmake)
[0.355s] -- Found rosidl_adapter: 3.1.9 (/opt/ros/humble/share/rosidl_adapter/cmake)
[0.364s] -- Found rosidl_generator_cpp: 3.1.9 (/opt/ros/humble/share/rosidl_generator_cpp/cmake)
[0.381s] -- Using all available rosidl_typesupport_c: rosidl_typesupport_fastrtps_c;rosidl_typesupport_introspection_c
[0.403s] -- Using all available rosidl_typesupport_cpp: rosidl_typesupport_fastrtps_cpp;rosidl_typesupport_introspection_cpp
[0.460s] -- Found rmw_implementation_cmake: 6.1.2 (/opt/ros/humble/share/rmw_implementation_cmake/cmake)
[0.462s] -- Found rmw_fastrtps_cpp: 6.2.10 (/opt/ros/humble/share/rmw_fastrtps_cpp/cmake)
[0.710s] -- Using RMW implementation 'rmw_fastrtps_cpp' as default
[0.797s] -- Found sensor_msgs: 4.9.1 (/opt/ros/humble/share/sensor_msgs/cmake)
[0.835s] -- Found tf2: 0.25.20 (/opt/ros/humble/share/tf2/cmake)
[0.842s] -- Found tf2_ros: 0.25.20 (/opt/ros/humble/share/tf2_ros/cmake)
[0.959s] -- Found ament_lint_auto: 0.12.15 (/opt/ros/humble/share/ament_lint_auto/cmake)
[1.124s] -- Added test 'cppcheck' to perform static code analysis on C / C++ code
[1.124s] -- Configured cppcheck include dirs: 
[1.124s] -- Configured cppcheck exclude dirs and/or files: 
[1.125s] -- Added test 'flake8' to check Python code syntax and style conventions
[1.126s] -- Added test 'lint_cmake' to check CMake code style
[1.127s] -- Added test 'pep257' to check Python code against some of the docstring style conventions in PEP 257
[1.128s] -- Added test 'uncrustify' to check C / C++ code style
[1.129s] -- Configured uncrustify additional arguments: 
[1.129s] -- Added test 'xmllint' to check XML markup files
[1.131s] -- Configuring done
[1.162s] -- Generating done
[1.173s] -- Build files have been written to: /home/olive/LVTN_2/build/usv_navigation
[1.229s] Consolidate compiler generated dependencies of target mapping_route
[1.229s] Consolidate compiler generated dependencies of target laser_scan_merger
[1.250s] [ 50%] Built target mapping_route
[1.250s] [100%] Built target laser_scan_merger
[1.270s] Invoked command in '/home/olive/LVTN_2/build/usv_navigation' returned '0': CMAKE_PREFIX_PATH=/opt/ros/humble /usr/bin/cmake --build /home/olive/LVTN_2/build/usv_navigation -- -j16 -l16
[1.273s] Invoking command in '/home/olive/LVTN_2/build/usv_navigation': CMAKE_PREFIX_PATH=/opt/ros/humble /usr/bin/cmake --install /home/olive/LVTN_2/build/usv_navigation
[1.285s] -- Install configuration: ""
[1.286s] -- Up-to-date: /home/olive/LVTN_2/install/usv_navigation/lib/usv_navigation/laser_scan_merger
[1.287s] -- Up-to-date: /home/olive/LVTN_2/install/usv_navigation/lib/usv_navigation/mapping_route
[1.288s] -- Up-to-date: /home/olive/LVTN_2/install/usv_navigation/share/usv_navigation/launch
[1.288s] -- Up-to-date: /home/olive/LVTN_2/install/usv_navigation/share/usv_navigation/launch/slam.launch.py
[1.288s] -- Up-to-date: /home/olive/LVTN_2/install/usv_navigation/share/usv_navigation/config
[1.288s] -- Up-to-date: /home/olive/LVTN_2/install/usv_navigation/share/usv_navigation/config/slam.yaml
[1.288s] -- Up-to-date: /home/olive/LVTN_2/install/usv_navigation/share/usv_navigation/maps
[1.289s] -- Installing: /home/olive/LVTN_2/install/usv_navigation/share/usv_navigation/maps/usv_map.yaml
[1.289s] -- Installing: /home/olive/LVTN_2/install/usv_navigation/share/usv_navigation/maps/usv_map.pgm
[1.300s] -- Up-to-date: /home/olive/LVTN_2/install/usv_navigation/share/usv_navigation/maps/README.md
[1.300s] -- Installing: /home/olive/LVTN_2/install/usv_navigation/share/usv_navigation/SLAM_NOTES.md
[1.302s] -- Up-to-date: /home/olive/LVTN_2/install/usv_navigation/share/ament_index/resource_index/package_run_dependencies/usv_navigation
[1.303s] -- Up-to-date: /home/olive/LVTN_2/install/usv_navigation/share/ament_index/resource_index/parent_prefix_path/usv_navigation
[1.303s] -- Up-to-date: /home/olive/LVTN_2/install/usv_navigation/share/usv_navigation/environment/ament_prefix_path.sh
[1.303s] -- Installing: /home/olive/LVTN_2/install/usv_navigation/share/usv_navigation/environment/ament_prefix_path.dsv
[1.303s] -- Up-to-date: /home/olive/LVTN_2/install/usv_navigation/share/usv_navigation/environment/path.sh
[1.304s] -- Installing: /home/olive/LVTN_2/install/usv_navigation/share/usv_navigation/environment/path.dsv
[1.304s] -- Up-to-date: /home/olive/LVTN_2/install/usv_navigation/share/usv_navigation/local_setup.bash
[1.304s] -- Up-to-date: /home/olive/LVTN_2/install/usv_navigation/share/usv_navigation/local_setup.sh
[1.304s] -- Up-to-date: /home/olive/LVTN_2/install/usv_navigation/share/usv_navigation/local_setup.zsh
[1.304s] -- Installing: /home/olive/LVTN_2/install/usv_navigation/share/usv_navigation/local_setup.dsv
[1.305s] -- Installing: /home/olive/LVTN_2/install/usv_navigation/share/usv_navigation/package.dsv
[1.305s] -- Up-to-date: /home/olive/LVTN_2/install/usv_navigation/share/ament_index/resource_index/packages/usv_navigation
[1.305s] -- Up-to-date: /home/olive/LVTN_2/install/usv_navigation/share/usv_navigation/cmake/usv_navigationConfig.cmake
[1.305s] -- Up-to-date: /home/olive/LVTN_2/install/usv_navigation/share/usv_navigation/cmake/usv_navigationConfig-version.cmake
[1.305s] -- Up-to-date: /home/olive/LVTN_2/install/usv_navigation/share/usv_navigation/package.xml
[1.308s] Invoked command in '/home/olive/LVTN_2/build/usv_navigation' returned '0': CMAKE_PREFIX_PATH=/opt/ros/humble /usr/bin/cmake --install /home/olive/LVTN_2/build/usv_navigation
