Consolidate compiler generated dependencies of target laser_scan_merger
[ 50%] Building CXX object CMakeFiles/laser_scan_merger.dir/src/laser_scan_merger.cpp.o
[100%] Linking CXX executable laser_scan_merger
[100%] Built target laser_scan_merger
-- Install configuration: ""
-- Installing: /home/olive/LVTN_2/install/usv_navigation/lib/usv_navigation/laser_scan_merger
-- Set runtime path of "/home/olive/LVTN_2/install/usv_navigation/lib/usv_navigation/laser_scan_merger" to ""
-- Up-to-date: /home/olive/LVTN_2/install/usv_navigation/share/usv_navigation/launch
-- Installing: /home/olive/LVTN_2/install/usv_navigation/share/usv_navigation/launch/slam.launch.py
-- Up-to-date: /home/olive/LVTN_2/install/usv_navigation/share/usv_navigation/config
-- Installing: /home/olive/LVTN_2/install/usv_navigation/share/usv_navigation/config/slam.yaml
-- Up-to-date: /home/olive/LVTN_2/install/usv_navigation/share/usv_navigation/maps
-- Up-to-date: /home/olive/LVTN_2/install/usv_navigation/share/usv_navigation/maps/README.md
-- Installing: /home/olive/LVTN_2/install/usv_navigation/share/ament_index/resource_index/package_run_dependencies/usv_navigation
-- Up-to-date: /home/olive/LVTN_2/install/usv_navigation/share/ament_index/resource_index/parent_prefix_path/usv_navigation
-- Up-to-date: /home/olive/LVTN_2/install/usv_navigation/share/usv_navigation/environment/ament_prefix_path.sh
-- Installing: /home/olive/LVTN_2/install/usv_navigation/share/usv_navigation/environment/ament_prefix_path.dsv
-- Up-to-date: /home/olive/LVTN_2/install/usv_navigation/share/usv_navigation/environment/path.sh
-- Installing: /home/olive/LVTN_2/install/usv_navigation/share/usv_navigation/environment/path.dsv
-- Up-to-date: /home/olive/LVTN_2/install/usv_navigation/share/usv_navigation/local_setup.bash
-- Up-to-date: /home/olive/LVTN_2/install/usv_navigation/share/usv_navigation/local_setup.sh
-- Up-to-date: /home/olive/LVTN_2/install/usv_navigation/share/usv_navigation/local_setup.zsh
-- Installing: /home/olive/LVTN_2/install/usv_navigation/share/usv_navigation/local_setup.dsv
-- Installing: /home/olive/LVTN_2/install/usv_navigation/share/usv_navigation/package.dsv
-- Up-to-date: /home/olive/LVTN_2/install/usv_navigation/share/ament_index/resource_index/packages/usv_navigation
-- Up-to-date: /home/olive/LVTN_2/install/usv_navigation/share/usv_navigation/cmake/usv_navigationConfig.cmake
-- Up-to-date: /home/olive/LVTN_2/install/usv_navigation/share/usv_navigation/cmake/usv_navigationConfig-version.cmake
-- Installing: /home/olive/LVTN_2/install/usv_navigation/share/usv_navigation/package.xml
