-- Found ament_cmake: 1.3.14 (/opt/ros/humble/share/ament_cmake/cmake)
-- Override CMake install command with custom implementation using symlinks instead of copying resources
-- Found ament_lint_auto: 0.12.15 (/opt/ros/humble/share/ament_lint_auto/cmake)
-- Added test 'flake8' to check Python code syntax and style conventions
-- Added test 'lint_cmake' to check CMake code style
-- Added test 'pep257' to check Python code against some of the docstring style conventions in PEP 257
-- Added test 'xmllint' to check XML markup files
-- Configuring done
-- Generating done
-- Build files have been written to: /home/olive/LVTN_2/build/usv_description
-- Install configuration: ""
-- Execute custom install script
-- Symlinking: /home/olive/LVTN_2/install/usv_description/share/usv_description/meshes/pump.stl
-- Symlinking: /home/olive/LVTN_2/install/usv_description/share/usv_description/meshes/thruster.stl
-- Symlinking: /home/olive/LVTN_2/install/usv_description/share/usv_description/meshes/thruster_frame.stl
-- Symlinking: /home/olive/LVTN_2/install/usv_description/share/usv_description/meshes/usv_body.stl
-- Symlinking: /home/olive/LVTN_2/install/usv_description/share/usv_description/rviz/display.rviz
-- Symlinking: /home/olive/LVTN_2/install/usv_description/share/usv_description/urdf/environment.sdf
-- Symlinking: /home/olive/LVTN_2/install/usv_description/share/usv_description/urdf/usv.urdf.xacro
-- Symlinking: /home/olive/LVTN_2/install/usv_description/share/usv_description/launch/environment.launch.py
-- Symlinking: /home/olive/LVTN_2/install/usv_description/share/ament_index/resource_index/package_run_dependencies/usv_description
-- Symlinking: /home/olive/LVTN_2/install/usv_description/share/ament_index/resource_index/parent_prefix_path/usv_description
-- Symlinking: /home/olive/LVTN_2/install/usv_description/share/usv_description/environment/ament_prefix_path.sh
-- Symlinking: /home/olive/LVTN_2/install/usv_description/share/usv_description/environment/ament_prefix_path.dsv
-- Symlinking: /home/olive/LVTN_2/install/usv_description/share/usv_description/environment/path.sh
-- Symlinking: /home/olive/LVTN_2/install/usv_description/share/usv_description/environment/path.dsv
-- Symlinking: /home/olive/LVTN_2/install/usv_description/share/usv_description/local_setup.bash
-- Symlinking: /home/olive/LVTN_2/install/usv_description/share/usv_description/local_setup.sh
-- Symlinking: /home/olive/LVTN_2/install/usv_description/share/usv_description/local_setup.zsh
-- Symlinking: /home/olive/LVTN_2/install/usv_description/share/usv_description/local_setup.dsv
-- Symlinking: /home/olive/LVTN_2/install/usv_description/share/usv_description/package.dsv
-- Symlinking: /home/olive/LVTN_2/install/usv_description/share/ament_index/resource_index/packages/usv_description
-- Symlinking: /home/olive/LVTN_2/install/usv_description/share/usv_description/cmake/usv_descriptionConfig.cmake
-- Symlinking: /home/olive/LVTN_2/install/usv_description/share/usv_description/cmake/usv_descriptionConfig-version.cmake
-- Symlinking: /home/olive/LVTN_2/install/usv_description/share/usv_description/package.xml
