[35m[1mConsolidate compiler generated dependencies of target state_reader[0m
[ 50%] [32mBuilding CXX object CMakeFiles/state_reader.dir/src/state_reader.cpp.o[0m
[01m[K/home/olive/LVTN_2/src/usv_controller/src/state_reader.cpp:[m[K In member function ‘[01m[Kvoid StateReader::subCallback(nav_msgs::msg::Odometry_<std::allocator<void> >::SharedPtr)[m[K’:
[01m[K/home/olive/LVTN_2/src/usv_controller/src/state_reader.cpp:29:61:[m[K [01;35m[Kwarning: [m[Kunused parameter ‘[01m[Kmsg[m[K’ [[01;35m[K]8;;https://gcc.gnu.org/onlinedocs/gcc/Warning-Options.html#index-Wunused-parameter-Wunused-parameter]8;;[m[K]
   29 | [01;35m[K:msg::Odometry::SharedPtr msg[m[K){
      | [01;35m[K~~~~~~~~~~~~~~~~~~~~~~~~~~^~~[m[K

[01m[K/home/olive/LVTN_2/src/usv_controller/src/state_reader.cpp:[m[K In function ‘[01m[Kint main(int, char**)[m[K’:
[01m[K/home/olive/LVTN_2/src/usv_controller/src/state_reader.cpp:35:32:[m[K [01;31m[Kerror: [m[K‘[01m[Kstate_reader[m[K’ was not declared in this scope; did you mean ‘[01m[KStateReader[m[K’?
   35 |  = std::make_shared<[01;31m[Kstate_reader[m[K>();
      |                     [01;31m[K^~~~~~~~~~~~[m[K
      |                     [32m[KStateReader[m[K
[01m[K/home/olive/LVTN_2/src/usv_controller/src/state_reader.cpp:35:45:[m[K [01;31m[Kerror: [m[Kno matching function for call to ‘[01m[Kmake_shared<<expression error> >()[m[K’
   35 | [01;31m[Kd::make_shared<state_reader>()[m[K;
      | [01;31m[K~~~~~~~~~~~~~~~~~~~~~~~~~~~~^~[m[K

In file included from [01m[K/usr/include/c++/11/memory:77[m[K,
                 from [01m[K/opt/ros/humble/include/rclcpp/rclcpp/rclcpp.hpp:153[m[K,
                 from [01m[K/home/olive/LVTN_2/src/usv_controller/src/state_reader.cpp:2[m[K:
[01m[K/usr/include/c++/11/bits/shared_ptr.h:875:5:[m[K [01;36m[Knote: [m[Kcandidate: ‘[01m[Ktemplate<class _Tp, class ... _Args> std::shared_ptr<_Tp> std::make_shared(_Args&& ...)[m[K’
  875 |     [01;36m[Kmake_shared[m[K(_Args&&... __args)
      |     [01;36m[K^~~~~~~~~~~[m[K
[01m[K/usr/include/c++/11/bits/shared_ptr.h:875:5:[m[K [01;36m[Knote: [m[K  template argument deduction/substitution failed:
[01m[K/home/olive/LVTN_2/src/usv_controller/src/state_reader.cpp:35:45:[m[K [01;31m[Kerror: [m[Ktemplate argument 1 is invalid
   35 | [01;31m[Kd::make_shared<state_reader>()[m[K;
      | [01;31m[K~~~~~~~~~~~~~~~~~~~~~~~~~~~~^~[m[K

[01m[K/home/olive/LVTN_2/src/usv_controller/src/state_reader.cpp:36:28:[m[K [01;31m[Kerror: [m[Kexpected primary-expression before ‘[01m[K)[m[K’ token
   36 |   rclcpp::spin(rclcpp::Node[01;31m[K)[m[K;
      |                            [01;31m[K^[m[K
gmake[2]: *** [CMakeFiles/state_reader.dir/build.make:76: CMakeFiles/state_reader.dir/src/state_reader.cpp.o] Error 1
gmake[1]: *** [CMakeFiles/Makefile2:137: CMakeFiles/state_reader.dir/all] Error 2
gmake: *** [Makefile:146: all] Error 2
