[0.020s] Invoking command in '/home/olive/LVTN_2/build/usv_navigation': CMAKE_PREFIX_PATH=${CMAKE_PREFIX_PATH}:/opt/ros/humble /usr/bin/cmake /home/olive/LVTN_2/src/usv_navigation -DCMAKE_INSTALL_PREFIX=/home/olive/LVTN_2/install/usv_navigation
[0.038s] -- Found ament_cmake: 1.3.14 (/opt/ros/humble/share/ament_cmake/cmake)
[0.188s] -- Override CMake install command with custom implementation using symlinks instead of copying resources
[0.202s] -- Found rclcpp: 16.0.19 (/opt/ros/humble/share/rclcpp/cmake)
[0.235s] -- Found rosidl_generator_c: 3.1.9 (/opt/ros/humble/share/rosidl_generator_c/cmake)
[0.238s] -- Found rosidl_adapter: 3.1.9 (/opt/ros/humble/share/rosidl_adapter/cmake)
[0.245s] -- Found rosidl_generator_cpp: 3.1.9 (/opt/ros/humble/share/rosidl_generator_cpp/cmake)
[0.255s] -- Using all available rosidl_typesupport_c: rosidl_typesupport_fastrtps_c;rosidl_typesupport_introspection_c
[0.271s] -- Using all available rosidl_typesupport_cpp: rosidl_typesupport_fastrtps_cpp;rosidl_typesupport_introspection_cpp
[0.314s] -- Found rmw_implementation_cmake: 6.1.2 (/opt/ros/humble/share/rmw_implementation_cmake/cmake)
[0.316s] -- Found rmw_fastrtps_cpp: 6.2.10 (/opt/ros/humble/share/rmw_fastrtps_cpp/cmake)
[0.462s] -- Using RMW implementation 'rmw_fastrtps_cpp' as default
[0.529s] -- Found sensor_msgs: 4.9.1 (/opt/ros/humble/share/sensor_msgs/cmake)
[0.566s] -- Found nav_msgs: 4.9.1 (/opt/ros/humble/share/nav_msgs/cmake)
[0.837s] -- Found ros_gz_interfaces: 0.244.25 (/opt/ros/humble/share/ros_gz_interfaces/cmake)
[0.878s] -- Found tf2: 0.25.20 (/opt/ros/humble/share/tf2/cmake)
[0.885s] -- Found tf2_ros: 0.25.20 (/opt/ros/humble/share/tf2_ros/cmake)
[0.993s] -- Found ament_lint_auto: 0.12.15 (/opt/ros/humble/share/ament_lint_auto/cmake)
[1.092s] -- Added test 'cppcheck' to perform static code analysis on C / C++ code
[1.092s] -- Configured cppcheck include dirs: 
[1.092s] -- Configured cppcheck exclude dirs and/or files: 
[1.092s] -- Added test 'flake8' to check Python code syntax and style conventions
[1.093s] -- Added test 'lint_cmake' to check CMake code style
[1.093s] -- Added test 'pep257' to check Python code against some of the docstring style conventions in PEP 257
[1.094s] -- Added test 'uncrustify' to check C / C++ code style
[1.094s] -- Configured uncrustify additional arguments: 
[1.095s] -- Added test 'xmllint' to check XML markup files
[1.096s] -- Configuring done
[1.124s] -- Generating done
[1.136s] -- Build files have been written to: /home/olive/LVTN_2/build/usv_navigation
[1.148s] Invoked command in '/home/olive/LVTN_2/build/usv_navigation' returned '0': CMAKE_PREFIX_PATH=${CMAKE_PREFIX_PATH}:/opt/ros/humble /usr/bin/cmake /home/olive/LVTN_2/src/usv_navigation -DCMAKE_INSTALL_PREFIX=/home/olive/LVTN_2/install/usv_navigation
[1.150s] Invoking command in '/home/olive/LVTN_2/build/usv_navigation': CMAKE_PREFIX_PATH=${CMAKE_PREFIX_PATH}:/opt/ros/humble /usr/bin/cmake --build /home/olive/LVTN_2/build/usv_navigation -- -j16 -l16
[1.191s] [35m[1mConsolidate compiler generated dependencies of target mapping_route[0m
[1.192s] [35m[1mConsolidate compiler generated dependencies of target coverage_planner[0m
[1.192s] [35m[1mConsolidate compiler generated dependencies of target laser_scan_merger[0m
[1.192s] [35m[1mConsolidate compiler generated dependencies of target coverage_playback[0m
[1.192s] [35m[1mConsolidate compiler generated dependencies of target trajectory_node[0m
[1.212s] [ 40%] Built target mapping_route
[1.213s] [ 40%] Built target coverage_playback
[1.214s] [ 60%] Built target laser_scan_merger
[1.216s] [ 80%] Built target trajectory_node
[1.218s] [100%] Built target coverage_planner
[1.233s] Invoked command in '/home/olive/LVTN_2/build/usv_navigation' returned '0': CMAKE_PREFIX_PATH=${CMAKE_PREFIX_PATH}:/opt/ros/humble /usr/bin/cmake --build /home/olive/LVTN_2/build/usv_navigation -- -j16 -l16
[1.235s] Invoking command in '/home/olive/LVTN_2/build/usv_navigation': CMAKE_PREFIX_PATH=${CMAKE_PREFIX_PATH}:/opt/ros/humble /usr/bin/cmake --install /home/olive/LVTN_2/build/usv_navigation
[1.245s] -- Install configuration: ""
[1.245s] -- Execute custom install script
[1.246s] -- Up-to-date symlink: /home/olive/LVTN_2/install/usv_navigation/lib/usv_navigation/laser_scan_merger
[1.246s] -- Up-to-date symlink: /home/olive/LVTN_2/install/usv_navigation/lib/usv_navigation/mapping_route
[1.246s] -- Up-to-date symlink: /home/olive/LVTN_2/install/usv_navigation/lib/usv_navigation/coverage_planner
[1.246s] -- Up-to-date symlink: /home/olive/LVTN_2/install/usv_navigation/lib/usv_navigation/trajectory_node
[1.246s] -- Up-to-date symlink: /home/olive/LVTN_2/install/usv_navigation/lib/usv_navigation/coverage_playback
[1.247s] -- Up-to-date symlink: /home/olive/LVTN_2/install/usv_navigation/share/usv_navigation/launch/coverage.launch.py
[1.247s] -- Up-to-date symlink: /home/olive/LVTN_2/install/usv_navigation/share/usv_navigation/launch/saved_coverage.launch.py
[1.247s] -- Up-to-date symlink: /home/olive/LVTN_2/install/usv_navigation/share/usv_navigation/launch/slam.launch.py
[1.247s] -- Up-to-date symlink: /home/olive/LVTN_2/install/usv_navigation/share/usv_navigation/config/coverage.rviz
[1.247s] -- Up-to-date symlink: /home/olive/LVTN_2/install/usv_navigation/share/usv_navigation/config/slam.yaml
[1.248s] -- Up-to-date symlink: /home/olive/LVTN_2/install/usv_navigation/share/usv_navigation/maps/README.md
[1.248s] -- Up-to-date symlink: /home/olive/LVTN_2/install/usv_navigation/share/usv_navigation/maps/usv_map.pgm
[1.248s] -- Up-to-date symlink: /home/olive/LVTN_2/install/usv_navigation/share/usv_navigation/maps/usv_map.yaml
[1.248s] -- Up-to-date symlink: /home/olive/LVTN_2/install/usv_navigation/share/usv_navigation/SLAM_NOTES.md
[1.248s] -- Up-to-date symlink: /home/olive/LVTN_2/install/usv_navigation/share/ament_index/resource_index/package_run_dependencies/usv_navigation
[1.249s] -- Up-to-date symlink: /home/olive/LVTN_2/install/usv_navigation/share/ament_index/resource_index/parent_prefix_path/usv_navigation
[1.249s] -- Up-to-date symlink: /home/olive/LVTN_2/install/usv_navigation/share/usv_navigation/environment/ament_prefix_path.sh
[1.249s] -- Up-to-date symlink: /home/olive/LVTN_2/install/usv_navigation/share/usv_navigation/environment/ament_prefix_path.dsv
[1.249s] -- Up-to-date symlink: /home/olive/LVTN_2/install/usv_navigation/share/usv_navigation/environment/path.sh
[1.250s] -- Up-to-date symlink: /home/olive/LVTN_2/install/usv_navigation/share/usv_navigation/environment/path.dsv
[1.250s] -- Up-to-date symlink: /home/olive/LVTN_2/install/usv_navigation/share/usv_navigation/local_setup.bash
[1.250s] -- Up-to-date symlink: /home/olive/LVTN_2/install/usv_navigation/share/usv_navigation/local_setup.sh
[1.250s] -- Up-to-date symlink: /home/olive/LVTN_2/install/usv_navigation/share/usv_navigation/local_setup.zsh
[1.250s] -- Up-to-date symlink: /home/olive/LVTN_2/install/usv_navigation/share/usv_navigation/local_setup.dsv
[1.250s] -- Symlinking: /home/olive/LVTN_2/install/usv_navigation/share/usv_navigation/package.dsv
[1.263s] -- Up-to-date symlink: /home/olive/LVTN_2/install/usv_navigation/share/ament_index/resource_index/packages/usv_navigation
[1.263s] -- Up-to-date symlink: /home/olive/LVTN_2/install/usv_navigation/share/usv_navigation/cmake/usv_navigationConfig.cmake
[1.264s] -- Up-to-date symlink: /home/olive/LVTN_2/install/usv_navigation/share/usv_navigation/cmake/usv_navigationConfig-version.cmake
[1.264s] -- Up-to-date symlink: /home/olive/LVTN_2/install/usv_navigation/share/usv_navigation/package.xml
[1.267s] Invoked command in '/home/olive/LVTN_2/build/usv_navigation' returned '0': CMAKE_PREFIX_PATH=${CMAKE_PREFIX_PATH}:/opt/ros/humble /usr/bin/cmake --install /home/olive/LVTN_2/build/usv_navigation
