[0.011s] Invoking command in '/home/olive/LVTN_2/build/usv_controller': CMAKE_PREFIX_PATH=/opt/ros/humble /usr/bin/cmake --build /home/olive/LVTN_2/build/usv_controller -- -j16 -l16
[0.059s] Consolidate compiler generated dependencies of target thruster_controller
[0.067s] [ 50%] Built target state_reader
[0.073s] [ 75%] Building CXX object CMakeFiles/thruster_controller.dir/src/thruster_controller.cpp.o
[2.710s] /home/olive/LVTN_2/src/usv_controller/src/thruster_controller.cpp: In member function ‘void ThrusterController::ControlLoop()’:
[2.710s] /home/olive/LVTN_2/src/usv_controller/src/thruster_controller.cpp:296:12: warning: unused variable ‘error_u’ [-Wunused-variable]
[2.710s]   296 |     double error_u = u_d_ - u_;
[2.710s]       |            ^~~~~~~
[2.710s] /home/olive/LVTN_2/src/usv_controller/src/thruster_controller.cpp:297:12: warning: unused variable ‘error_v’ [-Wunused-variable]
[2.710s]   297 |     double error_v = v_d_ - v_;
[2.711s]       |            ^~~~~~~
[9.363s] [100%] Linking CXX executable thruster_controller
[9.756s] [100%] Built target thruster_controller
[9.768s] Invoked command in '/home/olive/LVTN_2/build/usv_controller' returned '0': CMAKE_PREFIX_PATH=/opt/ros/humble /usr/bin/cmake --build /home/olive/LVTN_2/build/usv_controller -- -j16 -l16
[9.777s] Invoking command in '/home/olive/LVTN_2/build/usv_controller': CMAKE_PREFIX_PATH=/opt/ros/humble /usr/bin/cmake --install /home/olive/LVTN_2/build/usv_controller
[9.783s] -- Install configuration: ""
[9.784s] -- Up-to-date: /home/olive/LVTN_2/install/usv_controller/share/usv_controller/config
[9.784s] -- Up-to-date: /home/olive/LVTN_2/install/usv_controller/share/usv_controller/config/config.yaml
[9.784s] -- Up-to-date: /home/olive/LVTN_2/install/usv_controller/share/usv_controller/launch
[9.784s] -- Up-to-date: /home/olive/LVTN_2/install/usv_controller/lib/usv_controller/state_reader
[9.784s] -- Installing: /home/olive/LVTN_2/install/usv_controller/lib/usv_controller/thruster_controller
[9.787s] -- Set runtime path of "/home/olive/LVTN_2/install/usv_controller/lib/usv_controller/thruster_controller" to ""
[9.788s] -- Up-to-date: /home/olive/LVTN_2/install/usv_controller/share/ament_index/resource_index/package_run_dependencies/usv_controller
[9.788s] -- Up-to-date: /home/olive/LVTN_2/install/usv_controller/share/ament_index/resource_index/parent_prefix_path/usv_controller
[9.788s] -- Up-to-date: /home/olive/LVTN_2/install/usv_controller/share/usv_controller/environment/ament_prefix_path.sh
[9.788s] -- Up-to-date: /home/olive/LVTN_2/install/usv_controller/share/usv_controller/environment/ament_prefix_path.dsv
[9.788s] -- Up-to-date: /home/olive/LVTN_2/install/usv_controller/share/usv_controller/environment/path.sh
[9.788s] -- Up-to-date: /home/olive/LVTN_2/install/usv_controller/share/usv_controller/environment/path.dsv
[9.790s] -- Up-to-date: /home/olive/LVTN_2/install/usv_controller/share/usv_controller/local_setup.bash
[9.790s] -- Up-to-date: /home/olive/LVTN_2/install/usv_controller/share/usv_controller/local_setup.sh
[9.791s] -- Up-to-date: /home/olive/LVTN_2/install/usv_controller/share/usv_controller/local_setup.zsh
[9.791s] -- Up-to-date: /home/olive/LVTN_2/install/usv_controller/share/usv_controller/local_setup.dsv
[9.792s] -- Installing: /home/olive/LVTN_2/install/usv_controller/share/usv_controller/package.dsv
[9.792s] -- Up-to-date: /home/olive/LVTN_2/install/usv_controller/share/ament_index/resource_index/packages/usv_controller
[9.792s] -- Up-to-date: /home/olive/LVTN_2/install/usv_controller/share/usv_controller/cmake/usv_controllerConfig.cmake
[9.793s] -- Up-to-date: /home/olive/LVTN_2/install/usv_controller/share/usv_controller/cmake/usv_controllerConfig-version.cmake
[9.793s] -- Up-to-date: /home/olive/LVTN_2/install/usv_controller/share/usv_controller/package.xml
[9.794s] Invoked command in '/home/olive/LVTN_2/build/usv_controller' returned '0': CMAKE_PREFIX_PATH=/opt/ros/humble /usr/bin/cmake --install /home/olive/LVTN_2/build/usv_controller
