[0.016s] Invoking command in '/home/olive/LVTN_2/build/usv_controller': CMAKE_PREFIX_PATH=/opt/ros/humble /usr/bin/cmake /home/olive/LVTN_2/src/usv_controller -DAMENT_CMAKE_SYMLINK_INSTALL=1 -DCMAKE_INSTALL_PREFIX=/home/olive/LVTN_2/install/usv_controller
[0.044s] -- Found ament_cmake: 1.3.14 (/opt/ros/humble/share/ament_cmake/cmake)
[0.148s] -- Override CMake install command with custom implementation using symlinks instead of copying resources
[0.157s] -- Found rclcpp: 16.0.19 (/opt/ros/humble/share/rclcpp/cmake)
[0.188s] -- Found rosidl_generator_c: 3.1.9 (/opt/ros/humble/share/rosidl_generator_c/cmake)
[0.190s] -- Found rosidl_adapter: 3.1.9 (/opt/ros/humble/share/rosidl_adapter/cmake)
[0.198s] -- Found rosidl_generator_cpp: 3.1.9 (/opt/ros/humble/share/rosidl_generator_cpp/cmake)
[0.207s] -- Using all available rosidl_typesupport_c: rosidl_typesupport_fastrtps_c;rosidl_typesupport_introspection_c
[0.219s] -- Using all available rosidl_typesupport_cpp: rosidl_typesupport_fastrtps_cpp;rosidl_typesupport_introspection_cpp
[0.258s] -- Found rmw_implementation_cmake: 6.1.2 (/opt/ros/humble/share/rmw_implementation_cmake/cmake)
[0.261s] -- Found rmw_fastrtps_cpp: 6.2.10 (/opt/ros/humble/share/rmw_fastrtps_cpp/cmake)
[0.402s] -- Using RMW implementation 'rmw_fastrtps_cpp' as default
[0.477s] -- Found tf2: 0.25.20 (/opt/ros/humble/share/tf2/cmake)
[0.501s] -- Found nav_msgs: 4.9.1 (/opt/ros/humble/share/nav_msgs/cmake)
[0.524s] -- Found tf2_geometry_msgs: 0.25.20 (/opt/ros/humble/share/tf2_geometry_msgs/cmake)
[0.532s] -- Found eigen3_cmake_module: 0.1.1 (/opt/ros/humble/share/eigen3_cmake_module/cmake)
[0.534s] -- Ensuring Eigen3 include directory is part of orocos-kdl CMake target
[0.645s] -- Found ros_gz_interfaces: 0.244.25 (/opt/ros/humble/share/ros_gz_interfaces/cmake)
[0.680s] -- Found ament_lint_auto: 0.12.15 (/opt/ros/humble/share/ament_lint_auto/cmake)
[0.787s] -- Added test 'cppcheck' to perform static code analysis on C / C++ code
[0.787s] -- Configured cppcheck include dirs: 
[0.787s] -- Configured cppcheck exclude dirs and/or files: 
[0.787s] -- Added test 'flake8' to check Python code syntax and style conventions
[0.788s] -- Added test 'lint_cmake' to check CMake code style
[0.788s] -- Added test 'pep257' to check Python code against some of the docstring style conventions in PEP 257
[0.789s] -- Added test 'uncrustify' to check C / C++ code style
[0.789s] -- Configured uncrustify additional arguments: 
[0.789s] -- Added test 'xmllint' to check XML markup files
[0.790s] -- Configuring done
[0.813s] -- Generating done
[0.822s] -- Build files have been written to: /home/olive/LVTN_2/build/usv_controller
[0.837s] Invoked command in '/home/olive/LVTN_2/build/usv_controller' returned '0': CMAKE_PREFIX_PATH=/opt/ros/humble /usr/bin/cmake /home/olive/LVTN_2/src/usv_controller -DAMENT_CMAKE_SYMLINK_INSTALL=1 -DCMAKE_INSTALL_PREFIX=/home/olive/LVTN_2/install/usv_controller
[0.839s] Invoking command in '/home/olive/LVTN_2/build/usv_controller': CMAKE_PREFIX_PATH=/opt/ros/humble /usr/bin/cmake --build /home/olive/LVTN_2/build/usv_controller -- -j16 -l16
[0.896s] Consolidate compiler generated dependencies of target state_reader
[0.896s] Consolidate compiler generated dependencies of target thruster_controller
[0.912s] [ 50%] Linking CXX executable thruster_controller
[0.912s] [ 50%] Linking CXX executable state_reader
[1.921s] [ 75%] Built target thruster_controller
[2.005s] [100%] Built target state_reader
[2.019s] Invoked command in '/home/olive/LVTN_2/build/usv_controller' returned '0': CMAKE_PREFIX_PATH=/opt/ros/humble /usr/bin/cmake --build /home/olive/LVTN_2/build/usv_controller -- -j16 -l16
[2.021s] Invoking command in '/home/olive/LVTN_2/build/usv_controller': CMAKE_PREFIX_PATH=/opt/ros/humble /usr/bin/cmake --install /home/olive/LVTN_2/build/usv_controller
[2.031s] -- Install configuration: ""
[2.032s] -- Execute custom install script
[2.032s] -- Symlinking: /home/olive/LVTN_2/install/usv_controller/share/usv_controller/config/config.yaml
[2.042s] -- Symlinking: /home/olive/LVTN_2/install/usv_controller/share/usv_controller/launch/controller.launch.py
[2.052s] -- Symlinking: /home/olive/LVTN_2/install/usv_controller/share/usv_controller/launch/state.launch.py
[2.062s] -- Symlinking: /home/olive/LVTN_2/install/usv_controller/lib/usv_controller/state_reader
[2.076s] -- Symlinking: /home/olive/LVTN_2/install/usv_controller/lib/usv_controller/thruster_controller
[2.087s] -- Symlinking: /home/olive/LVTN_2/install/usv_controller/share/ament_index/resource_index/package_run_dependencies/usv_controller
[2.097s] -- Symlinking: /home/olive/LVTN_2/install/usv_controller/share/ament_index/resource_index/parent_prefix_path/usv_controller
[2.110s] -- Symlinking: /home/olive/LVTN_2/install/usv_controller/share/usv_controller/environment/ament_prefix_path.sh
[2.122s] -- Symlinking: /home/olive/LVTN_2/install/usv_controller/share/usv_controller/environment/ament_prefix_path.dsv
[2.132s] -- Symlinking: /home/olive/LVTN_2/install/usv_controller/share/usv_controller/environment/path.sh
[2.144s] -- Symlinking: /home/olive/LVTN_2/install/usv_controller/share/usv_controller/environment/path.dsv
[2.154s] -- Symlinking: /home/olive/LVTN_2/install/usv_controller/share/usv_controller/local_setup.bash
[2.165s] -- Symlinking: /home/olive/LVTN_2/install/usv_controller/share/usv_controller/local_setup.sh
[2.175s] -- Symlinking: /home/olive/LVTN_2/install/usv_controller/share/usv_controller/local_setup.zsh
[2.185s] -- Symlinking: /home/olive/LVTN_2/install/usv_controller/share/usv_controller/local_setup.dsv
[2.195s] -- Symlinking: /home/olive/LVTN_2/install/usv_controller/share/usv_controller/package.dsv
[2.206s] -- Symlinking: /home/olive/LVTN_2/install/usv_controller/share/ament_index/resource_index/packages/usv_controller
[2.216s] -- Symlinking: /home/olive/LVTN_2/install/usv_controller/share/usv_controller/cmake/usv_controllerConfig.cmake
[2.226s] -- Symlinking: /home/olive/LVTN_2/install/usv_controller/share/usv_controller/cmake/usv_controllerConfig-version.cmake
[2.236s] -- Symlinking: /home/olive/LVTN_2/install/usv_controller/share/usv_controller/package.xml
[2.249s] Invoked command in '/home/olive/LVTN_2/build/usv_controller' returned '0': CMAKE_PREFIX_PATH=/opt/ros/humble /usr/bin/cmake --install /home/olive/LVTN_2/build/usv_controller
