[0.017s] Invoking command in '/home/olive/LVTN_2/build/usv_navigation': CMAKE_PREFIX_PATH=/opt/ros/humble /usr/bin/cmake /home/olive/LVTN_2/src/usv_navigation -DAMENT_CMAKE_SYMLINK_INSTALL=1 -DCMAKE_INSTALL_PREFIX=/home/olive/LVTN_2/install/usv_navigation
[0.039s] -- Found ament_cmake: 1.3.14 (/opt/ros/humble/share/ament_cmake/cmake)
[0.239s] -- Override CMake install command with custom implementation using symlinks instead of copying resources
[0.251s] -- Found rclcpp: 16.0.19 (/opt/ros/humble/share/rclcpp/cmake)
[0.299s] -- Found rosidl_generator_c: 3.1.9 (/opt/ros/humble/share/rosidl_generator_c/cmake)
[0.303s] -- Found rosidl_adapter: 3.1.9 (/opt/ros/humble/share/rosidl_adapter/cmake)
[0.312s] -- Found rosidl_generator_cpp: 3.1.9 (/opt/ros/humble/share/rosidl_generator_cpp/cmake)
[0.332s] -- Using all available rosidl_typesupport_c: rosidl_typesupport_fastrtps_c;rosidl_typesupport_introspection_c
[0.360s] -- Using all available rosidl_typesupport_cpp: rosidl_typesupport_fastrtps_cpp;rosidl_typesupport_introspection_cpp
[0.420s] -- Found rmw_implementation_cmake: 6.1.2 (/opt/ros/humble/share/rmw_implementation_cmake/cmake)
[0.422s] -- Found rmw_fastrtps_cpp: 6.2.10 (/opt/ros/humble/share/rmw_fastrtps_cpp/cmake)
[0.633s] -- Using RMW implementation 'rmw_fastrtps_cpp' as default
[0.773s] -- Found sensor_msgs: 4.9.1 (/opt/ros/humble/share/sensor_msgs/cmake)
[0.853s] -- Found nav_msgs: 4.9.1 (/opt/ros/humble/share/nav_msgs/cmake)
[0.898s] -- Found ros_gz_interfaces: 0.244.25 (/opt/ros/humble/share/ros_gz_interfaces/cmake)
[0.945s] -- Found tf2: 0.25.20 (/opt/ros/humble/share/tf2/cmake)
[0.954s] -- Found tf2_ros: 0.25.20 (/opt/ros/humble/share/tf2_ros/cmake)
[1.091s] -- Found ament_lint_auto: 0.12.15 (/opt/ros/humble/share/ament_lint_auto/cmake)
[1.261s] -- Added test 'cppcheck' to perform static code analysis on C / C++ code
[1.261s] -- Configured cppcheck include dirs: 
[1.262s] -- Configured cppcheck exclude dirs and/or files: 
[1.262s] -- Added test 'flake8' to check Python code syntax and style conventions
[1.263s] -- Added test 'lint_cmake' to check CMake code style
[1.263s] -- Added test 'pep257' to check Python code against some of the docstring style conventions in PEP 257
[1.265s] -- Added test 'uncrustify' to check C / C++ code style
[1.265s] -- Configured uncrustify additional arguments: 
[1.266s] -- Added test 'xmllint' to check XML markup files
[1.268s] -- Configuring done
[1.312s] -- Generating done
[1.328s] -- Build files have been written to: /home/olive/LVTN_2/build/usv_navigation
[1.342s] Invoked command in '/home/olive/LVTN_2/build/usv_navigation' returned '0': CMAKE_PREFIX_PATH=/opt/ros/humble /usr/bin/cmake /home/olive/LVTN_2/src/usv_navigation -DAMENT_CMAKE_SYMLINK_INSTALL=1 -DCMAKE_INSTALL_PREFIX=/home/olive/LVTN_2/install/usv_navigation
[1.345s] Invoking command in '/home/olive/LVTN_2/build/usv_navigation': CMAKE_PREFIX_PATH=/opt/ros/humble /usr/bin/cmake --build /home/olive/LVTN_2/build/usv_navigation -- -j16 -l16
[1.418s] Consolidate compiler generated dependencies of target coverage_planner
[1.419s] Consolidate compiler generated dependencies of target mapping_route
[1.419s] Consolidate compiler generated dependencies of target laser_scan_merger
[1.421s] Consolidate compiler generated dependencies of target coverage_playback
[1.422s] Consolidate compiler generated dependencies of target trajectory_node
[1.460s] [ 20%] Built target coverage_playback
[1.460s] [ 30%] Building CXX object CMakeFiles/coverage_planner.dir/src/coverage_planner.cpp.o
[1.460s] [ 60%] Built target mapping_route
[1.461s] [ 70%] Built target laser_scan_merger
[1.466s] [ 90%] Built target trajectory_node
[16.476s] [100%] Linking CXX executable coverage_planner
[17.301s] [100%] Built target coverage_planner
[17.330s] Invoked command in '/home/olive/LVTN_2/build/usv_navigation' returned '0': CMAKE_PREFIX_PATH=/opt/ros/humble /usr/bin/cmake --build /home/olive/LVTN_2/build/usv_navigation -- -j16 -l16
[17.349s] Invoking command in '/home/olive/LVTN_2/build/usv_navigation': CMAKE_PREFIX_PATH=/opt/ros/humble /usr/bin/cmake --install /home/olive/LVTN_2/build/usv_navigation
[17.361s] -- Install configuration: ""
[17.363s] -- Execute custom install script
[17.363s] -- Up-to-date symlink: /home/olive/LVTN_2/install/usv_navigation/lib/usv_navigation/laser_scan_merger
[17.364s] -- Up-to-date symlink: /home/olive/LVTN_2/install/usv_navigation/lib/usv_navigation/mapping_route
[17.364s] -- Up-to-date symlink: /home/olive/LVTN_2/install/usv_navigation/lib/usv_navigation/coverage_planner
[17.365s] -- Up-to-date symlink: /home/olive/LVTN_2/install/usv_navigation/lib/usv_navigation/trajectory_node
[17.365s] -- Up-to-date symlink: /home/olive/LVTN_2/install/usv_navigation/lib/usv_navigation/coverage_playback
[17.366s] -- Up-to-date symlink: /home/olive/LVTN_2/install/usv_navigation/share/usv_navigation/launch/coverage.launch.py
[17.366s] -- Up-to-date symlink: /home/olive/LVTN_2/install/usv_navigation/share/usv_navigation/launch/saved_coverage.launch.py
[17.366s] -- Up-to-date symlink: /home/olive/LVTN_2/install/usv_navigation/share/usv_navigation/launch/slam.launch.py
[17.367s] -- Up-to-date symlink: /home/olive/LVTN_2/install/usv_navigation/share/usv_navigation/config/coverage.rviz
[17.367s] -- Up-to-date symlink: /home/olive/LVTN_2/install/usv_navigation/share/usv_navigation/config/slam.yaml
[17.367s] -- Up-to-date symlink: /home/olive/LVTN_2/install/usv_navigation/share/usv_navigation/maps/README.md
[17.367s] -- Up-to-date symlink: /home/olive/LVTN_2/install/usv_navigation/share/usv_navigation/maps/usv_map.pgm
[17.368s] -- Up-to-date symlink: /home/olive/LVTN_2/install/usv_navigation/share/usv_navigation/maps/usv_map.yaml
[17.368s] -- Up-to-date symlink: /home/olive/LVTN_2/install/usv_navigation/share/usv_navigation/SLAM_NOTES.md
[17.368s] -- Up-to-date symlink: /home/olive/LVTN_2/install/usv_navigation/share/ament_index/resource_index/package_run_dependencies/usv_navigation
[17.369s] -- Up-to-date symlink: /home/olive/LVTN_2/install/usv_navigation/share/ament_index/resource_index/parent_prefix_path/usv_navigation
[17.370s] -- Up-to-date symlink: /home/olive/LVTN_2/install/usv_navigation/share/usv_navigation/environment/ament_prefix_path.sh
[17.370s] -- Up-to-date symlink: /home/olive/LVTN_2/install/usv_navigation/share/usv_navigation/environment/ament_prefix_path.dsv
[17.371s] -- Up-to-date symlink: /home/olive/LVTN_2/install/usv_navigation/share/usv_navigation/environment/path.sh
[17.371s] -- Up-to-date symlink: /home/olive/LVTN_2/install/usv_navigation/share/usv_navigation/environment/path.dsv
[17.371s] -- Up-to-date symlink: /home/olive/LVTN_2/install/usv_navigation/share/usv_navigation/local_setup.bash
[17.371s] -- Up-to-date symlink: /home/olive/LVTN_2/install/usv_navigation/share/usv_navigation/local_setup.sh
[17.371s] -- Up-to-date symlink: /home/olive/LVTN_2/install/usv_navigation/share/usv_navigation/local_setup.zsh
[17.372s] -- Up-to-date symlink: /home/olive/LVTN_2/install/usv_navigation/share/usv_navigation/local_setup.dsv
[17.372s] -- Symlinking: /home/olive/LVTN_2/install/usv_navigation/share/usv_navigation/package.dsv
[17.389s] -- Up-to-date symlink: /home/olive/LVTN_2/install/usv_navigation/share/ament_index/resource_index/packages/usv_navigation
[17.389s] -- Up-to-date symlink: /home/olive/LVTN_2/install/usv_navigation/share/usv_navigation/cmake/usv_navigationConfig.cmake
[17.389s] -- Up-to-date symlink: /home/olive/LVTN_2/install/usv_navigation/share/usv_navigation/cmake/usv_navigationConfig-version.cmake
[17.390s] -- Up-to-date symlink: /home/olive/LVTN_2/install/usv_navigation/share/usv_navigation/package.xml
[17.393s] Invoked command in '/home/olive/LVTN_2/build/usv_navigation' returned '0': CMAKE_PREFIX_PATH=/opt/ros/humble /usr/bin/cmake --install /home/olive/LVTN_2/build/usv_navigation
