-- Found ament_cmake: 1.3.14 (/opt/ros/humble/share/ament_cmake/cmake)
-- Found rclcpp: 16.0.19 (/opt/ros/humble/share/rclcpp/cmake)
-- Found rosidl_generator_c: 3.1.9 (/opt/ros/humble/share/rosidl_generator_c/cmake)
-- Found rosidl_adapter: 3.1.9 (/opt/ros/humble/share/rosidl_adapter/cmake)
-- Found rosidl_generator_cpp: 3.1.9 (/opt/ros/humble/share/rosidl_generator_cpp/cmake)
-- Using all available rosidl_typesupport_c: rosidl_typesupport_fastrtps_c;rosidl_typesupport_introspection_c
-- Using all available rosidl_typesupport_cpp: rosidl_typesupport_fastrtps_cpp;rosidl_typesupport_introspection_cpp
-- Found rmw_implementation_cmake: 6.1.2 (/opt/ros/humble/share/rmw_implementation_cmake/cmake)
-- Found rmw_fastrtps_cpp: 6.2.10 (/opt/ros/humble/share/rmw_fastrtps_cpp/cmake)
-- Using RMW implementation 'rmw_fastrtps_cpp' as default
-- Found ament_lint_auto: 0.12.15 (/opt/ros/humble/share/ament_lint_auto/cmake)
-- Added test 'cppcheck' to perform static code analysis on C / C++ code
-- Configured cppcheck include dirs: 
-- Configured cppcheck exclude dirs and/or files: 
-- Added test 'lint_cmake' to check CMake code style
-- Added test 'uncrustify' to check C / C++ code style
-- Configured uncrustify additional arguments: 
-- Added test 'xmllint' to check XML markup files
-- Configuring done
-- Generating done
-- Build files have been written to: /home/olive/LVTN_2/build/usv_controller
[35m[1mConsolidate compiler generated dependencies of target state_reader[0m
[ 50%] [32mBuilding CXX object CMakeFiles/state_reader.dir/src/state_reader.cpp.o[0m
[100%] [32m[1mLinking CXX executable state_reader[0m
[100%] Built target state_reader
-- Install configuration: ""
-- Up-to-date: /home/olive/LVTN_2/install/usv_controller/share/usv_controller/config
-- Installing: /home/olive/LVTN_2/install/usv_controller/share/usv_controller/config/config.yaml
-- Installing: /home/olive/LVTN_2/install/usv_controller/share/usv_controller/launch
-- Installing: /home/olive/LVTN_2/install/usv_controller/lib/usv_controller/state_reader
-- Set runtime path of "/home/olive/LVTN_2/install/usv_controller/lib/usv_controller/state_reader" to ""
-- Installing: /home/olive/LVTN_2/install/usv_controller/share/ament_index/resource_index/package_run_dependencies/usv_controller
-- Installing: /home/olive/LVTN_2/install/usv_controller/share/ament_index/resource_index/parent_prefix_path/usv_controller
-- Up-to-date: /home/olive/LVTN_2/install/usv_controller/share/usv_controller/environment/ament_prefix_path.sh
-- Installing: /home/olive/LVTN_2/install/usv_controller/share/usv_controller/environment/ament_prefix_path.dsv
-- Up-to-date: /home/olive/LVTN_2/install/usv_controller/share/usv_controller/environment/path.sh
-- Installing: /home/olive/LVTN_2/install/usv_controller/share/usv_controller/environment/path.dsv
-- Up-to-date: /home/olive/LVTN_2/install/usv_controller/share/usv_controller/local_setup.bash
-- Up-to-date: /home/olive/LVTN_2/install/usv_controller/share/usv_controller/local_setup.sh
-- Up-to-date: /home/olive/LVTN_2/install/usv_controller/share/usv_controller/local_setup.zsh
-- Installing: /home/olive/LVTN_2/install/usv_controller/share/usv_controller/local_setup.dsv
-- Installing: /home/olive/LVTN_2/install/usv_controller/share/usv_controller/package.dsv
-- Up-to-date: /home/olive/LVTN_2/install/usv_controller/share/ament_index/resource_index/packages/usv_controller
-- Up-to-date: /home/olive/LVTN_2/install/usv_controller/share/usv_controller/cmake/usv_controllerConfig.cmake
-- Up-to-date: /home/olive/LVTN_2/install/usv_controller/share/usv_controller/cmake/usv_controllerConfig-version.cmake
-- Installing: /home/olive/LVTN_2/install/usv_controller/share/usv_controller/package.xml
