[0.010s] Invoking command in '/home/olive/LVTN_2/build/usv_controller': AMENT_PREFIX_PATH=/home/olive/LVTN_2/install/usv_description:${AMENT_PREFIX_PATH} CMAKE_PREFIX_PATH=/home/olive/LVTN_2/install/usv_description:/opt/ros/humble /usr/bin/cmake /home/olive/LVTN_2/src/usv_controller -DAMENT_CMAKE_SYMLINK_INSTALL=1 -DCMAKE_INSTALL_PREFIX=/home/olive/LVTN_2/install/usv_controller
[0.022s] -- Found ament_cmake: 1.3.14 (/opt/ros/humble/share/ament_cmake/cmake)
[0.188s] -- Override CMake install command with custom implementation using symlinks instead of copying resources
[0.200s] -- Found ament_lint_auto: 0.12.15 (/opt/ros/humble/share/ament_lint_auto/cmake)
[0.333s] -- Added test 'flake8' to check Python code syntax and style conventions
[0.334s] -- Added test 'lint_cmake' to check CMake code style
[0.335s] -- Added test 'pep257' to check Python code against some of the docstring style conventions in PEP 257
[0.337s] -- Added test 'xmllint' to check XML markup files
[0.339s] -- Configuring done
[0.345s] -- Generating done
[0.349s] -- Build files have been written to: /home/olive/LVTN_2/build/usv_controller
[0.354s] Invoked command in '/home/olive/LVTN_2/build/usv_controller' returned '0': AMENT_PREFIX_PATH=/home/olive/LVTN_2/install/usv_description:${AMENT_PREFIX_PATH} CMAKE_PREFIX_PATH=/home/olive/LVTN_2/install/usv_description:/opt/ros/humble /usr/bin/cmake /home/olive/LVTN_2/src/usv_controller -DAMENT_CMAKE_SYMLINK_INSTALL=1 -DCMAKE_INSTALL_PREFIX=/home/olive/LVTN_2/install/usv_controller
[0.356s] Invoking command in '/home/olive/LVTN_2/build/usv_controller': AMENT_PREFIX_PATH=/home/olive/LVTN_2/install/usv_description:${AMENT_PREFIX_PATH} CMAKE_PREFIX_PATH=/home/olive/LVTN_2/install/usv_description:/opt/ros/humble /usr/bin/cmake --build /home/olive/LVTN_2/build/usv_controller -- -j16 -l16
[0.402s] Invoked command in '/home/olive/LVTN_2/build/usv_controller' returned '0': AMENT_PREFIX_PATH=/home/olive/LVTN_2/install/usv_description:${AMENT_PREFIX_PATH} CMAKE_PREFIX_PATH=/home/olive/LVTN_2/install/usv_description:/opt/ros/humble /usr/bin/cmake --build /home/olive/LVTN_2/build/usv_controller -- -j16 -l16
[0.403s] Invoking command in '/home/olive/LVTN_2/build/usv_controller': AMENT_PREFIX_PATH=/home/olive/LVTN_2/install/usv_description:${AMENT_PREFIX_PATH} CMAKE_PREFIX_PATH=/home/olive/LVTN_2/install/usv_description:/opt/ros/humble /usr/bin/cmake --install /home/olive/LVTN_2/build/usv_controller
[0.412s] -- Install configuration: ""
[0.412s] -- Execute custom install script
[0.413s] -- Up-to-date symlink: /home/olive/LVTN_2/install/usv_controller/share/usv_controller/config/config.yaml
[0.413s] -- Up-to-date symlink: /home/olive/LVTN_2/install/usv_controller/share/usv_controller/launch/__pycache__/controller.launch.cpython-310.pyc
[0.413s] -- Up-to-date symlink: /home/olive/LVTN_2/install/usv_controller/share/usv_controller/launch/controller.launch.py
[0.413s] -- Up-to-date symlink: /home/olive/LVTN_2/install/usv_controller/share/ament_index/resource_index/package_run_dependencies/usv_controller
[0.413s] -- Up-to-date symlink: /home/olive/LVTN_2/install/usv_controller/share/ament_index/resource_index/parent_prefix_path/usv_controller
[0.414s] -- Up-to-date symlink: /home/olive/LVTN_2/install/usv_controller/share/usv_controller/environment/ament_prefix_path.sh
[0.414s] -- Up-to-date symlink: /home/olive/LVTN_2/install/usv_controller/share/usv_controller/environment/ament_prefix_path.dsv
[0.414s] -- Up-to-date symlink: /home/olive/LVTN_2/install/usv_controller/share/usv_controller/environment/path.sh
[0.414s] -- Up-to-date symlink: /home/olive/LVTN_2/install/usv_controller/share/usv_controller/environment/path.dsv
[0.414s] -- Up-to-date symlink: /home/olive/LVTN_2/install/usv_controller/share/usv_controller/local_setup.bash
[0.414s] -- Up-to-date symlink: /home/olive/LVTN_2/install/usv_controller/share/usv_controller/local_setup.sh
[0.414s] -- Up-to-date symlink: /home/olive/LVTN_2/install/usv_controller/share/usv_controller/local_setup.zsh
[0.415s] -- Up-to-date symlink: /home/olive/LVTN_2/install/usv_controller/share/usv_controller/local_setup.dsv
[0.415s] -- Symlinking: /home/olive/LVTN_2/install/usv_controller/share/usv_controller/package.dsv
[0.425s] -- Up-to-date symlink: /home/olive/LVTN_2/install/usv_controller/share/ament_index/resource_index/packages/usv_controller
[0.425s] -- Up-to-date symlink: /home/olive/LVTN_2/install/usv_controller/share/usv_controller/cmake/usv_controllerConfig.cmake
[0.425s] -- Up-to-date symlink: /home/olive/LVTN_2/install/usv_controller/share/usv_controller/cmake/usv_controllerConfig-version.cmake
[0.425s] -- Up-to-date symlink: /home/olive/LVTN_2/install/usv_controller/share/usv_controller/package.xml
[0.427s] Invoked command in '/home/olive/LVTN_2/build/usv_controller' returned '0': AMENT_PREFIX_PATH=/home/olive/LVTN_2/install/usv_description:${AMENT_PREFIX_PATH} CMAKE_PREFIX_PATH=/home/olive/LVTN_2/install/usv_description:/opt/ros/humble /usr/bin/cmake --install /home/olive/LVTN_2/build/usv_controller
