-- The C compiler identification is GNU 11.4.0
-- The CXX compiler identification is GNU 11.4.0
-- Detecting C compiler ABI info
-- Detecting C compiler ABI info - done
-- Check for working C compiler: /usr/bin/cc - skipped
-- Detecting C compile features
-- Detecting C compile features - done
-- Detecting CXX compiler ABI info
-- Detecting CXX compiler ABI info - done
-- Check for working CXX compiler: /usr/bin/c++ - skipped
-- Detecting CXX compile features
-- Detecting CXX compile features - done
-- Found ament_cmake: 1.3.14 (/opt/ros/humble/share/ament_cmake/cmake)
-- Found Python3: /home/olive/.espressif/python_env/idf5.5_py3.10_env/bin/python3 (found version "3.10.12") found components: Interpreter 
-- Found ament_lint_auto: 0.12.15 (/opt/ros/humble/share/ament_lint_auto/cmake)
-- Added test 'lint_cmake' to check CMake code style
-- Added test 'xmllint' to check XML markup files
-- Configuring done
-- Generating done
-- Build files have been written to: /home/olive/LVTN_2/build/usv_gazebo
-- Install configuration: ""
-- Installing: /home/olive/LVTN_2/install/usv_gazebo/share/ament_index/resource_index/package_run_dependencies/usv_gazebo
-- Installing: /home/olive/LVTN_2/install/usv_gazebo/share/ament_index/resource_index/parent_prefix_path/usv_gazebo
-- Installing: /home/olive/LVTN_2/install/usv_gazebo/share/usv_gazebo/environment/ament_prefix_path.sh
-- Installing: /home/olive/LVTN_2/install/usv_gazebo/share/usv_gazebo/environment/ament_prefix_path.dsv
-- Installing: /home/olive/LVTN_2/install/usv_gazebo/share/usv_gazebo/environment/path.sh
-- Installing: /home/olive/LVTN_2/install/usv_gazebo/share/usv_gazebo/environment/path.dsv
-- Installing: /home/olive/LVTN_2/install/usv_gazebo/share/usv_gazebo/local_setup.bash
-- Installing: /home/olive/LVTN_2/install/usv_gazebo/share/usv_gazebo/local_setup.sh
-- Installing: /home/olive/LVTN_2/install/usv_gazebo/share/usv_gazebo/local_setup.zsh
-- Installing: /home/olive/LVTN_2/install/usv_gazebo/share/usv_gazebo/local_setup.dsv
-- Installing: /home/olive/LVTN_2/install/usv_gazebo/share/usv_gazebo/package.dsv
-- Installing: /home/olive/LVTN_2/install/usv_gazebo/share/ament_index/resource_index/packages/usv_gazebo
-- Installing: /home/olive/LVTN_2/install/usv_gazebo/share/usv_gazebo/cmake/usv_gazeboConfig.cmake
-- Installing: /home/olive/LVTN_2/install/usv_gazebo/share/usv_gazebo/cmake/usv_gazeboConfig-version.cmake
-- Installing: /home/olive/LVTN_2/install/usv_gazebo/share/usv_gazebo/package.xml
