[0.008s] Invoking command in '/home/olive/LVTN_2/build/usv_gazebo': CMAKE_PREFIX_PATH=/opt/ros/humble /usr/bin/cmake /home/olive/LVTN_2/src/usv_gazebo -DCMAKE_INSTALL_PREFIX=/home/olive/LVTN_2/install/usv_gazebo
[0.042s] -- The C compiler identification is GNU 11.4.0
[0.077s] -- The CXX compiler identification is GNU 11.4.0
[0.082s] -- Detecting C compiler ABI info
[0.124s] -- Detecting C compiler ABI info - done
[0.128s] -- Check for working C compiler: /usr/bin/cc - skipped
[0.129s] -- Detecting C compile features
[0.129s] -- Detecting C compile features - done
[0.131s] -- Detecting CXX compiler ABI info
[0.181s] -- Detecting CXX compiler ABI info - done
[0.192s] -- Check for working CXX compiler: /usr/bin/c++ - skipped
[0.192s] -- Detecting CXX compile features
[0.193s] -- Detecting CXX compile features - done
[0.197s] -- Found ament_cmake: 1.3.14 (/opt/ros/humble/share/ament_cmake/cmake)
[0.431s] -- Found Python3: /home/olive/.espressif/python_env/idf5.5_py3.10_env/bin/python3 (found version "3.10.12") found components: Interpreter 
[0.522s] -- Found ament_lint_auto: 0.12.15 (/opt/ros/humble/share/ament_lint_auto/cmake)
[0.584s] -- Added test 'lint_cmake' to check CMake code style
[0.584s] -- Added test 'xmllint' to check XML markup files
[0.585s] -- Configuring done
[0.587s] -- Generating done
[0.588s] -- Build files have been written to: /home/olive/LVTN_2/build/usv_gazebo
[0.591s] Invoked command in '/home/olive/LVTN_2/build/usv_gazebo' returned '0': CMAKE_PREFIX_PATH=/opt/ros/humble /usr/bin/cmake /home/olive/LVTN_2/src/usv_gazebo -DCMAKE_INSTALL_PREFIX=/home/olive/LVTN_2/install/usv_gazebo
[0.592s] Invoking command in '/home/olive/LVTN_2/build/usv_gazebo': CMAKE_PREFIX_PATH=/opt/ros/humble /usr/bin/cmake --build /home/olive/LVTN_2/build/usv_gazebo -- -j16 -l16
[0.616s] Invoked command in '/home/olive/LVTN_2/build/usv_gazebo' returned '0': CMAKE_PREFIX_PATH=/opt/ros/humble /usr/bin/cmake --build /home/olive/LVTN_2/build/usv_gazebo -- -j16 -l16
[0.616s] Invoking command in '/home/olive/LVTN_2/build/usv_gazebo': CMAKE_PREFIX_PATH=/opt/ros/humble /usr/bin/cmake --install /home/olive/LVTN_2/build/usv_gazebo
[0.621s] -- Install configuration: ""
[0.621s] -- Installing: /home/olive/LVTN_2/install/usv_gazebo/share/ament_index/resource_index/package_run_dependencies/usv_gazebo
[0.621s] -- Installing: /home/olive/LVTN_2/install/usv_gazebo/share/ament_index/resource_index/parent_prefix_path/usv_gazebo
[0.621s] -- Installing: /home/olive/LVTN_2/install/usv_gazebo/share/usv_gazebo/environment/ament_prefix_path.sh
[0.622s] -- Installing: /home/olive/LVTN_2/install/usv_gazebo/share/usv_gazebo/environment/ament_prefix_path.dsv
[0.622s] -- Installing: /home/olive/LVTN_2/install/usv_gazebo/share/usv_gazebo/environment/path.sh
[0.622s] -- Installing: /home/olive/LVTN_2/install/usv_gazebo/share/usv_gazebo/environment/path.dsv
[0.622s] -- Installing: /home/olive/LVTN_2/install/usv_gazebo/share/usv_gazebo/local_setup.bash
[0.622s] -- Installing: /home/olive/LVTN_2/install/usv_gazebo/share/usv_gazebo/local_setup.sh
[0.622s] -- Installing: /home/olive/LVTN_2/install/usv_gazebo/share/usv_gazebo/local_setup.zsh
[0.623s] -- Installing: /home/olive/LVTN_2/install/usv_gazebo/share/usv_gazebo/local_setup.dsv
[0.623s] -- Installing: /home/olive/LVTN_2/install/usv_gazebo/share/usv_gazebo/package.dsv
[0.623s] -- Installing: /home/olive/LVTN_2/install/usv_gazebo/share/ament_index/resource_index/packages/usv_gazebo
[0.623s] -- Installing: /home/olive/LVTN_2/install/usv_gazebo/share/usv_gazebo/cmake/usv_gazeboConfig.cmake
[0.623s] -- Installing: /home/olive/LVTN_2/install/usv_gazebo/share/usv_gazebo/cmake/usv_gazeboConfig-version.cmake
[0.623s] -- Installing: /home/olive/LVTN_2/install/usv_gazebo/share/usv_gazebo/package.xml
[0.624s] Invoked command in '/home/olive/LVTN_2/build/usv_gazebo' returned '0': CMAKE_PREFIX_PATH=/opt/ros/humble /usr/bin/cmake --install /home/olive/LVTN_2/build/usv_gazebo
