[0.140s] DEBUG:colcon:Command line arguments: ['/usr/bin/colcon', 'build', '--event-handlers', 'console_direct+']
[0.140s] DEBUG:colcon:Parsed command line arguments: Namespace(log_base=None, log_level=None, verb_name='build', build_base='build', install_base='install', merge_install=False, symlink_install=False, test_result_base=None, continue_on_error=False, executor='parallel', parallel_workers=16, event_handlers=['console_direct+'], ignore_user_meta=False, metas=['./colcon.meta'], base_paths=['.'], packages_ignore=None, packages_ignore_regex=None, paths=None, packages_up_to=None, packages_up_to_regex=None, packages_above=None, packages_above_and_dependencies=None, packages_above_depth=None, packages_select_by_dep=None, packages_skip_by_dep=None, packages_skip_up_to=None, packages_select_build_failed=False, packages_skip_build_finished=False, packages_select_test_failures=False, packages_skip_test_passed=False, packages_select=None, packages_skip=None, packages_select_regex=None, packages_skip_regex=None, packages_start=None, packages_end=None, allow_overriding=[], cmake_args=None, cmake_target=None, cmake_target_skip_unavailable=False, cmake_clean_cache=False, cmake_clean_first=False, cmake_force_configure=False, ament_cmake_args=None, catkin_cmake_args=None, catkin_skip_building_tests=False, verb_parser=<colcon_defaults.argument_parser.defaults.DefaultArgumentsDecorator object at 0x7c14c3c21690>, verb_extension=<colcon_core.verb.build.BuildVerb object at 0x7c14c3c20d90>, main=<bound method BuildVerb.main of <colcon_core.verb.build.BuildVerb object at 0x7c14c3c20d90>>)
[0.395s] Level 1:colcon.colcon_core.package_discovery:discover_packages(colcon_meta) check parameters
[0.396s] Level 1:colcon.colcon_core.package_discovery:discover_packages(recursive) check parameters
[0.396s] Level 1:colcon.colcon_core.package_discovery:discover_packages(ignore) check parameters
[0.396s] Level 1:colcon.colcon_core.package_discovery:discover_packages(path) check parameters
[0.396s] Level 1:colcon.colcon_core.package_discovery:discover_packages(colcon_meta) discover
[0.396s] Level 1:colcon.colcon_core.package_discovery:discover_packages(recursive) discover
[0.396s] INFO:colcon.colcon_core.package_discovery:Crawling recursively for packages in '/home/olive/LVTN_2'
[0.396s] Level 1:colcon.colcon_core.package_identification:_identify(.) by extensions ['ignore', 'ignore_ament_install']
[0.396s] Level 1:colcon.colcon_core.package_identification:_identify(.) by extension 'ignore'
[0.396s] Level 1:colcon.colcon_core.package_identification:_identify(.) by extension 'ignore_ament_install'
[0.396s] Level 1:colcon.colcon_core.package_identification:_identify(.) by extensions ['colcon_pkg']
[0.396s] Level 1:colcon.colcon_core.package_identification:_identify(.) by extension 'colcon_pkg'
[0.397s] Level 1:colcon.colcon_core.package_identification:_identify(.) by extensions ['colcon_meta']
[0.397s] Level 1:colcon.colcon_core.package_identification:_identify(.) by extension 'colcon_meta'
[0.397s] Level 1:colcon.colcon_core.package_identification:_identify(.) by extensions ['ros']
[0.397s] Level 1:colcon.colcon_core.package_identification:_identify(.) by extension 'ros'
[0.411s] Level 1:colcon.colcon_core.package_identification:_identify(.) by extensions ['cmake', 'python']
[0.411s] Level 1:colcon.colcon_core.package_identification:_identify(.) by extension 'cmake'
[0.411s] Level 1:colcon.colcon_core.package_identification:_identify(.) by extension 'python'
[0.411s] Level 1:colcon.colcon_core.package_identification:_identify(.) by extensions ['python_setup_py']
[0.412s] Level 1:colcon.colcon_core.package_identification:_identify(.) by extension 'python_setup_py'
[0.412s] Level 1:colcon.colcon_core.package_identification:_identify(STL) by extensions ['ignore', 'ignore_ament_install']
[0.412s] Level 1:colcon.colcon_core.package_identification:_identify(STL) by extension 'ignore'
[0.412s] Level 1:colcon.colcon_core.package_identification:_identify(STL) by extension 'ignore_ament_install'
[0.412s] Level 1:colcon.colcon_core.package_identification:_identify(STL) by extensions ['colcon_pkg']
[0.412s] Level 1:colcon.colcon_core.package_identification:_identify(STL) by extension 'colcon_pkg'
[0.412s] Level 1:colcon.colcon_core.package_identification:_identify(STL) by extensions ['colcon_meta']
[0.412s] Level 1:colcon.colcon_core.package_identification:_identify(STL) by extension 'colcon_meta'
[0.412s] Level 1:colcon.colcon_core.package_identification:_identify(STL) by extensions ['ros']
[0.412s] Level 1:colcon.colcon_core.package_identification:_identify(STL) by extension 'ros'
[0.412s] Level 1:colcon.colcon_core.package_identification:_identify(STL) by extensions ['cmake', 'python']
[0.412s] Level 1:colcon.colcon_core.package_identification:_identify(STL) by extension 'cmake'
[0.412s] Level 1:colcon.colcon_core.package_identification:_identify(STL) by extension 'python'
[0.412s] Level 1:colcon.colcon_core.package_identification:_identify(STL) by extensions ['python_setup_py']
[0.412s] Level 1:colcon.colcon_core.package_identification:_identify(STL) by extension 'python_setup_py'
[0.413s] Level 1:colcon.colcon_core.package_identification:_identify(backups) by extensions ['ignore', 'ignore_ament_install']
[0.413s] Level 1:colcon.colcon_core.package_identification:_identify(backups) by extension 'ignore'
[0.413s] Level 1:colcon.colcon_core.package_identification:_identify(backups) by extension 'ignore_ament_install'
[0.413s] Level 1:colcon.colcon_core.package_identification:_identify(backups) by extensions ['colcon_pkg']
[0.413s] Level 1:colcon.colcon_core.package_identification:_identify(backups) by extension 'colcon_pkg'
[0.413s] Level 1:colcon.colcon_core.package_identification:_identify(backups) by extensions ['colcon_meta']
[0.413s] Level 1:colcon.colcon_core.package_identification:_identify(backups) by extension 'colcon_meta'
[0.413s] Level 1:colcon.colcon_core.package_identification:_identify(backups) by extensions ['ros']
[0.413s] Level 1:colcon.colcon_core.package_identification:_identify(backups) by extension 'ros'
[0.413s] Level 1:colcon.colcon_core.package_identification:_identify(backups) by extensions ['cmake', 'python']
[0.413s] Level 1:colcon.colcon_core.package_identification:_identify(backups) by extension 'cmake'
[0.413s] Level 1:colcon.colcon_core.package_identification:_identify(backups) by extension 'python'
[0.413s] Level 1:colcon.colcon_core.package_identification:_identify(backups) by extensions ['python_setup_py']
[0.413s] Level 1:colcon.colcon_core.package_identification:_identify(backups) by extension 'python_setup_py'
[0.413s] Level 1:colcon.colcon_core.package_identification:_identify(build) by extensions ['ignore', 'ignore_ament_install']
[0.413s] Level 1:colcon.colcon_core.package_identification:_identify(build) by extension 'ignore'
[0.413s] Level 1:colcon.colcon_core.package_identification:_identify(build) ignored
[0.413s] Level 1:colcon.colcon_core.package_identification:_identify(install) by extensions ['ignore', 'ignore_ament_install']
[0.414s] Level 1:colcon.colcon_core.package_identification:_identify(install) by extension 'ignore'
[0.414s] Level 1:colcon.colcon_core.package_identification:_identify(install) ignored
[0.414s] Level 1:colcon.colcon_core.package_identification:_identify(log) by extensions ['ignore', 'ignore_ament_install']
[0.414s] Level 1:colcon.colcon_core.package_identification:_identify(log) by extension 'ignore'
[0.414s] Level 1:colcon.colcon_core.package_identification:_identify(log) ignored
[0.414s] Level 1:colcon.colcon_core.package_identification:_identify(src) by extensions ['ignore', 'ignore_ament_install']
[0.414s] Level 1:colcon.colcon_core.package_identification:_identify(src) by extension 'ignore'
[0.414s] Level 1:colcon.colcon_core.package_identification:_identify(src) by extension 'ignore_ament_install'
[0.414s] Level 1:colcon.colcon_core.package_identification:_identify(src) by extensions ['colcon_pkg']
[0.414s] Level 1:colcon.colcon_core.package_identification:_identify(src) by extension 'colcon_pkg'
[0.414s] Level 1:colcon.colcon_core.package_identification:_identify(src) by extensions ['colcon_meta']
[0.415s] Level 1:colcon.colcon_core.package_identification:_identify(src) by extension 'colcon_meta'
[0.415s] Level 1:colcon.colcon_core.package_identification:_identify(src) by extensions ['ros']
[0.415s] Level 1:colcon.colcon_core.package_identification:_identify(src) by extension 'ros'
[0.415s] Level 1:colcon.colcon_core.package_identification:_identify(src) by extensions ['cmake', 'python']
[0.415s] Level 1:colcon.colcon_core.package_identification:_identify(src) by extension 'cmake'
[0.415s] Level 1:colcon.colcon_core.package_identification:_identify(src) by extension 'python'
[0.415s] Level 1:colcon.colcon_core.package_identification:_identify(src) by extensions ['python_setup_py']
[0.415s] Level 1:colcon.colcon_core.package_identification:_identify(src) by extension 'python_setup_py'
[0.415s] Level 1:colcon.colcon_core.package_identification:_identify(src/usv_controller) by extensions ['ignore', 'ignore_ament_install']
[0.415s] Level 1:colcon.colcon_core.package_identification:_identify(src/usv_controller) by extension 'ignore'
[0.415s] Level 1:colcon.colcon_core.package_identification:_identify(src/usv_controller) by extension 'ignore_ament_install'
[0.415s] Level 1:colcon.colcon_core.package_identification:_identify(src/usv_controller) by extensions ['colcon_pkg']
[0.415s] Level 1:colcon.colcon_core.package_identification:_identify(src/usv_controller) by extension 'colcon_pkg'
[0.415s] Level 1:colcon.colcon_core.package_identification:_identify(src/usv_controller) by extensions ['colcon_meta']
[0.415s] Level 1:colcon.colcon_core.package_identification:_identify(src/usv_controller) by extension 'colcon_meta'
[0.415s] Level 1:colcon.colcon_core.package_identification:_identify(src/usv_controller) by extensions ['ros']
[0.415s] Level 1:colcon.colcon_core.package_identification:_identify(src/usv_controller) by extension 'ros'
[0.419s] DEBUG:colcon.colcon_core.package_identification:Package 'src/usv_controller' with type 'ros.ament_cmake' and name 'usv_controller'
[0.419s] Level 1:colcon.colcon_core.package_identification:_identify(src/usv_description) by extensions ['ignore', 'ignore_ament_install']
[0.419s] Level 1:colcon.colcon_core.package_identification:_identify(src/usv_description) by extension 'ignore'
[0.420s] Level 1:colcon.colcon_core.package_identification:_identify(src/usv_description) by extension 'ignore_ament_install'
[0.420s] Level 1:colcon.colcon_core.package_identification:_identify(src/usv_description) by extensions ['colcon_pkg']
[0.420s] Level 1:colcon.colcon_core.package_identification:_identify(src/usv_description) by extension 'colcon_pkg'
[0.420s] Level 1:colcon.colcon_core.package_identification:_identify(src/usv_description) by extensions ['colcon_meta']
[0.420s] Level 1:colcon.colcon_core.package_identification:_identify(src/usv_description) by extension 'colcon_meta'
[0.420s] Level 1:colcon.colcon_core.package_identification:_identify(src/usv_description) by extensions ['ros']
[0.420s] Level 1:colcon.colcon_core.package_identification:_identify(src/usv_description) by extension 'ros'
[0.421s] DEBUG:colcon.colcon_core.package_identification:Package 'src/usv_description' with type 'ros.ament_cmake' and name 'usv_description'
[0.421s] Level 1:colcon.colcon_core.package_identification:_identify(src/usv_navigation) by extensions ['ignore', 'ignore_ament_install']
[0.421s] Level 1:colcon.colcon_core.package_identification:_identify(src/usv_navigation) by extension 'ignore'
[0.421s] Level 1:colcon.colcon_core.package_identification:_identify(src/usv_navigation) by extension 'ignore_ament_install'
[0.421s] Level 1:colcon.colcon_core.package_identification:_identify(src/usv_navigation) by extensions ['colcon_pkg']
[0.421s] Level 1:colcon.colcon_core.package_identification:_identify(src/usv_navigation) by extension 'colcon_pkg'
[0.421s] Level 1:colcon.colcon_core.package_identification:_identify(src/usv_navigation) by extensions ['colcon_meta']
[0.421s] Level 1:colcon.colcon_core.package_identification:_identify(src/usv_navigation) by extension 'colcon_meta'
[0.421s] Level 1:colcon.colcon_core.package_identification:_identify(src/usv_navigation) by extensions ['ros']
[0.421s] Level 1:colcon.colcon_core.package_identification:_identify(src/usv_navigation) by extension 'ros'
[0.424s] DEBUG:colcon.colcon_core.package_identification:Package 'src/usv_navigation' with type 'ros.ament_cmake' and name 'usv_navigation'
[0.424s] Level 1:colcon.colcon_core.package_discovery:discover_packages(recursive) using defaults
[0.424s] Level 1:colcon.colcon_core.package_discovery:discover_packages(ignore) discover
[0.424s] Level 1:colcon.colcon_core.package_discovery:discover_packages(ignore) using defaults
[0.424s] Level 1:colcon.colcon_core.package_discovery:discover_packages(path) discover
[0.424s] Level 1:colcon.colcon_core.package_discovery:discover_packages(path) using defaults
[0.469s] Level 1:colcon.colcon_core.package_discovery:discover_packages(prefix_path) check parameters
[0.470s] Level 1:colcon.colcon_core.package_discovery:discover_packages(prefix_path) discover
[0.474s] DEBUG:colcon.colcon_installed_package_information.package_discovery:Found 430 installed packages in /opt/ros/humble
[0.477s] Level 1:colcon.colcon_core.package_discovery:discover_packages(prefix_path) using defaults
[0.549s] Level 5:colcon.colcon_core.verb:set package 'usv_controller' build argument 'cmake_args' from command line to 'None'
[0.549s] Level 5:colcon.colcon_core.verb:set package 'usv_controller' build argument 'cmake_target' from command line to 'None'
[0.549s] Level 5:colcon.colcon_core.verb:set package 'usv_controller' build argument 'cmake_target_skip_unavailable' from command line to 'False'
[0.549s] Level 5:colcon.colcon_core.verb:set package 'usv_controller' build argument 'cmake_clean_cache' from command line to 'False'
[0.550s] Level 5:colcon.colcon_core.verb:set package 'usv_controller' build argument 'cmake_clean_first' from command line to 'False'
[0.550s] Level 5:colcon.colcon_core.verb:set package 'usv_controller' build argument 'cmake_force_configure' from command line to 'False'
[0.550s] Level 5:colcon.colcon_core.verb:set package 'usv_controller' build argument 'ament_cmake_args' from command line to 'None'
[0.550s] Level 5:colcon.colcon_core.verb:set package 'usv_controller' build argument 'catkin_cmake_args' from command line to 'None'
[0.550s] Level 5:colcon.colcon_core.verb:set package 'usv_controller' build argument 'catkin_skip_building_tests' from command line to 'False'
[0.550s] DEBUG:colcon.colcon_core.verb:Building package 'usv_controller' with the following arguments: {'ament_cmake_args': None, 'build_base': '/home/olive/LVTN_2/build/usv_controller', 'catkin_cmake_args': None, 'catkin_skip_building_tests': False, 'cmake_args': None, 'cmake_clean_cache': False, 'cmake_clean_first': False, 'cmake_force_configure': False, 'cmake_target': None, 'cmake_target_skip_unavailable': False, 'install_base': '/home/olive/LVTN_2/install/usv_controller', 'merge_install': False, 'path': '/home/olive/LVTN_2/src/usv_controller', 'symlink_install': False, 'test_result_base': None}
[0.550s] Level 5:colcon.colcon_core.verb:set package 'usv_description' build argument 'cmake_args' from command line to 'None'
[0.550s] Level 5:colcon.colcon_core.verb:set package 'usv_description' build argument 'cmake_target' from command line to 'None'
[0.550s] Level 5:colcon.colcon_core.verb:set package 'usv_description' build argument 'cmake_target_skip_unavailable' from command line to 'False'
[0.550s] Level 5:colcon.colcon_core.verb:set package 'usv_description' build argument 'cmake_clean_cache' from command line to 'False'
[0.550s] Level 5:colcon.colcon_core.verb:set package 'usv_description' build argument 'cmake_clean_first' from command line to 'False'
[0.551s] Level 5:colcon.colcon_core.verb:set package 'usv_description' build argument 'cmake_force_configure' from command line to 'False'
[0.551s] Level 5:colcon.colcon_core.verb:set package 'usv_description' build argument 'ament_cmake_args' from command line to 'None'
[0.551s] Level 5:colcon.colcon_core.verb:set package 'usv_description' build argument 'catkin_cmake_args' from command line to 'None'
[0.551s] Level 5:colcon.colcon_core.verb:set package 'usv_description' build argument 'catkin_skip_building_tests' from command line to 'False'
[0.551s] DEBUG:colcon.colcon_core.verb:Building package 'usv_description' with the following arguments: {'ament_cmake_args': None, 'build_base': '/home/olive/LVTN_2/build/usv_description', 'catkin_cmake_args': None, 'catkin_skip_building_tests': False, 'cmake_args': None, 'cmake_clean_cache': False, 'cmake_clean_first': False, 'cmake_force_configure': False, 'cmake_target': None, 'cmake_target_skip_unavailable': False, 'install_base': '/home/olive/LVTN_2/install/usv_description', 'merge_install': False, 'path': '/home/olive/LVTN_2/src/usv_description', 'symlink_install': False, 'test_result_base': None}
[0.551s] Level 5:colcon.colcon_core.verb:set package 'usv_navigation' build argument 'cmake_args' from command line to 'None'
[0.551s] Level 5:colcon.colcon_core.verb:set package 'usv_navigation' build argument 'cmake_target' from command line to 'None'
[0.551s] Level 5:colcon.colcon_core.verb:set package 'usv_navigation' build argument 'cmake_target_skip_unavailable' from command line to 'False'
[0.551s] Level 5:colcon.colcon_core.verb:set package 'usv_navigation' build argument 'cmake_clean_cache' from command line to 'False'
[0.551s] Level 5:colcon.colcon_core.verb:set package 'usv_navigation' build argument 'cmake_clean_first' from command line to 'False'
[0.551s] Level 5:colcon.colcon_core.verb:set package 'usv_navigation' build argument 'cmake_force_configure' from command line to 'False'
[0.551s] Level 5:colcon.colcon_core.verb:set package 'usv_navigation' build argument 'ament_cmake_args' from command line to 'None'
[0.551s] Level 5:colcon.colcon_core.verb:set package 'usv_navigation' build argument 'catkin_cmake_args' from command line to 'None'
[0.551s] Level 5:colcon.colcon_core.verb:set package 'usv_navigation' build argument 'catkin_skip_building_tests' from command line to 'False'
[0.551s] DEBUG:colcon.colcon_core.verb:Building package 'usv_navigation' with the following arguments: {'ament_cmake_args': None, 'build_base': '/home/olive/LVTN_2/build/usv_navigation', 'catkin_cmake_args': None, 'catkin_skip_building_tests': False, 'cmake_args': None, 'cmake_clean_cache': False, 'cmake_clean_first': False, 'cmake_force_configure': False, 'cmake_target': None, 'cmake_target_skip_unavailable': False, 'install_base': '/home/olive/LVTN_2/install/usv_navigation', 'merge_install': False, 'path': '/home/olive/LVTN_2/src/usv_navigation', 'symlink_install': False, 'test_result_base': None}
[0.551s] INFO:colcon.colcon_core.executor:Executing jobs using 'parallel' executor
[0.553s] DEBUG:colcon.colcon_parallel_executor.executor.parallel:run_until_complete
[0.553s] INFO:colcon.colcon_ros.task.ament_cmake.build:Building ROS package in '/home/olive/LVTN_2/src/usv_controller' with build type 'ament_cmake'
[0.553s] INFO:colcon.colcon_cmake.task.cmake.build:Building CMake package in '/home/olive/LVTN_2/src/usv_controller'
[0.555s] INFO:colcon.colcon_core.plugin_system:Skipping extension 'colcon_core.shell.bat': Not used on non-Windows systems
[0.556s] INFO:colcon.colcon_core.shell:Skip shell extension 'powershell' for command environment: Not usable outside of PowerShell
[0.556s] DEBUG:colcon.colcon_core.shell:Skip shell extension 'dsv' for command environment
[0.560s] INFO:colcon.colcon_ros.task.ament_cmake.build:Building ROS package in '/home/olive/LVTN_2/src/usv_description' with build type 'ament_cmake'
[0.560s] INFO:colcon.colcon_cmake.task.cmake.build:Building CMake package in '/home/olive/LVTN_2/src/usv_description'
[0.560s] INFO:colcon.colcon_core.shell:Skip shell extension 'powershell' for command environment: Not usable outside of PowerShell
[0.561s] DEBUG:colcon.colcon_core.shell:Skip shell extension 'dsv' for command environment
[0.565s] INFO:colcon.colcon_ros.task.ament_cmake.build:Building ROS package in '/home/olive/LVTN_2/src/usv_navigation' with build type 'ament_cmake'
[0.566s] INFO:colcon.colcon_cmake.task.cmake.build:Building CMake package in '/home/olive/LVTN_2/src/usv_navigation'
[0.566s] INFO:colcon.colcon_core.shell:Skip shell extension 'powershell' for command environment: Not usable outside of PowerShell
[0.566s] DEBUG:colcon.colcon_core.shell:Skip shell extension 'dsv' for command environment
[0.581s] DEBUG:colcon.colcon_core.event_handler.log_command:Invoking command in '/home/olive/LVTN_2/build/usv_controller': CMAKE_PREFIX_PATH=/opt/ros/humble /usr/bin/cmake --build /home/olive/LVTN_2/build/usv_controller -- -j16 -l16
[0.586s] DEBUG:colcon.colcon_core.event_handler.log_command:Invoking command in '/home/olive/LVTN_2/build/usv_description': CMAKE_PREFIX_PATH=/opt/ros/humble /usr/bin/cmake --build /home/olive/LVTN_2/build/usv_description -- -j16 -l16
[0.590s] DEBUG:colcon.colcon_core.event_handler.log_command:Invoking command in '/home/olive/LVTN_2/build/usv_navigation': CMAKE_PREFIX_PATH=/opt/ros/humble /usr/bin/cmake --build /home/olive/LVTN_2/build/usv_navigation -- -j16 -l16
[0.632s] DEBUG:colcon.colcon_core.event_handler.log_command:Invoked command in '/home/olive/LVTN_2/build/usv_description' returned '0': CMAKE_PREFIX_PATH=/opt/ros/humble /usr/bin/cmake --build /home/olive/LVTN_2/build/usv_description -- -j16 -l16
[0.648s] DEBUG:colcon.colcon_core.event_handler.log_command:Invoking command in '/home/olive/LVTN_2/build/usv_description': CMAKE_PREFIX_PATH=/opt/ros/humble /usr/bin/cmake --install /home/olive/LVTN_2/build/usv_description
[0.678s] DEBUG:colcon.colcon_core.event_handler.log_command:Invoked command in '/home/olive/LVTN_2/build/usv_controller' returned '0': CMAKE_PREFIX_PATH=/opt/ros/humble /usr/bin/cmake --build /home/olive/LVTN_2/build/usv_controller -- -j16 -l16
[0.681s] DEBUG:colcon.colcon_core.event_handler.log_command:Invoking command in '/home/olive/LVTN_2/build/usv_controller': CMAKE_PREFIX_PATH=/opt/ros/humble /usr/bin/cmake --install /home/olive/LVTN_2/build/usv_controller
[0.686s] Level 1:colcon.colcon_core.environment:create_environment_scripts_only(usv_description)
[0.687s] DEBUG:colcon.colcon_core.event_handler.log_command:Invoked command in '/home/olive/LVTN_2/build/usv_description' returned '0': CMAKE_PREFIX_PATH=/opt/ros/humble /usr/bin/cmake --install /home/olive/LVTN_2/build/usv_description
[0.692s] Level 1:colcon.colcon_core.environment:checking '/home/olive/LVTN_2/install/usv_description' for CMake module files
[0.693s] Level 1:colcon.colcon_core.environment:checking '/home/olive/LVTN_2/install/usv_description' for CMake config files
[0.694s] Level 1:colcon.colcon_core.shell:create_environment_hook('usv_description', 'cmake_prefix_path')
[0.695s] INFO:colcon.colcon_core.shell:Creating environment hook '/home/olive/LVTN_2/install/usv_description/share/usv_description/hook/cmake_prefix_path.ps1'
[0.696s] INFO:colcon.colcon_core.shell:Creating environment descriptor '/home/olive/LVTN_2/install/usv_description/share/usv_description/hook/cmake_prefix_path.dsv'
[0.697s] INFO:colcon.colcon_core.shell:Creating environment hook '/home/olive/LVTN_2/install/usv_description/share/usv_description/hook/cmake_prefix_path.sh'
[0.700s] Level 1:colcon.colcon_core.environment:checking '/home/olive/LVTN_2/install/usv_description/bin'
[0.701s] Level 1:colcon.colcon_core.environment:checking '/home/olive/LVTN_2/install/usv_description/lib/pkgconfig/usv_description.pc'
[0.701s] Level 1:colcon.colcon_core.environment:checking '/home/olive/LVTN_2/install/usv_description/lib/python3.10/site-packages'
[0.702s] Level 1:colcon.colcon_core.environment:checking '/home/olive/LVTN_2/install/usv_description/bin'
[0.702s] INFO:colcon.colcon_core.shell:Creating package script '/home/olive/LVTN_2/install/usv_description/share/usv_description/package.ps1'
[0.705s] INFO:colcon.colcon_core.shell:Creating package descriptor '/home/olive/LVTN_2/install/usv_description/share/usv_description/package.dsv'
[0.707s] INFO:colcon.colcon_core.shell:Creating package script '/home/olive/LVTN_2/install/usv_description/share/usv_description/package.sh'
[0.708s] INFO:colcon.colcon_core.shell:Creating package script '/home/olive/LVTN_2/install/usv_description/share/usv_description/package.bash'
[0.710s] INFO:colcon.colcon_core.shell:Creating package script '/home/olive/LVTN_2/install/usv_description/share/usv_description/package.zsh'
[0.711s] Level 1:colcon.colcon_core.environment:create_file_with_runtime_dependencies(/home/olive/LVTN_2/install/usv_description/share/colcon-core/packages/usv_description)
[0.712s] Level 1:colcon.colcon_core.environment:create_environment_scripts_only(usv_description)
[0.713s] Level 1:colcon.colcon_core.environment:checking '/home/olive/LVTN_2/install/usv_description' for CMake module files
[0.713s] Level 1:colcon.colcon_core.environment:checking '/home/olive/LVTN_2/install/usv_description' for CMake config files
[0.714s] Level 1:colcon.colcon_core.shell:create_environment_hook('usv_description', 'cmake_prefix_path')
[0.714s] INFO:colcon.colcon_core.shell:Creating environment hook '/home/olive/LVTN_2/install/usv_description/share/usv_description/hook/cmake_prefix_path.ps1'
[0.715s] INFO:colcon.colcon_core.shell:Creating environment descriptor '/home/olive/LVTN_2/install/usv_description/share/usv_description/hook/cmake_prefix_path.dsv'
[0.716s] INFO:colcon.colcon_core.shell:Creating environment hook '/home/olive/LVTN_2/install/usv_description/share/usv_description/hook/cmake_prefix_path.sh'
[0.717s] Level 1:colcon.colcon_core.environment:checking '/home/olive/LVTN_2/install/usv_description/bin'
[0.717s] Level 1:colcon.colcon_core.environment:checking '/home/olive/LVTN_2/install/usv_description/lib/pkgconfig/usv_description.pc'
[0.717s] Level 1:colcon.colcon_core.environment:checking '/home/olive/LVTN_2/install/usv_description/lib/python3.10/site-packages'
[0.718s] Level 1:colcon.colcon_core.environment:checking '/home/olive/LVTN_2/install/usv_description/bin'
[0.719s] INFO:colcon.colcon_core.shell:Creating package script '/home/olive/LVTN_2/install/usv_description/share/usv_description/package.ps1'
[0.720s] INFO:colcon.colcon_core.shell:Creating package descriptor '/home/olive/LVTN_2/install/usv_description/share/usv_description/package.dsv'
[0.721s] INFO:colcon.colcon_core.shell:Creating package script '/home/olive/LVTN_2/install/usv_description/share/usv_description/package.sh'
[0.721s] INFO:colcon.colcon_core.shell:Creating package script '/home/olive/LVTN_2/install/usv_description/share/usv_description/package.bash'
[0.722s] INFO:colcon.colcon_core.shell:Creating package script '/home/olive/LVTN_2/install/usv_description/share/usv_description/package.zsh'
[0.723s] Level 1:colcon.colcon_core.environment:create_file_with_runtime_dependencies(/home/olive/LVTN_2/install/usv_description/share/colcon-core/packages/usv_description)
[0.732s] Level 1:colcon.colcon_core.environment:create_environment_scripts_only(usv_controller)
[0.733s] Level 1:colcon.colcon_core.environment:checking '/home/olive/LVTN_2/install/usv_controller' for CMake module files
[0.735s] Level 1:colcon.colcon_core.environment:checking '/home/olive/LVTN_2/install/usv_controller' for CMake config files
[0.735s] Level 1:colcon.colcon_core.shell:create_environment_hook('usv_controller', 'cmake_prefix_path')
[0.736s] INFO:colcon.colcon_core.shell:Creating environment hook '/home/olive/LVTN_2/install/usv_controller/share/usv_controller/hook/cmake_prefix_path.ps1'
[0.739s] DEBUG:colcon.colcon_core.event_handler.log_command:Invoked command in '/home/olive/LVTN_2/build/usv_navigation' returned '0': CMAKE_PREFIX_PATH=/opt/ros/humble /usr/bin/cmake --build /home/olive/LVTN_2/build/usv_navigation -- -j16 -l16
[0.741s] DEBUG:colcon.colcon_core.event_handler.log_command:Invoking command in '/home/olive/LVTN_2/build/usv_navigation': CMAKE_PREFIX_PATH=/opt/ros/humble /usr/bin/cmake --install /home/olive/LVTN_2/build/usv_navigation
[0.742s] INFO:colcon.colcon_core.shell:Creating environment descriptor '/home/olive/LVTN_2/install/usv_controller/share/usv_controller/hook/cmake_prefix_path.dsv'
[0.744s] DEBUG:colcon.colcon_core.event_handler.log_command:Invoked command in '/home/olive/LVTN_2/build/usv_controller' returned '0': CMAKE_PREFIX_PATH=/opt/ros/humble /usr/bin/cmake --install /home/olive/LVTN_2/build/usv_controller
[0.744s] INFO:colcon.colcon_core.shell:Creating environment hook '/home/olive/LVTN_2/install/usv_controller/share/usv_controller/hook/cmake_prefix_path.sh'
[0.746s] Level 1:colcon.colcon_core.environment:checking '/home/olive/LVTN_2/install/usv_controller/lib'
[0.747s] Level 1:colcon.colcon_core.environment:checking '/home/olive/LVTN_2/install/usv_controller/bin'
[0.747s] Level 1:colcon.colcon_core.environment:checking '/home/olive/LVTN_2/install/usv_controller/lib/pkgconfig/usv_controller.pc'
[0.747s] Level 1:colcon.colcon_core.environment:checking '/home/olive/LVTN_2/install/usv_controller/lib/python3.10/site-packages'
[0.748s] Level 1:colcon.colcon_core.environment:checking '/home/olive/LVTN_2/install/usv_controller/bin'
[0.749s] INFO:colcon.colcon_core.shell:Creating package script '/home/olive/LVTN_2/install/usv_controller/share/usv_controller/package.ps1'
[0.751s] INFO:colcon.colcon_core.shell:Creating package descriptor '/home/olive/LVTN_2/install/usv_controller/share/usv_controller/package.dsv'
[0.751s] INFO:colcon.colcon_core.shell:Creating package script '/home/olive/LVTN_2/install/usv_controller/share/usv_controller/package.sh'
[0.752s] INFO:colcon.colcon_core.shell:Creating package script '/home/olive/LVTN_2/install/usv_controller/share/usv_controller/package.bash'
[0.753s] INFO:colcon.colcon_core.shell:Creating package script '/home/olive/LVTN_2/install/usv_controller/share/usv_controller/package.zsh'
[0.754s] Level 1:colcon.colcon_core.environment:create_file_with_runtime_dependencies(/home/olive/LVTN_2/install/usv_controller/share/colcon-core/packages/usv_controller)
[0.755s] Level 1:colcon.colcon_core.environment:create_environment_scripts_only(usv_controller)
[0.755s] Level 1:colcon.colcon_core.environment:checking '/home/olive/LVTN_2/install/usv_controller' for CMake module files
[0.756s] Level 1:colcon.colcon_core.environment:checking '/home/olive/LVTN_2/install/usv_controller' for CMake config files
[0.756s] Level 1:colcon.colcon_core.shell:create_environment_hook('usv_controller', 'cmake_prefix_path')
[0.757s] INFO:colcon.colcon_core.shell:Creating environment hook '/home/olive/LVTN_2/install/usv_controller/share/usv_controller/hook/cmake_prefix_path.ps1'
[0.758s] INFO:colcon.colcon_core.shell:Creating environment descriptor '/home/olive/LVTN_2/install/usv_controller/share/usv_controller/hook/cmake_prefix_path.dsv'
[0.758s] INFO:colcon.colcon_core.shell:Creating environment hook '/home/olive/LVTN_2/install/usv_controller/share/usv_controller/hook/cmake_prefix_path.sh'
[0.759s] Level 1:colcon.colcon_core.environment:checking '/home/olive/LVTN_2/install/usv_controller/lib'
[0.759s] Level 1:colcon.colcon_core.environment:checking '/home/olive/LVTN_2/install/usv_controller/bin'
[0.759s] Level 1:colcon.colcon_core.environment:checking '/home/olive/LVTN_2/install/usv_controller/lib/pkgconfig/usv_controller.pc'
[0.760s] Level 1:colcon.colcon_core.environment:checking '/home/olive/LVTN_2/install/usv_controller/lib/python3.10/site-packages'
[0.760s] Level 1:colcon.colcon_core.environment:checking '/home/olive/LVTN_2/install/usv_controller/bin'
[0.761s] INFO:colcon.colcon_core.shell:Creating package script '/home/olive/LVTN_2/install/usv_controller/share/usv_controller/package.ps1'
[0.762s] INFO:colcon.colcon_core.shell:Creating package descriptor '/home/olive/LVTN_2/install/usv_controller/share/usv_controller/package.dsv'
[0.764s] INFO:colcon.colcon_core.shell:Creating package script '/home/olive/LVTN_2/install/usv_controller/share/usv_controller/package.sh'
[0.764s] INFO:colcon.colcon_core.shell:Creating package script '/home/olive/LVTN_2/install/usv_controller/share/usv_controller/package.bash'
[0.765s] INFO:colcon.colcon_core.shell:Creating package script '/home/olive/LVTN_2/install/usv_controller/share/usv_controller/package.zsh'
[0.766s] Level 1:colcon.colcon_core.environment:create_file_with_runtime_dependencies(/home/olive/LVTN_2/install/usv_controller/share/colcon-core/packages/usv_controller)
[0.769s] Level 1:colcon.colcon_core.environment:create_environment_scripts_only(usv_navigation)
[0.770s] Level 1:colcon.colcon_core.environment:checking '/home/olive/LVTN_2/install/usv_navigation' for CMake module files
[0.773s] Level 1:colcon.colcon_core.environment:checking '/home/olive/LVTN_2/install/usv_navigation' for CMake config files
[0.774s] Level 1:colcon.colcon_core.shell:create_environment_hook('usv_navigation', 'cmake_prefix_path')
[0.775s] INFO:colcon.colcon_core.shell:Creating environment hook '/home/olive/LVTN_2/install/usv_navigation/share/usv_navigation/hook/cmake_prefix_path.ps1'
[0.777s] INFO:colcon.colcon_core.shell:Creating environment descriptor '/home/olive/LVTN_2/install/usv_navigation/share/usv_navigation/hook/cmake_prefix_path.dsv'
[0.778s] INFO:colcon.colcon_core.shell:Creating environment hook '/home/olive/LVTN_2/install/usv_navigation/share/usv_navigation/hook/cmake_prefix_path.sh'
[0.782s] DEBUG:colcon.colcon_core.event_handler.log_command:Invoked command in '/home/olive/LVTN_2/build/usv_navigation' returned '0': CMAKE_PREFIX_PATH=/opt/ros/humble /usr/bin/cmake --install /home/olive/LVTN_2/build/usv_navigation
[0.783s] Level 1:colcon.colcon_core.environment:checking '/home/olive/LVTN_2/install/usv_navigation/lib'
[0.783s] Level 1:colcon.colcon_core.environment:checking '/home/olive/LVTN_2/install/usv_navigation/bin'
[0.784s] Level 1:colcon.colcon_core.environment:checking '/home/olive/LVTN_2/install/usv_navigation/lib/pkgconfig/usv_navigation.pc'
[0.784s] Level 1:colcon.colcon_core.environment:checking '/home/olive/LVTN_2/install/usv_navigation/lib/python3.10/site-packages'
[0.785s] Level 1:colcon.colcon_core.environment:checking '/home/olive/LVTN_2/install/usv_navigation/bin'
[0.786s] INFO:colcon.colcon_core.shell:Creating package script '/home/olive/LVTN_2/install/usv_navigation/share/usv_navigation/package.ps1'
[0.788s] INFO:colcon.colcon_core.shell:Creating package descriptor '/home/olive/LVTN_2/install/usv_navigation/share/usv_navigation/package.dsv'
[0.789s] INFO:colcon.colcon_core.shell:Creating package script '/home/olive/LVTN_2/install/usv_navigation/share/usv_navigation/package.sh'
[0.790s] INFO:colcon.colcon_core.shell:Creating package script '/home/olive/LVTN_2/install/usv_navigation/share/usv_navigation/package.bash'
[0.790s] INFO:colcon.colcon_core.shell:Creating package script '/home/olive/LVTN_2/install/usv_navigation/share/usv_navigation/package.zsh'
[0.791s] Level 1:colcon.colcon_core.environment:create_file_with_runtime_dependencies(/home/olive/LVTN_2/install/usv_navigation/share/colcon-core/packages/usv_navigation)
[0.792s] Level 1:colcon.colcon_core.environment:create_environment_scripts_only(usv_navigation)
[0.793s] Level 1:colcon.colcon_core.environment:checking '/home/olive/LVTN_2/install/usv_navigation' for CMake module files
[0.794s] Level 1:colcon.colcon_core.environment:checking '/home/olive/LVTN_2/install/usv_navigation' for CMake config files
[0.795s] Level 1:colcon.colcon_core.shell:create_environment_hook('usv_navigation', 'cmake_prefix_path')
[0.796s] INFO:colcon.colcon_core.shell:Creating environment hook '/home/olive/LVTN_2/install/usv_navigation/share/usv_navigation/hook/cmake_prefix_path.ps1'
[0.797s] INFO:colcon.colcon_core.shell:Creating environment descriptor '/home/olive/LVTN_2/install/usv_navigation/share/usv_navigation/hook/cmake_prefix_path.dsv'
[0.798s] INFO:colcon.colcon_core.shell:Creating environment hook '/home/olive/LVTN_2/install/usv_navigation/share/usv_navigation/hook/cmake_prefix_path.sh'
[0.799s] Level 1:colcon.colcon_core.environment:checking '/home/olive/LVTN_2/install/usv_navigation/lib'
[0.799s] Level 1:colcon.colcon_core.environment:checking '/home/olive/LVTN_2/install/usv_navigation/bin'
[0.799s] Level 1:colcon.colcon_core.environment:checking '/home/olive/LVTN_2/install/usv_navigation/lib/pkgconfig/usv_navigation.pc'
[0.800s] Level 1:colcon.colcon_core.environment:checking '/home/olive/LVTN_2/install/usv_navigation/lib/python3.10/site-packages'
[0.800s] Level 1:colcon.colcon_core.environment:checking '/home/olive/LVTN_2/install/usv_navigation/bin'
[0.801s] INFO:colcon.colcon_core.shell:Creating package script '/home/olive/LVTN_2/install/usv_navigation/share/usv_navigation/package.ps1'
[0.802s] INFO:colcon.colcon_core.shell:Creating package descriptor '/home/olive/LVTN_2/install/usv_navigation/share/usv_navigation/package.dsv'
[0.803s] INFO:colcon.colcon_core.shell:Creating package script '/home/olive/LVTN_2/install/usv_navigation/share/usv_navigation/package.sh'
[0.804s] INFO:colcon.colcon_core.shell:Creating package script '/home/olive/LVTN_2/install/usv_navigation/share/usv_navigation/package.bash'
[0.805s] INFO:colcon.colcon_core.shell:Creating package script '/home/olive/LVTN_2/install/usv_navigation/share/usv_navigation/package.zsh'
[0.805s] Level 1:colcon.colcon_core.environment:create_file_with_runtime_dependencies(/home/olive/LVTN_2/install/usv_navigation/share/colcon-core/packages/usv_navigation)
[0.806s] DEBUG:colcon.colcon_parallel_executor.executor.parallel:closing loop
[0.806s] DEBUG:colcon.colcon_parallel_executor.executor.parallel:loop closed
[0.807s] DEBUG:colcon.colcon_parallel_executor.executor.parallel:run_until_complete finished with '0'
[0.807s] DEBUG:colcon.colcon_core.event_reactor:joining thread
[0.817s] INFO:colcon.colcon_core.plugin_system:Skipping extension 'colcon_notification.desktop_notification.terminal_notifier': Not used on non-Darwin systems
[0.817s] INFO:colcon.colcon_core.plugin_system:Skipping extension 'colcon_notification.desktop_notification.win32': Not used on non-Windows systems
[0.817s] INFO:colcon.colcon_notification.desktop_notification:Sending desktop notification using 'notify2'
[0.849s] DEBUG:colcon.colcon_core.event_reactor:joined thread
[0.850s] INFO:colcon.colcon_core.shell:Creating prefix script '/home/olive/LVTN_2/install/local_setup.ps1'
[0.852s] INFO:colcon.colcon_core.shell:Creating prefix util module '/home/olive/LVTN_2/install/_local_setup_util_ps1.py'
[0.854s] INFO:colcon.colcon_core.shell:Creating prefix chain script '/home/olive/LVTN_2/install/setup.ps1'
[0.856s] INFO:colcon.colcon_core.shell:Creating prefix script '/home/olive/LVTN_2/install/local_setup.sh'
[0.857s] INFO:colcon.colcon_core.shell:Creating prefix util module '/home/olive/LVTN_2/install/_local_setup_util_sh.py'
[0.858s] INFO:colcon.colcon_core.shell:Creating prefix chain script '/home/olive/LVTN_2/install/setup.sh'
[0.860s] INFO:colcon.colcon_core.shell:Creating prefix script '/home/olive/LVTN_2/install/local_setup.bash'
[0.860s] INFO:colcon.colcon_core.shell:Creating prefix chain script '/home/olive/LVTN_2/install/setup.bash'
[0.862s] INFO:colcon.colcon_core.shell:Creating prefix script '/home/olive/LVTN_2/install/local_setup.zsh'
[0.863s] INFO:colcon.colcon_core.shell:Creating prefix chain script '/home/olive/LVTN_2/install/setup.zsh'
