[0.013s] Invoking command in '/home/olive/LVTN_2/build/usv_controller': CMAKE_PREFIX_PATH=${CMAKE_PREFIX_PATH}:/opt/ros/humble /usr/bin/cmake --build /home/olive/LVTN_2/build/usv_controller -- -j16 -l16
[0.034s] -- Found ament_cmake: 1.3.14 (/opt/ros/humble/share/ament_cmake/cmake)
[0.136s] -- Found rclcpp: 16.0.19 (/opt/ros/humble/share/rclcpp/cmake)
[0.162s] -- Found rosidl_generator_c: 3.1.9 (/opt/ros/humble/share/rosidl_generator_c/cmake)
[0.164s] -- Found rosidl_adapter: 3.1.9 (/opt/ros/humble/share/rosidl_adapter/cmake)
[0.169s] -- Found rosidl_generator_cpp: 3.1.9 (/opt/ros/humble/share/rosidl_generator_cpp/cmake)
[0.176s] -- Using all available rosidl_typesupport_c: rosidl_typesupport_fastrtps_c;rosidl_typesupport_introspection_c
[0.186s] -- Using all available rosidl_typesupport_cpp: rosidl_typesupport_fastrtps_cpp;rosidl_typesupport_introspection_cpp
[0.215s] -- Found rmw_implementation_cmake: 6.1.2 (/opt/ros/humble/share/rmw_implementation_cmake/cmake)
[0.216s] -- Found rmw_fastrtps_cpp: 6.2.10 (/opt/ros/humble/share/rmw_fastrtps_cpp/cmake)
[0.321s] -- Using RMW implementation 'rmw_fastrtps_cpp' as default
[0.368s] -- Found tf2: 0.25.20 (/opt/ros/humble/share/tf2/cmake)
[0.386s] -- Found ament_lint_auto: 0.12.15 (/opt/ros/humble/share/ament_lint_auto/cmake)
[0.456s] -- Added test 'cppcheck' to perform static code analysis on C / C++ code
[0.456s] -- Configured cppcheck include dirs: 
[0.457s] -- Configured cppcheck exclude dirs and/or files: 
[0.457s] -- Added test 'lint_cmake' to check CMake code style
[0.457s] -- Added test 'uncrustify' to check C / C++ code style
[0.457s] -- Configured uncrustify additional arguments: 
[0.457s] -- Added test 'xmllint' to check XML markup files
[0.458s] -- Configuring done
[0.464s] -- Generating done
[0.467s] -- Build files have been written to: /home/olive/LVTN_2/build/usv_controller
[0.489s] [35m[1mConsolidate compiler generated dependencies of target state_reader[0m
[0.499s] [ 50%] [32mBuilding CXX object CMakeFiles/state_reader.dir/src/state_reader.cpp.o[0m
[0.648s] [01m[K/home/olive/LVTN_2/src/usv_controller/src/state_reader.cpp:5:10:[m[K [01;31m[Kerror: [m[Kempty filename in #include
[0.648s]     5 | #include [01;31m[K<>[m[K
[0.648s]       |          [01;31m[K^~[m[K
[2.237s] [01m[K/home/olive/LVTN_2/src/usv_controller/src/state_reader.cpp:24:24:[m[K [01;31m[Kerror: [m[K‘[01m[Knav_msgs[m[K’ was not declared in this scope
[2.238s]    24 | clcpp::Subscription<[01;31m[Knav_msgs[m[K/msg/Odometry>:: SharedPtr sub;
[2.238s]       |                     [01;31m[K^~~~~~~~[m[K
[2.238s] 
[2.238s] [01m[K/home/olive/LVTN_2/src/usv_controller/src/state_reader.cpp:24:33:[m[K [01;31m[Kerror: [m[K‘[01m[Kmsg[m[K’ was not declared in this scope
[2.238s]    24 | bscription<nav_msgs/[01;31m[Kmsg[m[K/Odometry>:: SharedPtr sub;
[2.238s]       |                     [01;31m[K^~~[m[K
[2.238s] 
[2.240s] [01m[K/home/olive/LVTN_2/src/usv_controller/src/state_reader.cpp:24:33:[m[K [01;36m[Knote: [m[Ksuggested alternatives:
[2.240s] In file included from [01m[K/opt/ros/humble/include/builtin_interfaces/builtin_interfaces/msg/duration.hpp:7[m[K,
[2.240s]                  from [01m[K/opt/ros/humble/include/rclcpp/rclcpp/duration.hpp:20[m[K,
[2.240s]                  from [01m[K/opt/ros/humble/include/rclcpp/rclcpp/qos.hpp:20[m[K,
[2.240s]                  from [01m[K/opt/ros/humble/include/rclcpp/rclcpp/node_interfaces/node_graph_interface.hpp:33[m[K,
[2.240s]                  from [01m[K/opt/ros/humble/include/rclcpp/rclcpp/client.hpp:42[m[K,
[2.240s]                  from [01m[K/opt/ros/humble/include/rclcpp/rclcpp/callback_group.hpp:24[m[K,
[2.241s]                  from [01m[K/opt/ros/humble/include/rclcpp/rclcpp/any_executable.hpp:20[m[K,
[2.241s]                  from [01m[K/opt/ros/humble/include/rclcpp/rclcpp/memory_strategy.hpp:25[m[K,
[2.241s]                  from [01m[K/opt/ros/humble/include/rclcpp/rclcpp/memory_strategies.hpp:18[m[K,
[2.241s]                  from [01m[K/opt/ros/humble/include/rclcpp/rclcpp/executor_options.hpp:20[m[K,
[2.241s]                  from [01m[K/opt/ros/humble/include/rclcpp/rclcpp/executor.hpp:37[m[K,
[2.241s]                  from [01m[K/opt/ros/humble/include/rclcpp/rclcpp/executors/multi_threaded_executor.hpp:25[m[K,
[2.241s]                  from [01m[K/opt/ros/humble/include/rclcpp/rclcpp/executors.hpp:21[m[K,
[2.241s]                  from [01m[K/opt/ros/humble/include/rclcpp/rclcpp/rclcpp.hpp:155[m[K,
[2.242s]                  from [01m[K/home/olive/LVTN_2/src/usv_controller/src/state_reader.cpp:1[m[K:
[2.242s] [01m[K/opt/ros/humble/include/builtin_interfaces/builtin_interfaces/msg/detail/duration__struct.hpp:28:11:[m[K [01;36m[Knote: [m[K  ‘[01m[Kbuiltin_interfaces::msg[m[K’
[2.242s]    28 | namespace [01;36m[Kmsg[m[K
[2.242s]       |           [01;36m[K^~~[m[K
[2.242s] In file included from [01m[K/opt/ros/humble/include/rcl_interfaces/rcl_interfaces/msg/set_parameters_result.hpp:7[m[K,
[2.242s]                  from [01m[K/opt/ros/humble/include/rclcpp/rclcpp/qos_overriding_options.hpp:28[m[K,
[2.242s]                  from [01m[K/opt/ros/humble/include/rclcpp/rclcpp/subscription_options.hpp:30[m[K,
[2.242s]                  from [01m[K/opt/ros/humble/include/rclcpp/rclcpp/subscription.hpp:45[m[K,
[2.242s]                  from [01m[K/opt/ros/humble/include/rclcpp/rclcpp/any_executable.hpp:25[m[K,
[2.243s]                  from [01m[K/opt/ros/humble/include/rclcpp/rclcpp/memory_strategy.hpp:25[m[K,
[2.243s]                  from [01m[K/opt/ros/humble/include/rclcpp/rclcpp/memory_strategies.hpp:18[m[K,
[2.243s]                  from [01m[K/opt/ros/humble/include/rclcpp/rclcpp/executor_options.hpp:20[m[K,
[2.243s]                  from [01m[K/opt/ros/humble/include/rclcpp/rclcpp/executor.hpp:37[m[K,
[2.243s]                  from [01m[K/opt/ros/humble/include/rclcpp/rclcpp/executors/multi_threaded_executor.hpp:25[m[K,
[2.243s]                  from [01m[K/opt/ros/humble/include/rclcpp/rclcpp/executors.hpp:21[m[K,
[2.243s]                  from [01m[K/opt/ros/humble/include/rclcpp/rclcpp/rclcpp.hpp:155[m[K,
[2.243s]                  from [01m[K/home/olive/LVTN_2/src/usv_controller/src/state_reader.cpp:1[m[K:
[2.244s] [01m[K/opt/ros/humble/include/rcl_interfaces/rcl_interfaces/msg/detail/set_parameters_result__struct.hpp:28:11:[m[K [01;36m[Knote: [m[K  ‘[01m[Krcl_interfaces::msg[m[K’
[2.244s]    28 | namespace [01;36m[Kmsg[m[K
[2.244s]       |           [01;36m[K^~~[m[K
[2.244s] In file included from [01m[K/opt/ros/humble/include/statistics_msgs/statistics_msgs/msg/detail/metrics_message__struct.hpp:24[m[K,
[2.244s]                  from [01m[K/opt/ros/humble/include/statistics_msgs/statistics_msgs/msg/metrics_message.hpp:7[m[K,
[2.244s]                  from [01m[K/opt/ros/humble/include/libstatistics_collector/libstatistics_collector/collector/generate_statistics_message.hpp:21[m[K,
[2.244s]                  from [01m[K/opt/ros/humble/include/rclcpp/rclcpp/topic_statistics/subscription_topic_statistics.hpp:23[m[K,
[2.244s]                  from [01m[K/opt/ros/humble/include/rclcpp/rclcpp/subscription.hpp:50[m[K,
[2.245s]                  from [01m[K/opt/ros/humble/include/rclcpp/rclcpp/any_executable.hpp:25[m[K,
[2.245s]                  from [01m[K/opt/ros/humble/include/rclcpp/rclcpp/memory_strategy.hpp:25[m[K,
[2.245s]                  from [01m[K/opt/ros/humble/include/rclcpp/rclcpp/memory_strategies.hpp:18[m[K,
[2.245s]                  from [01m[K/opt/ros/humble/include/rclcpp/rclcpp/executor_options.hpp:20[m[K,
[2.245s]                  from [01m[K/opt/ros/humble/include/rclcpp/rclcpp/executor.hpp:37[m[K,
[2.245s]                  from [01m[K/opt/ros/humble/include/rclcpp/rclcpp/executors/multi_threaded_executor.hpp:25[m[K,
[2.245s]                  from [01m[K/opt/ros/humble/include/rclcpp/rclcpp/executors.hpp:21[m[K,
[2.246s]                  from [01m[K/opt/ros/humble/include/rclcpp/rclcpp/rclcpp.hpp:155[m[K,
[2.246s]                  from [01m[K/home/olive/LVTN_2/src/usv_controller/src/state_reader.cpp:1[m[K:
[2.246s] [01m[K/opt/ros/humble/include/statistics_msgs/statistics_msgs/msg/detail/statistic_data_point__struct.hpp:28:11:[m[K [01;36m[Knote: [m[K  ‘[01m[Kstatistics_msgs::msg[m[K’
[2.246s]    28 | namespace [01;36m[Kmsg[m[K
[2.246s]       |           [01;36m[K^~~[m[K
[2.246s] In file included from [01m[K/opt/ros/humble/include/geometry_msgs/geometry_msgs/msg/detail/transform_stamped__struct.hpp:21[m[K,
[2.246s]                  from [01m[K/opt/ros/humble/include/geometry_msgs/geometry_msgs/msg/transform_stamped.hpp:7[m[K,
[2.246s]                  from [01m[K/opt/ros/humble/include/tf2/tf2/convert.hpp:40[m[K,
[2.247s]                  from [01m[K/opt/ros/humble/include/tf2/tf2/impl/utils.hpp:18[m[K,
[2.247s]                  from [01m[K/opt/ros/humble/include/tf2/tf2/utils.hpp:22[m[K,
[2.247s]                  from [01m[K/opt/ros/humble/include/tf2/tf2/utils.h:18[m[K,
[2.247s]                  from [01m[K/home/olive/LVTN_2/src/usv_controller/src/state_reader.cpp:2[m[K:
[2.247s] [01m[K/opt/ros/humble/include/std_msgs/std_msgs/msg/detail/header__struct.hpp:32:11:[m[K [01;36m[Knote: [m[K  ‘[01m[Kstd_msgs::msg[m[K’
[2.247s]    32 | namespace [01;36m[Kmsg[m[K
[2.247s]       |           [01;36m[K^~~[m[K
[2.247s] In file included from [01m[K/opt/ros/humble/include/geometry_msgs/geometry_msgs/msg/detail/transform__struct.hpp:21[m[K,
[2.248s]                  from [01m[K/opt/ros/humble/include/geometry_msgs/geometry_msgs/msg/detail/transform_stamped__struct.hpp:23[m[K,
[2.248s]                  from [01m[K/opt/ros/humble/include/geometry_msgs/geometry_msgs/msg/transform_stamped.hpp:7[m[K,
[2.248s]                  from [01m[K/opt/ros/humble/include/tf2/tf2/convert.hpp:40[m[K,
[2.248s]                  from [01m[K/opt/ros/humble/include/tf2/tf2/impl/utils.hpp:18[m[K,
[2.248s]                  from [01m[K/opt/ros/humble/include/tf2/tf2/utils.hpp:22[m[K,
[2.248s]                  from [01m[K/opt/ros/humble/include/tf2/tf2/utils.h:18[m[K,
[2.248s]                  from [01m[K/home/olive/LVTN_2/src/usv_controller/src/state_reader.cpp:2[m[K:
[2.248s] [01m[K/opt/ros/humble/include/geometry_msgs/geometry_msgs/msg/detail/vector3__struct.hpp:28:11:[m[K [01;36m[Knote: [m[K  ‘[01m[Kgeometry_msgs::msg[m[K’
[2.248s]    28 | namespace [01;36m[Kmsg[m[K
[2.249s]       |           [01;36m[K^~~[m[K
[2.249s] [01m[K/home/olive/LVTN_2/src/usv_controller/src/state_reader.cpp:24:37:[m[K [01;31m[Kerror: [m[K‘[01m[KOdometry[m[K’ was not declared in this scope
[2.249s]    24 | iption<nav_msgs/msg/[01;31m[KOdometry[m[K>:: SharedPtr sub;
[2.249s]       |                     [01;31m[K^~~~~~~~[m[K
[2.249s] 
[2.249s] [01m[K/home/olive/LVTN_2/src/usv_controller/src/state_reader.cpp:24:45:[m[K [01;31m[Kerror: [m[Ktemplate argument 1 is invalid
[2.249s]    24 | av_msgs/msg/Odometry[01;31m[K>[m[K:: SharedPtr sub;
[2.249s]       |                     [01;31m[K^[m[K
[2.250s] 
[2.250s] [01m[K/home/olive/LVTN_2/src/usv_controller/src/state_reader.cpp:24:45:[m[K [01;31m[Kerror: [m[Ktemplate argument 3 is invalid
[2.250s] [01m[K/home/olive/LVTN_2/src/usv_controller/src/state_reader.cpp:24:45:[m[K [01;31m[Kerror: [m[Ktemplate argument 4 is invalid
[2.250s] [01m[K/home/olive/LVTN_2/src/usv_controller/src/state_reader.cpp:24:45:[m[K [01;31m[Kerror: [m[Ktemplate argument 5 is invalid
[2.250s] [01m[K/home/olive/LVTN_2/src/usv_controller/src/state_reader.cpp:24:49:[m[K [01;31m[Kerror: [m[Kexpected ‘[01m[K;[m[K’ at end of member declaration
[2.250s]    24 | sgs/msg/Odometry>:: [01;31m[KSharedPtr[m[K sub;
[2.250s]       |                     [01;31m[K^~~~~~~~~[m[K
[2.250s]       |                              [32m[K;[m[K
[2.251s] [01m[K/home/olive/LVTN_2/src/usv_controller/src/state_reader.cpp:24:59:[m[K [01;31m[Kerror: [m[K‘[01m[Ksub[m[K’ does not name a type
[2.251s]    24 | /msg/Odometry>:: SharedPtr [01;31m[Ksub[m[K;
[2.251s]       |                            [01;31m[K^~~[m[K
[2.251s] 
[2.251s] [01m[K/home/olive/LVTN_2/src/usv_controller/src/state_reader.cpp:[m[K In constructor ‘[01m[KStateReader::StateReader()[m[K’:
[2.251s] [01m[K/home/olive/LVTN_2/src/usv_controller/src/state_reader.cpp:21:5:[m[K [01;31m[Kerror: [m[K‘[01m[Ksub[m[K’ was not declared in this scope; did you mean ‘[01m[Kfsub[m[K’?
[2.251s]    21 |     [01;31m[Ksub[m[K = this->create_subscription<nav_msgs/msg/Odometry>(&StateReader::subCallback(), this, _1)
[2.252s]       |     [01;31m[K^~~[m[K
[2.252s]       |     [32m[Kfsub[m[K
[2.255s] [01m[K/home/olive/LVTN_2/src/usv_controller/src/state_reader.cpp:21:37:[m[K [01;31m[Kerror: [m[K‘[01m[Knav_msgs[m[K’ was not declared in this scope
[2.255s]    21 | create_subscription<[01;31m[Knav_msgs[m[K/msg/Odometry>(&StateReader::subCallback(), this, _1)
[2.255s]       |                     [01;31m[K^~~~~~~~[m[K
[2.255s] 
[2.255s] [01m[K/home/olive/LVTN_2/src/usv_controller/src/state_reader.cpp:21:46:[m[K [01;31m[Kerror: [m[K‘[01m[Kmsg[m[K’ was not declared in this scope
[2.255s]    21 | bscription<nav_msgs/[01;31m[Kmsg[m[K/Odometry>(&StateReader::subCallback(), this, _1)
[2.255s]       |                     [01;31m[K^~~[m[K
[2.255s] 
[2.256s] [01m[K/home/olive/LVTN_2/src/usv_controller/src/state_reader.cpp:21:46:[m[K [01;36m[Knote: [m[Ksuggested alternatives:
[2.256s] In file included from [01m[K/opt/ros/humble/include/builtin_interfaces/builtin_interfaces/msg/duration.hpp:7[m[K,
[2.256s]                  from [01m[K/opt/ros/humble/include/rclcpp/rclcpp/duration.hpp:20[m[K,
[2.256s]                  from [01m[K/opt/ros/humble/include/rclcpp/rclcpp/qos.hpp:20[m[K,
[2.256s]                  from [01m[K/opt/ros/humble/include/rclcpp/rclcpp/node_interfaces/node_graph_interface.hpp:33[m[K,
[2.256s]                  from [01m[K/opt/ros/humble/include/rclcpp/rclcpp/client.hpp:42[m[K,
[2.256s]                  from [01m[K/opt/ros/humble/include/rclcpp/rclcpp/callback_group.hpp:24[m[K,
[2.256s]                  from [01m[K/opt/ros/humble/include/rclcpp/rclcpp/any_executable.hpp:20[m[K,
[2.257s]                  from [01m[K/opt/ros/humble/include/rclcpp/rclcpp/memory_strategy.hpp:25[m[K,
[2.257s]                  from [01m[K/opt/ros/humble/include/rclcpp/rclcpp/memory_strategies.hpp:18[m[K,
[2.257s]                  from [01m[K/opt/ros/humble/include/rclcpp/rclcpp/executor_options.hpp:20[m[K,
[2.257s]                  from [01m[K/opt/ros/humble/include/rclcpp/rclcpp/executor.hpp:37[m[K,
[2.257s]                  from [01m[K/opt/ros/humble/include/rclcpp/rclcpp/executors/multi_threaded_executor.hpp:25[m[K,
[2.257s]                  from [01m[K/opt/ros/humble/include/rclcpp/rclcpp/executors.hpp:21[m[K,
[2.257s]                  from [01m[K/opt/ros/humble/include/rclcpp/rclcpp/rclcpp.hpp:155[m[K,
[2.257s]                  from [01m[K/home/olive/LVTN_2/src/usv_controller/src/state_reader.cpp:1[m[K:
[2.258s] [01m[K/opt/ros/humble/include/builtin_interfaces/builtin_interfaces/msg/detail/duration__struct.hpp:28:11:[m[K [01;36m[Knote: [m[K  ‘[01m[Kbuiltin_interfaces::msg[m[K’
[2.258s]    28 | namespace [01;36m[Kmsg[m[K
[2.258s]       |           [01;36m[K^~~[m[K
[2.258s] In file included from [01m[K/opt/ros/humble/include/rcl_interfaces/rcl_interfaces/msg/set_parameters_result.hpp:7[m[K,
[2.258s]                  from [01m[K/opt/ros/humble/include/rclcpp/rclcpp/qos_overriding_options.hpp:28[m[K,
[2.258s]                  from [01m[K/opt/ros/humble/include/rclcpp/rclcpp/subscription_options.hpp:30[m[K,
[2.258s]                  from [01m[K/opt/ros/humble/include/rclcpp/rclcpp/subscription.hpp:45[m[K,
[2.258s]                  from [01m[K/opt/ros/humble/include/rclcpp/rclcpp/any_executable.hpp:25[m[K,
[2.259s]                  from [01m[K/opt/ros/humble/include/rclcpp/rclcpp/memory_strategy.hpp:25[m[K,
[2.259s]                  from [01m[K/opt/ros/humble/include/rclcpp/rclcpp/memory_strategies.hpp:18[m[K,
[2.259s]                  from [01m[K/opt/ros/humble/include/rclcpp/rclcpp/executor_options.hpp:20[m[K,
[2.259s]                  from [01m[K/opt/ros/humble/include/rclcpp/rclcpp/executor.hpp:37[m[K,
[2.259s]                  from [01m[K/opt/ros/humble/include/rclcpp/rclcpp/executors/multi_threaded_executor.hpp:25[m[K,
[2.259s]                  from [01m[K/opt/ros/humble/include/rclcpp/rclcpp/executors.hpp:21[m[K,
[2.259s]                  from [01m[K/opt/ros/humble/include/rclcpp/rclcpp/rclcpp.hpp:155[m[K,
[2.260s]                  from [01m[K/home/olive/LVTN_2/src/usv_controller/src/state_reader.cpp:1[m[K:
[2.260s] [01m[K/opt/ros/humble/include/rcl_interfaces/rcl_interfaces/msg/detail/set_parameters_result__struct.hpp:28:11:[m[K [01;36m[Knote: [m[K  ‘[01m[Krcl_interfaces::msg[m[K’
[2.260s]    28 | namespace [01;36m[Kmsg[m[K
[2.260s]       |           [01;36m[K^~~[m[K
[2.260s] In file included from [01m[K/opt/ros/humble/include/statistics_msgs/statistics_msgs/msg/detail/metrics_message__struct.hpp:24[m[K,
[2.260s]                  from [01m[K/opt/ros/humble/include/statistics_msgs/statistics_msgs/msg/metrics_message.hpp:7[m[K,
[2.260s]                  from [01m[K/opt/ros/humble/include/libstatistics_collector/libstatistics_collector/collector/generate_statistics_message.hpp:21[m[K,
[2.260s]                  from [01m[K/opt/ros/humble/include/rclcpp/rclcpp/topic_statistics/subscription_topic_statistics.hpp:23[m[K,
[2.261s]                  from [01m[K/opt/ros/humble/include/rclcpp/rclcpp/subscription.hpp:50[m[K,
[2.261s]                  from [01m[K/opt/ros/humble/include/rclcpp/rclcpp/any_executable.hpp:25[m[K,
[2.261s]                  from [01m[K/opt/ros/humble/include/rclcpp/rclcpp/memory_strategy.hpp:25[m[K,
[2.261s]                  from [01m[K/opt/ros/humble/include/rclcpp/rclcpp/memory_strategies.hpp:18[m[K,
[2.261s]                  from [01m[K/opt/ros/humble/include/rclcpp/rclcpp/executor_options.hpp:20[m[K,
[2.261s]                  from [01m[K/opt/ros/humble/include/rclcpp/rclcpp/executor.hpp:37[m[K,
[2.261s]                  from [01m[K/opt/ros/humble/include/rclcpp/rclcpp/executors/multi_threaded_executor.hpp:25[m[K,
[2.261s]                  from [01m[K/opt/ros/humble/include/rclcpp/rclcpp/executors.hpp:21[m[K,
[2.262s]                  from [01m[K/opt/ros/humble/include/rclcpp/rclcpp/rclcpp.hpp:155[m[K,
[2.262s]                  from [01m[K/home/olive/LVTN_2/src/usv_controller/src/state_reader.cpp:1[m[K:
[2.262s] [01m[K/opt/ros/humble/include/statistics_msgs/statistics_msgs/msg/detail/statistic_data_point__struct.hpp:28:11:[m[K [01;36m[Knote: [m[K  ‘[01m[Kstatistics_msgs::msg[m[K’
[2.262s]    28 | namespace [01;36m[Kmsg[m[K
[2.262s]       |           [01;36m[K^~~[m[K
[2.262s] In file included from [01m[K/opt/ros/humble/include/geometry_msgs/geometry_msgs/msg/detail/transform_stamped__struct.hpp:21[m[K,
[2.262s]                  from [01m[K/opt/ros/humble/include/geometry_msgs/geometry_msgs/msg/transform_stamped.hpp:7[m[K,
[2.262s]                  from [01m[K/opt/ros/humble/include/tf2/tf2/convert.hpp:40[m[K,
[2.262s]                  from [01m[K/opt/ros/humble/include/tf2/tf2/impl/utils.hpp:18[m[K,
[2.263s]                  from [01m[K/opt/ros/humble/include/tf2/tf2/utils.hpp:22[m[K,
[2.263s]                  from [01m[K/opt/ros/humble/include/tf2/tf2/utils.h:18[m[K,
[2.263s]                  from [01m[K/home/olive/LVTN_2/src/usv_controller/src/state_reader.cpp:2[m[K:
[2.263s] [01m[K/opt/ros/humble/include/std_msgs/std_msgs/msg/detail/header__struct.hpp:32:11:[m[K [01;36m[Knote: [m[K  ‘[01m[Kstd_msgs::msg[m[K’
[2.263s]    32 | namespace [01;36m[Kmsg[m[K
[2.263s]       |           [01;36m[K^~~[m[K
[2.263s] In file included from [01m[K/opt/ros/humble/include/geometry_msgs/geometry_msgs/msg/detail/transform__struct.hpp:21[m[K,
[2.263s]                  from [01m[K/opt/ros/humble/include/geometry_msgs/geometry_msgs/msg/detail/transform_stamped__struct.hpp:23[m[K,
[2.263s]                  from [01m[K/opt/ros/humble/include/geometry_msgs/geometry_msgs/msg/transform_stamped.hpp:7[m[K,
[2.264s]                  from [01m[K/opt/ros/humble/include/tf2/tf2/convert.hpp:40[m[K,
[2.264s]                  from [01m[K/opt/ros/humble/include/tf2/tf2/impl/utils.hpp:18[m[K,
[2.264s]                  from [01m[K/opt/ros/humble/include/tf2/tf2/utils.hpp:22[m[K,
[2.264s]                  from [01m[K/opt/ros/humble/include/tf2/tf2/utils.h:18[m[K,
[2.264s]                  from [01m[K/home/olive/LVTN_2/src/usv_controller/src/state_reader.cpp:2[m[K:
[2.264s] [01m[K/opt/ros/humble/include/geometry_msgs/geometry_msgs/msg/detail/vector3__struct.hpp:28:11:[m[K [01;36m[Knote: [m[K  ‘[01m[Kgeometry_msgs::msg[m[K’
[2.264s]    28 | namespace [01;36m[Kmsg[m[K
[2.264s]       |           [01;36m[K^~~[m[K
[2.264s] [01m[K/home/olive/LVTN_2/src/usv_controller/src/state_reader.cpp:21:50:[m[K [01;31m[Kerror: [m[K‘[01m[KOdometry[m[K’ was not declared in this scope
[2.265s]    21 | iption<nav_msgs/msg/[01;31m[KOdometry[m[K>(&StateReader::subCallback(), this, _1)
[2.265s]       |                     [01;31m[K^~~~~~~~[m[K
[2.265s] 
[2.265s] [01m[K/home/olive/LVTN_2/src/usv_controller/src/state_reader.cpp:21:74:[m[K [01;31m[Kerror: [m[K‘[01m[KsubCallback[m[K’ is not a member of ‘[01m[KStateReader[m[K’
[2.265s]    21 | etry>(&StateReader::[01;31m[KsubCallback[m[K(), this, _1)
[2.265s]       |                     [01;31m[K^~~~~~~~~~~[m[K
[2.265s] 
[2.597s] gmake[2]: *** [CMakeFiles/state_reader.dir/build.make:76: CMakeFiles/state_reader.dir/src/state_reader.cpp.o] Error 1
[2.598s] gmake[1]: *** [CMakeFiles/Makefile2:137: CMakeFiles/state_reader.dir/all] Error 2
[2.598s] gmake: *** [Makefile:146: all] Error 2
[2.600s] Invoked command in '/home/olive/LVTN_2/build/usv_controller' returned '2': CMAKE_PREFIX_PATH=${CMAKE_PREFIX_PATH}:/opt/ros/humble /usr/bin/cmake --build /home/olive/LVTN_2/build/usv_controller -- -j16 -l16
