[0.009s] Invoking command in '/home/olive/LVTN_2/build/usv_controller': CMAKE_PREFIX_PATH=/opt/ros/humble /usr/bin/cmake --build /home/olive/LVTN_2/build/usv_controller -- -j16 -l16
[0.047s] [ 25%] [32mBuilding CXX object CMakeFiles/thruster_controller.dir/src/thruster_controller.cpp.o[0m
[0.047s] [ 75%] Built target state_reader
[7.440s] [100%] [32m[1mLinking CXX executable thruster_controller[0m
[7.847s] [100%] Built target thruster_controller
[7.855s] Invoked command in '/home/olive/LVTN_2/build/usv_controller' returned '0': CMAKE_PREFIX_PATH=/opt/ros/humble /usr/bin/cmake --build /home/olive/LVTN_2/build/usv_controller -- -j16 -l16
[7.857s] Invoking command in '/home/olive/LVTN_2/build/usv_controller': CMAKE_PREFIX_PATH=/opt/ros/humble /usr/bin/cmake --install /home/olive/LVTN_2/build/usv_controller
[7.862s] -- Install configuration: ""
[7.862s] -- Up-to-date: /home/olive/LVTN_2/install/usv_controller/share/usv_controller/config
[7.862s] -- Up-to-date: /home/olive/LVTN_2/install/usv_controller/share/usv_controller/config/config.yaml
[7.862s] -- Up-to-date: /home/olive/LVTN_2/install/usv_controller/share/usv_controller/launch
[7.862s] -- Up-to-date: /home/olive/LVTN_2/install/usv_controller/lib/usv_controller/state_reader
[7.863s] -- Installing: /home/olive/LVTN_2/install/usv_controller/lib/usv_controller/thruster_controller
[7.866s] -- Set runtime path of "/home/olive/LVTN_2/install/usv_controller/lib/usv_controller/thruster_controller" to ""
[7.866s] -- Up-to-date: /home/olive/LVTN_2/install/usv_controller/share/ament_index/resource_index/package_run_dependencies/usv_controller
[7.866s] -- Up-to-date: /home/olive/LVTN_2/install/usv_controller/share/ament_index/resource_index/parent_prefix_path/usv_controller
[7.866s] -- Up-to-date: /home/olive/LVTN_2/install/usv_controller/share/usv_controller/environment/ament_prefix_path.sh
[7.866s] -- Up-to-date: /home/olive/LVTN_2/install/usv_controller/share/usv_controller/environment/ament_prefix_path.dsv
[7.866s] -- Up-to-date: /home/olive/LVTN_2/install/usv_controller/share/usv_controller/environment/path.sh
[7.866s] -- Up-to-date: /home/olive/LVTN_2/install/usv_controller/share/usv_controller/environment/path.dsv
[7.866s] -- Up-to-date: /home/olive/LVTN_2/install/usv_controller/share/usv_controller/local_setup.bash
[7.866s] -- Up-to-date: /home/olive/LVTN_2/install/usv_controller/share/usv_controller/local_setup.sh
[7.866s] -- Up-to-date: /home/olive/LVTN_2/install/usv_controller/share/usv_controller/local_setup.zsh
[7.866s] -- Up-to-date: /home/olive/LVTN_2/install/usv_controller/share/usv_controller/local_setup.dsv
[7.866s] -- Installing: /home/olive/LVTN_2/install/usv_controller/share/usv_controller/package.dsv
[7.866s] -- Up-to-date: /home/olive/LVTN_2/install/usv_controller/share/ament_index/resource_index/packages/usv_controller
[7.866s] -- Up-to-date: /home/olive/LVTN_2/install/usv_controller/share/usv_controller/cmake/usv_controllerConfig.cmake
[7.867s] -- Up-to-date: /home/olive/LVTN_2/install/usv_controller/share/usv_controller/cmake/usv_controllerConfig-version.cmake
[7.867s] -- Up-to-date: /home/olive/LVTN_2/install/usv_controller/share/usv_controller/package.xml
[7.868s] Invoked command in '/home/olive/LVTN_2/build/usv_controller' returned '0': CMAKE_PREFIX_PATH=/opt/ros/humble /usr/bin/cmake --install /home/olive/LVTN_2/build/usv_controller
