[0.005s] Invoking command in '/home/olive/LVTN_2/build/usv_controller': CMAKE_PREFIX_PATH=/home/olive/LVTN_2/install/usv_description:/home/olive/LVTN_2/install/usv_gazebo:/opt/ros/humble /usr/bin/cmake /home/olive/LVTN_2/src/usv_controller -DCMAKE_INSTALL_PREFIX=/home/olive/LVTN_2/install/usv_controller
[0.012s] -- Found ament_cmake: 1.3.14 (/opt/ros/humble/share/ament_cmake/cmake)
[0.103s] -- Override CMake install command with custom implementation using symlinks instead of copying resources
[0.110s] -- Found ament_lint_auto: 0.12.15 (/opt/ros/humble/share/ament_lint_auto/cmake)
[0.193s] -- Added test 'flake8' to check Python code syntax and style conventions
[0.193s] -- Added test 'lint_cmake' to check CMake code style
[0.194s] -- Added test 'pep257' to check Python code against some of the docstring style conventions in PEP 257
[0.195s] -- Added test 'xmllint' to check XML markup files
[0.196s] -- Configuring done
[0.200s] -- Generating done
[0.202s] -- Build files have been written to: /home/olive/LVTN_2/build/usv_controller
[0.206s] Invoked command in '/home/olive/LVTN_2/build/usv_controller' returned '0': CMAKE_PREFIX_PATH=/home/olive/LVTN_2/install/usv_description:/home/olive/LVTN_2/install/usv_gazebo:/opt/ros/humble /usr/bin/cmake /home/olive/LVTN_2/src/usv_controller -DCMAKE_INSTALL_PREFIX=/home/olive/LVTN_2/install/usv_controller
[0.209s] Invoking command in '/home/olive/LVTN_2/build/usv_controller': CMAKE_PREFIX_PATH=/home/olive/LVTN_2/install/usv_description:/home/olive/LVTN_2/install/usv_gazebo:/opt/ros/humble /usr/bin/cmake --build /home/olive/LVTN_2/build/usv_controller -- -j16 -l16
[0.239s] Invoked command in '/home/olive/LVTN_2/build/usv_controller' returned '0': CMAKE_PREFIX_PATH=/home/olive/LVTN_2/install/usv_description:/home/olive/LVTN_2/install/usv_gazebo:/opt/ros/humble /usr/bin/cmake --build /home/olive/LVTN_2/build/usv_controller -- -j16 -l16
[0.240s] Invoking command in '/home/olive/LVTN_2/build/usv_controller': CMAKE_PREFIX_PATH=/home/olive/LVTN_2/install/usv_description:/home/olive/LVTN_2/install/usv_gazebo:/opt/ros/humble /usr/bin/cmake --install /home/olive/LVTN_2/build/usv_controller
[0.246s] -- Install configuration: ""
[0.246s] -- Execute custom install script
[0.246s] -- Up-to-date symlink: /home/olive/LVTN_2/install/usv_controller/share/usv_controller/config/config.yaml
[0.246s] -- Up-to-date symlink: /home/olive/LVTN_2/install/usv_controller/share/usv_controller/launch/__pycache__/controller.launch.cpython-310.pyc
[0.246s] -- Up-to-date symlink: /home/olive/LVTN_2/install/usv_controller/share/usv_controller/launch/controller.launch.py
[0.246s] -- Up-to-date symlink: /home/olive/LVTN_2/install/usv_controller/share/ament_index/resource_index/package_run_dependencies/usv_controller
[0.246s] -- Up-to-date symlink: /home/olive/LVTN_2/install/usv_controller/share/ament_index/resource_index/parent_prefix_path/usv_controller
[0.247s] -- Up-to-date symlink: /home/olive/LVTN_2/install/usv_controller/share/usv_controller/environment/ament_prefix_path.sh
[0.247s] -- Up-to-date symlink: /home/olive/LVTN_2/install/usv_controller/share/usv_controller/environment/ament_prefix_path.dsv
[0.247s] -- Up-to-date symlink: /home/olive/LVTN_2/install/usv_controller/share/usv_controller/environment/path.sh
[0.247s] -- Up-to-date symlink: /home/olive/LVTN_2/install/usv_controller/share/usv_controller/environment/path.dsv
[0.247s] -- Up-to-date symlink: /home/olive/LVTN_2/install/usv_controller/share/usv_controller/local_setup.bash
[0.247s] -- Up-to-date symlink: /home/olive/LVTN_2/install/usv_controller/share/usv_controller/local_setup.sh
[0.247s] -- Up-to-date symlink: /home/olive/LVTN_2/install/usv_controller/share/usv_controller/local_setup.zsh
[0.247s] -- Up-to-date symlink: /home/olive/LVTN_2/install/usv_controller/share/usv_controller/local_setup.dsv
[0.247s] -- Symlinking: /home/olive/LVTN_2/install/usv_controller/share/usv_controller/package.dsv
[0.254s] -- Up-to-date symlink: /home/olive/LVTN_2/install/usv_controller/share/ament_index/resource_index/packages/usv_controller
[0.254s] -- Up-to-date symlink: /home/olive/LVTN_2/install/usv_controller/share/usv_controller/cmake/usv_controllerConfig.cmake
[0.254s] -- Up-to-date symlink: /home/olive/LVTN_2/install/usv_controller/share/usv_controller/cmake/usv_controllerConfig-version.cmake
[0.254s] -- Up-to-date symlink: /home/olive/LVTN_2/install/usv_controller/share/usv_controller/package.xml
[0.255s] Invoked command in '/home/olive/LVTN_2/build/usv_controller' returned '0': CMAKE_PREFIX_PATH=/home/olive/LVTN_2/install/usv_description:/home/olive/LVTN_2/install/usv_gazebo:/opt/ros/humble /usr/bin/cmake --install /home/olive/LVTN_2/build/usv_controller
