[0.012s] Invoking command in '/home/olive/LVTN_2/build/usv_gazebo': CMAKE_PREFIX_PATH=${CMAKE_PREFIX_PATH}:/opt/ros/humble /usr/bin/cmake --build /home/olive/LVTN_2/build/usv_gazebo -- -j16 -l16
[0.055s] Invoked command in '/home/olive/LVTN_2/build/usv_gazebo' returned '0': CMAKE_PREFIX_PATH=${CMAKE_PREFIX_PATH}:/opt/ros/humble /usr/bin/cmake --build /home/olive/LVTN_2/build/usv_gazebo -- -j16 -l16
[0.057s] Invoking command in '/home/olive/LVTN_2/build/usv_gazebo': CMAKE_PREFIX_PATH=${CMAKE_PREFIX_PATH}:/opt/ros/humble /usr/bin/cmake --install /home/olive/LVTN_2/build/usv_gazebo
[0.064s] -- Install configuration: ""
[0.065s] -- Up-to-date: /home/olive/LVTN_2/install/usv_gazebo/share/ament_index/resource_index/package_run_dependencies/usv_gazebo
[0.065s] -- Up-to-date: /home/olive/LVTN_2/install/usv_gazebo/share/ament_index/resource_index/parent_prefix_path/usv_gazebo
[0.065s] -- Up-to-date: /home/olive/LVTN_2/install/usv_gazebo/share/usv_gazebo/environment/ament_prefix_path.sh
[0.065s] -- Up-to-date: /home/olive/LVTN_2/install/usv_gazebo/share/usv_gazebo/environment/ament_prefix_path.dsv
[0.065s] -- Up-to-date: /home/olive/LVTN_2/install/usv_gazebo/share/usv_gazebo/environment/path.sh
[0.065s] -- Up-to-date: /home/olive/LVTN_2/install/usv_gazebo/share/usv_gazebo/environment/path.dsv
[0.065s] -- Up-to-date: /home/olive/LVTN_2/install/usv_gazebo/share/usv_gazebo/local_setup.bash
[0.065s] -- Up-to-date: /home/olive/LVTN_2/install/usv_gazebo/share/usv_gazebo/local_setup.sh
[0.065s] -- Up-to-date: /home/olive/LVTN_2/install/usv_gazebo/share/usv_gazebo/local_setup.zsh
[0.065s] -- Up-to-date: /home/olive/LVTN_2/install/usv_gazebo/share/usv_gazebo/local_setup.dsv
[0.065s] -- Installing: /home/olive/LVTN_2/install/usv_gazebo/share/usv_gazebo/package.dsv
[0.065s] -- Up-to-date: /home/olive/LVTN_2/install/usv_gazebo/share/ament_index/resource_index/packages/usv_gazebo
[0.066s] -- Up-to-date: /home/olive/LVTN_2/install/usv_gazebo/share/usv_gazebo/cmake/usv_gazeboConfig.cmake
[0.066s] -- Up-to-date: /home/olive/LVTN_2/install/usv_gazebo/share/usv_gazebo/cmake/usv_gazeboConfig-version.cmake
[0.066s] -- Up-to-date: /home/olive/LVTN_2/install/usv_gazebo/share/usv_gazebo/package.xml
[0.067s] Invoked command in '/home/olive/LVTN_2/build/usv_gazebo' returned '0': CMAKE_PREFIX_PATH=${CMAKE_PREFIX_PATH}:/opt/ros/humble /usr/bin/cmake --install /home/olive/LVTN_2/build/usv_gazebo
