-- The C compiler identification is GNU 11.4.0
-- The CXX compiler identification is GNU 11.4.0
-- Detecting C compiler ABI info
-- Detecting C compiler ABI info - done
-- Check for working C compiler: /usr/bin/cc - skipped
-- Detecting C compile features
-- Detecting C compile features - done
-- Detecting CXX compiler ABI info
-- Detecting CXX compiler ABI info - done
-- Check for working CXX compiler: /usr/bin/c++ - skipped
-- Detecting CXX compile features
-- Detecting CXX compile features - done
-- Found ament_cmake: 1.3.14 (/opt/ros/humble/share/ament_cmake/cmake)
-- Found Python3: /home/olive/.espressif/python_env/idf5.5_py3.10_env/bin/python3 (found version "3.10.12") found components: Interpreter 
-- Override CMake install command with custom implementation using symlinks instead of copying resources
-- Found rclcpp: 16.0.19 (/opt/ros/humble/share/rclcpp/cmake)
-- Found rosidl_generator_c: 3.1.9 (/opt/ros/humble/share/rosidl_generator_c/cmake)
-- Found rosidl_adapter: 3.1.9 (/opt/ros/humble/share/rosidl_adapter/cmake)
-- Found rosidl_generator_cpp: 3.1.9 (/opt/ros/humble/share/rosidl_generator_cpp/cmake)
-- Using all available rosidl_typesupport_c: rosidl_typesupport_fastrtps_c;rosidl_typesupport_introspection_c
-- Using all available rosidl_typesupport_cpp: rosidl_typesupport_fastrtps_cpp;rosidl_typesupport_introspection_cpp
-- Found rmw_implementation_cmake: 6.1.2 (/opt/ros/humble/share/rmw_implementation_cmake/cmake)
-- Found rmw_fastrtps_cpp: 6.2.10 (/opt/ros/humble/share/rmw_fastrtps_cpp/cmake)
-- Found OpenSSL: /usr/lib/x86_64-linux-gnu/libcrypto.so (found version "3.0.2")  
-- Found FastRTPS: /opt/ros/humble/include  
-- Using RMW implementation 'rmw_fastrtps_cpp' as default
-- Looking for pthread.h
-- Looking for pthread.h - found
-- Performing Test CMAKE_HAVE_LIBC_PTHREAD
-- Performing Test CMAKE_HAVE_LIBC_PTHREAD - Success
-- Found Threads: TRUE  
-- Found sensor_msgs: 4.9.1 (/opt/ros/humble/share/sensor_msgs/cmake)
-- Found nav_msgs: 4.9.1 (/opt/ros/humble/share/nav_msgs/cmake)
-- Found tf2: 0.25.20 (/opt/ros/humble/share/tf2/cmake)
-- Found tf2_ros: 0.25.20 (/opt/ros/humble/share/tf2_ros/cmake)
-- Found ament_lint_auto: 0.12.15 (/opt/ros/humble/share/ament_lint_auto/cmake)
-- Added test 'cppcheck' to perform static code analysis on C / C++ code
-- Configured cppcheck include dirs: 
-- Configured cppcheck exclude dirs and/or files: 
-- Added test 'flake8' to check Python code syntax and style conventions
-- Added test 'lint_cmake' to check CMake code style
-- Added test 'pep257' to check Python code against some of the docstring style conventions in PEP 257
-- Added test 'uncrustify' to check C / C++ code style
-- Configured uncrustify additional arguments: 
-- Added test 'xmllint' to check XML markup files
-- Configuring done
-- Generating done
-- Build files have been written to: /home/olive/LVTN_2/build/usv_navigation
[ 25%] [32mBuilding CXX object CMakeFiles/laser_scan_merger.dir/src/laser_scan_merger.cpp.o[0m
[ 25%] [32mBuilding CXX object CMakeFiles/trajectory_node.dir/src/trajectory_node.cpp.o[0m
[ 37%] [32mBuilding CXX object CMakeFiles/coverage_planner.dir/src/coverage_planner.cpp.o[0m
[ 50%] [32mBuilding CXX object CMakeFiles/mapping_route.dir/src/mapping_route.cpp.o[0m
[ 62%] [32m[1mLinking CXX executable mapping_route[0m
[ 75%] [32m[1mLinking CXX executable laser_scan_merger[0m
[ 75%] Built target mapping_route
[ 75%] Built target laser_scan_merger
[ 87%] [32m[1mLinking CXX executable coverage_planner[0m
[ 87%] Built target coverage_planner
[100%] [32m[1mLinking CXX executable trajectory_node[0m
[100%] Built target trajectory_node
-- Install configuration: ""
-- Execute custom install script
-- Symlinking: /home/olive/LVTN_2/install/usv_navigation/lib/usv_navigation/laser_scan_merger
-- Symlinking: /home/olive/LVTN_2/install/usv_navigation/lib/usv_navigation/mapping_route
-- Symlinking: /home/olive/LVTN_2/install/usv_navigation/lib/usv_navigation/coverage_planner
-- Symlinking: /home/olive/LVTN_2/install/usv_navigation/lib/usv_navigation/trajectory_node
-- Symlinking: /home/olive/LVTN_2/install/usv_navigation/share/usv_navigation/launch/coverage.launch.py
-- Symlinking: /home/olive/LVTN_2/install/usv_navigation/share/usv_navigation/launch/saved_coverage.launch.py
-- Symlinking: /home/olive/LVTN_2/install/usv_navigation/share/usv_navigation/launch/slam.launch.py
-- Symlinking: /home/olive/LVTN_2/install/usv_navigation/share/usv_navigation/config/coverage.rviz
-- Symlinking: /home/olive/LVTN_2/install/usv_navigation/share/usv_navigation/config/slam.yaml
-- Symlinking: /home/olive/LVTN_2/install/usv_navigation/share/usv_navigation/maps/README.md
-- Symlinking: /home/olive/LVTN_2/install/usv_navigation/share/usv_navigation/maps/usv_map.pgm
-- Symlinking: /home/olive/LVTN_2/install/usv_navigation/share/usv_navigation/maps/usv_map.yaml
-- Symlinking: /home/olive/LVTN_2/install/usv_navigation/share/usv_navigation/SLAM_NOTES.md
-- Symlinking: /home/olive/LVTN_2/install/usv_navigation/share/ament_index/resource_index/package_run_dependencies/usv_navigation
-- Symlinking: /home/olive/LVTN_2/install/usv_navigation/share/ament_index/resource_index/parent_prefix_path/usv_navigation
-- Symlinking: /home/olive/LVTN_2/install/usv_navigation/share/usv_navigation/environment/ament_prefix_path.sh
-- Symlinking: /home/olive/LVTN_2/install/usv_navigation/share/usv_navigation/environment/ament_prefix_path.dsv
-- Symlinking: /home/olive/LVTN_2/install/usv_navigation/share/usv_navigation/environment/path.sh
-- Symlinking: /home/olive/LVTN_2/install/usv_navigation/share/usv_navigation/environment/path.dsv
-- Symlinking: /home/olive/LVTN_2/install/usv_navigation/share/usv_navigation/local_setup.bash
-- Symlinking: /home/olive/LVTN_2/install/usv_navigation/share/usv_navigation/local_setup.sh
-- Symlinking: /home/olive/LVTN_2/install/usv_navigation/share/usv_navigation/local_setup.zsh
-- Symlinking: /home/olive/LVTN_2/install/usv_navigation/share/usv_navigation/local_setup.dsv
-- Symlinking: /home/olive/LVTN_2/install/usv_navigation/share/usv_navigation/package.dsv
-- Symlinking: /home/olive/LVTN_2/install/usv_navigation/share/ament_index/resource_index/packages/usv_navigation
-- Symlinking: /home/olive/LVTN_2/install/usv_navigation/share/usv_navigation/cmake/usv_navigationConfig.cmake
-- Symlinking: /home/olive/LVTN_2/install/usv_navigation/share/usv_navigation/cmake/usv_navigationConfig-version.cmake
-- Symlinking: /home/olive/LVTN_2/install/usv_navigation/share/usv_navigation/package.xml
