[0.024s] Invoking command in '/home/olive/LVTN_2/build/usv_navigation': CMAKE_PREFIX_PATH=${CMAKE_PREFIX_PATH}:/opt/ros/humble /usr/bin/cmake /home/olive/LVTN_2/src/usv_navigation -DAMENT_CMAKE_SYMLINK_INSTALL=1 -DCMAKE_INSTALL_PREFIX=/home/olive/LVTN_2/install/usv_navigation
[0.159s] -- The C compiler identification is GNU 11.4.0
[0.256s] -- The CXX compiler identification is GNU 11.4.0
[0.269s] -- Detecting C compiler ABI info
[0.355s] -- Detecting C compiler ABI info - done
[0.363s] -- Check for working C compiler: /usr/bin/cc - skipped
[0.363s] -- Detecting C compile features
[0.364s] -- Detecting C compile features - done
[0.368s] -- Detecting CXX compiler ABI info
[0.472s] -- Detecting CXX compiler ABI info - done
[0.489s] -- Check for working CXX compiler: /usr/bin/c++ - skipped
[0.489s] -- Detecting CXX compile features
[0.491s] -- Detecting CXX compile features - done
[0.501s] -- Found ament_cmake: 1.3.14 (/opt/ros/humble/share/ament_cmake/cmake)
[1.059s] -- Found Python3: /home/olive/.espressif/python_env/idf5.5_py3.10_env/bin/python3 (found version "3.10.12") found components: Interpreter 
[1.175s] -- Override CMake install command with custom implementation using symlinks instead of copying resources
[1.232s] -- Found rclcpp: 16.0.19 (/opt/ros/humble/share/rclcpp/cmake)
[1.305s] -- Found rosidl_generator_c: 3.1.9 (/opt/ros/humble/share/rosidl_generator_c/cmake)
[1.313s] -- Found rosidl_adapter: 3.1.9 (/opt/ros/humble/share/rosidl_adapter/cmake)
[1.324s] -- Found rosidl_generator_cpp: 3.1.9 (/opt/ros/humble/share/rosidl_generator_cpp/cmake)
[1.344s] -- Using all available rosidl_typesupport_c: rosidl_typesupport_fastrtps_c;rosidl_typesupport_introspection_c
[1.368s] -- Using all available rosidl_typesupport_cpp: rosidl_typesupport_fastrtps_cpp;rosidl_typesupport_introspection_cpp
[1.430s] -- Found rmw_implementation_cmake: 6.1.2 (/opt/ros/humble/share/rmw_implementation_cmake/cmake)
[1.435s] -- Found rmw_fastrtps_cpp: 6.2.10 (/opt/ros/humble/share/rmw_fastrtps_cpp/cmake)
[1.563s] -- Found OpenSSL: /usr/lib/x86_64-linux-gnu/libcrypto.so (found version "3.0.2")  
[1.608s] -- Found FastRTPS: /opt/ros/humble/include  
[1.666s] -- Using RMW implementation 'rmw_fastrtps_cpp' as default
[1.681s] -- Looking for pthread.h
[1.775s] -- Looking for pthread.h - found
[1.775s] -- Performing Test CMAKE_HAVE_LIBC_PTHREAD
[1.869s] -- Performing Test CMAKE_HAVE_LIBC_PTHREAD - Success
[1.870s] -- Found Threads: TRUE  
[1.954s] -- Found sensor_msgs: 4.9.1 (/opt/ros/humble/share/sensor_msgs/cmake)
[1.999s] -- Found nav_msgs: 4.9.1 (/opt/ros/humble/share/nav_msgs/cmake)
[2.030s] -- Found tf2: 0.25.20 (/opt/ros/humble/share/tf2/cmake)
[2.051s] -- Found tf2_ros: 0.25.20 (/opt/ros/humble/share/tf2_ros/cmake)
[2.207s] -- Found ament_lint_auto: 0.12.15 (/opt/ros/humble/share/ament_lint_auto/cmake)
[2.370s] -- Added test 'cppcheck' to perform static code analysis on C / C++ code
[2.370s] -- Configured cppcheck include dirs: 
[2.370s] -- Configured cppcheck exclude dirs and/or files: 
[2.371s] -- Added test 'flake8' to check Python code syntax and style conventions
[2.372s] -- Added test 'lint_cmake' to check CMake code style
[2.374s] -- Added test 'pep257' to check Python code against some of the docstring style conventions in PEP 257
[2.375s] -- Added test 'uncrustify' to check C / C++ code style
[2.375s] -- Configured uncrustify additional arguments: 
[2.376s] -- Added test 'xmllint' to check XML markup files
[2.378s] -- Configuring done
[2.406s] -- Generating done
[2.420s] -- Build files have been written to: /home/olive/LVTN_2/build/usv_navigation
[2.439s] Invoked command in '/home/olive/LVTN_2/build/usv_navigation' returned '0': CMAKE_PREFIX_PATH=${CMAKE_PREFIX_PATH}:/opt/ros/humble /usr/bin/cmake /home/olive/LVTN_2/src/usv_navigation -DAMENT_CMAKE_SYMLINK_INSTALL=1 -DCMAKE_INSTALL_PREFIX=/home/olive/LVTN_2/install/usv_navigation
[2.442s] Invoking command in '/home/olive/LVTN_2/build/usv_navigation': CMAKE_PREFIX_PATH=${CMAKE_PREFIX_PATH}:/opt/ros/humble /usr/bin/cmake --build /home/olive/LVTN_2/build/usv_navigation -- -j16 -l16
[2.510s] [ 25%] [32mBuilding CXX object CMakeFiles/laser_scan_merger.dir/src/laser_scan_merger.cpp.o[0m
[2.510s] [ 25%] [32mBuilding CXX object CMakeFiles/trajectory_node.dir/src/trajectory_node.cpp.o[0m
[2.510s] [ 37%] [32mBuilding CXX object CMakeFiles/coverage_planner.dir/src/coverage_planner.cpp.o[0m
[2.510s] [ 50%] [32mBuilding CXX object CMakeFiles/mapping_route.dir/src/mapping_route.cpp.o[0m
[12.529s] [ 62%] [32m[1mLinking CXX executable mapping_route[0m
[12.820s] [ 75%] [32m[1mLinking CXX executable laser_scan_merger[0m
[13.052s] [ 75%] Built target mapping_route
[13.382s] [ 75%] Built target laser_scan_merger
[15.254s] [ 87%] [32m[1mLinking CXX executable coverage_planner[0m
[15.926s] [ 87%] Built target coverage_planner
[16.236s] [100%] [32m[1mLinking CXX executable trajectory_node[0m
[16.832s] [100%] Built target trajectory_node
[16.842s] Invoked command in '/home/olive/LVTN_2/build/usv_navigation' returned '0': CMAKE_PREFIX_PATH=${CMAKE_PREFIX_PATH}:/opt/ros/humble /usr/bin/cmake --build /home/olive/LVTN_2/build/usv_navigation -- -j16 -l16
[16.849s] Invoking command in '/home/olive/LVTN_2/build/usv_navigation': CMAKE_PREFIX_PATH=${CMAKE_PREFIX_PATH}:/opt/ros/humble /usr/bin/cmake --install /home/olive/LVTN_2/build/usv_navigation
[16.853s] -- Install configuration: ""
[16.854s] -- Execute custom install script
[16.854s] -- Symlinking: /home/olive/LVTN_2/install/usv_navigation/lib/usv_navigation/laser_scan_merger
[16.859s] -- Symlinking: /home/olive/LVTN_2/install/usv_navigation/lib/usv_navigation/mapping_route
[16.865s] -- Symlinking: /home/olive/LVTN_2/install/usv_navigation/lib/usv_navigation/coverage_planner
[16.870s] -- Symlinking: /home/olive/LVTN_2/install/usv_navigation/lib/usv_navigation/trajectory_node
[16.876s] -- Symlinking: /home/olive/LVTN_2/install/usv_navigation/share/usv_navigation/launch/coverage.launch.py
[16.882s] -- Symlinking: /home/olive/LVTN_2/install/usv_navigation/share/usv_navigation/launch/saved_coverage.launch.py
[16.887s] -- Symlinking: /home/olive/LVTN_2/install/usv_navigation/share/usv_navigation/launch/slam.launch.py
[16.893s] -- Symlinking: /home/olive/LVTN_2/install/usv_navigation/share/usv_navigation/config/coverage.rviz
[16.899s] -- Symlinking: /home/olive/LVTN_2/install/usv_navigation/share/usv_navigation/config/slam.yaml
[16.907s] -- Symlinking: /home/olive/LVTN_2/install/usv_navigation/share/usv_navigation/maps/README.md
[16.914s] -- Symlinking: /home/olive/LVTN_2/install/usv_navigation/share/usv_navigation/maps/usv_map.pgm
[16.920s] -- Symlinking: /home/olive/LVTN_2/install/usv_navigation/share/usv_navigation/maps/usv_map.yaml
[16.925s] -- Symlinking: /home/olive/LVTN_2/install/usv_navigation/share/usv_navigation/SLAM_NOTES.md
[16.931s] -- Symlinking: /home/olive/LVTN_2/install/usv_navigation/share/ament_index/resource_index/package_run_dependencies/usv_navigation
[16.936s] -- Symlinking: /home/olive/LVTN_2/install/usv_navigation/share/ament_index/resource_index/parent_prefix_path/usv_navigation
[16.942s] -- Symlinking: /home/olive/LVTN_2/install/usv_navigation/share/usv_navigation/environment/ament_prefix_path.sh
[16.947s] -- Symlinking: /home/olive/LVTN_2/install/usv_navigation/share/usv_navigation/environment/ament_prefix_path.dsv
[16.952s] -- Symlinking: /home/olive/LVTN_2/install/usv_navigation/share/usv_navigation/environment/path.sh
[16.958s] -- Symlinking: /home/olive/LVTN_2/install/usv_navigation/share/usv_navigation/environment/path.dsv
[16.963s] -- Symlinking: /home/olive/LVTN_2/install/usv_navigation/share/usv_navigation/local_setup.bash
[16.969s] -- Symlinking: /home/olive/LVTN_2/install/usv_navigation/share/usv_navigation/local_setup.sh
[16.976s] -- Symlinking: /home/olive/LVTN_2/install/usv_navigation/share/usv_navigation/local_setup.zsh
[16.983s] -- Symlinking: /home/olive/LVTN_2/install/usv_navigation/share/usv_navigation/local_setup.dsv
[16.990s] -- Symlinking: /home/olive/LVTN_2/install/usv_navigation/share/usv_navigation/package.dsv
[16.997s] -- Symlinking: /home/olive/LVTN_2/install/usv_navigation/share/ament_index/resource_index/packages/usv_navigation
[17.003s] -- Symlinking: /home/olive/LVTN_2/install/usv_navigation/share/usv_navigation/cmake/usv_navigationConfig.cmake
[17.010s] -- Symlinking: /home/olive/LVTN_2/install/usv_navigation/share/usv_navigation/cmake/usv_navigationConfig-version.cmake
[17.017s] -- Symlinking: /home/olive/LVTN_2/install/usv_navigation/share/usv_navigation/package.xml
[17.025s] Invoked command in '/home/olive/LVTN_2/build/usv_navigation' returned '0': CMAKE_PREFIX_PATH=${CMAKE_PREFIX_PATH}:/opt/ros/humble /usr/bin/cmake --install /home/olive/LVTN_2/build/usv_navigation
