[0.012s] Invoking command in '/home/olive/LVTN_2/build/usv_controller': CMAKE_PREFIX_PATH=/opt/ros/humble /usr/bin/cmake --build /home/olive/LVTN_2/build/usv_controller -- -j16 -l16
[0.042s] [35m[1mConsolidate compiler generated dependencies of target thruster_controller[0m
[0.054s] [ 50%] Built target state_reader
[0.058s] [ 75%] [32mBuilding CXX object CMakeFiles/thruster_controller.dir/src/thruster_controller.cpp.o[0m
[2.459s] [100%] [32m[1mLinking CXX executable thruster_controller[0m
[2.627s] [100%] Built target thruster_controller
[2.636s] Invoked command in '/home/olive/LVTN_2/build/usv_controller' returned '0': CMAKE_PREFIX_PATH=/opt/ros/humble /usr/bin/cmake --build /home/olive/LVTN_2/build/usv_controller -- -j16 -l16
[2.638s] Invoking command in '/home/olive/LVTN_2/build/usv_controller': CMAKE_PREFIX_PATH=/opt/ros/humble /usr/bin/cmake --install /home/olive/LVTN_2/build/usv_controller
[2.643s] -- Install configuration: ""
[2.643s] -- Up-to-date: /home/olive/LVTN_2/install/usv_controller/share/usv_controller/config
[2.643s] -- Installing: /home/olive/LVTN_2/install/usv_controller/share/usv_controller/config/config.yaml
[2.644s] -- Up-to-date: /home/olive/LVTN_2/install/usv_controller/share/usv_controller/launch
[2.644s] -- Up-to-date: /home/olive/LVTN_2/install/usv_controller/lib/usv_controller/state_reader
[2.644s] -- Installing: /home/olive/LVTN_2/install/usv_controller/lib/usv_controller/thruster_controller
[2.644s] -- Set runtime path of "/home/olive/LVTN_2/install/usv_controller/lib/usv_controller/thruster_controller" to ""
[2.644s] -- Up-to-date: /home/olive/LVTN_2/install/usv_controller/share/ament_index/resource_index/package_run_dependencies/usv_controller
[2.644s] -- Up-to-date: /home/olive/LVTN_2/install/usv_controller/share/ament_index/resource_index/parent_prefix_path/usv_controller
[2.645s] -- Up-to-date: /home/olive/LVTN_2/install/usv_controller/share/usv_controller/environment/ament_prefix_path.sh
[2.645s] -- Up-to-date: /home/olive/LVTN_2/install/usv_controller/share/usv_controller/environment/ament_prefix_path.dsv
[2.645s] -- Up-to-date: /home/olive/LVTN_2/install/usv_controller/share/usv_controller/environment/path.sh
[2.645s] -- Up-to-date: /home/olive/LVTN_2/install/usv_controller/share/usv_controller/environment/path.dsv
[2.645s] -- Up-to-date: /home/olive/LVTN_2/install/usv_controller/share/usv_controller/local_setup.bash
[2.645s] -- Up-to-date: /home/olive/LVTN_2/install/usv_controller/share/usv_controller/local_setup.sh
[2.646s] -- Up-to-date: /home/olive/LVTN_2/install/usv_controller/share/usv_controller/local_setup.zsh
[2.646s] -- Up-to-date: /home/olive/LVTN_2/install/usv_controller/share/usv_controller/local_setup.dsv
[2.647s] -- Installing: /home/olive/LVTN_2/install/usv_controller/share/usv_controller/package.dsv
[2.647s] -- Up-to-date: /home/olive/LVTN_2/install/usv_controller/share/ament_index/resource_index/packages/usv_controller
[2.647s] -- Up-to-date: /home/olive/LVTN_2/install/usv_controller/share/usv_controller/cmake/usv_controllerConfig.cmake
[2.647s] -- Up-to-date: /home/olive/LVTN_2/install/usv_controller/share/usv_controller/cmake/usv_controllerConfig-version.cmake
[2.647s] -- Up-to-date: /home/olive/LVTN_2/install/usv_controller/share/usv_controller/package.xml
[2.648s] Invoked command in '/home/olive/LVTN_2/build/usv_controller' returned '0': CMAKE_PREFIX_PATH=/opt/ros/humble /usr/bin/cmake --install /home/olive/LVTN_2/build/usv_controller
