[0.076s] DEBUG:colcon:Command line arguments: ['/usr/bin/colcon', 'build']
[0.076s] DEBUG:colcon:Parsed command line arguments: Namespace(log_base=None, log_level=None, verb_name='build', build_base='build', install_base='install', merge_install=False, symlink_install=False, test_result_base=None, continue_on_error=False, executor='parallel', parallel_workers=16, event_handlers=None, ignore_user_meta=False, metas=['./colcon.meta'], base_paths=['.'], packages_ignore=None, packages_ignore_regex=None, paths=None, packages_up_to=None, packages_up_to_regex=None, packages_above=None, packages_above_and_dependencies=None, packages_above_depth=None, packages_select_by_dep=None, packages_skip_by_dep=None, packages_skip_up_to=None, packages_select_build_failed=False, packages_skip_build_finished=False, packages_select_test_failures=False, packages_skip_test_passed=False, packages_select=None, packages_skip=None, packages_select_regex=None, packages_skip_regex=None, packages_start=None, packages_end=None, allow_overriding=[], cmake_args=None, cmake_target=None, cmake_target_skip_unavailable=False, cmake_clean_cache=False, cmake_clean_first=False, cmake_force_configure=False, ament_cmake_args=None, catkin_cmake_args=None, catkin_skip_building_tests=False, verb_parser=<colcon_defaults.argument_parser.defaults.DefaultArgumentsDecorator object at 0x7a2326049090>, verb_extension=<colcon_core.verb.build.BuildVerb object at 0x7a2326048790>, main=<bound method BuildVerb.main of <colcon_core.verb.build.BuildVerb object at 0x7a2326048790>>)
[0.218s] Level 1:colcon.colcon_core.package_discovery:discover_packages(colcon_meta) check parameters
[0.219s] Level 1:colcon.colcon_core.package_discovery:discover_packages(recursive) check parameters
[0.219s] Level 1:colcon.colcon_core.package_discovery:discover_packages(ignore) check parameters
[0.219s] Level 1:colcon.colcon_core.package_discovery:discover_packages(path) check parameters
[0.219s] Level 1:colcon.colcon_core.package_discovery:discover_packages(colcon_meta) discover
[0.219s] Level 1:colcon.colcon_core.package_discovery:discover_packages(recursive) discover
[0.219s] INFO:colcon.colcon_core.package_discovery:Crawling recursively for packages in '/home/olive/LVTN_2'
[0.219s] Level 1:colcon.colcon_core.package_identification:_identify(.) by extensions ['ignore', 'ignore_ament_install']
[0.219s] Level 1:colcon.colcon_core.package_identification:_identify(.) by extension 'ignore'
[0.219s] Level 1:colcon.colcon_core.package_identification:_identify(.) by extension 'ignore_ament_install'
[0.219s] Level 1:colcon.colcon_core.package_identification:_identify(.) by extensions ['colcon_pkg']
[0.219s] Level 1:colcon.colcon_core.package_identification:_identify(.) by extension 'colcon_pkg'
[0.219s] Level 1:colcon.colcon_core.package_identification:_identify(.) by extensions ['colcon_meta']
[0.219s] Level 1:colcon.colcon_core.package_identification:_identify(.) by extension 'colcon_meta'
[0.219s] Level 1:colcon.colcon_core.package_identification:_identify(.) by extensions ['ros']
[0.219s] Level 1:colcon.colcon_core.package_identification:_identify(.) by extension 'ros'
[0.227s] Level 1:colcon.colcon_core.package_identification:_identify(.) by extensions ['cmake', 'python']
[0.227s] Level 1:colcon.colcon_core.package_identification:_identify(.) by extension 'cmake'
[0.228s] Level 1:colcon.colcon_core.package_identification:_identify(.) by extension 'python'
[0.228s] Level 1:colcon.colcon_core.package_identification:_identify(.) by extensions ['python_setup_py']
[0.228s] Level 1:colcon.colcon_core.package_identification:_identify(.) by extension 'python_setup_py'
[0.228s] Level 1:colcon.colcon_core.package_identification:_identify(STL) by extensions ['ignore', 'ignore_ament_install']
[0.228s] Level 1:colcon.colcon_core.package_identification:_identify(STL) by extension 'ignore'
[0.228s] Level 1:colcon.colcon_core.package_identification:_identify(STL) by extension 'ignore_ament_install'
[0.228s] Level 1:colcon.colcon_core.package_identification:_identify(STL) by extensions ['colcon_pkg']
[0.228s] Level 1:colcon.colcon_core.package_identification:_identify(STL) by extension 'colcon_pkg'
[0.228s] Level 1:colcon.colcon_core.package_identification:_identify(STL) by extensions ['colcon_meta']
[0.228s] Level 1:colcon.colcon_core.package_identification:_identify(STL) by extension 'colcon_meta'
[0.228s] Level 1:colcon.colcon_core.package_identification:_identify(STL) by extensions ['ros']
[0.228s] Level 1:colcon.colcon_core.package_identification:_identify(STL) by extension 'ros'
[0.228s] Level 1:colcon.colcon_core.package_identification:_identify(STL) by extensions ['cmake', 'python']
[0.228s] Level 1:colcon.colcon_core.package_identification:_identify(STL) by extension 'cmake'
[0.228s] Level 1:colcon.colcon_core.package_identification:_identify(STL) by extension 'python'
[0.228s] Level 1:colcon.colcon_core.package_identification:_identify(STL) by extensions ['python_setup_py']
[0.228s] Level 1:colcon.colcon_core.package_identification:_identify(STL) by extension 'python_setup_py'
[0.228s] Level 1:colcon.colcon_core.package_identification:_identify(backups) by extensions ['ignore', 'ignore_ament_install']
[0.228s] Level 1:colcon.colcon_core.package_identification:_identify(backups) by extension 'ignore'
[0.228s] Level 1:colcon.colcon_core.package_identification:_identify(backups) by extension 'ignore_ament_install'
[0.228s] Level 1:colcon.colcon_core.package_identification:_identify(backups) by extensions ['colcon_pkg']
[0.228s] Level 1:colcon.colcon_core.package_identification:_identify(backups) by extension 'colcon_pkg'
[0.228s] Level 1:colcon.colcon_core.package_identification:_identify(backups) by extensions ['colcon_meta']
[0.228s] Level 1:colcon.colcon_core.package_identification:_identify(backups) by extension 'colcon_meta'
[0.228s] Level 1:colcon.colcon_core.package_identification:_identify(backups) by extensions ['ros']
[0.228s] Level 1:colcon.colcon_core.package_identification:_identify(backups) by extension 'ros'
[0.229s] Level 1:colcon.colcon_core.package_identification:_identify(backups) by extensions ['cmake', 'python']
[0.229s] Level 1:colcon.colcon_core.package_identification:_identify(backups) by extension 'cmake'
[0.229s] Level 1:colcon.colcon_core.package_identification:_identify(backups) by extension 'python'
[0.229s] Level 1:colcon.colcon_core.package_identification:_identify(backups) by extensions ['python_setup_py']
[0.229s] Level 1:colcon.colcon_core.package_identification:_identify(backups) by extension 'python_setup_py'
[0.229s] Level 1:colcon.colcon_core.package_identification:_identify(build) by extensions ['ignore', 'ignore_ament_install']
[0.229s] Level 1:colcon.colcon_core.package_identification:_identify(build) by extension 'ignore'
[0.229s] Level 1:colcon.colcon_core.package_identification:_identify(build) ignored
[0.229s] Level 1:colcon.colcon_core.package_identification:_identify(install) by extensions ['ignore', 'ignore_ament_install']
[0.229s] Level 1:colcon.colcon_core.package_identification:_identify(install) by extension 'ignore'
[0.229s] Level 1:colcon.colcon_core.package_identification:_identify(install) ignored
[0.229s] Level 1:colcon.colcon_core.package_identification:_identify(log) by extensions ['ignore', 'ignore_ament_install']
[0.229s] Level 1:colcon.colcon_core.package_identification:_identify(log) by extension 'ignore'
[0.229s] Level 1:colcon.colcon_core.package_identification:_identify(log) ignored
[0.229s] Level 1:colcon.colcon_core.package_identification:_identify(src) by extensions ['ignore', 'ignore_ament_install']
[0.229s] Level 1:colcon.colcon_core.package_identification:_identify(src) by extension 'ignore'
[0.229s] Level 1:colcon.colcon_core.package_identification:_identify(src) by extension 'ignore_ament_install'
[0.229s] Level 1:colcon.colcon_core.package_identification:_identify(src) by extensions ['colcon_pkg']
[0.230s] Level 1:colcon.colcon_core.package_identification:_identify(src) by extension 'colcon_pkg'
[0.230s] Level 1:colcon.colcon_core.package_identification:_identify(src) by extensions ['colcon_meta']
[0.230s] Level 1:colcon.colcon_core.package_identification:_identify(src) by extension 'colcon_meta'
[0.230s] Level 1:colcon.colcon_core.package_identification:_identify(src) by extensions ['ros']
[0.230s] Level 1:colcon.colcon_core.package_identification:_identify(src) by extension 'ros'
[0.230s] Level 1:colcon.colcon_core.package_identification:_identify(src) by extensions ['cmake', 'python']
[0.230s] Level 1:colcon.colcon_core.package_identification:_identify(src) by extension 'cmake'
[0.230s] Level 1:colcon.colcon_core.package_identification:_identify(src) by extension 'python'
[0.230s] Level 1:colcon.colcon_core.package_identification:_identify(src) by extensions ['python_setup_py']
[0.230s] Level 1:colcon.colcon_core.package_identification:_identify(src) by extension 'python_setup_py'
[0.230s] Level 1:colcon.colcon_core.package_identification:_identify(src/usv_controller) by extensions ['ignore', 'ignore_ament_install']
[0.230s] Level 1:colcon.colcon_core.package_identification:_identify(src/usv_controller) by extension 'ignore'
[0.230s] Level 1:colcon.colcon_core.package_identification:_identify(src/usv_controller) by extension 'ignore_ament_install'
[0.230s] Level 1:colcon.colcon_core.package_identification:_identify(src/usv_controller) by extensions ['colcon_pkg']
[0.230s] Level 1:colcon.colcon_core.package_identification:_identify(src/usv_controller) by extension 'colcon_pkg'
[0.230s] Level 1:colcon.colcon_core.package_identification:_identify(src/usv_controller) by extensions ['colcon_meta']
[0.230s] Level 1:colcon.colcon_core.package_identification:_identify(src/usv_controller) by extension 'colcon_meta'
[0.230s] Level 1:colcon.colcon_core.package_identification:_identify(src/usv_controller) by extensions ['ros']
[0.230s] Level 1:colcon.colcon_core.package_identification:_identify(src/usv_controller) by extension 'ros'
[0.233s] DEBUG:colcon.colcon_core.package_identification:Package 'src/usv_controller' with type 'ros.ament_cmake' and name 'usv_controller'
[0.233s] Level 1:colcon.colcon_core.package_identification:_identify(src/usv_description) by extensions ['ignore', 'ignore_ament_install']
[0.233s] Level 1:colcon.colcon_core.package_identification:_identify(src/usv_description) by extension 'ignore'
[0.233s] Level 1:colcon.colcon_core.package_identification:_identify(src/usv_description) by extension 'ignore_ament_install'
[0.233s] Level 1:colcon.colcon_core.package_identification:_identify(src/usv_description) by extensions ['colcon_pkg']
[0.233s] Level 1:colcon.colcon_core.package_identification:_identify(src/usv_description) by extension 'colcon_pkg'
[0.233s] Level 1:colcon.colcon_core.package_identification:_identify(src/usv_description) by extensions ['colcon_meta']
[0.233s] Level 1:colcon.colcon_core.package_identification:_identify(src/usv_description) by extension 'colcon_meta'
[0.233s] Level 1:colcon.colcon_core.package_identification:_identify(src/usv_description) by extensions ['ros']
[0.233s] Level 1:colcon.colcon_core.package_identification:_identify(src/usv_description) by extension 'ros'
[0.234s] DEBUG:colcon.colcon_core.package_identification:Package 'src/usv_description' with type 'ros.ament_cmake' and name 'usv_description'
[0.234s] Level 1:colcon.colcon_core.package_identification:_identify(src/usv_navigation) by extensions ['ignore', 'ignore_ament_install']
[0.234s] Level 1:colcon.colcon_core.package_identification:_identify(src/usv_navigation) by extension 'ignore'
[0.234s] Level 1:colcon.colcon_core.package_identification:_identify(src/usv_navigation) by extension 'ignore_ament_install'
[0.234s] Level 1:colcon.colcon_core.package_identification:_identify(src/usv_navigation) by extensions ['colcon_pkg']
[0.234s] Level 1:colcon.colcon_core.package_identification:_identify(src/usv_navigation) by extension 'colcon_pkg'
[0.234s] Level 1:colcon.colcon_core.package_identification:_identify(src/usv_navigation) by extensions ['colcon_meta']
[0.234s] Level 1:colcon.colcon_core.package_identification:_identify(src/usv_navigation) by extension 'colcon_meta'
[0.234s] Level 1:colcon.colcon_core.package_identification:_identify(src/usv_navigation) by extensions ['ros']
[0.234s] Level 1:colcon.colcon_core.package_identification:_identify(src/usv_navigation) by extension 'ros'
[0.241s] DEBUG:colcon.colcon_core.package_identification:Package 'src/usv_navigation' with type 'ros.ament_cmake' and name 'usv_navigation'
[0.241s] Level 1:colcon.colcon_core.package_discovery:discover_packages(recursive) using defaults
[0.241s] Level 1:colcon.colcon_core.package_discovery:discover_packages(ignore) discover
[0.241s] Level 1:colcon.colcon_core.package_discovery:discover_packages(ignore) using defaults
[0.241s] Level 1:colcon.colcon_core.package_discovery:discover_packages(path) discover
[0.241s] Level 1:colcon.colcon_core.package_discovery:discover_packages(path) using defaults
[0.257s] Level 1:colcon.colcon_core.package_discovery:discover_packages(prefix_path) check parameters
[0.257s] Level 1:colcon.colcon_core.package_discovery:discover_packages(prefix_path) discover
[0.258s] DEBUG:colcon.colcon_installed_package_information.package_discovery:Found 4 installed packages in /home/olive/LVTN_2/install
[0.259s] DEBUG:colcon.colcon_installed_package_information.package_discovery:Found 430 installed packages in /opt/ros/humble
[0.261s] Level 1:colcon.colcon_core.package_discovery:discover_packages(prefix_path) using defaults
[0.302s] Level 5:colcon.colcon_core.verb:set package 'usv_controller' build argument 'cmake_args' from command line to 'None'
[0.302s] Level 5:colcon.colcon_core.verb:set package 'usv_controller' build argument 'cmake_target' from command line to 'None'
[0.302s] Level 5:colcon.colcon_core.verb:set package 'usv_controller' build argument 'cmake_target_skip_unavailable' from command line to 'False'
[0.302s] Level 5:colcon.colcon_core.verb:set package 'usv_controller' build argument 'cmake_clean_cache' from command line to 'False'
[0.302s] Level 5:colcon.colcon_core.verb:set package 'usv_controller' build argument 'cmake_clean_first' from command line to 'False'
[0.302s] Level 5:colcon.colcon_core.verb:set package 'usv_controller' build argument 'cmake_force_configure' from command line to 'False'
[0.302s] Level 5:colcon.colcon_core.verb:set package 'usv_controller' build argument 'ament_cmake_args' from command line to 'None'
[0.302s] Level 5:colcon.colcon_core.verb:set package 'usv_controller' build argument 'catkin_cmake_args' from command line to 'None'
[0.302s] Level 5:colcon.colcon_core.verb:set package 'usv_controller' build argument 'catkin_skip_building_tests' from command line to 'False'
[0.302s] DEBUG:colcon.colcon_core.verb:Building package 'usv_controller' with the following arguments: {'ament_cmake_args': None, 'build_base': '/home/olive/LVTN_2/build/usv_controller', 'catkin_cmake_args': None, 'catkin_skip_building_tests': False, 'cmake_args': None, 'cmake_clean_cache': False, 'cmake_clean_first': False, 'cmake_force_configure': False, 'cmake_target': None, 'cmake_target_skip_unavailable': False, 'install_base': '/home/olive/LVTN_2/install/usv_controller', 'merge_install': False, 'path': '/home/olive/LVTN_2/src/usv_controller', 'symlink_install': False, 'test_result_base': None}
[0.302s] Level 5:colcon.colcon_core.verb:set package 'usv_description' build argument 'cmake_args' from command line to 'None'
[0.303s] Level 5:colcon.colcon_core.verb:set package 'usv_description' build argument 'cmake_target' from command line to 'None'
[0.303s] Level 5:colcon.colcon_core.verb:set package 'usv_description' build argument 'cmake_target_skip_unavailable' from command line to 'False'
[0.303s] Level 5:colcon.colcon_core.verb:set package 'usv_description' build argument 'cmake_clean_cache' from command line to 'False'
[0.303s] Level 5:colcon.colcon_core.verb:set package 'usv_description' build argument 'cmake_clean_first' from command line to 'False'
[0.303s] Level 5:colcon.colcon_core.verb:set package 'usv_description' build argument 'cmake_force_configure' from command line to 'False'
[0.303s] Level 5:colcon.colcon_core.verb:set package 'usv_description' build argument 'ament_cmake_args' from command line to 'None'
[0.303s] Level 5:colcon.colcon_core.verb:set package 'usv_description' build argument 'catkin_cmake_args' from command line to 'None'
[0.303s] Level 5:colcon.colcon_core.verb:set package 'usv_description' build argument 'catkin_skip_building_tests' from command line to 'False'
[0.303s] DEBUG:colcon.colcon_core.verb:Building package 'usv_description' with the following arguments: {'ament_cmake_args': None, 'build_base': '/home/olive/LVTN_2/build/usv_description', 'catkin_cmake_args': None, 'catkin_skip_building_tests': False, 'cmake_args': None, 'cmake_clean_cache': False, 'cmake_clean_first': False, 'cmake_force_configure': False, 'cmake_target': None, 'cmake_target_skip_unavailable': False, 'install_base': '/home/olive/LVTN_2/install/usv_description', 'merge_install': False, 'path': '/home/olive/LVTN_2/src/usv_description', 'symlink_install': False, 'test_result_base': None}
[0.303s] Level 5:colcon.colcon_core.verb:set package 'usv_navigation' build argument 'cmake_args' from command line to 'None'
[0.303s] Level 5:colcon.colcon_core.verb:set package 'usv_navigation' build argument 'cmake_target' from command line to 'None'
[0.303s] Level 5:colcon.colcon_core.verb:set package 'usv_navigation' build argument 'cmake_target_skip_unavailable' from command line to 'False'
[0.303s] Level 5:colcon.colcon_core.verb:set package 'usv_navigation' build argument 'cmake_clean_cache' from command line to 'False'
[0.303s] Level 5:colcon.colcon_core.verb:set package 'usv_navigation' build argument 'cmake_clean_first' from command line to 'False'
[0.303s] Level 5:colcon.colcon_core.verb:set package 'usv_navigation' build argument 'cmake_force_configure' from command line to 'False'
[0.303s] Level 5:colcon.colcon_core.verb:set package 'usv_navigation' build argument 'ament_cmake_args' from command line to 'None'
[0.303s] Level 5:colcon.colcon_core.verb:set package 'usv_navigation' build argument 'catkin_cmake_args' from command line to 'None'
[0.303s] Level 5:colcon.colcon_core.verb:set package 'usv_navigation' build argument 'catkin_skip_building_tests' from command line to 'False'
[0.303s] DEBUG:colcon.colcon_core.verb:Building package 'usv_navigation' with the following arguments: {'ament_cmake_args': None, 'build_base': '/home/olive/LVTN_2/build/usv_navigation', 'catkin_cmake_args': None, 'catkin_skip_building_tests': False, 'cmake_args': None, 'cmake_clean_cache': False, 'cmake_clean_first': False, 'cmake_force_configure': False, 'cmake_target': None, 'cmake_target_skip_unavailable': False, 'install_base': '/home/olive/LVTN_2/install/usv_navigation', 'merge_install': False, 'path': '/home/olive/LVTN_2/src/usv_navigation', 'symlink_install': False, 'test_result_base': None}
[0.303s] INFO:colcon.colcon_core.executor:Executing jobs using 'parallel' executor
[0.304s] DEBUG:colcon.colcon_parallel_executor.executor.parallel:run_until_complete
[0.305s] INFO:colcon.colcon_ros.task.ament_cmake.build:Building ROS package in '/home/olive/LVTN_2/src/usv_controller' with build type 'ament_cmake'
[0.305s] INFO:colcon.colcon_cmake.task.cmake.build:Building CMake package in '/home/olive/LVTN_2/src/usv_controller'
[0.306s] INFO:colcon.colcon_core.plugin_system:Skipping extension 'colcon_core.shell.bat': Not used on non-Windows systems
[0.306s] INFO:colcon.colcon_core.shell:Skip shell extension 'powershell' for command environment: Not usable outside of PowerShell
[0.306s] DEBUG:colcon.colcon_core.shell:Skip shell extension 'dsv' for command environment
[0.310s] INFO:colcon.colcon_ros.task.ament_cmake.build:Building ROS package in '/home/olive/LVTN_2/src/usv_description' with build type 'ament_cmake'
[0.310s] INFO:colcon.colcon_cmake.task.cmake.build:Building CMake package in '/home/olive/LVTN_2/src/usv_description'
[0.310s] INFO:colcon.colcon_core.shell:Skip shell extension 'powershell' for command environment: Not usable outside of PowerShell
[0.310s] DEBUG:colcon.colcon_core.shell:Skip shell extension 'dsv' for command environment
[0.313s] INFO:colcon.colcon_ros.task.ament_cmake.build:Building ROS package in '/home/olive/LVTN_2/src/usv_navigation' with build type 'ament_cmake'
[0.313s] INFO:colcon.colcon_cmake.task.cmake.build:Building CMake package in '/home/olive/LVTN_2/src/usv_navigation'
[0.313s] INFO:colcon.colcon_core.shell:Skip shell extension 'powershell' for command environment: Not usable outside of PowerShell
[0.313s] DEBUG:colcon.colcon_core.shell:Skip shell extension 'dsv' for command environment
[0.320s] DEBUG:colcon.colcon_core.event_handler.log_command:Invoking command in '/home/olive/LVTN_2/build/usv_controller': CMAKE_PREFIX_PATH=${CMAKE_PREFIX_PATH}:/opt/ros/humble /usr/bin/cmake --build /home/olive/LVTN_2/build/usv_controller -- -j16 -l16
[0.323s] DEBUG:colcon.colcon_core.event_handler.log_command:Invoking command in '/home/olive/LVTN_2/build/usv_description': CMAKE_PREFIX_PATH=${CMAKE_PREFIX_PATH}:/opt/ros/humble /usr/bin/cmake --build /home/olive/LVTN_2/build/usv_description -- -j16 -l16
[0.325s] DEBUG:colcon.colcon_core.event_handler.log_command:Invoking command in '/home/olive/LVTN_2/build/usv_navigation': CMAKE_PREFIX_PATH=${CMAKE_PREFIX_PATH}:/opt/ros/humble /usr/bin/cmake --build /home/olive/LVTN_2/build/usv_navigation -- -j16 -l16
[0.349s] DEBUG:colcon.colcon_core.event_handler.log_command:Invoked command in '/home/olive/LVTN_2/build/usv_description' returned '0': CMAKE_PREFIX_PATH=${CMAKE_PREFIX_PATH}:/opt/ros/humble /usr/bin/cmake --build /home/olive/LVTN_2/build/usv_description -- -j16 -l16
[0.357s] DEBUG:colcon.colcon_core.event_handler.log_command:Invoking command in '/home/olive/LVTN_2/build/usv_description': CMAKE_PREFIX_PATH=${CMAKE_PREFIX_PATH}:/opt/ros/humble /usr/bin/cmake --install /home/olive/LVTN_2/build/usv_description
[0.372s] DEBUG:colcon.colcon_core.event_handler.log_command:Invoked command in '/home/olive/LVTN_2/build/usv_controller' returned '0': CMAKE_PREFIX_PATH=${CMAKE_PREFIX_PATH}:/opt/ros/humble /usr/bin/cmake --build /home/olive/LVTN_2/build/usv_controller -- -j16 -l16
[0.374s] DEBUG:colcon.colcon_core.event_handler.log_command:Invoking command in '/home/olive/LVTN_2/build/usv_controller': CMAKE_PREFIX_PATH=${CMAKE_PREFIX_PATH}:/opt/ros/humble /usr/bin/cmake --install /home/olive/LVTN_2/build/usv_controller
[0.374s] Level 1:colcon.colcon_core.environment:create_environment_scripts_only(usv_description)
[0.375s] DEBUG:colcon.colcon_core.event_handler.log_command:Invoked command in '/home/olive/LVTN_2/build/usv_description' returned '0': CMAKE_PREFIX_PATH=${CMAKE_PREFIX_PATH}:/opt/ros/humble /usr/bin/cmake --install /home/olive/LVTN_2/build/usv_description
[0.377s] Level 1:colcon.colcon_core.environment:checking '/home/olive/LVTN_2/install/usv_description' for CMake module files
[0.377s] Level 1:colcon.colcon_core.environment:checking '/home/olive/LVTN_2/install/usv_description' for CMake config files
[0.377s] Level 1:colcon.colcon_core.shell:create_environment_hook('usv_description', 'cmake_prefix_path')
[0.377s] INFO:colcon.colcon_core.shell:Creating environment hook '/home/olive/LVTN_2/install/usv_description/share/usv_description/hook/cmake_prefix_path.ps1'
[0.378s] INFO:colcon.colcon_core.shell:Creating environment descriptor '/home/olive/LVTN_2/install/usv_description/share/usv_description/hook/cmake_prefix_path.dsv'
[0.378s] INFO:colcon.colcon_core.shell:Creating environment hook '/home/olive/LVTN_2/install/usv_description/share/usv_description/hook/cmake_prefix_path.sh'
[0.379s] Level 1:colcon.colcon_core.environment:checking '/home/olive/LVTN_2/install/usv_description/bin'
[0.379s] Level 1:colcon.colcon_core.environment:checking '/home/olive/LVTN_2/install/usv_description/lib/pkgconfig/usv_description.pc'
[0.380s] Level 1:colcon.colcon_core.environment:checking '/home/olive/LVTN_2/install/usv_description/lib/python3.10/site-packages'
[0.380s] Level 1:colcon.colcon_core.environment:checking '/home/olive/LVTN_2/install/usv_description/bin'
[0.380s] INFO:colcon.colcon_core.shell:Creating package script '/home/olive/LVTN_2/install/usv_description/share/usv_description/package.ps1'
[0.382s] INFO:colcon.colcon_core.shell:Creating package descriptor '/home/olive/LVTN_2/install/usv_description/share/usv_description/package.dsv'
[0.383s] INFO:colcon.colcon_core.shell:Creating package script '/home/olive/LVTN_2/install/usv_description/share/usv_description/package.sh'
[0.383s] INFO:colcon.colcon_core.shell:Creating package script '/home/olive/LVTN_2/install/usv_description/share/usv_description/package.bash'
[0.384s] INFO:colcon.colcon_core.shell:Creating package script '/home/olive/LVTN_2/install/usv_description/share/usv_description/package.zsh'
[0.385s] Level 1:colcon.colcon_core.environment:create_file_with_runtime_dependencies(/home/olive/LVTN_2/install/usv_description/share/colcon-core/packages/usv_description)
[0.386s] Level 1:colcon.colcon_core.environment:create_environment_scripts_only(usv_description)
[0.386s] Level 1:colcon.colcon_core.environment:checking '/home/olive/LVTN_2/install/usv_description' for CMake module files
[0.386s] Level 1:colcon.colcon_core.environment:checking '/home/olive/LVTN_2/install/usv_description' for CMake config files
[0.386s] Level 1:colcon.colcon_core.shell:create_environment_hook('usv_description', 'cmake_prefix_path')
[0.387s] INFO:colcon.colcon_core.shell:Creating environment hook '/home/olive/LVTN_2/install/usv_description/share/usv_description/hook/cmake_prefix_path.ps1'
[0.387s] INFO:colcon.colcon_core.shell:Creating environment descriptor '/home/olive/LVTN_2/install/usv_description/share/usv_description/hook/cmake_prefix_path.dsv'
[0.387s] INFO:colcon.colcon_core.shell:Creating environment hook '/home/olive/LVTN_2/install/usv_description/share/usv_description/hook/cmake_prefix_path.sh'
[0.388s] Level 1:colcon.colcon_core.environment:checking '/home/olive/LVTN_2/install/usv_description/bin'
[0.388s] Level 1:colcon.colcon_core.environment:checking '/home/olive/LVTN_2/install/usv_description/lib/pkgconfig/usv_description.pc'
[0.388s] Level 1:colcon.colcon_core.environment:checking '/home/olive/LVTN_2/install/usv_description/lib/python3.10/site-packages'
[0.388s] Level 1:colcon.colcon_core.environment:checking '/home/olive/LVTN_2/install/usv_description/bin'
[0.388s] INFO:colcon.colcon_core.shell:Creating package script '/home/olive/LVTN_2/install/usv_description/share/usv_description/package.ps1'
[0.389s] INFO:colcon.colcon_core.shell:Creating package descriptor '/home/olive/LVTN_2/install/usv_description/share/usv_description/package.dsv'
[0.389s] INFO:colcon.colcon_core.shell:Creating package script '/home/olive/LVTN_2/install/usv_description/share/usv_description/package.sh'
[0.390s] INFO:colcon.colcon_core.shell:Creating package script '/home/olive/LVTN_2/install/usv_description/share/usv_description/package.bash'
[0.390s] INFO:colcon.colcon_core.shell:Creating package script '/home/olive/LVTN_2/install/usv_description/share/usv_description/package.zsh'
[0.390s] Level 1:colcon.colcon_core.environment:create_file_with_runtime_dependencies(/home/olive/LVTN_2/install/usv_description/share/colcon-core/packages/usv_description)
[0.391s] Level 1:colcon.colcon_core.environment:create_environment_scripts_only(usv_controller)
[0.391s] Level 1:colcon.colcon_core.environment:checking '/home/olive/LVTN_2/install/usv_controller' for CMake module files
[0.392s] DEBUG:colcon.colcon_core.event_handler.log_command:Invoked command in '/home/olive/LVTN_2/build/usv_controller' returned '0': CMAKE_PREFIX_PATH=${CMAKE_PREFIX_PATH}:/opt/ros/humble /usr/bin/cmake --install /home/olive/LVTN_2/build/usv_controller
[0.392s] Level 1:colcon.colcon_core.environment:checking '/home/olive/LVTN_2/install/usv_controller' for CMake config files
[0.393s] Level 1:colcon.colcon_core.shell:create_environment_hook('usv_controller', 'cmake_prefix_path')
[0.393s] INFO:colcon.colcon_core.shell:Creating environment hook '/home/olive/LVTN_2/install/usv_controller/share/usv_controller/hook/cmake_prefix_path.ps1'
[0.393s] INFO:colcon.colcon_core.shell:Creating environment descriptor '/home/olive/LVTN_2/install/usv_controller/share/usv_controller/hook/cmake_prefix_path.dsv'
[0.394s] INFO:colcon.colcon_core.shell:Creating environment hook '/home/olive/LVTN_2/install/usv_controller/share/usv_controller/hook/cmake_prefix_path.sh'
[0.394s] Level 1:colcon.colcon_core.environment:checking '/home/olive/LVTN_2/install/usv_controller/lib'
[0.394s] Level 1:colcon.colcon_core.environment:checking '/home/olive/LVTN_2/install/usv_controller/bin'
[0.394s] Level 1:colcon.colcon_core.environment:checking '/home/olive/LVTN_2/install/usv_controller/lib/pkgconfig/usv_controller.pc'
[0.394s] Level 1:colcon.colcon_core.environment:checking '/home/olive/LVTN_2/install/usv_controller/lib/python3.10/site-packages'
[0.395s] Level 1:colcon.colcon_core.environment:checking '/home/olive/LVTN_2/install/usv_controller/bin'
[0.395s] INFO:colcon.colcon_core.shell:Creating package script '/home/olive/LVTN_2/install/usv_controller/share/usv_controller/package.ps1'
[0.395s] INFO:colcon.colcon_core.shell:Creating package descriptor '/home/olive/LVTN_2/install/usv_controller/share/usv_controller/package.dsv'
[0.396s] INFO:colcon.colcon_core.shell:Creating package script '/home/olive/LVTN_2/install/usv_controller/share/usv_controller/package.sh'
[0.396s] INFO:colcon.colcon_core.shell:Creating package script '/home/olive/LVTN_2/install/usv_controller/share/usv_controller/package.bash'
[0.396s] INFO:colcon.colcon_core.shell:Creating package script '/home/olive/LVTN_2/install/usv_controller/share/usv_controller/package.zsh'
[0.397s] Level 1:colcon.colcon_core.environment:create_file_with_runtime_dependencies(/home/olive/LVTN_2/install/usv_controller/share/colcon-core/packages/usv_controller)
[0.397s] Level 1:colcon.colcon_core.environment:create_environment_scripts_only(usv_controller)
[0.397s] Level 1:colcon.colcon_core.environment:checking '/home/olive/LVTN_2/install/usv_controller' for CMake module files
[0.397s] Level 1:colcon.colcon_core.environment:checking '/home/olive/LVTN_2/install/usv_controller' for CMake config files
[0.398s] Level 1:colcon.colcon_core.shell:create_environment_hook('usv_controller', 'cmake_prefix_path')
[0.398s] INFO:colcon.colcon_core.shell:Creating environment hook '/home/olive/LVTN_2/install/usv_controller/share/usv_controller/hook/cmake_prefix_path.ps1'
[0.398s] INFO:colcon.colcon_core.shell:Creating environment descriptor '/home/olive/LVTN_2/install/usv_controller/share/usv_controller/hook/cmake_prefix_path.dsv'
[0.398s] INFO:colcon.colcon_core.shell:Creating environment hook '/home/olive/LVTN_2/install/usv_controller/share/usv_controller/hook/cmake_prefix_path.sh'
[0.399s] Level 1:colcon.colcon_core.environment:checking '/home/olive/LVTN_2/install/usv_controller/lib'
[0.399s] Level 1:colcon.colcon_core.environment:checking '/home/olive/LVTN_2/install/usv_controller/bin'
[0.399s] Level 1:colcon.colcon_core.environment:checking '/home/olive/LVTN_2/install/usv_controller/lib/pkgconfig/usv_controller.pc'
[0.399s] Level 1:colcon.colcon_core.environment:checking '/home/olive/LVTN_2/install/usv_controller/lib/python3.10/site-packages'
[0.399s] Level 1:colcon.colcon_core.environment:checking '/home/olive/LVTN_2/install/usv_controller/bin'
[0.400s] INFO:colcon.colcon_core.shell:Creating package script '/home/olive/LVTN_2/install/usv_controller/share/usv_controller/package.ps1'
[0.400s] INFO:colcon.colcon_core.shell:Creating package descriptor '/home/olive/LVTN_2/install/usv_controller/share/usv_controller/package.dsv'
[0.400s] INFO:colcon.colcon_core.shell:Creating package script '/home/olive/LVTN_2/install/usv_controller/share/usv_controller/package.sh'
[0.401s] INFO:colcon.colcon_core.shell:Creating package script '/home/olive/LVTN_2/install/usv_controller/share/usv_controller/package.bash'
[0.401s] INFO:colcon.colcon_core.shell:Creating package script '/home/olive/LVTN_2/install/usv_controller/share/usv_controller/package.zsh'
[0.401s] Level 1:colcon.colcon_core.environment:create_file_with_runtime_dependencies(/home/olive/LVTN_2/install/usv_controller/share/colcon-core/packages/usv_controller)
[9.104s] DEBUG:colcon.colcon_core.event_handler.log_command:Invoked command in '/home/olive/LVTN_2/build/usv_navigation' returned '0': CMAKE_PREFIX_PATH=${CMAKE_PREFIX_PATH}:/opt/ros/humble /usr/bin/cmake --build /home/olive/LVTN_2/build/usv_navigation -- -j16 -l16
[9.105s] DEBUG:colcon.colcon_core.event_handler.log_command:Invoking command in '/home/olive/LVTN_2/build/usv_navigation': CMAKE_PREFIX_PATH=${CMAKE_PREFIX_PATH}:/opt/ros/humble /usr/bin/cmake --install /home/olive/LVTN_2/build/usv_navigation
[9.117s] Level 1:colcon.colcon_core.environment:create_environment_scripts_only(usv_navigation)
[9.117s] Level 1:colcon.colcon_core.environment:checking '/home/olive/LVTN_2/install/usv_navigation' for CMake module files
[9.117s] DEBUG:colcon.colcon_core.event_handler.log_command:Invoked command in '/home/olive/LVTN_2/build/usv_navigation' returned '0': CMAKE_PREFIX_PATH=${CMAKE_PREFIX_PATH}:/opt/ros/humble /usr/bin/cmake --install /home/olive/LVTN_2/build/usv_navigation
[9.118s] Level 1:colcon.colcon_core.environment:checking '/home/olive/LVTN_2/install/usv_navigation' for CMake config files
[9.118s] Level 1:colcon.colcon_core.shell:create_environment_hook('usv_navigation', 'cmake_prefix_path')
[9.118s] INFO:colcon.colcon_core.shell:Creating environment hook '/home/olive/LVTN_2/install/usv_navigation/share/usv_navigation/hook/cmake_prefix_path.ps1'
[9.118s] INFO:colcon.colcon_core.shell:Creating environment descriptor '/home/olive/LVTN_2/install/usv_navigation/share/usv_navigation/hook/cmake_prefix_path.dsv'
[9.119s] INFO:colcon.colcon_core.shell:Creating environment hook '/home/olive/LVTN_2/install/usv_navigation/share/usv_navigation/hook/cmake_prefix_path.sh'
[9.119s] Level 1:colcon.colcon_core.environment:checking '/home/olive/LVTN_2/install/usv_navigation/lib'
[9.119s] Level 1:colcon.colcon_core.environment:checking '/home/olive/LVTN_2/install/usv_navigation/bin'
[9.119s] Level 1:colcon.colcon_core.environment:checking '/home/olive/LVTN_2/install/usv_navigation/lib/pkgconfig/usv_navigation.pc'
[9.119s] Level 1:colcon.colcon_core.environment:checking '/home/olive/LVTN_2/install/usv_navigation/lib/python3.10/site-packages'
[9.120s] Level 1:colcon.colcon_core.environment:checking '/home/olive/LVTN_2/install/usv_navigation/bin'
[9.120s] INFO:colcon.colcon_core.shell:Creating package script '/home/olive/LVTN_2/install/usv_navigation/share/usv_navigation/package.ps1'
[9.120s] INFO:colcon.colcon_core.shell:Creating package descriptor '/home/olive/LVTN_2/install/usv_navigation/share/usv_navigation/package.dsv'
[9.121s] INFO:colcon.colcon_core.shell:Creating package script '/home/olive/LVTN_2/install/usv_navigation/share/usv_navigation/package.sh'
[9.121s] INFO:colcon.colcon_core.shell:Creating package script '/home/olive/LVTN_2/install/usv_navigation/share/usv_navigation/package.bash'
[9.121s] INFO:colcon.colcon_core.shell:Creating package script '/home/olive/LVTN_2/install/usv_navigation/share/usv_navigation/package.zsh'
[9.121s] Level 1:colcon.colcon_core.environment:create_file_with_runtime_dependencies(/home/olive/LVTN_2/install/usv_navigation/share/colcon-core/packages/usv_navigation)
[9.122s] Level 1:colcon.colcon_core.environment:create_environment_scripts_only(usv_navigation)
[9.122s] Level 1:colcon.colcon_core.environment:checking '/home/olive/LVTN_2/install/usv_navigation' for CMake module files
[9.122s] Level 1:colcon.colcon_core.environment:checking '/home/olive/LVTN_2/install/usv_navigation' for CMake config files
[9.123s] Level 1:colcon.colcon_core.shell:create_environment_hook('usv_navigation', 'cmake_prefix_path')
[9.123s] INFO:colcon.colcon_core.shell:Creating environment hook '/home/olive/LVTN_2/install/usv_navigation/share/usv_navigation/hook/cmake_prefix_path.ps1'
[9.123s] INFO:colcon.colcon_core.shell:Creating environment descriptor '/home/olive/LVTN_2/install/usv_navigation/share/usv_navigation/hook/cmake_prefix_path.dsv'
[9.123s] INFO:colcon.colcon_core.shell:Creating environment hook '/home/olive/LVTN_2/install/usv_navigation/share/usv_navigation/hook/cmake_prefix_path.sh'
[9.124s] Level 1:colcon.colcon_core.environment:checking '/home/olive/LVTN_2/install/usv_navigation/lib'
[9.124s] Level 1:colcon.colcon_core.environment:checking '/home/olive/LVTN_2/install/usv_navigation/bin'
[9.124s] Level 1:colcon.colcon_core.environment:checking '/home/olive/LVTN_2/install/usv_navigation/lib/pkgconfig/usv_navigation.pc'
[9.124s] Level 1:colcon.colcon_core.environment:checking '/home/olive/LVTN_2/install/usv_navigation/lib/python3.10/site-packages'
[9.125s] Level 1:colcon.colcon_core.environment:checking '/home/olive/LVTN_2/install/usv_navigation/bin'
[9.125s] INFO:colcon.colcon_core.shell:Creating package script '/home/olive/LVTN_2/install/usv_navigation/share/usv_navigation/package.ps1'
[9.126s] INFO:colcon.colcon_core.shell:Creating package descriptor '/home/olive/LVTN_2/install/usv_navigation/share/usv_navigation/package.dsv'
[9.126s] INFO:colcon.colcon_core.shell:Creating package script '/home/olive/LVTN_2/install/usv_navigation/share/usv_navigation/package.sh'
[9.127s] INFO:colcon.colcon_core.shell:Creating package script '/home/olive/LVTN_2/install/usv_navigation/share/usv_navigation/package.bash'
[9.127s] INFO:colcon.colcon_core.shell:Creating package script '/home/olive/LVTN_2/install/usv_navigation/share/usv_navigation/package.zsh'
[9.127s] Level 1:colcon.colcon_core.environment:create_file_with_runtime_dependencies(/home/olive/LVTN_2/install/usv_navigation/share/colcon-core/packages/usv_navigation)
[9.128s] DEBUG:colcon.colcon_parallel_executor.executor.parallel:closing loop
[9.128s] DEBUG:colcon.colcon_parallel_executor.executor.parallel:loop closed
[9.128s] DEBUG:colcon.colcon_parallel_executor.executor.parallel:run_until_complete finished with '0'
[9.128s] DEBUG:colcon.colcon_core.event_reactor:joining thread
[9.132s] INFO:colcon.colcon_core.plugin_system:Skipping extension 'colcon_notification.desktop_notification.terminal_notifier': Not used on non-Darwin systems
[9.132s] INFO:colcon.colcon_core.plugin_system:Skipping extension 'colcon_notification.desktop_notification.win32': Not used on non-Windows systems
[9.132s] INFO:colcon.colcon_notification.desktop_notification:Sending desktop notification using 'notify2'
[9.144s] DEBUG:colcon.colcon_core.event_reactor:joined thread
[9.144s] INFO:colcon.colcon_core.shell:Creating prefix script '/home/olive/LVTN_2/install/local_setup.ps1'
[9.145s] INFO:colcon.colcon_core.shell:Creating prefix util module '/home/olive/LVTN_2/install/_local_setup_util_ps1.py'
[9.147s] INFO:colcon.colcon_core.shell:Creating prefix chain script '/home/olive/LVTN_2/install/setup.ps1'
[9.149s] INFO:colcon.colcon_core.shell:Creating prefix script '/home/olive/LVTN_2/install/local_setup.sh'
[9.150s] INFO:colcon.colcon_core.shell:Creating prefix util module '/home/olive/LVTN_2/install/_local_setup_util_sh.py'
[9.150s] INFO:colcon.colcon_core.shell:Creating prefix chain script '/home/olive/LVTN_2/install/setup.sh'
[9.152s] INFO:colcon.colcon_core.shell:Creating prefix script '/home/olive/LVTN_2/install/local_setup.bash'
[9.153s] INFO:colcon.colcon_core.shell:Creating prefix chain script '/home/olive/LVTN_2/install/setup.bash'
[9.154s] INFO:colcon.colcon_core.shell:Creating prefix script '/home/olive/LVTN_2/install/local_setup.zsh'
[9.154s] INFO:colcon.colcon_core.shell:Creating prefix chain script '/home/olive/LVTN_2/install/setup.zsh'
