[35m[1mConsolidate compiler generated dependencies of target thruster_controller[0m
[ 50%] Built target state_reader
[ 75%] [32mBuilding CXX object CMakeFiles/thruster_controller.dir/src/thruster_controller.cpp.o[0m
[01m[K/home/olive/LVTN_2/src/usv_controller/src/thruster_controller.cpp:241:2:[m[K [01;31m[Kerror: [m[Kexpected ‘[01m[K;[m[K’ after class definition
  241 | }
      |  [01;31m[K^[m[K
      |  [32m[K;[m[K
[01m[K/home/olive/LVTN_2/src/usv_controller/src/thruster_controller.cpp:[m[K In constructor ‘[01m[KThrusterController::ThrusterController()[m[K’:
[01m[K/home/olive/LVTN_2/src/usv_controller/src/thruster_controller.cpp:71:58:[m[K [01;31m[Kerror: [m[K‘[01m[KControlLoop[m[K’ is not a member of ‘[01m[KThrusterController[m[K’
   71 |                                     &ThrusterController::[01;31m[KControlLoop[m[K,
      |                                                          [01;31m[K^~~~~~~~~~~[m[K
[01m[K/home/olive/LVTN_2/src/usv_controller/src/thruster_controller.cpp:[m[K In function ‘[01m[Kvoid PublishWrench(double, double, double)[m[K’:
[01m[K/home/olive/LVTN_2/src/usv_controller/src/thruster_controller.cpp:247:28:[m[K [01;31m[Kerror: [m[K‘[01m[Kpsi_[m[K’ was not declared in this scope
  247 |         q.setRPY(0.0, 0.0, [01;31m[Kpsi_[m[K+3.14/2);
      |                            [01;31m[K^~~~[m[K
[01m[K/home/olive/LVTN_2/src/usv_controller/src/thruster_controller.cpp:266:28:[m[K [01;31m[Kerror: [m[Kinvalid use of ‘[01m[Kthis[m[K’ in non-member function
  266 |         msg.header.stamp = [01;31m[Kthis[m[K->now();
      |                            [01;31m[K^~~~[m[K
[01m[K/home/olive/LVTN_2/src/usv_controller/src/thruster_controller.cpp:280:9:[m[K [01;31m[Kerror: [m[K‘[01m[Kpub[m[K’ was not declared in this scope
  280 |         [01;31m[Kpub[m[K->publish(msg);
      |         [01;31m[K^~~[m[K
[01m[K/home/olive/LVTN_2/src/usv_controller/src/thruster_controller.cpp:[m[K In function ‘[01m[Kvoid ControlLoop()[m[K’:
[01m[K/home/olive/LVTN_2/src/usv_controller/src/thruster_controller.cpp:286:9:[m[K [01;31m[Kerror: [m[K‘[01m[Kkeyboard_control_flag_[m[K’ was not declared in this scope
  286 |     if ([01;31m[Kkeyboard_control_flag_[m[K)
      |         [01;31m[K^~~~~~~~~~~~~~~~~~~~~~[m[K
[01m[K/home/olive/LVTN_2/src/usv_controller/src/thruster_controller.cpp:288:9:[m[K [01;31m[Kerror: [m[K‘[01m[KKeyboardControl[m[K’ was not declared in this scope
  288 |         [01;31m[KKeyboardControl[m[K();
      |         [01;31m[K^~~~~~~~~~~~~~~[m[K
[01m[K/home/olive/LVTN_2/src/usv_controller/src/thruster_controller.cpp:290:13:[m[K [01;31m[Kerror: [m[K‘[01m[KX_keyboard_[m[K’ was not declared in this scope
  290 |             [01;31m[KX_keyboard_[m[K,
      |             [01;31m[K^~~~~~~~~~~[m[K
[01m[K/home/olive/LVTN_2/src/usv_controller/src/thruster_controller.cpp:291:13:[m[K [01;31m[Kerror: [m[K‘[01m[KY_keyboard_[m[K’ was not declared in this scope
  291 |             [01;31m[KY_keyboard_[m[K,
      |             [01;31m[K^~~~~~~~~~~[m[K
[01m[K/home/olive/LVTN_2/src/usv_controller/src/thruster_controller.cpp:292:13:[m[K [01;31m[Kerror: [m[K‘[01m[KN_keyboard_[m[K’ was not declared in this scope
  292 |             [01;31m[KN_keyboard_[m[K);
      |             [01;31m[K^~~~~~~~~~~[m[K
[01m[K/home/olive/LVTN_2/src/usv_controller/src/thruster_controller.cpp:297:22:[m[K [01;31m[Kerror: [m[K‘[01m[Ku_d_[m[K’ was not declared in this scope
  297 |     double error_u = [01;31m[Ku_d_[m[K - u_;
      |                      [01;31m[K^~~~[m[K
[01m[K/home/olive/LVTN_2/src/usv_controller/src/thruster_controller.cpp:297:29:[m[K [01;31m[Kerror: [m[K‘[01m[Ku_[m[K’ was not declared in this scope
  297 |     double error_u = u_d_ - [01;31m[Ku_[m[K;
      |                             [01;31m[K^~[m[K
[01m[K/home/olive/LVTN_2/src/usv_controller/src/thruster_controller.cpp:298:22:[m[K [01;31m[Kerror: [m[K‘[01m[Kv_d_[m[K’ was not declared in this scope
  298 |     double error_v = [01;31m[Kv_d_[m[K - v_;
      |                      [01;31m[K^~~~[m[K
[01m[K/home/olive/LVTN_2/src/usv_controller/src/thruster_controller.cpp:298:29:[m[K [01;31m[Kerror: [m[K‘[01m[Kv_[m[K’ was not declared in this scope
  298 |     double error_v = v_d_ - [01;31m[Kv_[m[K;
      |                             [01;31m[K^~[m[K
[01m[K/home/olive/LVTN_2/src/usv_controller/src/thruster_controller.cpp:300:24:[m[K [01;31m[Kerror: [m[K‘[01m[Kpsi_d_[m[K’ was not declared in this scope
  300 |     double error_psi = [01;31m[Kpsi_d_[m[K - psi_;
      |                        [01;31m[K^~~~~~[m[K
[01m[K/home/olive/LVTN_2/src/usv_controller/src/thruster_controller.cpp:300:33:[m[K [01;31m[Kerror: [m[K‘[01m[Kpsi_[m[K’ was not declared in this scope
  300 |     double error_psi = psi_d_ - [01;31m[Kpsi_[m[K;
      |                                 [01;31m[K^~~~[m[K
[01m[K/home/olive/LVTN_2/src/usv_controller/src/thruster_controller.cpp:297:12:[m[K [01;35m[Kwarning: [m[Kunused variable ‘[01m[Kerror_u[m[K’ [[01;35m[K]8;;https://gcc.gnu.org/onlinedocs/gcc/Warning-Options.html#index-Wunused-variable-Wunused-variable]8;;[m[K]
  297 |     double [01;35m[Kerror_u[m[K = u_d_ - u_;
      |            [01;35m[K^~~~~~~[m[K
[01m[K/home/olive/LVTN_2/src/usv_controller/src/thruster_controller.cpp:298:12:[m[K [01;35m[Kwarning: [m[Kunused variable ‘[01m[Kerror_v[m[K’ [[01;35m[K]8;;https://gcc.gnu.org/onlinedocs/gcc/Warning-Options.html#index-Wunused-variable-Wunused-variable]8;;[m[K]
  298 |     double [01;35m[Kerror_v[m[K = v_d_ - v_;
      |            [01;35m[K^~~~~~~[m[K
[01m[K/home/olive/LVTN_2/src/usv_controller/src/thruster_controller.cpp:[m[K At global scope:
[01m[K/home/olive/LVTN_2/src/usv_controller/src/thruster_controller.cpp:310:1:[m[K [01;31m[Kerror: [m[Kexpected declaration before ‘[01m[K}[m[K’ token
  310 | [01;31m[K}[m[K;
      | [01;31m[K^[m[K
gmake[2]: *** [CMakeFiles/thruster_controller.dir/build.make:76: CMakeFiles/thruster_controller.dir/src/thruster_controller.cpp.o] Error 1
gmake[1]: *** [CMakeFiles/Makefile2:165: CMakeFiles/thruster_controller.dir/all] Error 2
gmake: *** [Makefile:146: all] Error 2
