[0.009s] Invoking command in '/home/olive/LVTN_2/build/usv_controller': CMAKE_PREFIX_PATH=/opt/ros/humble /usr/bin/cmake --build /home/olive/LVTN_2/build/usv_controller -- -j16 -l16
[0.039s] [35m[1mConsolidate compiler generated dependencies of target thruster_controller[0m
[0.049s] [ 50%] Built target state_reader
[0.052s] [ 75%] [32mBuilding CXX object CMakeFiles/thruster_controller.dir/src/thruster_controller.cpp.o[0m
[2.489s] [01m[K/home/olive/LVTN_2/src/usv_controller/src/thruster_controller.cpp:241:2:[m[K [01;31m[Kerror: [m[Kexpected ‘[01m[K;[m[K’ after class definition
[2.489s]   241 | }
[2.489s]       |  [01;31m[K^[m[K
[2.489s]       |  [32m[K;[m[K
[2.503s] [01m[K/home/olive/LVTN_2/src/usv_controller/src/thruster_controller.cpp:[m[K In constructor ‘[01m[KThrusterController::ThrusterController()[m[K’:
[2.503s] [01m[K/home/olive/LVTN_2/src/usv_controller/src/thruster_controller.cpp:71:58:[m[K [01;31m[Kerror: [m[K‘[01m[KControlLoop[m[K’ is not a member of ‘[01m[KThrusterController[m[K’
[2.504s]    71 |                                     &ThrusterController::[01;31m[KControlLoop[m[K,
[2.504s]       |                                                          [01;31m[K^~~~~~~~~~~[m[K
[2.510s] [01m[K/home/olive/LVTN_2/src/usv_controller/src/thruster_controller.cpp:[m[K In function ‘[01m[Kvoid PublishWrench(double, double, double)[m[K’:
[2.510s] [01m[K/home/olive/LVTN_2/src/usv_controller/src/thruster_controller.cpp:247:28:[m[K [01;31m[Kerror: [m[K‘[01m[Kpsi_[m[K’ was not declared in this scope
[2.510s]   247 |         q.setRPY(0.0, 0.0, [01;31m[Kpsi_[m[K+3.14/2);
[2.510s]       |                            [01;31m[K^~~~[m[K
[2.510s] [01m[K/home/olive/LVTN_2/src/usv_controller/src/thruster_controller.cpp:266:28:[m[K [01;31m[Kerror: [m[Kinvalid use of ‘[01m[Kthis[m[K’ in non-member function
[2.511s]   266 |         msg.header.stamp = [01;31m[Kthis[m[K->now();
[2.511s]       |                            [01;31m[K^~~~[m[K
[2.513s] [01m[K/home/olive/LVTN_2/src/usv_controller/src/thruster_controller.cpp:280:9:[m[K [01;31m[Kerror: [m[K‘[01m[Kpub[m[K’ was not declared in this scope
[2.513s]   280 |         [01;31m[Kpub[m[K->publish(msg);
[2.513s]       |         [01;31m[K^~~[m[K
[2.520s] [01m[K/home/olive/LVTN_2/src/usv_controller/src/thruster_controller.cpp:[m[K In function ‘[01m[Kvoid ControlLoop()[m[K’:
[2.520s] [01m[K/home/olive/LVTN_2/src/usv_controller/src/thruster_controller.cpp:286:9:[m[K [01;31m[Kerror: [m[K‘[01m[Kkeyboard_control_flag_[m[K’ was not declared in this scope
[2.520s]   286 |     if ([01;31m[Kkeyboard_control_flag_[m[K)
[2.521s]       |         [01;31m[K^~~~~~~~~~~~~~~~~~~~~~[m[K
[2.525s] [01m[K/home/olive/LVTN_2/src/usv_controller/src/thruster_controller.cpp:288:9:[m[K [01;31m[Kerror: [m[K‘[01m[KKeyboardControl[m[K’ was not declared in this scope
[2.525s]   288 |         [01;31m[KKeyboardControl[m[K();
[2.525s]       |         [01;31m[K^~~~~~~~~~~~~~~[m[K
[2.530s] [01m[K/home/olive/LVTN_2/src/usv_controller/src/thruster_controller.cpp:290:13:[m[K [01;31m[Kerror: [m[K‘[01m[KX_keyboard_[m[K’ was not declared in this scope
[2.530s]   290 |             [01;31m[KX_keyboard_[m[K,
[2.530s]       |             [01;31m[K^~~~~~~~~~~[m[K
[2.534s] [01m[K/home/olive/LVTN_2/src/usv_controller/src/thruster_controller.cpp:291:13:[m[K [01;31m[Kerror: [m[K‘[01m[KY_keyboard_[m[K’ was not declared in this scope
[2.534s]   291 |             [01;31m[KY_keyboard_[m[K,
[2.535s]       |             [01;31m[K^~~~~~~~~~~[m[K
[2.539s] [01m[K/home/olive/LVTN_2/src/usv_controller/src/thruster_controller.cpp:292:13:[m[K [01;31m[Kerror: [m[K‘[01m[KN_keyboard_[m[K’ was not declared in this scope
[2.539s]   292 |             [01;31m[KN_keyboard_[m[K);
[2.539s]       |             [01;31m[K^~~~~~~~~~~[m[K
[2.542s] [01m[K/home/olive/LVTN_2/src/usv_controller/src/thruster_controller.cpp:297:22:[m[K [01;31m[Kerror: [m[K‘[01m[Ku_d_[m[K’ was not declared in this scope
[2.542s]   297 |     double error_u = [01;31m[Ku_d_[m[K - u_;
[2.542s]       |                      [01;31m[K^~~~[m[K
[2.544s] [01m[K/home/olive/LVTN_2/src/usv_controller/src/thruster_controller.cpp:297:29:[m[K [01;31m[Kerror: [m[K‘[01m[Ku_[m[K’ was not declared in this scope
[2.544s]   297 |     double error_u = u_d_ - [01;31m[Ku_[m[K;
[2.544s]       |                             [01;31m[K^~[m[K
[2.547s] [01m[K/home/olive/LVTN_2/src/usv_controller/src/thruster_controller.cpp:298:22:[m[K [01;31m[Kerror: [m[K‘[01m[Kv_d_[m[K’ was not declared in this scope
[2.547s]   298 |     double error_v = [01;31m[Kv_d_[m[K - v_;
[2.547s]       |                      [01;31m[K^~~~[m[K
[2.549s] [01m[K/home/olive/LVTN_2/src/usv_controller/src/thruster_controller.cpp:298:29:[m[K [01;31m[Kerror: [m[K‘[01m[Kv_[m[K’ was not declared in this scope
[2.549s]   298 |     double error_v = v_d_ - [01;31m[Kv_[m[K;
[2.550s]       |                             [01;31m[K^~[m[K
[2.552s] [01m[K/home/olive/LVTN_2/src/usv_controller/src/thruster_controller.cpp:300:24:[m[K [01;31m[Kerror: [m[K‘[01m[Kpsi_d_[m[K’ was not declared in this scope
[2.553s]   300 |     double error_psi = [01;31m[Kpsi_d_[m[K - psi_;
[2.553s]       |                        [01;31m[K^~~~~~[m[K
[2.555s] [01m[K/home/olive/LVTN_2/src/usv_controller/src/thruster_controller.cpp:300:33:[m[K [01;31m[Kerror: [m[K‘[01m[Kpsi_[m[K’ was not declared in this scope
[2.555s]   300 |     double error_psi = psi_d_ - [01;31m[Kpsi_[m[K;
[2.556s]       |                                 [01;31m[K^~~~[m[K
[2.556s] [01m[K/home/olive/LVTN_2/src/usv_controller/src/thruster_controller.cpp:297:12:[m[K [01;35m[Kwarning: [m[Kunused variable ‘[01m[Kerror_u[m[K’ [[01;35m[K]8;;https://gcc.gnu.org/onlinedocs/gcc/Warning-Options.html#index-Wunused-variable-Wunused-variable]8;;[m[K]
[2.556s]   297 |     double [01;35m[Kerror_u[m[K = u_d_ - u_;
[2.556s]       |            [01;35m[K^~~~~~~[m[K
[2.556s] [01m[K/home/olive/LVTN_2/src/usv_controller/src/thruster_controller.cpp:298:12:[m[K [01;35m[Kwarning: [m[Kunused variable ‘[01m[Kerror_v[m[K’ [[01;35m[K]8;;https://gcc.gnu.org/onlinedocs/gcc/Warning-Options.html#index-Wunused-variable-Wunused-variable]8;;[m[K]
[2.556s]   298 |     double [01;35m[Kerror_v[m[K = v_d_ - v_;
[2.556s]       |            [01;35m[K^~~~~~~[m[K
[2.557s] [01m[K/home/olive/LVTN_2/src/usv_controller/src/thruster_controller.cpp:[m[K At global scope:
[2.557s] [01m[K/home/olive/LVTN_2/src/usv_controller/src/thruster_controller.cpp:310:1:[m[K [01;31m[Kerror: [m[Kexpected declaration before ‘[01m[K}[m[K’ token
[2.557s]   310 | [01;31m[K}[m[K;
[2.557s]       | [01;31m[K^[m[K
[4.993s] gmake[2]: *** [CMakeFiles/thruster_controller.dir/build.make:76: CMakeFiles/thruster_controller.dir/src/thruster_controller.cpp.o] Error 1
[4.993s] gmake[1]: *** [CMakeFiles/Makefile2:165: CMakeFiles/thruster_controller.dir/all] Error 2
[4.993s] gmake: *** [Makefile:146: all] Error 2
[4.997s] Invoked command in '/home/olive/LVTN_2/build/usv_controller' returned '2': CMAKE_PREFIX_PATH=/opt/ros/humble /usr/bin/cmake --build /home/olive/LVTN_2/build/usv_controller -- -j16 -l16
