[0.155s] DEBUG:colcon:Command line arguments: ['/usr/bin/colcon', 'build', '--event-handlers', 'console_direct+']
[0.155s] DEBUG:colcon:Parsed command line arguments: Namespace(log_base=None, log_level=None, verb_name='build', build_base='build', install_base='install', merge_install=False, symlink_install=False, test_result_base=None, continue_on_error=False, executor='parallel', parallel_workers=16, event_handlers=['console_direct+'], ignore_user_meta=False, metas=['./colcon.meta'], base_paths=['.'], packages_ignore=None, packages_ignore_regex=None, paths=None, packages_up_to=None, packages_up_to_regex=None, packages_above=None, packages_above_and_dependencies=None, packages_above_depth=None, packages_select_by_dep=None, packages_skip_by_dep=None, packages_skip_up_to=None, packages_select_build_failed=False, packages_skip_build_finished=False, packages_select_test_failures=False, packages_skip_test_passed=False, packages_select=None, packages_skip=None, packages_select_regex=None, packages_skip_regex=None, packages_start=None, packages_end=None, allow_overriding=[], cmake_args=None, cmake_target=None, cmake_target_skip_unavailable=False, cmake_clean_cache=False, cmake_clean_first=False, cmake_force_configure=False, ament_cmake_args=None, catkin_cmake_args=None, catkin_skip_building_tests=False, verb_parser=<colcon_defaults.argument_parser.defaults.DefaultArgumentsDecorator object at 0x748bf1475690>, verb_extension=<colcon_core.verb.build.BuildVerb object at 0x748bf1474d90>, main=<bound method BuildVerb.main of <colcon_core.verb.build.BuildVerb object at 0x748bf1474d90>>)
[0.413s] Level 1:colcon.colcon_core.package_discovery:discover_packages(colcon_meta) check parameters
[0.413s] Level 1:colcon.colcon_core.package_discovery:discover_packages(recursive) check parameters
[0.413s] Level 1:colcon.colcon_core.package_discovery:discover_packages(ignore) check parameters
[0.413s] Level 1:colcon.colcon_core.package_discovery:discover_packages(path) check parameters
[0.413s] Level 1:colcon.colcon_core.package_discovery:discover_packages(colcon_meta) discover
[0.413s] Level 1:colcon.colcon_core.package_discovery:discover_packages(recursive) discover
[0.413s] INFO:colcon.colcon_core.package_discovery:Crawling recursively for packages in '/home/olive/LVTN_2'
[0.414s] Level 1:colcon.colcon_core.package_identification:_identify(.) by extensions ['ignore', 'ignore_ament_install']
[0.414s] Level 1:colcon.colcon_core.package_identification:_identify(.) by extension 'ignore'
[0.414s] Level 1:colcon.colcon_core.package_identification:_identify(.) by extension 'ignore_ament_install'
[0.414s] Level 1:colcon.colcon_core.package_identification:_identify(.) by extensions ['colcon_pkg']
[0.414s] Level 1:colcon.colcon_core.package_identification:_identify(.) by extension 'colcon_pkg'
[0.414s] Level 1:colcon.colcon_core.package_identification:_identify(.) by extensions ['colcon_meta']
[0.414s] Level 1:colcon.colcon_core.package_identification:_identify(.) by extension 'colcon_meta'
[0.414s] Level 1:colcon.colcon_core.package_identification:_identify(.) by extensions ['ros']
[0.414s] Level 1:colcon.colcon_core.package_identification:_identify(.) by extension 'ros'
[0.429s] Level 1:colcon.colcon_core.package_identification:_identify(.) by extensions ['cmake', 'python']
[0.429s] Level 1:colcon.colcon_core.package_identification:_identify(.) by extension 'cmake'
[0.430s] Level 1:colcon.colcon_core.package_identification:_identify(.) by extension 'python'
[0.430s] Level 1:colcon.colcon_core.package_identification:_identify(.) by extensions ['python_setup_py']
[0.430s] Level 1:colcon.colcon_core.package_identification:_identify(.) by extension 'python_setup_py'
[0.430s] Level 1:colcon.colcon_core.package_identification:_identify(STL) by extensions ['ignore', 'ignore_ament_install']
[0.430s] Level 1:colcon.colcon_core.package_identification:_identify(STL) by extension 'ignore'
[0.430s] Level 1:colcon.colcon_core.package_identification:_identify(STL) by extension 'ignore_ament_install'
[0.430s] Level 1:colcon.colcon_core.package_identification:_identify(STL) by extensions ['colcon_pkg']
[0.430s] Level 1:colcon.colcon_core.package_identification:_identify(STL) by extension 'colcon_pkg'
[0.430s] Level 1:colcon.colcon_core.package_identification:_identify(STL) by extensions ['colcon_meta']
[0.430s] Level 1:colcon.colcon_core.package_identification:_identify(STL) by extension 'colcon_meta'
[0.430s] Level 1:colcon.colcon_core.package_identification:_identify(STL) by extensions ['ros']
[0.430s] Level 1:colcon.colcon_core.package_identification:_identify(STL) by extension 'ros'
[0.430s] Level 1:colcon.colcon_core.package_identification:_identify(STL) by extensions ['cmake', 'python']
[0.430s] Level 1:colcon.colcon_core.package_identification:_identify(STL) by extension 'cmake'
[0.430s] Level 1:colcon.colcon_core.package_identification:_identify(STL) by extension 'python'
[0.430s] Level 1:colcon.colcon_core.package_identification:_identify(STL) by extensions ['python_setup_py']
[0.430s] Level 1:colcon.colcon_core.package_identification:_identify(STL) by extension 'python_setup_py'
[0.431s] Level 1:colcon.colcon_core.package_identification:_identify(backups) by extensions ['ignore', 'ignore_ament_install']
[0.431s] Level 1:colcon.colcon_core.package_identification:_identify(backups) by extension 'ignore'
[0.431s] Level 1:colcon.colcon_core.package_identification:_identify(backups) by extension 'ignore_ament_install'
[0.431s] Level 1:colcon.colcon_core.package_identification:_identify(backups) by extensions ['colcon_pkg']
[0.431s] Level 1:colcon.colcon_core.package_identification:_identify(backups) by extension 'colcon_pkg'
[0.431s] Level 1:colcon.colcon_core.package_identification:_identify(backups) by extensions ['colcon_meta']
[0.431s] Level 1:colcon.colcon_core.package_identification:_identify(backups) by extension 'colcon_meta'
[0.431s] Level 1:colcon.colcon_core.package_identification:_identify(backups) by extensions ['ros']
[0.431s] Level 1:colcon.colcon_core.package_identification:_identify(backups) by extension 'ros'
[0.431s] Level 1:colcon.colcon_core.package_identification:_identify(backups) by extensions ['cmake', 'python']
[0.431s] Level 1:colcon.colcon_core.package_identification:_identify(backups) by extension 'cmake'
[0.431s] Level 1:colcon.colcon_core.package_identification:_identify(backups) by extension 'python'
[0.431s] Level 1:colcon.colcon_core.package_identification:_identify(backups) by extensions ['python_setup_py']
[0.431s] Level 1:colcon.colcon_core.package_identification:_identify(backups) by extension 'python_setup_py'
[0.431s] Level 1:colcon.colcon_core.package_identification:_identify(build) by extensions ['ignore', 'ignore_ament_install']
[0.431s] Level 1:colcon.colcon_core.package_identification:_identify(build) by extension 'ignore'
[0.431s] Level 1:colcon.colcon_core.package_identification:_identify(build) ignored
[0.432s] Level 1:colcon.colcon_core.package_identification:_identify(install) by extensions ['ignore', 'ignore_ament_install']
[0.432s] Level 1:colcon.colcon_core.package_identification:_identify(install) by extension 'ignore'
[0.432s] Level 1:colcon.colcon_core.package_identification:_identify(install) ignored
[0.432s] Level 1:colcon.colcon_core.package_identification:_identify(log) by extensions ['ignore', 'ignore_ament_install']
[0.432s] Level 1:colcon.colcon_core.package_identification:_identify(log) by extension 'ignore'
[0.432s] Level 1:colcon.colcon_core.package_identification:_identify(log) ignored
[0.433s] Level 1:colcon.colcon_core.package_identification:_identify(src) by extensions ['ignore', 'ignore_ament_install']
[0.433s] Level 1:colcon.colcon_core.package_identification:_identify(src) by extension 'ignore'
[0.433s] Level 1:colcon.colcon_core.package_identification:_identify(src) by extension 'ignore_ament_install'
[0.433s] Level 1:colcon.colcon_core.package_identification:_identify(src) by extensions ['colcon_pkg']
[0.433s] Level 1:colcon.colcon_core.package_identification:_identify(src) by extension 'colcon_pkg'
[0.433s] Level 1:colcon.colcon_core.package_identification:_identify(src) by extensions ['colcon_meta']
[0.433s] Level 1:colcon.colcon_core.package_identification:_identify(src) by extension 'colcon_meta'
[0.433s] Level 1:colcon.colcon_core.package_identification:_identify(src) by extensions ['ros']
[0.433s] Level 1:colcon.colcon_core.package_identification:_identify(src) by extension 'ros'
[0.433s] Level 1:colcon.colcon_core.package_identification:_identify(src) by extensions ['cmake', 'python']
[0.433s] Level 1:colcon.colcon_core.package_identification:_identify(src) by extension 'cmake'
[0.433s] Level 1:colcon.colcon_core.package_identification:_identify(src) by extension 'python'
[0.434s] Level 1:colcon.colcon_core.package_identification:_identify(src) by extensions ['python_setup_py']
[0.434s] Level 1:colcon.colcon_core.package_identification:_identify(src) by extension 'python_setup_py'
[0.434s] Level 1:colcon.colcon_core.package_identification:_identify(src/usv_controller) by extensions ['ignore', 'ignore_ament_install']
[0.434s] Level 1:colcon.colcon_core.package_identification:_identify(src/usv_controller) by extension 'ignore'
[0.434s] Level 1:colcon.colcon_core.package_identification:_identify(src/usv_controller) by extension 'ignore_ament_install'
[0.434s] Level 1:colcon.colcon_core.package_identification:_identify(src/usv_controller) by extensions ['colcon_pkg']
[0.434s] Level 1:colcon.colcon_core.package_identification:_identify(src/usv_controller) by extension 'colcon_pkg'
[0.434s] Level 1:colcon.colcon_core.package_identification:_identify(src/usv_controller) by extensions ['colcon_meta']
[0.434s] Level 1:colcon.colcon_core.package_identification:_identify(src/usv_controller) by extension 'colcon_meta'
[0.434s] Level 1:colcon.colcon_core.package_identification:_identify(src/usv_controller) by extensions ['ros']
[0.434s] Level 1:colcon.colcon_core.package_identification:_identify(src/usv_controller) by extension 'ros'
[0.439s] DEBUG:colcon.colcon_core.package_identification:Package 'src/usv_controller' with type 'ros.ament_cmake' and name 'usv_controller'
[0.439s] Level 1:colcon.colcon_core.package_identification:_identify(src/usv_description) by extensions ['ignore', 'ignore_ament_install']
[0.439s] Level 1:colcon.colcon_core.package_identification:_identify(src/usv_description) by extension 'ignore'
[0.439s] Level 1:colcon.colcon_core.package_identification:_identify(src/usv_description) by extension 'ignore_ament_install'
[0.440s] Level 1:colcon.colcon_core.package_identification:_identify(src/usv_description) by extensions ['colcon_pkg']
[0.440s] Level 1:colcon.colcon_core.package_identification:_identify(src/usv_description) by extension 'colcon_pkg'
[0.440s] Level 1:colcon.colcon_core.package_identification:_identify(src/usv_description) by extensions ['colcon_meta']
[0.440s] Level 1:colcon.colcon_core.package_identification:_identify(src/usv_description) by extension 'colcon_meta'
[0.440s] Level 1:colcon.colcon_core.package_identification:_identify(src/usv_description) by extensions ['ros']
[0.440s] Level 1:colcon.colcon_core.package_identification:_identify(src/usv_description) by extension 'ros'
[0.441s] DEBUG:colcon.colcon_core.package_identification:Package 'src/usv_description' with type 'ros.ament_cmake' and name 'usv_description'
[0.441s] Level 1:colcon.colcon_core.package_identification:_identify(src/usv_navigation) by extensions ['ignore', 'ignore_ament_install']
[0.441s] Level 1:colcon.colcon_core.package_identification:_identify(src/usv_navigation) by extension 'ignore'
[0.441s] Level 1:colcon.colcon_core.package_identification:_identify(src/usv_navigation) by extension 'ignore_ament_install'
[0.441s] Level 1:colcon.colcon_core.package_identification:_identify(src/usv_navigation) by extensions ['colcon_pkg']
[0.441s] Level 1:colcon.colcon_core.package_identification:_identify(src/usv_navigation) by extension 'colcon_pkg'
[0.441s] Level 1:colcon.colcon_core.package_identification:_identify(src/usv_navigation) by extensions ['colcon_meta']
[0.441s] Level 1:colcon.colcon_core.package_identification:_identify(src/usv_navigation) by extension 'colcon_meta'
[0.441s] Level 1:colcon.colcon_core.package_identification:_identify(src/usv_navigation) by extensions ['ros']
[0.441s] Level 1:colcon.colcon_core.package_identification:_identify(src/usv_navigation) by extension 'ros'
[0.444s] DEBUG:colcon.colcon_core.package_identification:Package 'src/usv_navigation' with type 'ros.ament_cmake' and name 'usv_navigation'
[0.444s] Level 1:colcon.colcon_core.package_discovery:discover_packages(recursive) using defaults
[0.444s] Level 1:colcon.colcon_core.package_discovery:discover_packages(ignore) discover
[0.444s] Level 1:colcon.colcon_core.package_discovery:discover_packages(ignore) using defaults
[0.444s] Level 1:colcon.colcon_core.package_discovery:discover_packages(path) discover
[0.444s] Level 1:colcon.colcon_core.package_discovery:discover_packages(path) using defaults
[0.497s] Level 1:colcon.colcon_core.package_discovery:discover_packages(prefix_path) check parameters
[0.497s] Level 1:colcon.colcon_core.package_discovery:discover_packages(prefix_path) discover
[0.502s] DEBUG:colcon.colcon_installed_package_information.package_discovery:Found 430 installed packages in /opt/ros/humble
[0.505s] Level 1:colcon.colcon_core.package_discovery:discover_packages(prefix_path) using defaults
[0.582s] Level 5:colcon.colcon_core.verb:set package 'usv_controller' build argument 'cmake_args' from command line to 'None'
[0.582s] Level 5:colcon.colcon_core.verb:set package 'usv_controller' build argument 'cmake_target' from command line to 'None'
[0.583s] Level 5:colcon.colcon_core.verb:set package 'usv_controller' build argument 'cmake_target_skip_unavailable' from command line to 'False'
[0.583s] Level 5:colcon.colcon_core.verb:set package 'usv_controller' build argument 'cmake_clean_cache' from command line to 'False'
[0.583s] Level 5:colcon.colcon_core.verb:set package 'usv_controller' build argument 'cmake_clean_first' from command line to 'False'
[0.583s] Level 5:colcon.colcon_core.verb:set package 'usv_controller' build argument 'cmake_force_configure' from command line to 'False'
[0.583s] Level 5:colcon.colcon_core.verb:set package 'usv_controller' build argument 'ament_cmake_args' from command line to 'None'
[0.583s] Level 5:colcon.colcon_core.verb:set package 'usv_controller' build argument 'catkin_cmake_args' from command line to 'None'
[0.583s] Level 5:colcon.colcon_core.verb:set package 'usv_controller' build argument 'catkin_skip_building_tests' from command line to 'False'
[0.583s] DEBUG:colcon.colcon_core.verb:Building package 'usv_controller' with the following arguments: {'ament_cmake_args': None, 'build_base': '/home/olive/LVTN_2/build/usv_controller', 'catkin_cmake_args': None, 'catkin_skip_building_tests': False, 'cmake_args': None, 'cmake_clean_cache': False, 'cmake_clean_first': False, 'cmake_force_configure': False, 'cmake_target': None, 'cmake_target_skip_unavailable': False, 'install_base': '/home/olive/LVTN_2/install/usv_controller', 'merge_install': False, 'path': '/home/olive/LVTN_2/src/usv_controller', 'symlink_install': False, 'test_result_base': None}
[0.583s] Level 5:colcon.colcon_core.verb:set package 'usv_description' build argument 'cmake_args' from command line to 'None'
[0.583s] Level 5:colcon.colcon_core.verb:set package 'usv_description' build argument 'cmake_target' from command line to 'None'
[0.583s] Level 5:colcon.colcon_core.verb:set package 'usv_description' build argument 'cmake_target_skip_unavailable' from command line to 'False'
[0.584s] Level 5:colcon.colcon_core.verb:set package 'usv_description' build argument 'cmake_clean_cache' from command line to 'False'
[0.584s] Level 5:colcon.colcon_core.verb:set package 'usv_description' build argument 'cmake_clean_first' from command line to 'False'
[0.584s] Level 5:colcon.colcon_core.verb:set package 'usv_description' build argument 'cmake_force_configure' from command line to 'False'
[0.584s] Level 5:colcon.colcon_core.verb:set package 'usv_description' build argument 'ament_cmake_args' from command line to 'None'
[0.584s] Level 5:colcon.colcon_core.verb:set package 'usv_description' build argument 'catkin_cmake_args' from command line to 'None'
[0.584s] Level 5:colcon.colcon_core.verb:set package 'usv_description' build argument 'catkin_skip_building_tests' from command line to 'False'
[0.584s] DEBUG:colcon.colcon_core.verb:Building package 'usv_description' with the following arguments: {'ament_cmake_args': None, 'build_base': '/home/olive/LVTN_2/build/usv_description', 'catkin_cmake_args': None, 'catkin_skip_building_tests': False, 'cmake_args': None, 'cmake_clean_cache': False, 'cmake_clean_first': False, 'cmake_force_configure': False, 'cmake_target': None, 'cmake_target_skip_unavailable': False, 'install_base': '/home/olive/LVTN_2/install/usv_description', 'merge_install': False, 'path': '/home/olive/LVTN_2/src/usv_description', 'symlink_install': False, 'test_result_base': None}
[0.584s] Level 5:colcon.colcon_core.verb:set package 'usv_navigation' build argument 'cmake_args' from command line to 'None'
[0.584s] Level 5:colcon.colcon_core.verb:set package 'usv_navigation' build argument 'cmake_target' from command line to 'None'
[0.584s] Level 5:colcon.colcon_core.verb:set package 'usv_navigation' build argument 'cmake_target_skip_unavailable' from command line to 'False'
[0.584s] Level 5:colcon.colcon_core.verb:set package 'usv_navigation' build argument 'cmake_clean_cache' from command line to 'False'
[0.584s] Level 5:colcon.colcon_core.verb:set package 'usv_navigation' build argument 'cmake_clean_first' from command line to 'False'
[0.584s] Level 5:colcon.colcon_core.verb:set package 'usv_navigation' build argument 'cmake_force_configure' from command line to 'False'
[0.584s] Level 5:colcon.colcon_core.verb:set package 'usv_navigation' build argument 'ament_cmake_args' from command line to 'None'
[0.584s] Level 5:colcon.colcon_core.verb:set package 'usv_navigation' build argument 'catkin_cmake_args' from command line to 'None'
[0.584s] Level 5:colcon.colcon_core.verb:set package 'usv_navigation' build argument 'catkin_skip_building_tests' from command line to 'False'
[0.585s] DEBUG:colcon.colcon_core.verb:Building package 'usv_navigation' with the following arguments: {'ament_cmake_args': None, 'build_base': '/home/olive/LVTN_2/build/usv_navigation', 'catkin_cmake_args': None, 'catkin_skip_building_tests': False, 'cmake_args': None, 'cmake_clean_cache': False, 'cmake_clean_first': False, 'cmake_force_configure': False, 'cmake_target': None, 'cmake_target_skip_unavailable': False, 'install_base': '/home/olive/LVTN_2/install/usv_navigation', 'merge_install': False, 'path': '/home/olive/LVTN_2/src/usv_navigation', 'symlink_install': False, 'test_result_base': None}
[0.585s] INFO:colcon.colcon_core.executor:Executing jobs using 'parallel' executor
[0.586s] DEBUG:colcon.colcon_parallel_executor.executor.parallel:run_until_complete
[0.587s] INFO:colcon.colcon_ros.task.ament_cmake.build:Building ROS package in '/home/olive/LVTN_2/src/usv_controller' with build type 'ament_cmake'
[0.587s] INFO:colcon.colcon_cmake.task.cmake.build:Building CMake package in '/home/olive/LVTN_2/src/usv_controller'
[0.589s] INFO:colcon.colcon_core.plugin_system:Skipping extension 'colcon_core.shell.bat': Not used on non-Windows systems
[0.590s] INFO:colcon.colcon_core.shell:Skip shell extension 'powershell' for command environment: Not usable outside of PowerShell
[0.590s] DEBUG:colcon.colcon_core.shell:Skip shell extension 'dsv' for command environment
[0.595s] INFO:colcon.colcon_ros.task.ament_cmake.build:Building ROS package in '/home/olive/LVTN_2/src/usv_description' with build type 'ament_cmake'
[0.595s] INFO:colcon.colcon_cmake.task.cmake.build:Building CMake package in '/home/olive/LVTN_2/src/usv_description'
[0.596s] INFO:colcon.colcon_core.shell:Skip shell extension 'powershell' for command environment: Not usable outside of PowerShell
[0.596s] DEBUG:colcon.colcon_core.shell:Skip shell extension 'dsv' for command environment
[0.600s] INFO:colcon.colcon_ros.task.ament_cmake.build:Building ROS package in '/home/olive/LVTN_2/src/usv_navigation' with build type 'ament_cmake'
[0.601s] INFO:colcon.colcon_cmake.task.cmake.build:Building CMake package in '/home/olive/LVTN_2/src/usv_navigation'
[0.601s] INFO:colcon.colcon_core.shell:Skip shell extension 'powershell' for command environment: Not usable outside of PowerShell
[0.601s] DEBUG:colcon.colcon_core.shell:Skip shell extension 'dsv' for command environment
[0.610s] DEBUG:colcon.colcon_core.event_handler.log_command:Invoking command in '/home/olive/LVTN_2/build/usv_controller': CMAKE_PREFIX_PATH=/opt/ros/humble /usr/bin/cmake --build /home/olive/LVTN_2/build/usv_controller -- -j16 -l16
[0.614s] DEBUG:colcon.colcon_core.event_handler.log_command:Invoking command in '/home/olive/LVTN_2/build/usv_description': CMAKE_PREFIX_PATH=/opt/ros/humble /usr/bin/cmake --build /home/olive/LVTN_2/build/usv_description -- -j16 -l16
[0.620s] DEBUG:colcon.colcon_core.event_handler.log_command:Invoking command in '/home/olive/LVTN_2/build/usv_navigation': CMAKE_PREFIX_PATH=/opt/ros/humble /usr/bin/cmake --build /home/olive/LVTN_2/build/usv_navigation -- -j16 -l16
[0.671s] DEBUG:colcon.colcon_core.event_handler.log_command:Invoked command in '/home/olive/LVTN_2/build/usv_description' returned '0': CMAKE_PREFIX_PATH=/opt/ros/humble /usr/bin/cmake --build /home/olive/LVTN_2/build/usv_description -- -j16 -l16
[0.686s] DEBUG:colcon.colcon_core.event_handler.log_command:Invoking command in '/home/olive/LVTN_2/build/usv_description': CMAKE_PREFIX_PATH=/opt/ros/humble /usr/bin/cmake --install /home/olive/LVTN_2/build/usv_description
[0.725s] DEBUG:colcon.colcon_core.event_handler.log_command:Invoked command in '/home/olive/LVTN_2/build/usv_controller' returned '0': CMAKE_PREFIX_PATH=/opt/ros/humble /usr/bin/cmake --build /home/olive/LVTN_2/build/usv_controller -- -j16 -l16
[0.729s] DEBUG:colcon.colcon_core.event_handler.log_command:Invoking command in '/home/olive/LVTN_2/build/usv_controller': CMAKE_PREFIX_PATH=/opt/ros/humble /usr/bin/cmake --install /home/olive/LVTN_2/build/usv_controller
[0.756s] Level 1:colcon.colcon_core.environment:create_environment_scripts_only(usv_controller)
[0.764s] DEBUG:colcon.colcon_core.event_handler.log_command:Invoked command in '/home/olive/LVTN_2/build/usv_controller' returned '0': CMAKE_PREFIX_PATH=/opt/ros/humble /usr/bin/cmake --install /home/olive/LVTN_2/build/usv_controller
[0.766s] Level 1:colcon.colcon_core.environment:checking '/home/olive/LVTN_2/install/usv_controller' for CMake module files
[0.767s] Level 1:colcon.colcon_core.environment:checking '/home/olive/LVTN_2/install/usv_controller' for CMake config files
[0.767s] Level 1:colcon.colcon_core.shell:create_environment_hook('usv_controller', 'cmake_prefix_path')
[0.768s] INFO:colcon.colcon_core.shell:Creating environment hook '/home/olive/LVTN_2/install/usv_controller/share/usv_controller/hook/cmake_prefix_path.ps1'
[0.769s] INFO:colcon.colcon_core.shell:Creating environment descriptor '/home/olive/LVTN_2/install/usv_controller/share/usv_controller/hook/cmake_prefix_path.dsv'
[0.771s] INFO:colcon.colcon_core.shell:Creating environment hook '/home/olive/LVTN_2/install/usv_controller/share/usv_controller/hook/cmake_prefix_path.sh'
[0.773s] Level 1:colcon.colcon_core.environment:checking '/home/olive/LVTN_2/install/usv_controller/lib'
[0.773s] Level 1:colcon.colcon_core.environment:checking '/home/olive/LVTN_2/install/usv_controller/bin'
[0.773s] Level 1:colcon.colcon_core.environment:checking '/home/olive/LVTN_2/install/usv_controller/lib/pkgconfig/usv_controller.pc'
[0.774s] Level 1:colcon.colcon_core.environment:checking '/home/olive/LVTN_2/install/usv_controller/lib/python3.10/site-packages'
[0.775s] Level 1:colcon.colcon_core.environment:checking '/home/olive/LVTN_2/install/usv_controller/bin'
[0.775s] INFO:colcon.colcon_core.shell:Creating package script '/home/olive/LVTN_2/install/usv_controller/share/usv_controller/package.ps1'
[0.779s] INFO:colcon.colcon_core.shell:Creating package descriptor '/home/olive/LVTN_2/install/usv_controller/share/usv_controller/package.dsv'
[0.781s] INFO:colcon.colcon_core.shell:Creating package script '/home/olive/LVTN_2/install/usv_controller/share/usv_controller/package.sh'
[0.784s] INFO:colcon.colcon_core.shell:Creating package script '/home/olive/LVTN_2/install/usv_controller/share/usv_controller/package.bash'
[0.787s] INFO:colcon.colcon_core.shell:Creating package script '/home/olive/LVTN_2/install/usv_controller/share/usv_controller/package.zsh'
[0.789s] Level 1:colcon.colcon_core.environment:create_file_with_runtime_dependencies(/home/olive/LVTN_2/install/usv_controller/share/colcon-core/packages/usv_controller)
[0.790s] Level 1:colcon.colcon_core.environment:create_environment_scripts_only(usv_controller)
[0.791s] Level 1:colcon.colcon_core.environment:checking '/home/olive/LVTN_2/install/usv_controller' for CMake module files
[0.792s] Level 1:colcon.colcon_core.environment:checking '/home/olive/LVTN_2/install/usv_controller' for CMake config files
[0.792s] Level 1:colcon.colcon_core.shell:create_environment_hook('usv_controller', 'cmake_prefix_path')
[0.793s] INFO:colcon.colcon_core.shell:Creating environment hook '/home/olive/LVTN_2/install/usv_controller/share/usv_controller/hook/cmake_prefix_path.ps1'
[0.794s] INFO:colcon.colcon_core.shell:Creating environment descriptor '/home/olive/LVTN_2/install/usv_controller/share/usv_controller/hook/cmake_prefix_path.dsv'
[0.794s] INFO:colcon.colcon_core.shell:Creating environment hook '/home/olive/LVTN_2/install/usv_controller/share/usv_controller/hook/cmake_prefix_path.sh'
[0.796s] Level 1:colcon.colcon_core.environment:checking '/home/olive/LVTN_2/install/usv_controller/lib'
[0.796s] Level 1:colcon.colcon_core.environment:checking '/home/olive/LVTN_2/install/usv_controller/bin'
[0.796s] Level 1:colcon.colcon_core.environment:checking '/home/olive/LVTN_2/install/usv_controller/lib/pkgconfig/usv_controller.pc'
[0.796s] Level 1:colcon.colcon_core.environment:checking '/home/olive/LVTN_2/install/usv_controller/lib/python3.10/site-packages'
[0.797s] Level 1:colcon.colcon_core.environment:checking '/home/olive/LVTN_2/install/usv_controller/bin'
[0.798s] INFO:colcon.colcon_core.shell:Creating package script '/home/olive/LVTN_2/install/usv_controller/share/usv_controller/package.ps1'
[0.800s] INFO:colcon.colcon_core.shell:Creating package descriptor '/home/olive/LVTN_2/install/usv_controller/share/usv_controller/package.dsv'
[0.801s] INFO:colcon.colcon_core.shell:Creating package script '/home/olive/LVTN_2/install/usv_controller/share/usv_controller/package.sh'
[0.802s] INFO:colcon.colcon_core.shell:Creating package script '/home/olive/LVTN_2/install/usv_controller/share/usv_controller/package.bash'
[0.803s] INFO:colcon.colcon_core.shell:Creating package script '/home/olive/LVTN_2/install/usv_controller/share/usv_controller/package.zsh'
[0.804s] Level 1:colcon.colcon_core.environment:create_file_with_runtime_dependencies(/home/olive/LVTN_2/install/usv_controller/share/colcon-core/packages/usv_controller)
[0.805s] Level 1:colcon.colcon_core.environment:create_environment_scripts_only(usv_description)
[0.805s] Level 1:colcon.colcon_core.environment:checking '/home/olive/LVTN_2/install/usv_description' for CMake module files
[0.808s] DEBUG:colcon.colcon_core.event_handler.log_command:Invoked command in '/home/olive/LVTN_2/build/usv_description' returned '0': CMAKE_PREFIX_PATH=/opt/ros/humble /usr/bin/cmake --install /home/olive/LVTN_2/build/usv_description
[0.809s] Level 1:colcon.colcon_core.environment:checking '/home/olive/LVTN_2/install/usv_description' for CMake config files
[0.809s] Level 1:colcon.colcon_core.shell:create_environment_hook('usv_description', 'cmake_prefix_path')
[0.810s] INFO:colcon.colcon_core.shell:Creating environment hook '/home/olive/LVTN_2/install/usv_description/share/usv_description/hook/cmake_prefix_path.ps1'
[0.811s] INFO:colcon.colcon_core.shell:Creating environment descriptor '/home/olive/LVTN_2/install/usv_description/share/usv_description/hook/cmake_prefix_path.dsv'
[0.812s] INFO:colcon.colcon_core.shell:Creating environment hook '/home/olive/LVTN_2/install/usv_description/share/usv_description/hook/cmake_prefix_path.sh'
[0.813s] Level 1:colcon.colcon_core.environment:checking '/home/olive/LVTN_2/install/usv_description/bin'
[0.813s] Level 1:colcon.colcon_core.environment:checking '/home/olive/LVTN_2/install/usv_description/lib/pkgconfig/usv_description.pc'
[0.814s] Level 1:colcon.colcon_core.environment:checking '/home/olive/LVTN_2/install/usv_description/lib/python3.10/site-packages'
[0.814s] Level 1:colcon.colcon_core.environment:checking '/home/olive/LVTN_2/install/usv_description/bin'
[0.815s] INFO:colcon.colcon_core.shell:Creating package script '/home/olive/LVTN_2/install/usv_description/share/usv_description/package.ps1'
[0.817s] INFO:colcon.colcon_core.shell:Creating package descriptor '/home/olive/LVTN_2/install/usv_description/share/usv_description/package.dsv'
[0.817s] INFO:colcon.colcon_core.shell:Creating package script '/home/olive/LVTN_2/install/usv_description/share/usv_description/package.sh'
[0.818s] INFO:colcon.colcon_core.shell:Creating package script '/home/olive/LVTN_2/install/usv_description/share/usv_description/package.bash'
[0.819s] INFO:colcon.colcon_core.shell:Creating package script '/home/olive/LVTN_2/install/usv_description/share/usv_description/package.zsh'
[0.820s] Level 1:colcon.colcon_core.environment:create_file_with_runtime_dependencies(/home/olive/LVTN_2/install/usv_description/share/colcon-core/packages/usv_description)
[0.821s] Level 1:colcon.colcon_core.environment:create_environment_scripts_only(usv_description)
[0.821s] Level 1:colcon.colcon_core.environment:checking '/home/olive/LVTN_2/install/usv_description' for CMake module files
[0.823s] Level 1:colcon.colcon_core.environment:checking '/home/olive/LVTN_2/install/usv_description' for CMake config files
[0.823s] Level 1:colcon.colcon_core.shell:create_environment_hook('usv_description', 'cmake_prefix_path')
[0.824s] INFO:colcon.colcon_core.shell:Creating environment hook '/home/olive/LVTN_2/install/usv_description/share/usv_description/hook/cmake_prefix_path.ps1'
[0.826s] INFO:colcon.colcon_core.shell:Creating environment descriptor '/home/olive/LVTN_2/install/usv_description/share/usv_description/hook/cmake_prefix_path.dsv'
[0.827s] INFO:colcon.colcon_core.shell:Creating environment hook '/home/olive/LVTN_2/install/usv_description/share/usv_description/hook/cmake_prefix_path.sh'
[0.828s] Level 1:colcon.colcon_core.environment:checking '/home/olive/LVTN_2/install/usv_description/bin'
[0.828s] Level 1:colcon.colcon_core.environment:checking '/home/olive/LVTN_2/install/usv_description/lib/pkgconfig/usv_description.pc'
[0.829s] Level 1:colcon.colcon_core.environment:checking '/home/olive/LVTN_2/install/usv_description/lib/python3.10/site-packages'
[0.830s] Level 1:colcon.colcon_core.environment:checking '/home/olive/LVTN_2/install/usv_description/bin'
[0.831s] INFO:colcon.colcon_core.shell:Creating package script '/home/olive/LVTN_2/install/usv_description/share/usv_description/package.ps1'
[0.832s] INFO:colcon.colcon_core.shell:Creating package descriptor '/home/olive/LVTN_2/install/usv_description/share/usv_description/package.dsv'
[0.834s] INFO:colcon.colcon_core.shell:Creating package script '/home/olive/LVTN_2/install/usv_description/share/usv_description/package.sh'
[0.835s] INFO:colcon.colcon_core.shell:Creating package script '/home/olive/LVTN_2/install/usv_description/share/usv_description/package.bash'
[0.836s] INFO:colcon.colcon_core.shell:Creating package script '/home/olive/LVTN_2/install/usv_description/share/usv_description/package.zsh'
[0.836s] Level 1:colcon.colcon_core.environment:create_file_with_runtime_dependencies(/home/olive/LVTN_2/install/usv_description/share/colcon-core/packages/usv_description)
[1.871s] DEBUG:colcon.colcon_core.event_handler.log_command:Invoked command in '/home/olive/LVTN_2/build/usv_navigation' returned '0': CMAKE_PREFIX_PATH=/opt/ros/humble /usr/bin/cmake --build /home/olive/LVTN_2/build/usv_navigation -- -j16 -l16
[1.874s] DEBUG:colcon.colcon_core.event_handler.log_command:Invoking command in '/home/olive/LVTN_2/build/usv_navigation': CMAKE_PREFIX_PATH=/opt/ros/humble /usr/bin/cmake --install /home/olive/LVTN_2/build/usv_navigation
[1.907s] Level 1:colcon.colcon_core.environment:create_environment_scripts_only(usv_navigation)
[1.908s] Level 1:colcon.colcon_core.environment:checking '/home/olive/LVTN_2/install/usv_navigation' for CMake module files
[1.909s] DEBUG:colcon.colcon_core.event_handler.log_command:Invoked command in '/home/olive/LVTN_2/build/usv_navigation' returned '0': CMAKE_PREFIX_PATH=/opt/ros/humble /usr/bin/cmake --install /home/olive/LVTN_2/build/usv_navigation
[1.910s] Level 1:colcon.colcon_core.environment:checking '/home/olive/LVTN_2/install/usv_navigation' for CMake config files
[1.911s] Level 1:colcon.colcon_core.shell:create_environment_hook('usv_navigation', 'cmake_prefix_path')
[1.911s] INFO:colcon.colcon_core.shell:Creating environment hook '/home/olive/LVTN_2/install/usv_navigation/share/usv_navigation/hook/cmake_prefix_path.ps1'
[1.912s] INFO:colcon.colcon_core.shell:Creating environment descriptor '/home/olive/LVTN_2/install/usv_navigation/share/usv_navigation/hook/cmake_prefix_path.dsv'
[1.913s] INFO:colcon.colcon_core.shell:Creating environment hook '/home/olive/LVTN_2/install/usv_navigation/share/usv_navigation/hook/cmake_prefix_path.sh'
[1.914s] Level 1:colcon.colcon_core.environment:checking '/home/olive/LVTN_2/install/usv_navigation/lib'
[1.915s] Level 1:colcon.colcon_core.environment:checking '/home/olive/LVTN_2/install/usv_navigation/bin'
[1.915s] Level 1:colcon.colcon_core.environment:checking '/home/olive/LVTN_2/install/usv_navigation/lib/pkgconfig/usv_navigation.pc'
[1.915s] Level 1:colcon.colcon_core.environment:checking '/home/olive/LVTN_2/install/usv_navigation/lib/python3.10/site-packages'
[1.916s] Level 1:colcon.colcon_core.environment:checking '/home/olive/LVTN_2/install/usv_navigation/bin'
[1.917s] INFO:colcon.colcon_core.shell:Creating package script '/home/olive/LVTN_2/install/usv_navigation/share/usv_navigation/package.ps1'
[1.918s] INFO:colcon.colcon_core.shell:Creating package descriptor '/home/olive/LVTN_2/install/usv_navigation/share/usv_navigation/package.dsv'
[1.919s] INFO:colcon.colcon_core.shell:Creating package script '/home/olive/LVTN_2/install/usv_navigation/share/usv_navigation/package.sh'
[1.920s] INFO:colcon.colcon_core.shell:Creating package script '/home/olive/LVTN_2/install/usv_navigation/share/usv_navigation/package.bash'
[1.920s] INFO:colcon.colcon_core.shell:Creating package script '/home/olive/LVTN_2/install/usv_navigation/share/usv_navigation/package.zsh'
[1.921s] Level 1:colcon.colcon_core.environment:create_file_with_runtime_dependencies(/home/olive/LVTN_2/install/usv_navigation/share/colcon-core/packages/usv_navigation)
[1.922s] Level 1:colcon.colcon_core.environment:create_environment_scripts_only(usv_navigation)
[1.923s] Level 1:colcon.colcon_core.environment:checking '/home/olive/LVTN_2/install/usv_navigation' for CMake module files
[1.924s] Level 1:colcon.colcon_core.environment:checking '/home/olive/LVTN_2/install/usv_navigation' for CMake config files
[1.924s] Level 1:colcon.colcon_core.shell:create_environment_hook('usv_navigation', 'cmake_prefix_path')
[1.925s] INFO:colcon.colcon_core.shell:Creating environment hook '/home/olive/LVTN_2/install/usv_navigation/share/usv_navigation/hook/cmake_prefix_path.ps1'
[1.926s] INFO:colcon.colcon_core.shell:Creating environment descriptor '/home/olive/LVTN_2/install/usv_navigation/share/usv_navigation/hook/cmake_prefix_path.dsv'
[1.927s] INFO:colcon.colcon_core.shell:Creating environment hook '/home/olive/LVTN_2/install/usv_navigation/share/usv_navigation/hook/cmake_prefix_path.sh'
[1.928s] Level 1:colcon.colcon_core.environment:checking '/home/olive/LVTN_2/install/usv_navigation/lib'
[1.928s] Level 1:colcon.colcon_core.environment:checking '/home/olive/LVTN_2/install/usv_navigation/bin'
[1.928s] Level 1:colcon.colcon_core.environment:checking '/home/olive/LVTN_2/install/usv_navigation/lib/pkgconfig/usv_navigation.pc'
[1.929s] Level 1:colcon.colcon_core.environment:checking '/home/olive/LVTN_2/install/usv_navigation/lib/python3.10/site-packages'
[1.929s] Level 1:colcon.colcon_core.environment:checking '/home/olive/LVTN_2/install/usv_navigation/bin'
[1.930s] INFO:colcon.colcon_core.shell:Creating package script '/home/olive/LVTN_2/install/usv_navigation/share/usv_navigation/package.ps1'
[1.932s] INFO:colcon.colcon_core.shell:Creating package descriptor '/home/olive/LVTN_2/install/usv_navigation/share/usv_navigation/package.dsv'
[1.933s] INFO:colcon.colcon_core.shell:Creating package script '/home/olive/LVTN_2/install/usv_navigation/share/usv_navigation/package.sh'
[1.934s] INFO:colcon.colcon_core.shell:Creating package script '/home/olive/LVTN_2/install/usv_navigation/share/usv_navigation/package.bash'
[1.935s] INFO:colcon.colcon_core.shell:Creating package script '/home/olive/LVTN_2/install/usv_navigation/share/usv_navigation/package.zsh'
[1.936s] Level 1:colcon.colcon_core.environment:create_file_with_runtime_dependencies(/home/olive/LVTN_2/install/usv_navigation/share/colcon-core/packages/usv_navigation)
[1.936s] DEBUG:colcon.colcon_parallel_executor.executor.parallel:closing loop
[1.937s] DEBUG:colcon.colcon_parallel_executor.executor.parallel:loop closed
[1.937s] DEBUG:colcon.colcon_parallel_executor.executor.parallel:run_until_complete finished with '0'
[1.937s] DEBUG:colcon.colcon_core.event_reactor:joining thread
[1.948s] INFO:colcon.colcon_core.plugin_system:Skipping extension 'colcon_notification.desktop_notification.terminal_notifier': Not used on non-Darwin systems
[1.948s] INFO:colcon.colcon_core.plugin_system:Skipping extension 'colcon_notification.desktop_notification.win32': Not used on non-Windows systems
[1.948s] INFO:colcon.colcon_notification.desktop_notification:Sending desktop notification using 'notify2'
[2.027s] DEBUG:colcon.colcon_core.event_reactor:joined thread
[2.028s] INFO:colcon.colcon_core.shell:Creating prefix script '/home/olive/LVTN_2/install/local_setup.ps1'
[2.030s] INFO:colcon.colcon_core.shell:Creating prefix util module '/home/olive/LVTN_2/install/_local_setup_util_ps1.py'
[2.034s] INFO:colcon.colcon_core.shell:Creating prefix chain script '/home/olive/LVTN_2/install/setup.ps1'
[2.036s] INFO:colcon.colcon_core.shell:Creating prefix script '/home/olive/LVTN_2/install/local_setup.sh'
[2.037s] INFO:colcon.colcon_core.shell:Creating prefix util module '/home/olive/LVTN_2/install/_local_setup_util_sh.py'
[2.037s] INFO:colcon.colcon_core.shell:Creating prefix chain script '/home/olive/LVTN_2/install/setup.sh'
[2.039s] INFO:colcon.colcon_core.shell:Creating prefix script '/home/olive/LVTN_2/install/local_setup.bash'
[2.040s] INFO:colcon.colcon_core.shell:Creating prefix chain script '/home/olive/LVTN_2/install/setup.bash'
[2.041s] INFO:colcon.colcon_core.shell:Creating prefix script '/home/olive/LVTN_2/install/local_setup.zsh'
[2.042s] INFO:colcon.colcon_core.shell:Creating prefix chain script '/home/olive/LVTN_2/install/setup.zsh'
