[0.010s] Invoking command in '/home/olive/LVTN_2/build/usv_description': CMAKE_PREFIX_PATH=/opt/ros/humble /usr/bin/cmake /home/olive/LVTN_2/src/usv_description -DCMAKE_INSTALL_PREFIX=/home/olive/LVTN_2/install/usv_description
[0.122s] -- The C compiler identification is GNU 11.4.0
[0.213s] -- The CXX compiler identification is GNU 11.4.0
[0.225s] -- Detecting C compiler ABI info
[0.277s] -- Detecting C compiler ABI info - done
[0.292s] -- Check for working C compiler: /usr/bin/cc - skipped
[0.293s] -- Detecting C compile features
[0.294s] -- Detecting C compile features - done
[0.300s] -- Detecting CXX compiler ABI info
[0.364s] -- Detecting CXX compiler ABI info - done
[0.378s] -- Check for working CXX compiler: /usr/bin/c++ - skipped
[0.379s] -- Detecting CXX compile features
[0.379s] -- Detecting CXX compile features - done
[0.384s] -- Found ament_cmake: 1.3.14 (/opt/ros/humble/share/ament_cmake/cmake)
[0.650s] -- Found Python3: /home/olive/.espressif/python_env/idf5.5_py3.10_env/bin/python3 (found version "3.10.12") found components: Interpreter 
[0.729s] -- Found ament_lint_auto: 0.12.15 (/opt/ros/humble/share/ament_lint_auto/cmake)
[0.797s] -- Added test 'lint_cmake' to check CMake code style
[0.797s] -- Added test 'xmllint' to check XML markup files
[0.798s] -- Configuring done
[0.800s] -- Generating done
[0.801s] -- Build files have been written to: /home/olive/LVTN_2/build/usv_description
[0.804s] Invoked command in '/home/olive/LVTN_2/build/usv_description' returned '0': CMAKE_PREFIX_PATH=/opt/ros/humble /usr/bin/cmake /home/olive/LVTN_2/src/usv_description -DCMAKE_INSTALL_PREFIX=/home/olive/LVTN_2/install/usv_description
[0.806s] Invoking command in '/home/olive/LVTN_2/build/usv_description': CMAKE_PREFIX_PATH=/opt/ros/humble /usr/bin/cmake --build /home/olive/LVTN_2/build/usv_description -- -j16 -l16
[0.829s] Invoked command in '/home/olive/LVTN_2/build/usv_description' returned '0': CMAKE_PREFIX_PATH=/opt/ros/humble /usr/bin/cmake --build /home/olive/LVTN_2/build/usv_description -- -j16 -l16
[0.834s] Invoking command in '/home/olive/LVTN_2/build/usv_description': CMAKE_PREFIX_PATH=/opt/ros/humble /usr/bin/cmake --install /home/olive/LVTN_2/build/usv_description
[0.838s] -- Install configuration: ""
[0.838s] -- Installing: /home/olive/LVTN_2/install/usv_description/share/ament_index/resource_index/package_run_dependencies/usv_description
[0.839s] -- Installing: /home/olive/LVTN_2/install/usv_description/share/ament_index/resource_index/parent_prefix_path/usv_description
[0.839s] -- Installing: /home/olive/LVTN_2/install/usv_description/share/usv_description/environment/ament_prefix_path.sh
[0.839s] -- Installing: /home/olive/LVTN_2/install/usv_description/share/usv_description/environment/ament_prefix_path.dsv
[0.839s] -- Installing: /home/olive/LVTN_2/install/usv_description/share/usv_description/environment/path.sh
[0.839s] -- Installing: /home/olive/LVTN_2/install/usv_description/share/usv_description/environment/path.dsv
[0.839s] -- Installing: /home/olive/LVTN_2/install/usv_description/share/usv_description/local_setup.bash
[0.839s] -- Installing: /home/olive/LVTN_2/install/usv_description/share/usv_description/local_setup.sh
[0.839s] -- Installing: /home/olive/LVTN_2/install/usv_description/share/usv_description/local_setup.zsh
[0.839s] -- Installing: /home/olive/LVTN_2/install/usv_description/share/usv_description/local_setup.dsv
[0.839s] -- Installing: /home/olive/LVTN_2/install/usv_description/share/usv_description/package.dsv
[0.839s] -- Installing: /home/olive/LVTN_2/install/usv_description/share/ament_index/resource_index/packages/usv_description
[0.839s] -- Installing: /home/olive/LVTN_2/install/usv_description/share/usv_description/cmake/usv_descriptionConfig.cmake
[0.839s] -- Installing: /home/olive/LVTN_2/install/usv_description/share/usv_description/cmake/usv_descriptionConfig-version.cmake
[0.839s] -- Installing: /home/olive/LVTN_2/install/usv_description/share/usv_description/package.xml
[0.840s] Invoked command in '/home/olive/LVTN_2/build/usv_description' returned '0': CMAKE_PREFIX_PATH=/opt/ros/humble /usr/bin/cmake --install /home/olive/LVTN_2/build/usv_description
