[0.010s] Invoking command in '/home/olive/LVTN_2/build/usv_controller': CMAKE_PREFIX_PATH=/opt/ros/humble /usr/bin/cmake --build /home/olive/LVTN_2/build/usv_controller -- -j16 -l16
[0.052s] [35m[1mConsolidate compiler generated dependencies of target thruster_controller[0m
[0.068s] [ 50%] Built target state_reader
[0.080s] [ 75%] [32mBuilding CXX object CMakeFiles/thruster_controller.dir/src/thruster_controller.cpp.o[0m
[2.480s] [01m[K/home/olive/LVTN_2/src/usv_controller/src/thruster_controller.cpp:[m[K In member function ‘[01m[Kvoid ThrusterController::ControlLoop()[m[K’:
[2.480s] [01m[K/home/olive/LVTN_2/src/usv_controller/src/thruster_controller.cpp:297:12:[m[K [01;35m[Kwarning: [m[Kunused variable ‘[01m[Kerror_u[m[K’ [[01;35m[K]8;;https://gcc.gnu.org/onlinedocs/gcc/Warning-Options.html#index-Wunused-variable-Wunused-variable]8;;[m[K]
[2.480s]   297 |     double [01;35m[Kerror_u[m[K = u_d_ - u_;
[2.480s]       |            [01;35m[K^~~~~~~[m[K
[2.480s] [01m[K/home/olive/LVTN_2/src/usv_controller/src/thruster_controller.cpp:298:12:[m[K [01;35m[Kwarning: [m[Kunused variable ‘[01m[Kerror_v[m[K’ [[01;35m[K]8;;https://gcc.gnu.org/onlinedocs/gcc/Warning-Options.html#index-Wunused-variable-Wunused-variable]8;;[m[K]
[2.481s]   298 |     double [01;35m[Kerror_v[m[K = v_d_ - v_;
[2.481s]       |            [01;35m[K^~~~~~~[m[K
[8.458s] [100%] [32m[1mLinking CXX executable thruster_controller[0m
[8.830s] [100%] Built target thruster_controller
[8.840s] Invoked command in '/home/olive/LVTN_2/build/usv_controller' returned '0': CMAKE_PREFIX_PATH=/opt/ros/humble /usr/bin/cmake --build /home/olive/LVTN_2/build/usv_controller -- -j16 -l16
[8.841s] Invoking command in '/home/olive/LVTN_2/build/usv_controller': CMAKE_PREFIX_PATH=/opt/ros/humble /usr/bin/cmake --install /home/olive/LVTN_2/build/usv_controller
[8.846s] -- Install configuration: ""
[8.846s] -- Up-to-date: /home/olive/LVTN_2/install/usv_controller/share/usv_controller/config
[8.846s] -- Up-to-date: /home/olive/LVTN_2/install/usv_controller/share/usv_controller/config/config.yaml
[8.846s] -- Up-to-date: /home/olive/LVTN_2/install/usv_controller/share/usv_controller/launch
[8.846s] -- Up-to-date: /home/olive/LVTN_2/install/usv_controller/lib/usv_controller/state_reader
[8.846s] -- Installing: /home/olive/LVTN_2/install/usv_controller/lib/usv_controller/thruster_controller
[8.850s] -- Set runtime path of "/home/olive/LVTN_2/install/usv_controller/lib/usv_controller/thruster_controller" to ""
[8.850s] -- Up-to-date: /home/olive/LVTN_2/install/usv_controller/share/ament_index/resource_index/package_run_dependencies/usv_controller
[8.850s] -- Up-to-date: /home/olive/LVTN_2/install/usv_controller/share/ament_index/resource_index/parent_prefix_path/usv_controller
[8.850s] -- Up-to-date: /home/olive/LVTN_2/install/usv_controller/share/usv_controller/environment/ament_prefix_path.sh
[8.850s] -- Up-to-date: /home/olive/LVTN_2/install/usv_controller/share/usv_controller/environment/ament_prefix_path.dsv
[8.850s] -- Up-to-date: /home/olive/LVTN_2/install/usv_controller/share/usv_controller/environment/path.sh
[8.850s] -- Up-to-date: /home/olive/LVTN_2/install/usv_controller/share/usv_controller/environment/path.dsv
[8.850s] -- Up-to-date: /home/olive/LVTN_2/install/usv_controller/share/usv_controller/local_setup.bash
[8.850s] -- Up-to-date: /home/olive/LVTN_2/install/usv_controller/share/usv_controller/local_setup.sh
[8.850s] -- Up-to-date: /home/olive/LVTN_2/install/usv_controller/share/usv_controller/local_setup.zsh
[8.850s] -- Up-to-date: /home/olive/LVTN_2/install/usv_controller/share/usv_controller/local_setup.dsv
[8.850s] -- Installing: /home/olive/LVTN_2/install/usv_controller/share/usv_controller/package.dsv
[8.850s] -- Up-to-date: /home/olive/LVTN_2/install/usv_controller/share/ament_index/resource_index/packages/usv_controller
[8.850s] -- Up-to-date: /home/olive/LVTN_2/install/usv_controller/share/usv_controller/cmake/usv_controllerConfig.cmake
[8.850s] -- Up-to-date: /home/olive/LVTN_2/install/usv_controller/share/usv_controller/cmake/usv_controllerConfig-version.cmake
[8.850s] -- Up-to-date: /home/olive/LVTN_2/install/usv_controller/share/usv_controller/package.xml
[8.852s] Invoked command in '/home/olive/LVTN_2/build/usv_controller' returned '0': CMAKE_PREFIX_PATH=/opt/ros/humble /usr/bin/cmake --install /home/olive/LVTN_2/build/usv_controller
