[0.012s] Invoking command in '/home/olive/LVTN_2/build/usv_controller': CMAKE_PREFIX_PATH=/opt/ros/humble /usr/bin/cmake --build /home/olive/LVTN_2/build/usv_controller -- -j16 -l16
[0.054s] Consolidate compiler generated dependencies of target state_reader
[0.067s] [ 50%] Building CXX object CMakeFiles/state_reader.dir/src/state_reader.cpp.o
[6.860s] [100%] Linking CXX executable state_reader
[7.303s] [100%] Built target state_reader
[7.313s] Invoked command in '/home/olive/LVTN_2/build/usv_controller' returned '0': CMAKE_PREFIX_PATH=/opt/ros/humble /usr/bin/cmake --build /home/olive/LVTN_2/build/usv_controller -- -j16 -l16
[7.323s] Invoking command in '/home/olive/LVTN_2/build/usv_controller': CMAKE_PREFIX_PATH=/opt/ros/humble /usr/bin/cmake --install /home/olive/LVTN_2/build/usv_controller
[7.330s] -- Install configuration: ""
[7.330s] -- Installing: /home/olive/LVTN_2/install/usv_controller/share/usv_controller/config
[7.330s] -- Installing: /home/olive/LVTN_2/install/usv_controller/share/usv_controller/config/config.yaml
[7.330s] -- Installing: /home/olive/LVTN_2/install/usv_controller/lib/usv_controller/state_reader
[7.332s] -- Set runtime path of "/home/olive/LVTN_2/install/usv_controller/lib/usv_controller/state_reader" to ""
[7.332s] -- Installing: /home/olive/LVTN_2/install/usv_controller/share/ament_index/resource_index/package_run_dependencies/usv_controller
[7.333s] -- Installing: /home/olive/LVTN_2/install/usv_controller/share/ament_index/resource_index/parent_prefix_path/usv_controller
[7.333s] -- Installing: /home/olive/LVTN_2/install/usv_controller/share/usv_controller/environment/ament_prefix_path.sh
[7.333s] -- Installing: /home/olive/LVTN_2/install/usv_controller/share/usv_controller/environment/ament_prefix_path.dsv
[7.333s] -- Installing: /home/olive/LVTN_2/install/usv_controller/share/usv_controller/environment/path.sh
[7.333s] -- Installing: /home/olive/LVTN_2/install/usv_controller/share/usv_controller/environment/path.dsv
[7.334s] -- Installing: /home/olive/LVTN_2/install/usv_controller/share/usv_controller/local_setup.bash
[7.334s] -- Installing: /home/olive/LVTN_2/install/usv_controller/share/usv_controller/local_setup.sh
[7.334s] -- Installing: /home/olive/LVTN_2/install/usv_controller/share/usv_controller/local_setup.zsh
[7.334s] -- Installing: /home/olive/LVTN_2/install/usv_controller/share/usv_controller/local_setup.dsv
[7.334s] -- Installing: /home/olive/LVTN_2/install/usv_controller/share/usv_controller/package.dsv
[7.334s] -- Installing: /home/olive/LVTN_2/install/usv_controller/share/ament_index/resource_index/packages/usv_controller
[7.334s] -- Installing: /home/olive/LVTN_2/install/usv_controller/share/usv_controller/cmake/usv_controllerConfig.cmake
[7.334s] -- Installing: /home/olive/LVTN_2/install/usv_controller/share/usv_controller/cmake/usv_controllerConfig-version.cmake
[7.334s] -- Installing: /home/olive/LVTN_2/install/usv_controller/share/usv_controller/package.xml
[7.336s] Invoked command in '/home/olive/LVTN_2/build/usv_controller' returned '0': CMAKE_PREFIX_PATH=/opt/ros/humble /usr/bin/cmake --install /home/olive/LVTN_2/build/usv_controller
