-- Found ament_cmake: 1.3.14 (/opt/ros/humble/share/ament_cmake/cmake)
-- Found ament_lint_auto: 0.12.15 (/opt/ros/humble/share/ament_lint_auto/cmake)
-- Added test 'lint_cmake' to check CMake code style
-- Added test 'xmllint' to check XML markup files
-- Configuring done
-- Generating done
-- Build files have been written to: /home/olive/LVTN_2/build/usv_description
-- Install configuration: ""
-- Installing: /home/olive/LVTN_2/install/usv_description/share/usv_description/meshes
-- Installing: /home/olive/LVTN_2/install/usv_description/share/usv_description/rviz
-- Installing: /home/olive/LVTN_2/install/usv_description/share/usv_description/urdf
-- Installing: /home/olive/LVTN_2/install/usv_description/share/usv_description/urdf/environment.urdf.xacro
-- Installing: /home/olive/LVTN_2/install/usv_description/share/usv_description/launch
-- Installing: /home/olive/LVTN_2/install/usv_description/share/ament_index/resource_index/package_run_dependencies/usv_description
-- Up-to-date: /home/olive/LVTN_2/install/usv_description/share/ament_index/resource_index/parent_prefix_path/usv_description
-- Up-to-date: /home/olive/LVTN_2/install/usv_description/share/usv_description/environment/ament_prefix_path.sh
-- Installing: /home/olive/LVTN_2/install/usv_description/share/usv_description/environment/ament_prefix_path.dsv
-- Up-to-date: /home/olive/LVTN_2/install/usv_description/share/usv_description/environment/path.sh
-- Installing: /home/olive/LVTN_2/install/usv_description/share/usv_description/environment/path.dsv
-- Up-to-date: /home/olive/LVTN_2/install/usv_description/share/usv_description/local_setup.bash
-- Up-to-date: /home/olive/LVTN_2/install/usv_description/share/usv_description/local_setup.sh
-- Up-to-date: /home/olive/LVTN_2/install/usv_description/share/usv_description/local_setup.zsh
-- Installing: /home/olive/LVTN_2/install/usv_description/share/usv_description/local_setup.dsv
-- Installing: /home/olive/LVTN_2/install/usv_description/share/usv_description/package.dsv
-- Up-to-date: /home/olive/LVTN_2/install/usv_description/share/ament_index/resource_index/packages/usv_description
-- Up-to-date: /home/olive/LVTN_2/install/usv_description/share/usv_description/cmake/usv_descriptionConfig.cmake
-- Up-to-date: /home/olive/LVTN_2/install/usv_description/share/usv_description/cmake/usv_descriptionConfig-version.cmake
-- Installing: /home/olive/LVTN_2/install/usv_description/share/usv_description/package.xml
