[0.011s] Invoking command in '/home/olive/LVTN_2/build/usv_controller': CMAKE_PREFIX_PATH=/opt/ros/humble /usr/bin/cmake /home/olive/LVTN_2/src/usv_controller -DCMAKE_INSTALL_PREFIX=/home/olive/LVTN_2/install/usv_controller
[0.026s] -- Found ament_cmake: 1.3.14 (/opt/ros/humble/share/ament_cmake/cmake)
[0.177s] -- Found rclcpp: 16.0.19 (/opt/ros/humble/share/rclcpp/cmake)
[0.238s] -- Found rosidl_generator_c: 3.1.9 (/opt/ros/humble/share/rosidl_generator_c/cmake)
[0.245s] -- Found rosidl_adapter: 3.1.9 (/opt/ros/humble/share/rosidl_adapter/cmake)
[0.259s] -- Found rosidl_generator_cpp: 3.1.9 (/opt/ros/humble/share/rosidl_generator_cpp/cmake)
[0.279s] -- Using all available rosidl_typesupport_c: rosidl_typesupport_fastrtps_c;rosidl_typesupport_introspection_c
[0.302s] -- Using all available rosidl_typesupport_cpp: rosidl_typesupport_fastrtps_cpp;rosidl_typesupport_introspection_cpp
[0.369s] -- Found rmw_implementation_cmake: 6.1.2 (/opt/ros/humble/share/rmw_implementation_cmake/cmake)
[0.373s] -- Found rmw_fastrtps_cpp: 6.2.10 (/opt/ros/humble/share/rmw_fastrtps_cpp/cmake)
[0.481s] -- Found OpenSSL: /usr/lib/x86_64-linux-gnu/libcrypto.so (found version "3.0.2")  
[0.512s] -- Found FastRTPS: /opt/ros/humble/include  
[0.567s] -- Using RMW implementation 'rmw_fastrtps_cpp' as default
[0.581s] -- Looking for pthread.h
[0.660s] -- Looking for pthread.h - found
[0.660s] -- Performing Test CMAKE_HAVE_LIBC_PTHREAD
[0.731s] -- Performing Test CMAKE_HAVE_LIBC_PTHREAD - Success
[0.732s] -- Found Threads: TRUE  
[0.802s] -- Found nav_msgs: 4.9.1 (/opt/ros/humble/share/nav_msgs/cmake)
[0.840s] -- Found tf2: 0.25.20 (/opt/ros/humble/share/tf2/cmake)
[0.853s] -- Found tf2_geometry_msgs: 0.25.20 (/opt/ros/humble/share/tf2_geometry_msgs/cmake)
[0.872s] -- Found eigen3_cmake_module: 0.1.1 (/opt/ros/humble/share/eigen3_cmake_module/cmake)
[0.873s] -- Found Eigen3: TRUE (found version "3.4.0") 
[0.873s] -- Ensuring Eigen3 include directory is part of orocos-kdl CMake target
[1.010s] -- Found ament_lint_auto: 0.12.15 (/opt/ros/humble/share/ament_lint_auto/cmake)
[1.151s] -- Added test 'cppcheck' to perform static code analysis on C / C++ code
[1.151s] -- Configured cppcheck include dirs: 
[1.152s] -- Configured cppcheck exclude dirs and/or files: 
[1.152s] -- Added test 'lint_cmake' to check CMake code style
[1.154s] -- Added test 'uncrustify' to check C / C++ code style
[1.154s] -- Configured uncrustify additional arguments: 
[1.154s] -- Added test 'xmllint' to check XML markup files
[1.156s] -- Configuring done
[1.167s] -- Generating done
[1.171s] -- Build files have been written to: /home/olive/LVTN_2/build/usv_controller
[1.180s] Invoked command in '/home/olive/LVTN_2/build/usv_controller' returned '0': CMAKE_PREFIX_PATH=/opt/ros/humble /usr/bin/cmake /home/olive/LVTN_2/src/usv_controller -DCMAKE_INSTALL_PREFIX=/home/olive/LVTN_2/install/usv_controller
[1.183s] Invoking command in '/home/olive/LVTN_2/build/usv_controller': CMAKE_PREFIX_PATH=/opt/ros/humble /usr/bin/cmake --build /home/olive/LVTN_2/build/usv_controller -- -j16 -l16
[1.230s] [ 50%] Building CXX object CMakeFiles/state_reader.dir/src/state_reader.cpp.o
[7.736s] [100%] Linking CXX executable state_reader
[8.074s] /usr/bin/ld: CMakeFiles/state_reader.dir/src/state_reader.cpp.o: in function `tf2::impl::toQuaternion(geometry_msgs::msg::Quaternion_<std::allocator<void> > const&)':
[8.074s] state_reader.cpp:(.text._ZN3tf24impl12toQuaternionERKN13geometry_msgs3msg11Quaternion_ISaIvEEE[_ZN3tf24impl12toQuaternionERKN13geometry_msgs3msg11Quaternion_ISaIvEEE]+0x2f): undefined reference to `tf2::fromMsg(geometry_msgs::msg::Quaternion_<std::allocator<void> > const&, tf2::Quaternion&)'
[8.108s] collect2: error: ld returned 1 exit status
[8.110s] gmake[2]: *** [CMakeFiles/state_reader.dir/build.make:205: state_reader] Error 1
[8.110s] gmake[1]: *** [CMakeFiles/Makefile2:137: CMakeFiles/state_reader.dir/all] Error 2
[8.110s] gmake: *** [Makefile:146: all] Error 2
[8.111s] Invoked command in '/home/olive/LVTN_2/build/usv_controller' returned '2': CMAKE_PREFIX_PATH=/opt/ros/humble /usr/bin/cmake --build /home/olive/LVTN_2/build/usv_controller -- -j16 -l16
