[0.005s] Invoking command in '/home/olive/LVTN_2/build/usv_controller': AMENT_PREFIX_PATH=/home/olive/LVTN_2/install/usv_description:${AMENT_PREFIX_PATH} CMAKE_PREFIX_PATH=/home/olive/LVTN_2/install/usv_description:/opt/ros/humble /usr/bin/cmake /home/olive/LVTN_2/src/usv_controller -DCMAKE_INSTALL_PREFIX=/home/olive/LVTN_2/install/usv_controller
[0.012s] -- Found ament_cmake: 1.3.14 (/opt/ros/humble/share/ament_cmake/cmake)
[0.088s] -- Override CMake install command with custom implementation using symlinks instead of copying resources
[0.093s] -- Found ament_lint_auto: 0.12.15 (/opt/ros/humble/share/ament_lint_auto/cmake)
[0.161s] -- Added test 'flake8' to check Python code syntax and style conventions
[0.161s] -- Added test 'lint_cmake' to check CMake code style
[0.162s] -- Added test 'pep257' to check Python code against some of the docstring style conventions in PEP 257
[0.164s] -- Added test 'xmllint' to check XML markup files
[0.166s] -- Configuring done
[0.168s] -- Generating done
[0.169s] -- Build files have been written to: /home/olive/LVTN_2/build/usv_controller
[0.172s] Invoked command in '/home/olive/LVTN_2/build/usv_controller' returned '0': AMENT_PREFIX_PATH=/home/olive/LVTN_2/install/usv_description:${AMENT_PREFIX_PATH} CMAKE_PREFIX_PATH=/home/olive/LVTN_2/install/usv_description:/opt/ros/humble /usr/bin/cmake /home/olive/LVTN_2/src/usv_controller -DCMAKE_INSTALL_PREFIX=/home/olive/LVTN_2/install/usv_controller
[0.174s] Invoking command in '/home/olive/LVTN_2/build/usv_controller': AMENT_PREFIX_PATH=/home/olive/LVTN_2/install/usv_description:${AMENT_PREFIX_PATH} CMAKE_PREFIX_PATH=/home/olive/LVTN_2/install/usv_description:/opt/ros/humble /usr/bin/cmake --build /home/olive/LVTN_2/build/usv_controller -- -j16 -l16
[0.202s] Invoked command in '/home/olive/LVTN_2/build/usv_controller' returned '0': AMENT_PREFIX_PATH=/home/olive/LVTN_2/install/usv_description:${AMENT_PREFIX_PATH} CMAKE_PREFIX_PATH=/home/olive/LVTN_2/install/usv_description:/opt/ros/humble /usr/bin/cmake --build /home/olive/LVTN_2/build/usv_controller -- -j16 -l16
[0.203s] Invoking command in '/home/olive/LVTN_2/build/usv_controller': AMENT_PREFIX_PATH=/home/olive/LVTN_2/install/usv_description:${AMENT_PREFIX_PATH} CMAKE_PREFIX_PATH=/home/olive/LVTN_2/install/usv_description:/opt/ros/humble /usr/bin/cmake --install /home/olive/LVTN_2/build/usv_controller
[0.208s] -- Install configuration: ""
[0.208s] -- Execute custom install script
[0.208s] -- Up-to-date symlink: /home/olive/LVTN_2/install/usv_controller/share/usv_controller/config/config.yaml
[0.208s] -- Up-to-date symlink: /home/olive/LVTN_2/install/usv_controller/share/usv_controller/launch/__pycache__/controller.launch.cpython-310.pyc
[0.209s] -- Up-to-date symlink: /home/olive/LVTN_2/install/usv_controller/share/usv_controller/launch/controller.launch.py
[0.209s] -- Up-to-date symlink: /home/olive/LVTN_2/install/usv_controller/share/ament_index/resource_index/package_run_dependencies/usv_controller
[0.209s] -- Up-to-date symlink: /home/olive/LVTN_2/install/usv_controller/share/ament_index/resource_index/parent_prefix_path/usv_controller
[0.209s] -- Up-to-date symlink: /home/olive/LVTN_2/install/usv_controller/share/usv_controller/environment/ament_prefix_path.sh
[0.209s] -- Up-to-date symlink: /home/olive/LVTN_2/install/usv_controller/share/usv_controller/environment/ament_prefix_path.dsv
[0.209s] -- Up-to-date symlink: /home/olive/LVTN_2/install/usv_controller/share/usv_controller/environment/path.sh
[0.209s] -- Up-to-date symlink: /home/olive/LVTN_2/install/usv_controller/share/usv_controller/environment/path.dsv
[0.209s] -- Up-to-date symlink: /home/olive/LVTN_2/install/usv_controller/share/usv_controller/local_setup.bash
[0.209s] -- Up-to-date symlink: /home/olive/LVTN_2/install/usv_controller/share/usv_controller/local_setup.sh
[0.209s] -- Up-to-date symlink: /home/olive/LVTN_2/install/usv_controller/share/usv_controller/local_setup.zsh
[0.209s] -- Up-to-date symlink: /home/olive/LVTN_2/install/usv_controller/share/usv_controller/local_setup.dsv
[0.209s] -- Symlinking: /home/olive/LVTN_2/install/usv_controller/share/usv_controller/package.dsv
[0.216s] -- Up-to-date symlink: /home/olive/LVTN_2/install/usv_controller/share/ament_index/resource_index/packages/usv_controller
[0.216s] -- Up-to-date symlink: /home/olive/LVTN_2/install/usv_controller/share/usv_controller/cmake/usv_controllerConfig.cmake
[0.216s] -- Up-to-date symlink: /home/olive/LVTN_2/install/usv_controller/share/usv_controller/cmake/usv_controllerConfig-version.cmake
[0.216s] -- Up-to-date symlink: /home/olive/LVTN_2/install/usv_controller/share/usv_controller/package.xml
[0.218s] Invoked command in '/home/olive/LVTN_2/build/usv_controller' returned '0': AMENT_PREFIX_PATH=/home/olive/LVTN_2/install/usv_description:${AMENT_PREFIX_PATH} CMAKE_PREFIX_PATH=/home/olive/LVTN_2/install/usv_description:/opt/ros/humble /usr/bin/cmake --install /home/olive/LVTN_2/build/usv_controller
