[0.011s] Invoking command in '/home/olive/LVTN_2/build/usv_controller': CMAKE_PREFIX_PATH=/opt/ros/humble /usr/bin/cmake --build /home/olive/LVTN_2/build/usv_controller -- -j16 -l16
[0.045s] [35m[1mConsolidate compiler generated dependencies of target thruster_controller[0m
[0.056s] [ 50%] Built target state_reader
[0.062s] [ 75%] [32mBuilding CXX object CMakeFiles/thruster_controller.dir/src/thruster_controller.cpp.o[0m
[2.002s] [01m[K/home/olive/LVTN_2/src/usv_controller/src/thruster_controller.cpp:[m[K In member function ‘[01m[Kvoid ThrusterController::PublishWrench(double, double, double)[m[K’:
[2.002s] [01m[K/home/olive/LVTN_2/src/usv_controller/src/thruster_controller.cpp:238:22:[m[K [01;31m[Kerror: [m[Kredeclaration of ‘[01m[Ktf2::Vector3 force_world[m[K’
[2.002s]   238 |         tf2::Vector3 [01;31m[Kforce_world[m[K = tf2::quatRotate(q, force_body);
[2.002s]       |                      [01;31m[K^~~~~~~~~~~[m[K
[2.002s] [01m[K/home/olive/LVTN_2/src/usv_controller/src/thruster_controller.cpp:236:22:[m[K [01;36m[Knote: [m[K‘[01m[Ktf2::Vector3 force_world[m[K’ previously declared here
[2.002s]   236 |         tf2::Vector3 [01;36m[Kforce_world[m[K = tf2::quatRotate(q, force_body);
[2.002s]       |                      [01;36m[K^~~~~~~~~~~[m[K
[2.003s] [01m[K/home/olive/LVTN_2/src/usv_controller/src/thruster_controller.cpp:[m[K In member function ‘[01m[Kvoid ThrusterController::ControlLoop()[m[K’:
[2.003s] [01m[K/home/olive/LVTN_2/src/usv_controller/src/thruster_controller.cpp:273:12:[m[K [01;35m[Kwarning: [m[Kunused variable ‘[01m[Kerror_u[m[K’ [[01;35m[K]8;;https://gcc.gnu.org/onlinedocs/gcc/Warning-Options.html#index-Wunused-variable-Wunused-variable]8;;[m[K]
[2.003s]   273 |     double [01;35m[Kerror_u[m[K = u_d_ - u_;
[2.003s]       |            [01;35m[K^~~~~~~[m[K
[2.003s] [01m[K/home/olive/LVTN_2/src/usv_controller/src/thruster_controller.cpp:274:12:[m[K [01;35m[Kwarning: [m[Kunused variable ‘[01m[Kerror_v[m[K’ [[01;35m[K]8;;https://gcc.gnu.org/onlinedocs/gcc/Warning-Options.html#index-Wunused-variable-Wunused-variable]8;;[m[K]
[2.003s]   274 |     double [01;35m[Kerror_v[m[K = v_d_ - v_;
[2.003s]       |            [01;35m[K^~~~~~~[m[K
[4.034s] gmake[2]: *** [CMakeFiles/thruster_controller.dir/build.make:76: CMakeFiles/thruster_controller.dir/src/thruster_controller.cpp.o] Error 1
[4.035s] gmake[1]: *** [CMakeFiles/Makefile2:165: CMakeFiles/thruster_controller.dir/all] Error 2
[4.035s] gmake: *** [Makefile:146: all] Error 2
[4.037s] Invoked command in '/home/olive/LVTN_2/build/usv_controller' returned '2': CMAKE_PREFIX_PATH=/opt/ros/humble /usr/bin/cmake --build /home/olive/LVTN_2/build/usv_controller -- -j16 -l16
