[0.033s] Invoking command in '/home/olive/LVTN_2/build/usv_controller': CMAKE_PREFIX_PATH=${CMAKE_PREFIX_PATH}:/opt/ros/humble /usr/bin/cmake /home/olive/LVTN_2/src/usv_controller -DCMAKE_INSTALL_PREFIX=/home/olive/LVTN_2/install/usv_controller
[0.057s] -- Found ament_cmake: 1.3.14 (/opt/ros/humble/share/ament_cmake/cmake)
[0.302s] -- Override CMake install command with custom implementation using symlinks instead of copying resources
[0.316s] -- Found rclcpp: 16.0.19 (/opt/ros/humble/share/rclcpp/cmake)
[0.373s] -- Found rosidl_generator_c: 3.1.9 (/opt/ros/humble/share/rosidl_generator_c/cmake)
[0.377s] -- Found rosidl_adapter: 3.1.9 (/opt/ros/humble/share/rosidl_adapter/cmake)
[0.387s] -- Found rosidl_generator_cpp: 3.1.9 (/opt/ros/humble/share/rosidl_generator_cpp/cmake)
[0.401s] -- Using all available rosidl_typesupport_c: rosidl_typesupport_fastrtps_c;rosidl_typesupport_introspection_c
[0.419s] -- Using all available rosidl_typesupport_cpp: rosidl_typesupport_fastrtps_cpp;rosidl_typesupport_introspection_cpp
[0.481s] -- Found rmw_implementation_cmake: 6.1.2 (/opt/ros/humble/share/rmw_implementation_cmake/cmake)
[0.483s] -- Found rmw_fastrtps_cpp: 6.2.10 (/opt/ros/humble/share/rmw_fastrtps_cpp/cmake)
[0.708s] -- Using RMW implementation 'rmw_fastrtps_cpp' as default
[0.812s] -- Found tf2: 0.25.20 (/opt/ros/humble/share/tf2/cmake)
[0.849s] -- Found nav_msgs: 4.9.1 (/opt/ros/humble/share/nav_msgs/cmake)
[0.878s] -- Found tf2_geometry_msgs: 0.25.20 (/opt/ros/humble/share/tf2_geometry_msgs/cmake)
[0.883s] -- Found eigen3_cmake_module: 0.1.1 (/opt/ros/humble/share/eigen3_cmake_module/cmake)
[0.885s] -- Ensuring Eigen3 include directory is part of orocos-kdl CMake target
[1.061s] -- Found ros_gz_interfaces: 0.244.25 (/opt/ros/humble/share/ros_gz_interfaces/cmake)
[1.096s] -- Found ament_lint_auto: 0.12.15 (/opt/ros/humble/share/ament_lint_auto/cmake)
[1.285s] -- Added test 'cppcheck' to perform static code analysis on C / C++ code
[1.286s] -- Configured cppcheck include dirs: 
[1.286s] -- Configured cppcheck exclude dirs and/or files: 
[1.286s] -- Added test 'flake8' to check Python code syntax and style conventions
[1.287s] -- Added test 'lint_cmake' to check CMake code style
[1.289s] -- Added test 'pep257' to check Python code against some of the docstring style conventions in PEP 257
[1.291s] -- Added test 'uncrustify' to check C / C++ code style
[1.291s] -- Configured uncrustify additional arguments: 
[1.291s] -- Added test 'xmllint' to check XML markup files
[1.294s] -- Configuring done
[1.325s] -- Generating done
[1.336s] -- Build files have been written to: /home/olive/LVTN_2/build/usv_controller
[1.353s] Invoked command in '/home/olive/LVTN_2/build/usv_controller' returned '0': CMAKE_PREFIX_PATH=${CMAKE_PREFIX_PATH}:/opt/ros/humble /usr/bin/cmake /home/olive/LVTN_2/src/usv_controller -DCMAKE_INSTALL_PREFIX=/home/olive/LVTN_2/install/usv_controller
[1.355s] Invoking command in '/home/olive/LVTN_2/build/usv_controller': CMAKE_PREFIX_PATH=${CMAKE_PREFIX_PATH}:/opt/ros/humble /usr/bin/cmake --build /home/olive/LVTN_2/build/usv_controller -- -j16 -l16
[1.415s] [35m[1mConsolidate compiler generated dependencies of target state_reader[0m
[1.415s] [35m[1mConsolidate compiler generated dependencies of target thruster_controller[0m
[1.441s] [ 50%] Built target thruster_controller
[1.446s] [100%] Built target state_reader
[1.464s] Invoked command in '/home/olive/LVTN_2/build/usv_controller' returned '0': CMAKE_PREFIX_PATH=${CMAKE_PREFIX_PATH}:/opt/ros/humble /usr/bin/cmake --build /home/olive/LVTN_2/build/usv_controller -- -j16 -l16
[1.465s] Invoking command in '/home/olive/LVTN_2/build/usv_controller': CMAKE_PREFIX_PATH=${CMAKE_PREFIX_PATH}:/opt/ros/humble /usr/bin/cmake --install /home/olive/LVTN_2/build/usv_controller
[1.477s] -- Install configuration: ""
[1.477s] -- Execute custom install script
[1.478s] -- Up-to-date symlink: /home/olive/LVTN_2/install/usv_controller/share/usv_controller/config/config.yaml
[1.478s] -- Up-to-date symlink: /home/olive/LVTN_2/install/usv_controller/share/usv_controller/launch/controller.launch.py
[1.478s] -- Up-to-date symlink: /home/olive/LVTN_2/install/usv_controller/share/usv_controller/launch/state.launch.py
[1.478s] -- Up-to-date symlink: /home/olive/LVTN_2/install/usv_controller/lib/usv_controller/state_reader
[1.478s] -- Up-to-date symlink: /home/olive/LVTN_2/install/usv_controller/lib/usv_controller/thruster_controller
[1.479s] -- Up-to-date symlink: /home/olive/LVTN_2/install/usv_controller/share/ament_index/resource_index/package_run_dependencies/usv_controller
[1.479s] -- Up-to-date symlink: /home/olive/LVTN_2/install/usv_controller/share/ament_index/resource_index/parent_prefix_path/usv_controller
[1.479s] -- Up-to-date symlink: /home/olive/LVTN_2/install/usv_controller/share/usv_controller/environment/ament_prefix_path.sh
[1.479s] -- Up-to-date symlink: /home/olive/LVTN_2/install/usv_controller/share/usv_controller/environment/ament_prefix_path.dsv
[1.479s] -- Up-to-date symlink: /home/olive/LVTN_2/install/usv_controller/share/usv_controller/environment/path.sh
[1.479s] -- Up-to-date symlink: /home/olive/LVTN_2/install/usv_controller/share/usv_controller/environment/path.dsv
[1.479s] -- Up-to-date symlink: /home/olive/LVTN_2/install/usv_controller/share/usv_controller/local_setup.bash
[1.480s] -- Up-to-date symlink: /home/olive/LVTN_2/install/usv_controller/share/usv_controller/local_setup.sh
[1.480s] -- Up-to-date symlink: /home/olive/LVTN_2/install/usv_controller/share/usv_controller/local_setup.zsh
[1.480s] -- Up-to-date symlink: /home/olive/LVTN_2/install/usv_controller/share/usv_controller/local_setup.dsv
[1.480s] -- Symlinking: /home/olive/LVTN_2/install/usv_controller/share/usv_controller/package.dsv
[1.494s] -- Up-to-date symlink: /home/olive/LVTN_2/install/usv_controller/share/ament_index/resource_index/packages/usv_controller
[1.494s] -- Up-to-date symlink: /home/olive/LVTN_2/install/usv_controller/share/usv_controller/cmake/usv_controllerConfig.cmake
[1.494s] -- Up-to-date symlink: /home/olive/LVTN_2/install/usv_controller/share/usv_controller/cmake/usv_controllerConfig-version.cmake
[1.494s] -- Up-to-date symlink: /home/olive/LVTN_2/install/usv_controller/share/usv_controller/package.xml
[1.498s] Invoked command in '/home/olive/LVTN_2/build/usv_controller' returned '0': CMAKE_PREFIX_PATH=${CMAKE_PREFIX_PATH}:/opt/ros/humble /usr/bin/cmake --install /home/olive/LVTN_2/build/usv_controller
