[0.121s] DEBUG:colcon:Command line arguments: ['/usr/bin/colcon', 'build', '--packages-select', 'usv_controller']
[0.121s] DEBUG:colcon:Parsed command line arguments: Namespace(log_base=None, log_level=None, verb_name='build', build_base='build', install_base='install', merge_install=False, symlink_install=False, test_result_base=None, continue_on_error=False, executor='parallel', parallel_workers=16, event_handlers=None, ignore_user_meta=False, metas=['./colcon.meta'], base_paths=['.'], packages_ignore=None, packages_ignore_regex=None, paths=None, packages_up_to=None, packages_up_to_regex=None, packages_above=None, packages_above_and_dependencies=None, packages_above_depth=None, packages_select_by_dep=None, packages_skip_by_dep=None, packages_skip_up_to=None, packages_select_build_failed=False, packages_skip_build_finished=False, packages_select_test_failures=False, packages_skip_test_passed=False, packages_select=['usv_controller'], packages_skip=None, packages_select_regex=None, packages_skip_regex=None, packages_start=None, packages_end=None, allow_overriding=[], cmake_args=None, cmake_target=None, cmake_target_skip_unavailable=False, cmake_clean_cache=False, cmake_clean_first=False, cmake_force_configure=False, ament_cmake_args=None, catkin_cmake_args=None, catkin_skip_building_tests=False, verb_parser=<colcon_defaults.argument_parser.defaults.DefaultArgumentsDecorator object at 0x79591961d600>, verb_extension=<colcon_core.verb.build.BuildVerb object at 0x79591961cd00>, main=<bound method BuildVerb.main of <colcon_core.verb.build.BuildVerb object at 0x79591961cd00>>)
[0.314s] Level 1:colcon.colcon_core.package_discovery:discover_packages(colcon_meta) check parameters
[0.314s] Level 1:colcon.colcon_core.package_discovery:discover_packages(recursive) check parameters
[0.314s] Level 1:colcon.colcon_core.package_discovery:discover_packages(ignore) check parameters
[0.314s] Level 1:colcon.colcon_core.package_discovery:discover_packages(path) check parameters
[0.314s] Level 1:colcon.colcon_core.package_discovery:discover_packages(colcon_meta) discover
[0.314s] Level 1:colcon.colcon_core.package_discovery:discover_packages(recursive) discover
[0.314s] INFO:colcon.colcon_core.package_discovery:Crawling recursively for packages in '/home/olive/LVTN_2'
[0.314s] Level 1:colcon.colcon_core.package_identification:_identify(.) by extensions ['ignore', 'ignore_ament_install']
[0.314s] Level 1:colcon.colcon_core.package_identification:_identify(.) by extension 'ignore'
[0.314s] Level 1:colcon.colcon_core.package_identification:_identify(.) by extension 'ignore_ament_install'
[0.314s] Level 1:colcon.colcon_core.package_identification:_identify(.) by extensions ['colcon_pkg']
[0.315s] Level 1:colcon.colcon_core.package_identification:_identify(.) by extension 'colcon_pkg'
[0.315s] Level 1:colcon.colcon_core.package_identification:_identify(.) by extensions ['colcon_meta']
[0.315s] Level 1:colcon.colcon_core.package_identification:_identify(.) by extension 'colcon_meta'
[0.315s] Level 1:colcon.colcon_core.package_identification:_identify(.) by extensions ['ros']
[0.315s] Level 1:colcon.colcon_core.package_identification:_identify(.) by extension 'ros'
[0.326s] Level 1:colcon.colcon_core.package_identification:_identify(.) by extensions ['cmake', 'python']
[0.326s] Level 1:colcon.colcon_core.package_identification:_identify(.) by extension 'cmake'
[0.326s] Level 1:colcon.colcon_core.package_identification:_identify(.) by extension 'python'
[0.326s] Level 1:colcon.colcon_core.package_identification:_identify(.) by extensions ['python_setup_py']
[0.326s] Level 1:colcon.colcon_core.package_identification:_identify(.) by extension 'python_setup_py'
[0.326s] Level 1:colcon.colcon_core.package_identification:_identify(STL) by extensions ['ignore', 'ignore_ament_install']
[0.326s] Level 1:colcon.colcon_core.package_identification:_identify(STL) by extension 'ignore'
[0.326s] Level 1:colcon.colcon_core.package_identification:_identify(STL) by extension 'ignore_ament_install'
[0.326s] Level 1:colcon.colcon_core.package_identification:_identify(STL) by extensions ['colcon_pkg']
[0.326s] Level 1:colcon.colcon_core.package_identification:_identify(STL) by extension 'colcon_pkg'
[0.326s] Level 1:colcon.colcon_core.package_identification:_identify(STL) by extensions ['colcon_meta']
[0.326s] Level 1:colcon.colcon_core.package_identification:_identify(STL) by extension 'colcon_meta'
[0.326s] Level 1:colcon.colcon_core.package_identification:_identify(STL) by extensions ['ros']
[0.326s] Level 1:colcon.colcon_core.package_identification:_identify(STL) by extension 'ros'
[0.326s] Level 1:colcon.colcon_core.package_identification:_identify(STL) by extensions ['cmake', 'python']
[0.326s] Level 1:colcon.colcon_core.package_identification:_identify(STL) by extension 'cmake'
[0.326s] Level 1:colcon.colcon_core.package_identification:_identify(STL) by extension 'python'
[0.326s] Level 1:colcon.colcon_core.package_identification:_identify(STL) by extensions ['python_setup_py']
[0.326s] Level 1:colcon.colcon_core.package_identification:_identify(STL) by extension 'python_setup_py'
[0.327s] Level 1:colcon.colcon_core.package_identification:_identify(backups) by extensions ['ignore', 'ignore_ament_install']
[0.327s] Level 1:colcon.colcon_core.package_identification:_identify(backups) by extension 'ignore'
[0.327s] Level 1:colcon.colcon_core.package_identification:_identify(backups) by extension 'ignore_ament_install'
[0.327s] Level 1:colcon.colcon_core.package_identification:_identify(backups) by extensions ['colcon_pkg']
[0.327s] Level 1:colcon.colcon_core.package_identification:_identify(backups) by extension 'colcon_pkg'
[0.327s] Level 1:colcon.colcon_core.package_identification:_identify(backups) by extensions ['colcon_meta']
[0.327s] Level 1:colcon.colcon_core.package_identification:_identify(backups) by extension 'colcon_meta'
[0.327s] Level 1:colcon.colcon_core.package_identification:_identify(backups) by extensions ['ros']
[0.327s] Level 1:colcon.colcon_core.package_identification:_identify(backups) by extension 'ros'
[0.327s] Level 1:colcon.colcon_core.package_identification:_identify(backups) by extensions ['cmake', 'python']
[0.327s] Level 1:colcon.colcon_core.package_identification:_identify(backups) by extension 'cmake'
[0.327s] Level 1:colcon.colcon_core.package_identification:_identify(backups) by extension 'python'
[0.327s] Level 1:colcon.colcon_core.package_identification:_identify(backups) by extensions ['python_setup_py']
[0.327s] Level 1:colcon.colcon_core.package_identification:_identify(backups) by extension 'python_setup_py'
[0.327s] Level 1:colcon.colcon_core.package_identification:_identify(build) by extensions ['ignore', 'ignore_ament_install']
[0.327s] Level 1:colcon.colcon_core.package_identification:_identify(build) by extension 'ignore'
[0.327s] Level 1:colcon.colcon_core.package_identification:_identify(build) ignored
[0.327s] Level 1:colcon.colcon_core.package_identification:_identify(install) by extensions ['ignore', 'ignore_ament_install']
[0.327s] Level 1:colcon.colcon_core.package_identification:_identify(install) by extension 'ignore'
[0.327s] Level 1:colcon.colcon_core.package_identification:_identify(install) ignored
[0.328s] Level 1:colcon.colcon_core.package_identification:_identify(log) by extensions ['ignore', 'ignore_ament_install']
[0.328s] Level 1:colcon.colcon_core.package_identification:_identify(log) by extension 'ignore'
[0.328s] Level 1:colcon.colcon_core.package_identification:_identify(log) ignored
[0.328s] Level 1:colcon.colcon_core.package_identification:_identify(src) by extensions ['ignore', 'ignore_ament_install']
[0.328s] Level 1:colcon.colcon_core.package_identification:_identify(src) by extension 'ignore'
[0.328s] Level 1:colcon.colcon_core.package_identification:_identify(src) by extension 'ignore_ament_install'
[0.328s] Level 1:colcon.colcon_core.package_identification:_identify(src) by extensions ['colcon_pkg']
[0.328s] Level 1:colcon.colcon_core.package_identification:_identify(src) by extension 'colcon_pkg'
[0.328s] Level 1:colcon.colcon_core.package_identification:_identify(src) by extensions ['colcon_meta']
[0.328s] Level 1:colcon.colcon_core.package_identification:_identify(src) by extension 'colcon_meta'
[0.328s] Level 1:colcon.colcon_core.package_identification:_identify(src) by extensions ['ros']
[0.328s] Level 1:colcon.colcon_core.package_identification:_identify(src) by extension 'ros'
[0.328s] Level 1:colcon.colcon_core.package_identification:_identify(src) by extensions ['cmake', 'python']
[0.328s] Level 1:colcon.colcon_core.package_identification:_identify(src) by extension 'cmake'
[0.328s] Level 1:colcon.colcon_core.package_identification:_identify(src) by extension 'python'
[0.328s] Level 1:colcon.colcon_core.package_identification:_identify(src) by extensions ['python_setup_py']
[0.328s] Level 1:colcon.colcon_core.package_identification:_identify(src) by extension 'python_setup_py'
[0.328s] Level 1:colcon.colcon_core.package_identification:_identify(src/usv_controller) by extensions ['ignore', 'ignore_ament_install']
[0.329s] Level 1:colcon.colcon_core.package_identification:_identify(src/usv_controller) by extension 'ignore'
[0.329s] Level 1:colcon.colcon_core.package_identification:_identify(src/usv_controller) by extension 'ignore_ament_install'
[0.329s] Level 1:colcon.colcon_core.package_identification:_identify(src/usv_controller) by extensions ['colcon_pkg']
[0.329s] Level 1:colcon.colcon_core.package_identification:_identify(src/usv_controller) by extension 'colcon_pkg'
[0.329s] Level 1:colcon.colcon_core.package_identification:_identify(src/usv_controller) by extensions ['colcon_meta']
[0.329s] Level 1:colcon.colcon_core.package_identification:_identify(src/usv_controller) by extension 'colcon_meta'
[0.329s] Level 1:colcon.colcon_core.package_identification:_identify(src/usv_controller) by extensions ['ros']
[0.329s] Level 1:colcon.colcon_core.package_identification:_identify(src/usv_controller) by extension 'ros'
[0.331s] DEBUG:colcon.colcon_core.package_identification:Package 'src/usv_controller' with type 'ros.ament_cmake' and name 'usv_controller'
[0.332s] Level 1:colcon.colcon_core.package_identification:_identify(src/usv_description) by extensions ['ignore', 'ignore_ament_install']
[0.332s] Level 1:colcon.colcon_core.package_identification:_identify(src/usv_description) by extension 'ignore'
[0.332s] Level 1:colcon.colcon_core.package_identification:_identify(src/usv_description) by extension 'ignore_ament_install'
[0.332s] Level 1:colcon.colcon_core.package_identification:_identify(src/usv_description) by extensions ['colcon_pkg']
[0.332s] Level 1:colcon.colcon_core.package_identification:_identify(src/usv_description) by extension 'colcon_pkg'
[0.332s] Level 1:colcon.colcon_core.package_identification:_identify(src/usv_description) by extensions ['colcon_meta']
[0.332s] Level 1:colcon.colcon_core.package_identification:_identify(src/usv_description) by extension 'colcon_meta'
[0.332s] Level 1:colcon.colcon_core.package_identification:_identify(src/usv_description) by extensions ['ros']
[0.332s] Level 1:colcon.colcon_core.package_identification:_identify(src/usv_description) by extension 'ros'
[0.333s] DEBUG:colcon.colcon_core.package_identification:Package 'src/usv_description' with type 'ros.ament_cmake' and name 'usv_description'
[0.333s] Level 1:colcon.colcon_core.package_discovery:discover_packages(recursive) using defaults
[0.333s] Level 1:colcon.colcon_core.package_discovery:discover_packages(ignore) discover
[0.333s] Level 1:colcon.colcon_core.package_discovery:discover_packages(ignore) using defaults
[0.333s] Level 1:colcon.colcon_core.package_discovery:discover_packages(path) discover
[0.333s] Level 1:colcon.colcon_core.package_discovery:discover_packages(path) using defaults
[0.366s] INFO:colcon.colcon_core.package_selection:Skipping not selected package 'usv_description' in 'src/usv_description'
[0.366s] Level 1:colcon.colcon_core.package_discovery:discover_packages(prefix_path) check parameters
[0.367s] Level 1:colcon.colcon_core.package_discovery:discover_packages(prefix_path) discover
[0.369s] DEBUG:colcon.colcon_installed_package_information.package_discovery:Found 425 installed packages in /opt/ros/humble
[0.371s] Level 1:colcon.colcon_core.package_discovery:discover_packages(prefix_path) using defaults
[0.427s] Level 5:colcon.colcon_core.verb:set package 'usv_controller' build argument 'cmake_args' from command line to 'None'
[0.427s] Level 5:colcon.colcon_core.verb:set package 'usv_controller' build argument 'cmake_target' from command line to 'None'
[0.427s] Level 5:colcon.colcon_core.verb:set package 'usv_controller' build argument 'cmake_target_skip_unavailable' from command line to 'False'
[0.427s] Level 5:colcon.colcon_core.verb:set package 'usv_controller' build argument 'cmake_clean_cache' from command line to 'False'
[0.427s] Level 5:colcon.colcon_core.verb:set package 'usv_controller' build argument 'cmake_clean_first' from command line to 'False'
[0.427s] Level 5:colcon.colcon_core.verb:set package 'usv_controller' build argument 'cmake_force_configure' from command line to 'False'
[0.427s] Level 5:colcon.colcon_core.verb:set package 'usv_controller' build argument 'ament_cmake_args' from command line to 'None'
[0.427s] Level 5:colcon.colcon_core.verb:set package 'usv_controller' build argument 'catkin_cmake_args' from command line to 'None'
[0.427s] Level 5:colcon.colcon_core.verb:set package 'usv_controller' build argument 'catkin_skip_building_tests' from command line to 'False'
[0.427s] DEBUG:colcon.colcon_core.verb:Building package 'usv_controller' with the following arguments: {'ament_cmake_args': None, 'build_base': '/home/olive/LVTN_2/build/usv_controller', 'catkin_cmake_args': None, 'catkin_skip_building_tests': False, 'cmake_args': None, 'cmake_clean_cache': False, 'cmake_clean_first': False, 'cmake_force_configure': False, 'cmake_target': None, 'cmake_target_skip_unavailable': False, 'install_base': '/home/olive/LVTN_2/install/usv_controller', 'merge_install': False, 'path': '/home/olive/LVTN_2/src/usv_controller', 'symlink_install': False, 'test_result_base': None}
[0.427s] INFO:colcon.colcon_core.executor:Executing jobs using 'parallel' executor
[0.428s] DEBUG:colcon.colcon_parallel_executor.executor.parallel:run_until_complete
[0.429s] INFO:colcon.colcon_ros.task.ament_cmake.build:Building ROS package in '/home/olive/LVTN_2/src/usv_controller' with build type 'ament_cmake'
[0.429s] INFO:colcon.colcon_cmake.task.cmake.build:Building CMake package in '/home/olive/LVTN_2/src/usv_controller'
[0.431s] INFO:colcon.colcon_core.plugin_system:Skipping extension 'colcon_core.shell.bat': Not used on non-Windows systems
[0.431s] INFO:colcon.colcon_core.shell:Skip shell extension 'powershell' for command environment: Not usable outside of PowerShell
[0.431s] DEBUG:colcon.colcon_core.shell:Skip shell extension 'dsv' for command environment
[0.441s] DEBUG:colcon.colcon_core.event_handler.log_command:Invoking command in '/home/olive/LVTN_2/build/usv_controller': CMAKE_PREFIX_PATH=/opt/ros/humble /usr/bin/cmake --build /home/olive/LVTN_2/build/usv_controller -- -j16 -l16
[7.742s] DEBUG:colcon.colcon_core.event_handler.log_command:Invoked command in '/home/olive/LVTN_2/build/usv_controller' returned '0': CMAKE_PREFIX_PATH=/opt/ros/humble /usr/bin/cmake --build /home/olive/LVTN_2/build/usv_controller -- -j16 -l16
[7.752s] DEBUG:colcon.colcon_core.event_handler.log_command:Invoking command in '/home/olive/LVTN_2/build/usv_controller': CMAKE_PREFIX_PATH=/opt/ros/humble /usr/bin/cmake --install /home/olive/LVTN_2/build/usv_controller
[7.764s] Level 1:colcon.colcon_core.environment:create_environment_scripts_only(usv_controller)
[7.765s] DEBUG:colcon.colcon_core.event_handler.log_command:Invoked command in '/home/olive/LVTN_2/build/usv_controller' returned '0': CMAKE_PREFIX_PATH=/opt/ros/humble /usr/bin/cmake --install /home/olive/LVTN_2/build/usv_controller
[7.769s] Level 1:colcon.colcon_core.environment:checking '/home/olive/LVTN_2/install/usv_controller' for CMake module files
[7.770s] Level 1:colcon.colcon_core.environment:checking '/home/olive/LVTN_2/install/usv_controller' for CMake config files
[7.770s] Level 1:colcon.colcon_core.shell:create_environment_hook('usv_controller', 'cmake_prefix_path')
[7.771s] INFO:colcon.colcon_core.shell:Creating environment hook '/home/olive/LVTN_2/install/usv_controller/share/usv_controller/hook/cmake_prefix_path.ps1'
[7.772s] INFO:colcon.colcon_core.shell:Creating environment descriptor '/home/olive/LVTN_2/install/usv_controller/share/usv_controller/hook/cmake_prefix_path.dsv'
[7.773s] INFO:colcon.colcon_core.shell:Creating environment hook '/home/olive/LVTN_2/install/usv_controller/share/usv_controller/hook/cmake_prefix_path.sh'
[7.775s] Level 1:colcon.colcon_core.environment:checking '/home/olive/LVTN_2/install/usv_controller/lib'
[7.775s] Level 1:colcon.colcon_core.environment:checking '/home/olive/LVTN_2/install/usv_controller/bin'
[7.776s] Level 1:colcon.colcon_core.environment:checking '/home/olive/LVTN_2/install/usv_controller/lib/pkgconfig/usv_controller.pc'
[7.776s] Level 1:colcon.colcon_core.environment:checking '/home/olive/LVTN_2/install/usv_controller/lib/python3.10/site-packages'
[7.777s] Level 1:colcon.colcon_core.environment:checking '/home/olive/LVTN_2/install/usv_controller/bin'
[7.777s] INFO:colcon.colcon_core.shell:Creating package script '/home/olive/LVTN_2/install/usv_controller/share/usv_controller/package.ps1'
[7.780s] INFO:colcon.colcon_core.shell:Creating package descriptor '/home/olive/LVTN_2/install/usv_controller/share/usv_controller/package.dsv'
[7.781s] INFO:colcon.colcon_core.shell:Creating package script '/home/olive/LVTN_2/install/usv_controller/share/usv_controller/package.sh'
[7.783s] INFO:colcon.colcon_core.shell:Creating package script '/home/olive/LVTN_2/install/usv_controller/share/usv_controller/package.bash'
[7.784s] INFO:colcon.colcon_core.shell:Creating package script '/home/olive/LVTN_2/install/usv_controller/share/usv_controller/package.zsh'
[7.786s] Level 1:colcon.colcon_core.environment:create_file_with_runtime_dependencies(/home/olive/LVTN_2/install/usv_controller/share/colcon-core/packages/usv_controller)
[7.787s] Level 1:colcon.colcon_core.environment:create_environment_scripts_only(usv_controller)
[7.787s] Level 1:colcon.colcon_core.environment:checking '/home/olive/LVTN_2/install/usv_controller' for CMake module files
[7.788s] Level 1:colcon.colcon_core.environment:checking '/home/olive/LVTN_2/install/usv_controller' for CMake config files
[7.788s] Level 1:colcon.colcon_core.shell:create_environment_hook('usv_controller', 'cmake_prefix_path')
[7.789s] INFO:colcon.colcon_core.shell:Creating environment hook '/home/olive/LVTN_2/install/usv_controller/share/usv_controller/hook/cmake_prefix_path.ps1'
[7.790s] INFO:colcon.colcon_core.shell:Creating environment descriptor '/home/olive/LVTN_2/install/usv_controller/share/usv_controller/hook/cmake_prefix_path.dsv'
[7.791s] INFO:colcon.colcon_core.shell:Creating environment hook '/home/olive/LVTN_2/install/usv_controller/share/usv_controller/hook/cmake_prefix_path.sh'
[7.792s] Level 1:colcon.colcon_core.environment:checking '/home/olive/LVTN_2/install/usv_controller/lib'
[7.792s] Level 1:colcon.colcon_core.environment:checking '/home/olive/LVTN_2/install/usv_controller/bin'
[7.792s] Level 1:colcon.colcon_core.environment:checking '/home/olive/LVTN_2/install/usv_controller/lib/pkgconfig/usv_controller.pc'
[7.793s] Level 1:colcon.colcon_core.environment:checking '/home/olive/LVTN_2/install/usv_controller/lib/python3.10/site-packages'
[7.794s] Level 1:colcon.colcon_core.environment:checking '/home/olive/LVTN_2/install/usv_controller/bin'
[7.795s] INFO:colcon.colcon_core.shell:Creating package script '/home/olive/LVTN_2/install/usv_controller/share/usv_controller/package.ps1'
[7.796s] INFO:colcon.colcon_core.shell:Creating package descriptor '/home/olive/LVTN_2/install/usv_controller/share/usv_controller/package.dsv'
[7.797s] INFO:colcon.colcon_core.shell:Creating package script '/home/olive/LVTN_2/install/usv_controller/share/usv_controller/package.sh'
[7.798s] INFO:colcon.colcon_core.shell:Creating package script '/home/olive/LVTN_2/install/usv_controller/share/usv_controller/package.bash'
[7.799s] INFO:colcon.colcon_core.shell:Creating package script '/home/olive/LVTN_2/install/usv_controller/share/usv_controller/package.zsh'
[7.800s] Level 1:colcon.colcon_core.environment:create_file_with_runtime_dependencies(/home/olive/LVTN_2/install/usv_controller/share/colcon-core/packages/usv_controller)
[7.800s] DEBUG:colcon.colcon_parallel_executor.executor.parallel:closing loop
[7.801s] DEBUG:colcon.colcon_parallel_executor.executor.parallel:loop closed
[7.801s] DEBUG:colcon.colcon_parallel_executor.executor.parallel:run_until_complete finished with '0'
[7.801s] DEBUG:colcon.colcon_core.event_reactor:joining thread
[7.804s] INFO:colcon.colcon_core.plugin_system:Skipping extension 'colcon_notification.desktop_notification.terminal_notifier': Not used on non-Darwin systems
[7.805s] INFO:colcon.colcon_core.plugin_system:Skipping extension 'colcon_notification.desktop_notification.win32': Not used on non-Windows systems
[7.805s] INFO:colcon.colcon_notification.desktop_notification:Sending desktop notification using 'notify2'
[7.827s] DEBUG:colcon.colcon_core.event_reactor:joined thread
[7.827s] INFO:colcon.colcon_core.shell:Creating prefix script '/home/olive/LVTN_2/install/local_setup.ps1'
[7.830s] INFO:colcon.colcon_core.shell:Creating prefix util module '/home/olive/LVTN_2/install/_local_setup_util_ps1.py'
[7.834s] INFO:colcon.colcon_core.shell:Creating prefix chain script '/home/olive/LVTN_2/install/setup.ps1'
[7.836s] INFO:colcon.colcon_core.shell:Creating prefix script '/home/olive/LVTN_2/install/local_setup.sh'
[7.838s] INFO:colcon.colcon_core.shell:Creating prefix util module '/home/olive/LVTN_2/install/_local_setup_util_sh.py'
[7.839s] INFO:colcon.colcon_core.shell:Creating prefix chain script '/home/olive/LVTN_2/install/setup.sh'
[7.841s] INFO:colcon.colcon_core.shell:Creating prefix script '/home/olive/LVTN_2/install/local_setup.bash'
[7.842s] INFO:colcon.colcon_core.shell:Creating prefix chain script '/home/olive/LVTN_2/install/setup.bash'
[7.844s] INFO:colcon.colcon_core.shell:Creating prefix script '/home/olive/LVTN_2/install/local_setup.zsh'
[7.846s] INFO:colcon.colcon_core.shell:Creating prefix chain script '/home/olive/LVTN_2/install/setup.zsh'
