running develop
running egg_info
creating usv_nav_control_reference.egg-info
writing usv_nav_control_reference.egg-info/PKG-INFO
writing dependency_links to usv_nav_control_reference.egg-info/dependency_links.txt
writing requirements to usv_nav_control_reference.egg-info/requires.txt
writing top-level names to usv_nav_control_reference.egg-info/top_level.txt
writing manifest file 'usv_nav_control_reference.egg-info/SOURCES.txt'
reading manifest file 'usv_nav_control_reference.egg-info/SOURCES.txt'
writing manifest file 'usv_nav_control_reference.egg-info/SOURCES.txt'
running build_ext
Creating /home/olive/LVTN_2/install/usv_nav_control_reference/lib/python3.10/site-packages/usv-nav-control-reference.egg-link (link to .)
Installing reference_guidance_controller.py script to /home/olive/LVTN_2/install/usv_nav_control_reference/lib/usv_nav_control_reference
Installing reference_path_publisher.py script to /home/olive/LVTN_2/install/usv_nav_control_reference/lib/usv_nav_control_reference

Installed /home/olive/LVTN_2/build/usv_nav_control_reference
running symlink_data
creating /home/olive/LVTN_2/install/usv_nav_control_reference/share/ament_index
creating /home/olive/LVTN_2/install/usv_nav_control_reference/share/ament_index/resource_index
creating /home/olive/LVTN_2/install/usv_nav_control_reference/share/ament_index/resource_index/packages
symbolically linking /home/olive/LVTN_2/build/usv_nav_control_reference/resource/usv_nav_control_reference -> /home/olive/LVTN_2/install/usv_nav_control_reference/share/ament_index/resource_index/packages
symbolically linking /home/olive/LVTN_2/build/usv_nav_control_reference/package.xml -> /home/olive/LVTN_2/install/usv_nav_control_reference/share/usv_nav_control_reference
symbolically linking /home/olive/LVTN_2/build/usv_nav_control_reference/README.md -> /home/olive/LVTN_2/install/usv_nav_control_reference/share/usv_nav_control_reference
creating /home/olive/LVTN_2/install/usv_nav_control_reference/share/usv_nav_control_reference/launch
symbolically linking /home/olive/LVTN_2/build/usv_nav_control_reference/launch/usv_nav_control_reference.launch.py -> /home/olive/LVTN_2/install/usv_nav_control_reference/share/usv_nav_control_reference/launch
creating /home/olive/LVTN_2/install/usv_nav_control_reference/share/usv_nav_control_reference/config
symbolically linking /home/olive/LVTN_2/build/usv_nav_control_reference/config/usv_nav_control_reference.yaml -> /home/olive/LVTN_2/install/usv_nav_control_reference/share/usv_nav_control_reference/config
symbolically linking /home/olive/LVTN_2/build/usv_nav_control_reference/config/usv_nav_control_reference.rviz -> /home/olive/LVTN_2/install/usv_nav_control_reference/share/usv_nav_control_reference/config
