[1.090s] Invoking command in '/home/olive/LVTN_2/build/usv_nav_control_reference': CMAKE_PREFIX_PATH=/home/olive/LVTN_2/install/usv_description:/home/olive/LVTN_2/install/usv_gazebo PYTHONPATH=/home/olive/LVTN_2/build/usv_nav_control_reference/prefix_override:/usr/lib/python3/dist-packages/colcon_core/task/python/colcon_distutils_commands:/home/olive/LVTN_2/install/usv_nav_control_reference/lib/python3.10/site-packages:${PYTHONPATH} /usr/bin/python3 -W ignore:setup.py install is deprecated -W ignore:easy_install command is deprecated setup.py develop --editable --build-directory /home/olive/LVTN_2/build/usv_nav_control_reference/build --no-deps symlink_data
[1.452s] running develop
[1.734s] running egg_info
[1.734s] creating usv_nav_control_reference.egg-info
[1.735s] writing usv_nav_control_reference.egg-info/PKG-INFO
[1.736s] writing dependency_links to usv_nav_control_reference.egg-info/dependency_links.txt
[1.736s] writing requirements to usv_nav_control_reference.egg-info/requires.txt
[1.736s] writing top-level names to usv_nav_control_reference.egg-info/top_level.txt
[1.736s] writing manifest file 'usv_nav_control_reference.egg-info/SOURCES.txt'
[1.737s] reading manifest file 'usv_nav_control_reference.egg-info/SOURCES.txt'
[1.738s] writing manifest file 'usv_nav_control_reference.egg-info/SOURCES.txt'
[1.740s] running build_ext
[1.741s] Creating /home/olive/LVTN_2/install/usv_nav_control_reference/lib/python3.10/site-packages/usv-nav-control-reference.egg-link (link to .)
[1.743s] Installing reference_guidance_controller.py script to /home/olive/LVTN_2/install/usv_nav_control_reference/lib/usv_nav_control_reference
[1.745s] Installing reference_path_publisher.py script to /home/olive/LVTN_2/install/usv_nav_control_reference/lib/usv_nav_control_reference
[1.745s] 
[1.745s] Installed /home/olive/LVTN_2/build/usv_nav_control_reference
[1.745s] running symlink_data
[1.746s] creating /home/olive/LVTN_2/install/usv_nav_control_reference/share/ament_index
[1.746s] creating /home/olive/LVTN_2/install/usv_nav_control_reference/share/ament_index/resource_index
[1.746s] creating /home/olive/LVTN_2/install/usv_nav_control_reference/share/ament_index/resource_index/packages
[1.746s] symbolically linking /home/olive/LVTN_2/build/usv_nav_control_reference/resource/usv_nav_control_reference -> /home/olive/LVTN_2/install/usv_nav_control_reference/share/ament_index/resource_index/packages
[1.746s] symbolically linking /home/olive/LVTN_2/build/usv_nav_control_reference/package.xml -> /home/olive/LVTN_2/install/usv_nav_control_reference/share/usv_nav_control_reference
[1.746s] symbolically linking /home/olive/LVTN_2/build/usv_nav_control_reference/README.md -> /home/olive/LVTN_2/install/usv_nav_control_reference/share/usv_nav_control_reference
[1.746s] creating /home/olive/LVTN_2/install/usv_nav_control_reference/share/usv_nav_control_reference/launch
[1.746s] symbolically linking /home/olive/LVTN_2/build/usv_nav_control_reference/launch/usv_nav_control_reference.launch.py -> /home/olive/LVTN_2/install/usv_nav_control_reference/share/usv_nav_control_reference/launch
[1.747s] creating /home/olive/LVTN_2/install/usv_nav_control_reference/share/usv_nav_control_reference/config
[1.747s] symbolically linking /home/olive/LVTN_2/build/usv_nav_control_reference/config/usv_nav_control_reference.yaml -> /home/olive/LVTN_2/install/usv_nav_control_reference/share/usv_nav_control_reference/config
[1.747s] symbolically linking /home/olive/LVTN_2/build/usv_nav_control_reference/config/usv_nav_control_reference.rviz -> /home/olive/LVTN_2/install/usv_nav_control_reference/share/usv_nav_control_reference/config
[1.790s] Invoked command in '/home/olive/LVTN_2/build/usv_nav_control_reference' returned '0': CMAKE_PREFIX_PATH=/home/olive/LVTN_2/install/usv_description:/home/olive/LVTN_2/install/usv_gazebo PYTHONPATH=/home/olive/LVTN_2/build/usv_nav_control_reference/prefix_override:/usr/lib/python3/dist-packages/colcon_core/task/python/colcon_distutils_commands:/home/olive/LVTN_2/install/usv_nav_control_reference/lib/python3.10/site-packages:${PYTHONPATH} /usr/bin/python3 -W ignore:setup.py install is deprecated -W ignore:easy_install command is deprecated setup.py develop --editable --build-directory /home/olive/LVTN_2/build/usv_nav_control_reference/build --no-deps symlink_data
