[0.011s] Invoking command in '/home/olive/LVTN_2/build/usv_navigation': CMAKE_PREFIX_PATH=/opt/ros/humble /usr/bin/cmake /home/olive/LVTN_2/src/usv_navigation -DCMAKE_INSTALL_PREFIX=/home/olive/LVTN_2/install/usv_navigation
[0.144s] -- The C compiler identification is GNU 11.4.0
[0.224s] -- The CXX compiler identification is GNU 11.4.0
[0.238s] -- Detecting C compiler ABI info
[0.333s] -- Detecting C compiler ABI info - done
[0.344s] -- Check for working C compiler: /usr/bin/cc - skipped
[0.345s] -- Detecting C compile features
[0.345s] -- Detecting C compile features - done
[0.350s] -- Detecting CXX compiler ABI info
[0.450s] -- Detecting CXX compiler ABI info - done
[0.459s] -- Check for working CXX compiler: /usr/bin/c++ - skipped
[0.459s] -- Detecting CXX compile features
[0.459s] -- Detecting CXX compile features - done
[0.654s] -- Found ament_cmake: 1.3.14 (/opt/ros/humble/share/ament_cmake/cmake)
[1.159s] -- Found Python3: /home/olive/.espressif/python_env/idf5.5_py3.10_env/bin/python3 (found version "3.10.12") found components: Interpreter 
[1.294s] -- Found ament_lint_auto: 0.12.15 (/opt/ros/humble/share/ament_lint_auto/cmake)
[1.431s] -- Added test 'flake8' to check Python code syntax and style conventions
[1.433s] -- Added test 'lint_cmake' to check CMake code style
[1.434s] -- Added test 'pep257' to check Python code against some of the docstring style conventions in PEP 257
[1.436s] -- Added test 'xmllint' to check XML markup files
[1.438s] -- Configuring done
[1.442s] -- Generating done
[1.444s] -- Build files have been written to: /home/olive/LVTN_2/build/usv_navigation
[1.450s] Invoked command in '/home/olive/LVTN_2/build/usv_navigation' returned '0': CMAKE_PREFIX_PATH=/opt/ros/humble /usr/bin/cmake /home/olive/LVTN_2/src/usv_navigation -DCMAKE_INSTALL_PREFIX=/home/olive/LVTN_2/install/usv_navigation
[1.452s] Invoking command in '/home/olive/LVTN_2/build/usv_navigation': CMAKE_PREFIX_PATH=/opt/ros/humble /usr/bin/cmake --build /home/olive/LVTN_2/build/usv_navigation -- -j16 -l16
[1.497s] Invoked command in '/home/olive/LVTN_2/build/usv_navigation' returned '0': CMAKE_PREFIX_PATH=/opt/ros/humble /usr/bin/cmake --build /home/olive/LVTN_2/build/usv_navigation -- -j16 -l16
[1.510s] Invoking command in '/home/olive/LVTN_2/build/usv_navigation': CMAKE_PREFIX_PATH=/opt/ros/humble /usr/bin/cmake --install /home/olive/LVTN_2/build/usv_navigation
[1.520s] -- Install configuration: ""
[1.521s] -- Installing: /home/olive/LVTN_2/install/usv_navigation/share/usv_navigation/launch
[1.521s] -- Installing: /home/olive/LVTN_2/install/usv_navigation/share/usv_navigation/launch/__pycache__
[1.522s] -- Installing: /home/olive/LVTN_2/install/usv_navigation/share/usv_navigation/launch/__pycache__/slam.launch.cpython-310.pyc
[1.522s] -- Installing: /home/olive/LVTN_2/install/usv_navigation/share/usv_navigation/launch/slam.launch.py
[1.523s] -- Installing: /home/olive/LVTN_2/install/usv_navigation/share/usv_navigation/config
[1.523s] -- Installing: /home/olive/LVTN_2/install/usv_navigation/share/usv_navigation/config/slam.yaml
[1.524s] -- Installing: /home/olive/LVTN_2/install/usv_navigation/share/usv_navigation/maps
[1.524s] -- Installing: /home/olive/LVTN_2/install/usv_navigation/share/usv_navigation/maps/README.md
[1.524s] -- Installing: /home/olive/LVTN_2/install/usv_navigation/share/ament_index/resource_index/package_run_dependencies/usv_navigation
[1.524s] -- Installing: /home/olive/LVTN_2/install/usv_navigation/share/ament_index/resource_index/parent_prefix_path/usv_navigation
[1.524s] -- Installing: /home/olive/LVTN_2/install/usv_navigation/share/usv_navigation/environment/ament_prefix_path.sh
[1.524s] -- Installing: /home/olive/LVTN_2/install/usv_navigation/share/usv_navigation/environment/ament_prefix_path.dsv
[1.524s] -- Installing: /home/olive/LVTN_2/install/usv_navigation/share/usv_navigation/environment/path.sh
[1.525s] -- Installing: /home/olive/LVTN_2/install/usv_navigation/share/usv_navigation/environment/path.dsv
[1.525s] -- Installing: /home/olive/LVTN_2/install/usv_navigation/share/usv_navigation/local_setup.bash
[1.525s] -- Installing: /home/olive/LVTN_2/install/usv_navigation/share/usv_navigation/local_setup.sh
[1.525s] -- Installing: /home/olive/LVTN_2/install/usv_navigation/share/usv_navigation/local_setup.zsh
[1.525s] -- Installing: /home/olive/LVTN_2/install/usv_navigation/share/usv_navigation/local_setup.dsv
[1.525s] -- Installing: /home/olive/LVTN_2/install/usv_navigation/share/usv_navigation/package.dsv
[1.526s] -- Installing: /home/olive/LVTN_2/install/usv_navigation/share/ament_index/resource_index/packages/usv_navigation
[1.526s] -- Installing: /home/olive/LVTN_2/install/usv_navigation/share/usv_navigation/cmake/usv_navigationConfig.cmake
[1.527s] -- Installing: /home/olive/LVTN_2/install/usv_navigation/share/usv_navigation/cmake/usv_navigationConfig-version.cmake
[1.527s] -- Installing: /home/olive/LVTN_2/install/usv_navigation/share/usv_navigation/package.xml
[1.528s] Invoked command in '/home/olive/LVTN_2/build/usv_navigation' returned '0': CMAKE_PREFIX_PATH=/opt/ros/humble /usr/bin/cmake --install /home/olive/LVTN_2/build/usv_navigation
