[0.024s] Invoking command in '/home/olive/LVTN_2/build/usv_navigation': CMAKE_PREFIX_PATH=/opt/ros/humble /usr/bin/cmake --build /home/olive/LVTN_2/build/usv_navigation -- -j16 -l16
[0.086s] Consolidate compiler generated dependencies of target mapping_route
[0.104s] [ 50%] Built target laser_scan_merger
[0.110s] [100%] Built target mapping_route
[0.173s] Invoked command in '/home/olive/LVTN_2/build/usv_navigation' returned '0': CMAKE_PREFIX_PATH=/opt/ros/humble /usr/bin/cmake --build /home/olive/LVTN_2/build/usv_navigation -- -j16 -l16
[0.175s] Invoking command in '/home/olive/LVTN_2/build/usv_navigation': CMAKE_PREFIX_PATH=/opt/ros/humble /usr/bin/cmake --install /home/olive/LVTN_2/build/usv_navigation
[0.205s] -- Install configuration: ""
[0.205s] -- Up-to-date: /home/olive/LVTN_2/install/usv_navigation/lib/usv_navigation/laser_scan_merger
[0.205s] -- Up-to-date: /home/olive/LVTN_2/install/usv_navigation/lib/usv_navigation/mapping_route
[0.206s] -- Up-to-date: /home/olive/LVTN_2/install/usv_navigation/share/usv_navigation/launch
[0.206s] -- Up-to-date: /home/olive/LVTN_2/install/usv_navigation/share/usv_navigation/launch/slam.launch.py
[0.206s] -- Up-to-date: /home/olive/LVTN_2/install/usv_navigation/share/usv_navigation/config
[0.207s] -- Up-to-date: /home/olive/LVTN_2/install/usv_navigation/share/usv_navigation/config/slam.yaml
[0.207s] -- Up-to-date: /home/olive/LVTN_2/install/usv_navigation/share/usv_navigation/maps
[0.208s] -- Installing: /home/olive/LVTN_2/install/usv_navigation/share/usv_navigation/maps/usv_map.yaml
[0.208s] -- Installing: /home/olive/LVTN_2/install/usv_navigation/share/usv_navigation/maps/usv_map.pgm
[0.208s] -- Up-to-date: /home/olive/LVTN_2/install/usv_navigation/share/usv_navigation/maps/README.md
[0.209s] -- Up-to-date: /home/olive/LVTN_2/install/usv_navigation/share/ament_index/resource_index/package_run_dependencies/usv_navigation
[0.210s] -- Up-to-date: /home/olive/LVTN_2/install/usv_navigation/share/ament_index/resource_index/parent_prefix_path/usv_navigation
[0.211s] -- Up-to-date: /home/olive/LVTN_2/install/usv_navigation/share/usv_navigation/environment/ament_prefix_path.sh
[0.211s] -- Up-to-date: /home/olive/LVTN_2/install/usv_navigation/share/usv_navigation/environment/ament_prefix_path.dsv
[0.212s] -- Up-to-date: /home/olive/LVTN_2/install/usv_navigation/share/usv_navigation/environment/path.sh
[0.212s] -- Up-to-date: /home/olive/LVTN_2/install/usv_navigation/share/usv_navigation/environment/path.dsv
[0.213s] -- Up-to-date: /home/olive/LVTN_2/install/usv_navigation/share/usv_navigation/local_setup.bash
[0.214s] -- Up-to-date: /home/olive/LVTN_2/install/usv_navigation/share/usv_navigation/local_setup.sh
[0.214s] -- Up-to-date: /home/olive/LVTN_2/install/usv_navigation/share/usv_navigation/local_setup.zsh
[0.214s] -- Up-to-date: /home/olive/LVTN_2/install/usv_navigation/share/usv_navigation/local_setup.dsv
[0.214s] -- Installing: /home/olive/LVTN_2/install/usv_navigation/share/usv_navigation/package.dsv
[0.214s] -- Up-to-date: /home/olive/LVTN_2/install/usv_navigation/share/ament_index/resource_index/packages/usv_navigation
[0.214s] -- Up-to-date: /home/olive/LVTN_2/install/usv_navigation/share/usv_navigation/cmake/usv_navigationConfig.cmake
[0.215s] -- Up-to-date: /home/olive/LVTN_2/install/usv_navigation/share/usv_navigation/cmake/usv_navigationConfig-version.cmake
[0.215s] -- Up-to-date: /home/olive/LVTN_2/install/usv_navigation/share/usv_navigation/package.xml
[0.216s] Invoked command in '/home/olive/LVTN_2/build/usv_navigation' returned '0': CMAKE_PREFIX_PATH=/opt/ros/humble /usr/bin/cmake --install /home/olive/LVTN_2/build/usv_navigation
