[0.006s] Invoking command in '/home/olive/LVTN_2/build/usv_controller': AMENT_PREFIX_PATH=/home/olive/LVTN_2/install/usv_description:${AMENT_PREFIX_PATH} CMAKE_PREFIX_PATH=/home/olive/LVTN_2/install/usv_description:/opt/ros/humble /usr/bin/cmake /home/olive/LVTN_2/src/usv_controller -DAMENT_CMAKE_SYMLINK_INSTALL=1 -DCMAKE_INSTALL_PREFIX=/home/olive/LVTN_2/install/usv_controller
[0.115s] -- The C compiler identification is GNU 11.4.0
[0.206s] -- The CXX compiler identification is GNU 11.4.0
[0.212s] -- Detecting C compiler ABI info
[0.271s] -- Detecting C compiler ABI info - done
[0.276s] -- Check for working C compiler: /usr/bin/cc - skipped
[0.276s] -- Detecting C compile features
[0.277s] -- Detecting C compile features - done
[0.279s] -- Detecting CXX compiler ABI info
[0.344s] -- Detecting CXX compiler ABI info - done
[0.350s] -- Check for working CXX compiler: /usr/bin/c++ - skipped
[0.350s] -- Detecting CXX compile features
[0.350s] -- Detecting CXX compile features - done
[0.353s] -- Found ament_cmake: 1.3.14 (/opt/ros/humble/share/ament_cmake/cmake)
[0.962s] -- Found Python3: /home/olive/.espressif/python_env/idf5.5_py3.10_env/bin/python3 (found version "3.10.12") found components: Interpreter 
[1.016s] -- Override CMake install command with custom implementation using symlinks instead of copying resources
[1.078s] -- Found ament_lint_auto: 0.12.15 (/opt/ros/humble/share/ament_lint_auto/cmake)
[1.179s] -- Added test 'flake8' to check Python code syntax and style conventions
[1.180s] -- Added test 'lint_cmake' to check CMake code style
[1.181s] -- Added test 'pep257' to check Python code against some of the docstring style conventions in PEP 257
[1.183s] -- Added test 'xmllint' to check XML markup files
[1.186s] -- Configuring done
[1.190s] -- Generating done
[1.192s] -- Build files have been written to: /home/olive/LVTN_2/build/usv_controller
[1.199s] Invoked command in '/home/olive/LVTN_2/build/usv_controller' returned '0': AMENT_PREFIX_PATH=/home/olive/LVTN_2/install/usv_description:${AMENT_PREFIX_PATH} CMAKE_PREFIX_PATH=/home/olive/LVTN_2/install/usv_description:/opt/ros/humble /usr/bin/cmake /home/olive/LVTN_2/src/usv_controller -DAMENT_CMAKE_SYMLINK_INSTALL=1 -DCMAKE_INSTALL_PREFIX=/home/olive/LVTN_2/install/usv_controller
[1.201s] Invoking command in '/home/olive/LVTN_2/build/usv_controller': AMENT_PREFIX_PATH=/home/olive/LVTN_2/install/usv_description:${AMENT_PREFIX_PATH} CMAKE_PREFIX_PATH=/home/olive/LVTN_2/install/usv_description:/opt/ros/humble /usr/bin/cmake --build /home/olive/LVTN_2/build/usv_controller -- -j16 -l16
[1.232s] Invoked command in '/home/olive/LVTN_2/build/usv_controller' returned '0': AMENT_PREFIX_PATH=/home/olive/LVTN_2/install/usv_description:${AMENT_PREFIX_PATH} CMAKE_PREFIX_PATH=/home/olive/LVTN_2/install/usv_description:/opt/ros/humble /usr/bin/cmake --build /home/olive/LVTN_2/build/usv_controller -- -j16 -l16
[1.233s] Invoking command in '/home/olive/LVTN_2/build/usv_controller': AMENT_PREFIX_PATH=/home/olive/LVTN_2/install/usv_description:${AMENT_PREFIX_PATH} CMAKE_PREFIX_PATH=/home/olive/LVTN_2/install/usv_description:/opt/ros/humble /usr/bin/cmake --install /home/olive/LVTN_2/build/usv_controller
[1.239s] -- Install configuration: ""
[1.239s] -- Execute custom install script
[1.239s] -- Symlinking: /home/olive/LVTN_2/install/usv_controller/share/usv_controller/config/config.yaml
[1.246s] -- Symlinking: /home/olive/LVTN_2/install/usv_controller/share/usv_controller/launch/__pycache__/controller.launch.cpython-310.pyc
[1.252s] -- Symlinking: /home/olive/LVTN_2/install/usv_controller/share/usv_controller/launch/controller.launch.py
[1.258s] -- Symlinking: /home/olive/LVTN_2/install/usv_controller/share/ament_index/resource_index/package_run_dependencies/usv_controller
[1.265s] -- Symlinking: /home/olive/LVTN_2/install/usv_controller/share/ament_index/resource_index/parent_prefix_path/usv_controller
[1.273s] -- Symlinking: /home/olive/LVTN_2/install/usv_controller/share/usv_controller/environment/ament_prefix_path.sh
[1.279s] -- Symlinking: /home/olive/LVTN_2/install/usv_controller/share/usv_controller/environment/ament_prefix_path.dsv
[1.286s] -- Symlinking: /home/olive/LVTN_2/install/usv_controller/share/usv_controller/environment/path.sh
[1.292s] -- Symlinking: /home/olive/LVTN_2/install/usv_controller/share/usv_controller/environment/path.dsv
[1.299s] -- Symlinking: /home/olive/LVTN_2/install/usv_controller/share/usv_controller/local_setup.bash
[1.305s] -- Symlinking: /home/olive/LVTN_2/install/usv_controller/share/usv_controller/local_setup.sh
[1.312s] -- Symlinking: /home/olive/LVTN_2/install/usv_controller/share/usv_controller/local_setup.zsh
[1.318s] -- Symlinking: /home/olive/LVTN_2/install/usv_controller/share/usv_controller/local_setup.dsv
[1.325s] -- Symlinking: /home/olive/LVTN_2/install/usv_controller/share/usv_controller/package.dsv
[1.333s] -- Symlinking: /home/olive/LVTN_2/install/usv_controller/share/ament_index/resource_index/packages/usv_controller
[1.340s] -- Symlinking: /home/olive/LVTN_2/install/usv_controller/share/usv_controller/cmake/usv_controllerConfig.cmake
[1.346s] -- Symlinking: /home/olive/LVTN_2/install/usv_controller/share/usv_controller/cmake/usv_controllerConfig-version.cmake
[1.353s] -- Symlinking: /home/olive/LVTN_2/install/usv_controller/share/usv_controller/package.xml
[1.362s] Invoked command in '/home/olive/LVTN_2/build/usv_controller' returned '0': AMENT_PREFIX_PATH=/home/olive/LVTN_2/install/usv_description:${AMENT_PREFIX_PATH} CMAKE_PREFIX_PATH=/home/olive/LVTN_2/install/usv_description:/opt/ros/humble /usr/bin/cmake --install /home/olive/LVTN_2/build/usv_controller
