[0.010s] Invoking command in '/home/olive/LVTN_2/build/usv_controller': CMAKE_PREFIX_PATH=${CMAKE_PREFIX_PATH}:/opt/ros/humble /usr/bin/cmake --build /home/olive/LVTN_2/build/usv_controller -- -j16 -l16
[0.030s] -- Found ament_cmake: 1.3.14 (/opt/ros/humble/share/ament_cmake/cmake)
[0.119s] -- Found rclcpp: 16.0.19 (/opt/ros/humble/share/rclcpp/cmake)
[0.139s] -- Found rosidl_generator_c: 3.1.9 (/opt/ros/humble/share/rosidl_generator_c/cmake)
[0.141s] -- Found rosidl_adapter: 3.1.9 (/opt/ros/humble/share/rosidl_adapter/cmake)
[0.145s] -- Found rosidl_generator_cpp: 3.1.9 (/opt/ros/humble/share/rosidl_generator_cpp/cmake)
[0.150s] -- Using all available rosidl_typesupport_c: rosidl_typesupport_fastrtps_c;rosidl_typesupport_introspection_c
[0.158s] -- Using all available rosidl_typesupport_cpp: rosidl_typesupport_fastrtps_cpp;rosidl_typesupport_introspection_cpp
[0.180s] -- Found rmw_implementation_cmake: 6.1.2 (/opt/ros/humble/share/rmw_implementation_cmake/cmake)
[0.181s] -- Found rmw_fastrtps_cpp: 6.2.10 (/opt/ros/humble/share/rmw_fastrtps_cpp/cmake)
[0.264s] -- Using RMW implementation 'rmw_fastrtps_cpp' as default
[0.302s] -- Found ament_lint_auto: 0.12.15 (/opt/ros/humble/share/ament_lint_auto/cmake)
[0.385s] -- Added test 'cppcheck' to perform static code analysis on C / C++ code
[0.385s] -- Configured cppcheck include dirs: 
[0.385s] -- Configured cppcheck exclude dirs and/or files: 
[0.386s] -- Added test 'lint_cmake' to check CMake code style
[0.387s] -- Added test 'uncrustify' to check C / C++ code style
[0.387s] -- Configured uncrustify additional arguments: 
[0.387s] -- Added test 'xmllint' to check XML markup files
[0.388s] -- Configuring done
[0.396s] -- Generating done
[0.399s] -- Build files have been written to: /home/olive/LVTN_2/build/usv_controller
[0.426s] [35m[1mConsolidate compiler generated dependencies of target state_reader[0m
[0.440s] [ 50%] [32mBuilding CXX object CMakeFiles/state_reader.dir/src/state_reader.cpp.o[0m
[2.096s] [01m[K/home/olive/LVTN_2/src/usv_controller/src/state_reader.cpp:[m[K In function ‘[01m[Kint main(int, char**)[m[K’:
[2.096s] [01m[K/home/olive/LVTN_2/src/usv_controller/src/state_reader.cpp:2:14:[m[K [01;35m[Kwarning: [m[Kunused parameter ‘[01m[Kagrv[m[K’ [[01;35m[K]8;;https://gcc.gnu.org/onlinedocs/gcc/Warning-Options.html#index-Wunused-parameter-Wunused-parameter]8;;[m[K]
[2.096s]     2 | int main([01;35m[Kint agrv[m[K, char * argv[]){}
[2.096s]       |          [01;35m[K~~~~^~~~[m[K
[2.096s] [01m[K/home/olive/LVTN_2/src/usv_controller/src/state_reader.cpp:2:27:[m[K [01;35m[Kwarning: [m[Kunused parameter ‘[01m[Kargv[m[K’ [[01;35m[K]8;;https://gcc.gnu.org/onlinedocs/gcc/Warning-Options.html#index-Wunused-parameter-Wunused-parameter]8;;[m[K]
[2.096s]     2 | main(int agrv, [01;35m[Kchar * argv[][m[K){}
[2.097s]       |                [01;35m[K~~~~~~~^~~~~~[m[K
[2.097s] 
[2.424s] [100%] [32m[1mLinking CXX executable state_reader[0m
[2.494s] [100%] Built target state_reader
[2.502s] Invoked command in '/home/olive/LVTN_2/build/usv_controller' returned '0': CMAKE_PREFIX_PATH=${CMAKE_PREFIX_PATH}:/opt/ros/humble /usr/bin/cmake --build /home/olive/LVTN_2/build/usv_controller -- -j16 -l16
[2.509s] Invoking command in '/home/olive/LVTN_2/build/usv_controller': CMAKE_PREFIX_PATH=${CMAKE_PREFIX_PATH}:/opt/ros/humble /usr/bin/cmake --install /home/olive/LVTN_2/build/usv_controller
[2.513s] -- Install configuration: ""
[2.513s] -- Up-to-date: /home/olive/LVTN_2/install/usv_controller/share/usv_controller/config
[2.513s] -- Up-to-date: /home/olive/LVTN_2/install/usv_controller/share/usv_controller/config/config.yaml
[2.513s] -- Up-to-date: /home/olive/LVTN_2/install/usv_controller/share/usv_controller/launch
[2.513s] -- Installing: /home/olive/LVTN_2/install/usv_controller/lib/usv_controller/state_reader
[2.513s] -- Set runtime path of "/home/olive/LVTN_2/install/usv_controller/lib/usv_controller/state_reader" to ""
[2.513s] -- Up-to-date: /home/olive/LVTN_2/install/usv_controller/share/ament_index/resource_index/package_run_dependencies/usv_controller
[2.513s] -- Up-to-date: /home/olive/LVTN_2/install/usv_controller/share/ament_index/resource_index/parent_prefix_path/usv_controller
[2.513s] -- Up-to-date: /home/olive/LVTN_2/install/usv_controller/share/usv_controller/environment/ament_prefix_path.sh
[2.513s] -- Installing: /home/olive/LVTN_2/install/usv_controller/share/usv_controller/environment/ament_prefix_path.dsv
[2.513s] -- Up-to-date: /home/olive/LVTN_2/install/usv_controller/share/usv_controller/environment/path.sh
[2.513s] -- Installing: /home/olive/LVTN_2/install/usv_controller/share/usv_controller/environment/path.dsv
[2.514s] -- Up-to-date: /home/olive/LVTN_2/install/usv_controller/share/usv_controller/local_setup.bash
[2.514s] -- Up-to-date: /home/olive/LVTN_2/install/usv_controller/share/usv_controller/local_setup.sh
[2.514s] -- Up-to-date: /home/olive/LVTN_2/install/usv_controller/share/usv_controller/local_setup.zsh
[2.514s] -- Installing: /home/olive/LVTN_2/install/usv_controller/share/usv_controller/local_setup.dsv
[2.514s] -- Installing: /home/olive/LVTN_2/install/usv_controller/share/usv_controller/package.dsv
[2.514s] -- Up-to-date: /home/olive/LVTN_2/install/usv_controller/share/ament_index/resource_index/packages/usv_controller
[2.514s] -- Up-to-date: /home/olive/LVTN_2/install/usv_controller/share/usv_controller/cmake/usv_controllerConfig.cmake
[2.514s] -- Up-to-date: /home/olive/LVTN_2/install/usv_controller/share/usv_controller/cmake/usv_controllerConfig-version.cmake
[2.514s] -- Up-to-date: /home/olive/LVTN_2/install/usv_controller/share/usv_controller/package.xml
[2.515s] Invoked command in '/home/olive/LVTN_2/build/usv_controller' returned '0': CMAKE_PREFIX_PATH=${CMAKE_PREFIX_PATH}:/opt/ros/humble /usr/bin/cmake --install /home/olive/LVTN_2/build/usv_controller
