[0.017s] Invoking command in '/home/olive/LVTN_2/build/usv_navigation': CMAKE_PREFIX_PATH=/opt/ros/humble /usr/bin/cmake --build /home/olive/LVTN_2/build/usv_navigation -- -j16 -l16
[0.083s] Consolidate compiler generated dependencies of target mapping_route
[0.095s] [ 50%] Built target laser_scan_merger
[0.099s] [ 75%] Building CXX object CMakeFiles/mapping_route.dir/src/mapping_route.cpp.o
[14.269s] [100%] Linking CXX executable mapping_route
[14.902s] [100%] Built target mapping_route
[14.919s] Invoked command in '/home/olive/LVTN_2/build/usv_navigation' returned '0': CMAKE_PREFIX_PATH=/opt/ros/humble /usr/bin/cmake --build /home/olive/LVTN_2/build/usv_navigation -- -j16 -l16
[14.933s] Invoking command in '/home/olive/LVTN_2/build/usv_navigation': CMAKE_PREFIX_PATH=/opt/ros/humble /usr/bin/cmake --install /home/olive/LVTN_2/build/usv_navigation
[14.948s] -- Install configuration: ""
[14.949s] -- Up-to-date: /home/olive/LVTN_2/install/usv_navigation/lib/usv_navigation/laser_scan_merger
[14.949s] -- Installing: /home/olive/LVTN_2/install/usv_navigation/lib/usv_navigation/mapping_route
[14.954s] -- Set runtime path of "/home/olive/LVTN_2/install/usv_navigation/lib/usv_navigation/mapping_route" to ""
[14.959s] -- Up-to-date: /home/olive/LVTN_2/install/usv_navigation/share/usv_navigation/launch
[14.960s] -- Up-to-date: /home/olive/LVTN_2/install/usv_navigation/share/usv_navigation/launch/slam.launch.py
[14.960s] -- Up-to-date: /home/olive/LVTN_2/install/usv_navigation/share/usv_navigation/config
[14.960s] -- Up-to-date: /home/olive/LVTN_2/install/usv_navigation/share/usv_navigation/config/slam.yaml
[14.960s] -- Up-to-date: /home/olive/LVTN_2/install/usv_navigation/share/usv_navigation/maps
[14.961s] -- Up-to-date: /home/olive/LVTN_2/install/usv_navigation/share/usv_navigation/maps/README.md
[14.961s] -- Up-to-date: /home/olive/LVTN_2/install/usv_navigation/share/ament_index/resource_index/package_run_dependencies/usv_navigation
[14.961s] -- Up-to-date: /home/olive/LVTN_2/install/usv_navigation/share/ament_index/resource_index/parent_prefix_path/usv_navigation
[14.961s] -- Up-to-date: /home/olive/LVTN_2/install/usv_navigation/share/usv_navigation/environment/ament_prefix_path.sh
[14.962s] -- Up-to-date: /home/olive/LVTN_2/install/usv_navigation/share/usv_navigation/environment/ament_prefix_path.dsv
[14.962s] -- Up-to-date: /home/olive/LVTN_2/install/usv_navigation/share/usv_navigation/environment/path.sh
[14.963s] -- Up-to-date: /home/olive/LVTN_2/install/usv_navigation/share/usv_navigation/environment/path.dsv
[14.963s] -- Up-to-date: /home/olive/LVTN_2/install/usv_navigation/share/usv_navigation/local_setup.bash
[14.963s] -- Up-to-date: /home/olive/LVTN_2/install/usv_navigation/share/usv_navigation/local_setup.sh
[14.963s] -- Up-to-date: /home/olive/LVTN_2/install/usv_navigation/share/usv_navigation/local_setup.zsh
[14.964s] -- Up-to-date: /home/olive/LVTN_2/install/usv_navigation/share/usv_navigation/local_setup.dsv
[14.964s] -- Installing: /home/olive/LVTN_2/install/usv_navigation/share/usv_navigation/package.dsv
[14.964s] -- Up-to-date: /home/olive/LVTN_2/install/usv_navigation/share/ament_index/resource_index/packages/usv_navigation
[14.964s] -- Up-to-date: /home/olive/LVTN_2/install/usv_navigation/share/usv_navigation/cmake/usv_navigationConfig.cmake
[14.964s] -- Up-to-date: /home/olive/LVTN_2/install/usv_navigation/share/usv_navigation/cmake/usv_navigationConfig-version.cmake
[14.964s] -- Up-to-date: /home/olive/LVTN_2/install/usv_navigation/share/usv_navigation/package.xml
[14.965s] Invoked command in '/home/olive/LVTN_2/build/usv_navigation' returned '0': CMAKE_PREFIX_PATH=/opt/ros/humble /usr/bin/cmake --install /home/olive/LVTN_2/build/usv_navigation
