[0.010s] Invoking command in '/home/olive/LVTN_2/build/usv_controller': CMAKE_PREFIX_PATH=${CMAKE_PREFIX_PATH}:/opt/ros/humble /usr/bin/cmake --build /home/olive/LVTN_2/build/usv_controller -- -j16 -l16
[0.026s] -- Found ament_cmake: 1.3.14 (/opt/ros/humble/share/ament_cmake/cmake)
[0.110s] -- Found rclcpp: 16.0.19 (/opt/ros/humble/share/rclcpp/cmake)
[0.129s] -- Found rosidl_generator_c: 3.1.9 (/opt/ros/humble/share/rosidl_generator_c/cmake)
[0.132s] -- Found rosidl_adapter: 3.1.9 (/opt/ros/humble/share/rosidl_adapter/cmake)
[0.137s] -- Found rosidl_generator_cpp: 3.1.9 (/opt/ros/humble/share/rosidl_generator_cpp/cmake)
[0.144s] -- Using all available rosidl_typesupport_c: rosidl_typesupport_fastrtps_c;rosidl_typesupport_introspection_c
[0.154s] -- Using all available rosidl_typesupport_cpp: rosidl_typesupport_fastrtps_cpp;rosidl_typesupport_introspection_cpp
[0.181s] -- Found rmw_implementation_cmake: 6.1.2 (/opt/ros/humble/share/rmw_implementation_cmake/cmake)
[0.182s] -- Found rmw_fastrtps_cpp: 6.2.10 (/opt/ros/humble/share/rmw_fastrtps_cpp/cmake)
[0.273s] -- Using RMW implementation 'rmw_fastrtps_cpp' as default
[0.316s] -- Found tf2: 0.25.20 (/opt/ros/humble/share/tf2/cmake)
[0.330s] -- Found nav_msgs: 4.9.1 (/opt/ros/humble/share/nav_msgs/cmake)
[0.345s] -- Found ament_lint_auto: 0.12.15 (/opt/ros/humble/share/ament_lint_auto/cmake)
[0.422s] -- Added test 'cppcheck' to perform static code analysis on C / C++ code
[0.422s] -- Configured cppcheck include dirs: 
[0.422s] -- Configured cppcheck exclude dirs and/or files: 
[0.422s] -- Added test 'lint_cmake' to check CMake code style
[0.423s] -- Added test 'uncrustify' to check C / C++ code style
[0.423s] -- Configured uncrustify additional arguments: 
[0.423s] -- Added test 'xmllint' to check XML markup files
[0.424s] -- Configuring done
[0.431s] -- Generating done
[0.434s] -- Build files have been written to: /home/olive/LVTN_2/build/usv_controller
[0.455s] [35m[1mConsolidate compiler generated dependencies of target state_reader[0m
[0.466s] [ 50%] [32mBuilding CXX object CMakeFiles/state_reader.dir/src/state_reader.cpp.o[0m
[0.646s] [01m[K/home/olive/LVTN_2/src/usv_controller/src/state_reader.cpp:5:10:[m[K [01;31m[Kfatal error: [m[Knav_msgs/msg/Odometry: No such file or directory
[0.646s]     5 | #include [01;31m[K<nav_msgs/msg/Odometry>[m[K
[0.646s]       |          [01;31m[K^~~~~~~~~~~~~~~~~~~~~~~[m[K
[0.646s] compilation terminated.
[0.650s] gmake[2]: *** [CMakeFiles/state_reader.dir/build.make:76: CMakeFiles/state_reader.dir/src/state_reader.cpp.o] Error 1
[0.650s] gmake[1]: *** [CMakeFiles/Makefile2:137: CMakeFiles/state_reader.dir/all] Error 2
[0.651s] gmake: *** [Makefile:146: all] Error 2
[0.653s] Invoked command in '/home/olive/LVTN_2/build/usv_controller' returned '2': CMAKE_PREFIX_PATH=${CMAKE_PREFIX_PATH}:/opt/ros/humble /usr/bin/cmake --build /home/olive/LVTN_2/build/usv_controller -- -j16 -l16
