[0.014s] Invoking command in '/home/olive/LVTN_2/build/usv_description': CMAKE_PREFIX_PATH=/opt/ros/humble /usr/bin/cmake --build /home/olive/LVTN_2/build/usv_description -- -j16 -l16
[0.044s] Invoked command in '/home/olive/LVTN_2/build/usv_description' returned '0': CMAKE_PREFIX_PATH=/opt/ros/humble /usr/bin/cmake --build /home/olive/LVTN_2/build/usv_description -- -j16 -l16
[0.054s] Invoking command in '/home/olive/LVTN_2/build/usv_description': CMAKE_PREFIX_PATH=/opt/ros/humble /usr/bin/cmake --install /home/olive/LVTN_2/build/usv_description
[0.059s] -- Install configuration: ""
[0.060s] -- Execute custom install script
[0.060s] -- Up-to-date symlink: /home/olive/LVTN_2/install/usv_description/share/usv_description/meshes/STL_base.stl
[0.061s] -- Up-to-date symlink: /home/olive/LVTN_2/install/usv_description/share/usv_description/meshes/STL_pontoon.stl
[0.061s] -- Up-to-date symlink: /home/olive/LVTN_2/install/usv_description/share/usv_description/meshes/STL_pump.stl
[0.061s] -- Up-to-date symlink: /home/olive/LVTN_2/install/usv_description/share/usv_description/meshes/STL_thruster.stl
[0.061s] -- Up-to-date symlink: /home/olive/LVTN_2/install/usv_description/share/usv_description/meshes/STL_thruster_frame.stl
[0.061s] -- Up-to-date symlink: /home/olive/LVTN_2/install/usv_description/share/usv_description/meshes/pump.stl
[0.061s] -- Up-to-date symlink: /home/olive/LVTN_2/install/usv_description/share/usv_description/meshes/thruster.stl
[0.061s] -- Up-to-date symlink: /home/olive/LVTN_2/install/usv_description/share/usv_description/meshes/thruster_frame.stl
[0.062s] -- Up-to-date symlink: /home/olive/LVTN_2/install/usv_description/share/usv_description/meshes/usv_body.stl
[0.063s] -- Up-to-date symlink: /home/olive/LVTN_2/install/usv_description/share/usv_description/rviz/display.rviz
[0.063s] -- Up-to-date symlink: /home/olive/LVTN_2/install/usv_description/share/usv_description/urdf/environment.sdf
[0.063s] -- Up-to-date symlink: /home/olive/LVTN_2/install/usv_description/share/usv_description/urdf/gazebo.xacro
[0.063s] -- Up-to-date symlink: /home/olive/LVTN_2/install/usv_description/share/usv_description/urdf/usv.urdf.xacro
[0.063s] -- Symlinking: /home/olive/LVTN_2/install/usv_description/share/usv_description/launch/__pycache__/display.launch.cpython-310.pyc
[0.071s] -- Symlinking: /home/olive/LVTN_2/install/usv_description/share/usv_description/launch/__pycache__/gazebo.launch.cpython-310.pyc
[0.080s] -- Up-to-date symlink: /home/olive/LVTN_2/install/usv_description/share/usv_description/launch/display.launch.py
[0.081s] -- Up-to-date symlink: /home/olive/LVTN_2/install/usv_description/share/usv_description/launch/gazebo.launch.py
[0.082s] -- Up-to-date symlink: /home/olive/LVTN_2/install/usv_description/share/usv_description/TUNING_NOTES.md
[0.083s] -- Up-to-date symlink: /home/olive/LVTN_2/install/usv_description/share/ament_index/resource_index/package_run_dependencies/usv_description
[0.083s] -- Up-to-date symlink: /home/olive/LVTN_2/install/usv_description/share/ament_index/resource_index/parent_prefix_path/usv_description
[0.085s] -- Up-to-date symlink: /home/olive/LVTN_2/install/usv_description/share/usv_description/environment/ament_prefix_path.sh
[0.086s] -- Up-to-date symlink: /home/olive/LVTN_2/install/usv_description/share/usv_description/environment/ament_prefix_path.dsv
[0.086s] -- Up-to-date symlink: /home/olive/LVTN_2/install/usv_description/share/usv_description/environment/path.sh
[0.087s] -- Up-to-date symlink: /home/olive/LVTN_2/install/usv_description/share/usv_description/environment/path.dsv
[0.087s] -- Up-to-date symlink: /home/olive/LVTN_2/install/usv_description/share/usv_description/local_setup.bash
[0.087s] -- Up-to-date symlink: /home/olive/LVTN_2/install/usv_description/share/usv_description/local_setup.sh
[0.087s] -- Up-to-date symlink: /home/olive/LVTN_2/install/usv_description/share/usv_description/local_setup.zsh
[0.087s] -- Up-to-date symlink: /home/olive/LVTN_2/install/usv_description/share/usv_description/local_setup.dsv
[0.087s] -- Symlinking: /home/olive/LVTN_2/install/usv_description/share/usv_description/package.dsv
[0.110s] -- Up-to-date symlink: /home/olive/LVTN_2/install/usv_description/share/ament_index/resource_index/packages/usv_description
[0.110s] -- Up-to-date symlink: /home/olive/LVTN_2/install/usv_description/share/usv_description/cmake/usv_descriptionConfig.cmake
[0.110s] -- Up-to-date symlink: /home/olive/LVTN_2/install/usv_description/share/usv_description/cmake/usv_descriptionConfig-version.cmake
[0.111s] -- Up-to-date symlink: /home/olive/LVTN_2/install/usv_description/share/usv_description/package.xml
[0.121s] Invoked command in '/home/olive/LVTN_2/build/usv_description' returned '0': CMAKE_PREFIX_PATH=/opt/ros/humble /usr/bin/cmake --install /home/olive/LVTN_2/build/usv_description
