[0.034s] Invoking command in '/home/olive/LVTN_2/build/usv_navigation': CMAKE_PREFIX_PATH=/opt/ros/humble /usr/bin/cmake /home/olive/LVTN_2/src/usv_navigation -DAMENT_CMAKE_SYMLINK_INSTALL=1 -DCMAKE_INSTALL_PREFIX=/home/olive/LVTN_2/install/usv_navigation
[0.045s] -- Found ament_cmake: 1.3.14 (/opt/ros/humble/share/ament_cmake/cmake)
[0.166s] -- Override CMake install command with custom implementation using symlinks instead of copying resources
[0.172s] -- Found rclcpp: 16.0.19 (/opt/ros/humble/share/rclcpp/cmake)
[0.202s] -- Found rosidl_generator_c: 3.1.9 (/opt/ros/humble/share/rosidl_generator_c/cmake)
[0.204s] -- Found rosidl_adapter: 3.1.9 (/opt/ros/humble/share/rosidl_adapter/cmake)
[0.210s] -- Found rosidl_generator_cpp: 3.1.9 (/opt/ros/humble/share/rosidl_generator_cpp/cmake)
[0.221s] -- Using all available rosidl_typesupport_c: rosidl_typesupport_fastrtps_c;rosidl_typesupport_introspection_c
[0.235s] -- Using all available rosidl_typesupport_cpp: rosidl_typesupport_fastrtps_cpp;rosidl_typesupport_introspection_cpp
[0.275s] -- Found rmw_implementation_cmake: 6.1.2 (/opt/ros/humble/share/rmw_implementation_cmake/cmake)
[0.277s] -- Found rmw_fastrtps_cpp: 6.2.10 (/opt/ros/humble/share/rmw_fastrtps_cpp/cmake)
[0.457s] -- Using RMW implementation 'rmw_fastrtps_cpp' as default
[0.499s] -- Found sensor_msgs: 4.9.1 (/opt/ros/humble/share/sensor_msgs/cmake)
[0.536s] -- Found nav_msgs: 4.9.1 (/opt/ros/humble/share/nav_msgs/cmake)
[0.559s] -- Found tf2: 0.25.20 (/opt/ros/humble/share/tf2/cmake)
[0.564s] -- Found tf2_ros: 0.25.20 (/opt/ros/humble/share/tf2_ros/cmake)
[0.680s] -- Found ament_lint_auto: 0.12.15 (/opt/ros/humble/share/ament_lint_auto/cmake)
[0.784s] -- Added test 'cppcheck' to perform static code analysis on C / C++ code
[0.784s] -- Configured cppcheck include dirs: 
[0.785s] -- Configured cppcheck exclude dirs and/or files: 
[0.785s] -- Added test 'flake8' to check Python code syntax and style conventions
[0.785s] -- Added test 'lint_cmake' to check CMake code style
[0.786s] -- Added test 'pep257' to check Python code against some of the docstring style conventions in PEP 257
[0.787s] -- Added test 'uncrustify' to check C / C++ code style
[0.788s] -- Configured uncrustify additional arguments: 
[0.788s] -- Added test 'xmllint' to check XML markup files
[0.789s] -- Configuring done
[0.821s] -- Generating done
[0.832s] -- Build files have been written to: /home/olive/LVTN_2/build/usv_navigation
[0.843s] Invoked command in '/home/olive/LVTN_2/build/usv_navigation' returned '0': CMAKE_PREFIX_PATH=/opt/ros/humble /usr/bin/cmake /home/olive/LVTN_2/src/usv_navigation -DAMENT_CMAKE_SYMLINK_INSTALL=1 -DCMAKE_INSTALL_PREFIX=/home/olive/LVTN_2/install/usv_navigation
[0.845s] Invoking command in '/home/olive/LVTN_2/build/usv_navigation': CMAKE_PREFIX_PATH=/opt/ros/humble /usr/bin/cmake --build /home/olive/LVTN_2/build/usv_navigation -- -j16 -l16
[0.897s] Consolidate compiler generated dependencies of target mapping_route
[0.898s] Consolidate compiler generated dependencies of target laser_scan_merger
[0.899s] Consolidate compiler generated dependencies of target trajectory_node
[0.901s] Consolidate compiler generated dependencies of target coverage_planner
[0.912s] [ 12%] Linking CXX executable mapping_route
[0.912s] [ 25%] Linking CXX executable laser_scan_merger
[0.913s] [ 37%] Linking CXX executable trajectory_node
[0.921s] [ 50%] Linking CXX executable coverage_planner
[1.876s] [ 62%] Built target coverage_planner
[1.905s] [ 75%] Built target laser_scan_merger
[1.933s] [ 87%] Built target mapping_route
[2.120s] [100%] Built target trajectory_node
[2.135s] Invoked command in '/home/olive/LVTN_2/build/usv_navigation' returned '0': CMAKE_PREFIX_PATH=/opt/ros/humble /usr/bin/cmake --build /home/olive/LVTN_2/build/usv_navigation -- -j16 -l16
[2.137s] Invoking command in '/home/olive/LVTN_2/build/usv_navigation': CMAKE_PREFIX_PATH=/opt/ros/humble /usr/bin/cmake --install /home/olive/LVTN_2/build/usv_navigation
[2.146s] -- Install configuration: ""
[2.147s] -- Execute custom install script
[2.147s] -- Symlinking: /home/olive/LVTN_2/install/usv_navigation/lib/usv_navigation/laser_scan_merger
[2.158s] -- Symlinking: /home/olive/LVTN_2/install/usv_navigation/lib/usv_navigation/mapping_route
[2.167s] -- Symlinking: /home/olive/LVTN_2/install/usv_navigation/lib/usv_navigation/coverage_planner
[2.176s] -- Symlinking: /home/olive/LVTN_2/install/usv_navigation/lib/usv_navigation/trajectory_node
[2.186s] -- Symlinking: /home/olive/LVTN_2/install/usv_navigation/share/usv_navigation/launch/coverage.launch.py
[2.197s] -- Symlinking: /home/olive/LVTN_2/install/usv_navigation/share/usv_navigation/launch/saved_coverage.launch.py
[2.207s] -- Symlinking: /home/olive/LVTN_2/install/usv_navigation/share/usv_navigation/launch/slam.launch.py
[2.217s] -- Symlinking: /home/olive/LVTN_2/install/usv_navigation/share/usv_navigation/config/coverage.rviz
[2.227s] -- Symlinking: /home/olive/LVTN_2/install/usv_navigation/share/usv_navigation/config/slam.yaml
[2.237s] -- Symlinking: /home/olive/LVTN_2/install/usv_navigation/share/usv_navigation/maps/README.md
[2.254s] -- Symlinking: /home/olive/LVTN_2/install/usv_navigation/share/usv_navigation/maps/usv_map.pgm
[2.260s] -- Symlinking: /home/olive/LVTN_2/install/usv_navigation/share/usv_navigation/maps/usv_map.yaml
[2.269s] -- Symlinking: /home/olive/LVTN_2/install/usv_navigation/share/usv_navigation/SLAM_NOTES.md
[2.279s] -- Symlinking: /home/olive/LVTN_2/install/usv_navigation/share/ament_index/resource_index/package_run_dependencies/usv_navigation
[2.288s] -- Symlinking: /home/olive/LVTN_2/install/usv_navigation/share/ament_index/resource_index/parent_prefix_path/usv_navigation
[2.298s] -- Symlinking: /home/olive/LVTN_2/install/usv_navigation/share/usv_navigation/environment/ament_prefix_path.sh
[2.308s] -- Symlinking: /home/olive/LVTN_2/install/usv_navigation/share/usv_navigation/environment/ament_prefix_path.dsv
[2.318s] -- Symlinking: /home/olive/LVTN_2/install/usv_navigation/share/usv_navigation/environment/path.sh
[2.328s] -- Symlinking: /home/olive/LVTN_2/install/usv_navigation/share/usv_navigation/environment/path.dsv
[2.337s] -- Symlinking: /home/olive/LVTN_2/install/usv_navigation/share/usv_navigation/local_setup.bash
[2.346s] -- Symlinking: /home/olive/LVTN_2/install/usv_navigation/share/usv_navigation/local_setup.sh
[2.356s] -- Symlinking: /home/olive/LVTN_2/install/usv_navigation/share/usv_navigation/local_setup.zsh
[2.366s] -- Symlinking: /home/olive/LVTN_2/install/usv_navigation/share/usv_navigation/local_setup.dsv
[2.375s] -- Symlinking: /home/olive/LVTN_2/install/usv_navigation/share/usv_navigation/package.dsv
[2.386s] -- Symlinking: /home/olive/LVTN_2/install/usv_navigation/share/ament_index/resource_index/packages/usv_navigation
[2.397s] -- Symlinking: /home/olive/LVTN_2/install/usv_navigation/share/usv_navigation/cmake/usv_navigationConfig.cmake
[2.406s] -- Symlinking: /home/olive/LVTN_2/install/usv_navigation/share/usv_navigation/cmake/usv_navigationConfig-version.cmake
[2.416s] -- Symlinking: /home/olive/LVTN_2/install/usv_navigation/share/usv_navigation/package.xml
[2.430s] Invoked command in '/home/olive/LVTN_2/build/usv_navigation' returned '0': CMAKE_PREFIX_PATH=/opt/ros/humble /usr/bin/cmake --install /home/olive/LVTN_2/build/usv_navigation
