[0.019s] Invoking command in '/home/olive/LVTN_2/build/usv_navigation': CMAKE_PREFIX_PATH=/opt/ros/humble /usr/bin/cmake --build /home/olive/LVTN_2/build/usv_navigation -- -j16 -l16
[0.104s] Consolidate compiler generated dependencies of target coverage_planner
[0.121s] [ 50%] Built target trajectory_node
[0.122s] [ 50%] Built target mapping_route
[0.123s] [ 75%] Built target laser_scan_merger
[0.132s] [100%] Built target coverage_planner
[0.153s] Invoked command in '/home/olive/LVTN_2/build/usv_navigation' returned '0': CMAKE_PREFIX_PATH=/opt/ros/humble /usr/bin/cmake --build /home/olive/LVTN_2/build/usv_navigation -- -j16 -l16
[0.176s] Invoking command in '/home/olive/LVTN_2/build/usv_navigation': CMAKE_PREFIX_PATH=/opt/ros/humble /usr/bin/cmake --install /home/olive/LVTN_2/build/usv_navigation
[0.190s] -- Install configuration: ""
[0.191s] -- Execute custom install script
[0.191s] -- Up-to-date symlink: /home/olive/LVTN_2/install/usv_navigation/lib/usv_navigation/laser_scan_merger
[0.192s] -- Up-to-date symlink: /home/olive/LVTN_2/install/usv_navigation/lib/usv_navigation/mapping_route
[0.192s] -- Up-to-date symlink: /home/olive/LVTN_2/install/usv_navigation/lib/usv_navigation/coverage_planner
[0.192s] -- Up-to-date symlink: /home/olive/LVTN_2/install/usv_navigation/lib/usv_navigation/trajectory_node
[0.193s] -- Up-to-date symlink: /home/olive/LVTN_2/install/usv_navigation/share/usv_navigation/launch/coverage.launch.py
[0.193s] -- Up-to-date symlink: /home/olive/LVTN_2/install/usv_navigation/share/usv_navigation/launch/saved_coverage.launch.py
[0.193s] -- Up-to-date symlink: /home/olive/LVTN_2/install/usv_navigation/share/usv_navigation/launch/slam.launch.py
[0.194s] -- Up-to-date symlink: /home/olive/LVTN_2/install/usv_navigation/share/usv_navigation/config/coverage.rviz
[0.194s] -- Up-to-date symlink: /home/olive/LVTN_2/install/usv_navigation/share/usv_navigation/config/slam.yaml
[0.194s] -- Up-to-date symlink: /home/olive/LVTN_2/install/usv_navigation/share/usv_navigation/maps/README.md
[0.195s] -- Up-to-date symlink: /home/olive/LVTN_2/install/usv_navigation/share/usv_navigation/maps/usv_map.pgm
[0.195s] -- Up-to-date symlink: /home/olive/LVTN_2/install/usv_navigation/share/usv_navigation/maps/usv_map.yaml
[0.195s] -- Up-to-date symlink: /home/olive/LVTN_2/install/usv_navigation/share/usv_navigation/SLAM_NOTES.md
[0.195s] -- Up-to-date symlink: /home/olive/LVTN_2/install/usv_navigation/share/ament_index/resource_index/package_run_dependencies/usv_navigation
[0.196s] -- Up-to-date symlink: /home/olive/LVTN_2/install/usv_navigation/share/ament_index/resource_index/parent_prefix_path/usv_navigation
[0.196s] -- Up-to-date symlink: /home/olive/LVTN_2/install/usv_navigation/share/usv_navigation/environment/ament_prefix_path.sh
[0.196s] -- Up-to-date symlink: /home/olive/LVTN_2/install/usv_navigation/share/usv_navigation/environment/ament_prefix_path.dsv
[0.197s] -- Up-to-date symlink: /home/olive/LVTN_2/install/usv_navigation/share/usv_navigation/environment/path.sh
[0.197s] -- Up-to-date symlink: /home/olive/LVTN_2/install/usv_navigation/share/usv_navigation/environment/path.dsv
[0.197s] -- Up-to-date symlink: /home/olive/LVTN_2/install/usv_navigation/share/usv_navigation/local_setup.bash
[0.198s] -- Up-to-date symlink: /home/olive/LVTN_2/install/usv_navigation/share/usv_navigation/local_setup.sh
[0.198s] -- Up-to-date symlink: /home/olive/LVTN_2/install/usv_navigation/share/usv_navigation/local_setup.zsh
[0.198s] -- Up-to-date symlink: /home/olive/LVTN_2/install/usv_navigation/share/usv_navigation/local_setup.dsv
[0.199s] -- Symlinking: /home/olive/LVTN_2/install/usv_navigation/share/usv_navigation/package.dsv
[0.214s] -- Up-to-date symlink: /home/olive/LVTN_2/install/usv_navigation/share/ament_index/resource_index/packages/usv_navigation
[0.214s] -- Up-to-date symlink: /home/olive/LVTN_2/install/usv_navigation/share/usv_navigation/cmake/usv_navigationConfig.cmake
[0.215s] -- Up-to-date symlink: /home/olive/LVTN_2/install/usv_navigation/share/usv_navigation/cmake/usv_navigationConfig-version.cmake
[0.215s] -- Up-to-date symlink: /home/olive/LVTN_2/install/usv_navigation/share/usv_navigation/package.xml
[0.218s] Invoked command in '/home/olive/LVTN_2/build/usv_navigation' returned '0': CMAKE_PREFIX_PATH=/opt/ros/humble /usr/bin/cmake --install /home/olive/LVTN_2/build/usv_navigation
