[0.011s] Invoking command in '/home/olive/LVTN_2/build/usv_navigation': CMAKE_PREFIX_PATH=${CMAKE_PREFIX_PATH}:/opt/ros/humble /usr/bin/cmake --build /home/olive/LVTN_2/build/usv_navigation -- -j16 -l16
[0.032s] -- Found ament_cmake: 1.3.14 (/opt/ros/humble/share/ament_cmake/cmake)
[0.149s] -- Found rclcpp: 16.0.19 (/opt/ros/humble/share/rclcpp/cmake)
[0.185s] -- Found rosidl_generator_c: 3.1.9 (/opt/ros/humble/share/rosidl_generator_c/cmake)
[0.188s] -- Found rosidl_adapter: 3.1.9 (/opt/ros/humble/share/rosidl_adapter/cmake)
[0.196s] -- Found rosidl_generator_cpp: 3.1.9 (/opt/ros/humble/share/rosidl_generator_cpp/cmake)
[0.207s] -- Using all available rosidl_typesupport_c: rosidl_typesupport_fastrtps_c;rosidl_typesupport_introspection_c
[0.220s] -- Using all available rosidl_typesupport_cpp: rosidl_typesupport_fastrtps_cpp;rosidl_typesupport_introspection_cpp
[0.256s] -- Found rmw_implementation_cmake: 6.1.2 (/opt/ros/humble/share/rmw_implementation_cmake/cmake)
[0.258s] -- Found rmw_fastrtps_cpp: 6.2.10 (/opt/ros/humble/share/rmw_fastrtps_cpp/cmake)
[0.359s] -- Using RMW implementation 'rmw_fastrtps_cpp' as default
[0.416s] -- Found sensor_msgs: 4.9.1 (/opt/ros/humble/share/sensor_msgs/cmake)
[0.448s] -- Found nav_msgs: 4.9.1 (/opt/ros/humble/share/nav_msgs/cmake)
[0.465s] -- Found tf2: 0.25.20 (/opt/ros/humble/share/tf2/cmake)
[0.469s] -- Found tf2_ros: 0.25.20 (/opt/ros/humble/share/tf2_ros/cmake)
[0.552s] -- Found ament_lint_auto: 0.12.15 (/opt/ros/humble/share/ament_lint_auto/cmake)
[0.630s] -- Added test 'cppcheck' to perform static code analysis on C / C++ code
[0.631s] -- Configured cppcheck include dirs: 
[0.631s] -- Configured cppcheck exclude dirs and/or files: 
[0.631s] -- Added test 'flake8' to check Python code syntax and style conventions
[0.631s] -- Added test 'lint_cmake' to check CMake code style
[0.632s] -- Added test 'pep257' to check Python code against some of the docstring style conventions in PEP 257
[0.632s] -- Added test 'uncrustify' to check C / C++ code style
[0.633s] -- Configured uncrustify additional arguments: 
[0.633s] -- Added test 'xmllint' to check XML markup files
[0.634s] -- Configuring done
[0.651s] -- Generating done
[0.658s] -- Build files have been written to: /home/olive/LVTN_2/build/usv_navigation
[0.682s] [35m[1mConsolidate compiler generated dependencies of target mapping_route[0m
[0.682s] [35m[1mConsolidate compiler generated dependencies of target laser_scan_merger[0m
[0.690s] [ 12%] [32mBuilding CXX object CMakeFiles/coverage_planner.dir/src/coverage_planner.cpp.o[0m
[0.695s] [ 25%] [32mBuilding CXX object CMakeFiles/trajectory_node.dir/src/trajectory_node.cpp.o[0m
[0.700s] [ 50%] Built target mapping_route
[0.701s] [ 75%] Built target laser_scan_merger
[8.448s] [ 87%] [32m[1mLinking CXX executable trajectory_node[0m
[8.458s] [100%] [32m[1mLinking CXX executable coverage_planner[0m
[8.781s] [100%] Built target coverage_planner
[8.781s] [100%] Built target trajectory_node
[8.790s] Invoked command in '/home/olive/LVTN_2/build/usv_navigation' returned '0': CMAKE_PREFIX_PATH=${CMAKE_PREFIX_PATH}:/opt/ros/humble /usr/bin/cmake --build /home/olive/LVTN_2/build/usv_navigation -- -j16 -l16
[8.791s] Invoking command in '/home/olive/LVTN_2/build/usv_navigation': CMAKE_PREFIX_PATH=${CMAKE_PREFIX_PATH}:/opt/ros/humble /usr/bin/cmake --install /home/olive/LVTN_2/build/usv_navigation
[8.796s] -- Install configuration: ""
[8.796s] -- Up-to-date: /home/olive/LVTN_2/install/usv_navigation/lib/usv_navigation/laser_scan_merger
[8.796s] -- Up-to-date: /home/olive/LVTN_2/install/usv_navigation/lib/usv_navigation/mapping_route
[8.796s] -- Installing: /home/olive/LVTN_2/install/usv_navigation/lib/usv_navigation/coverage_planner
[8.799s] -- Set runtime path of "/home/olive/LVTN_2/install/usv_navigation/lib/usv_navigation/coverage_planner" to ""
[8.799s] -- Installing: /home/olive/LVTN_2/install/usv_navigation/lib/usv_navigation/trajectory_node
[8.801s] -- Set runtime path of "/home/olive/LVTN_2/install/usv_navigation/lib/usv_navigation/trajectory_node" to ""
[8.801s] -- Up-to-date: /home/olive/LVTN_2/install/usv_navigation/share/usv_navigation/launch
[8.801s] -- Up-to-date: /home/olive/LVTN_2/install/usv_navigation/share/usv_navigation/launch/slam.launch.py
[8.801s] -- Up-to-date: /home/olive/LVTN_2/install/usv_navigation/share/usv_navigation/config
[8.802s] -- Up-to-date: /home/olive/LVTN_2/install/usv_navigation/share/usv_navigation/config/slam.yaml
[8.802s] -- Up-to-date: /home/olive/LVTN_2/install/usv_navigation/share/usv_navigation/maps
[8.802s] -- Up-to-date: /home/olive/LVTN_2/install/usv_navigation/share/usv_navigation/maps/usv_map.yaml
[8.802s] -- Up-to-date: /home/olive/LVTN_2/install/usv_navigation/share/usv_navigation/maps/usv_map.pgm
[8.802s] -- Up-to-date: /home/olive/LVTN_2/install/usv_navigation/share/usv_navigation/maps/README.md
[8.802s] -- Up-to-date: /home/olive/LVTN_2/install/usv_navigation/share/usv_navigation/SLAM_NOTES.md
[8.802s] -- Installing: /home/olive/LVTN_2/install/usv_navigation/share/ament_index/resource_index/package_run_dependencies/usv_navigation
[8.802s] -- Installing: /home/olive/LVTN_2/install/usv_navigation/share/ament_index/resource_index/parent_prefix_path/usv_navigation
[8.802s] -- Up-to-date: /home/olive/LVTN_2/install/usv_navigation/share/usv_navigation/environment/ament_prefix_path.sh
[8.802s] -- Installing: /home/olive/LVTN_2/install/usv_navigation/share/usv_navigation/environment/ament_prefix_path.dsv
[8.802s] -- Up-to-date: /home/olive/LVTN_2/install/usv_navigation/share/usv_navigation/environment/path.sh
[8.802s] -- Installing: /home/olive/LVTN_2/install/usv_navigation/share/usv_navigation/environment/path.dsv
[8.802s] -- Up-to-date: /home/olive/LVTN_2/install/usv_navigation/share/usv_navigation/local_setup.bash
[8.802s] -- Up-to-date: /home/olive/LVTN_2/install/usv_navigation/share/usv_navigation/local_setup.sh
[8.802s] -- Up-to-date: /home/olive/LVTN_2/install/usv_navigation/share/usv_navigation/local_setup.zsh
[8.802s] -- Installing: /home/olive/LVTN_2/install/usv_navigation/share/usv_navigation/local_setup.dsv
[8.802s] -- Installing: /home/olive/LVTN_2/install/usv_navigation/share/usv_navigation/package.dsv
[8.802s] -- Up-to-date: /home/olive/LVTN_2/install/usv_navigation/share/ament_index/resource_index/packages/usv_navigation
[8.803s] -- Up-to-date: /home/olive/LVTN_2/install/usv_navigation/share/usv_navigation/cmake/usv_navigationConfig.cmake
[8.803s] -- Up-to-date: /home/olive/LVTN_2/install/usv_navigation/share/usv_navigation/cmake/usv_navigationConfig-version.cmake
[8.803s] -- Installing: /home/olive/LVTN_2/install/usv_navigation/share/usv_navigation/package.xml
[8.804s] Invoked command in '/home/olive/LVTN_2/build/usv_navigation' returned '0': CMAKE_PREFIX_PATH=${CMAKE_PREFIX_PATH}:/opt/ros/humble /usr/bin/cmake --install /home/olive/LVTN_2/build/usv_navigation
