[35m[1mConsolidate compiler generated dependencies of target state_reader[0m
[ 50%] [32mBuilding CXX object CMakeFiles/state_reader.dir/src/state_reader.cpp.o[0m
[01m[K/home/olive/LVTN_2/src/usv_controller/src/state_reader.cpp:[m[K In member function ‘[01m[Kvoid StateReader::subCallback(nav_msgs::msg::Odometry_<std::allocator<void> >::SharedPtr)[m[K’:
[01m[K/home/olive/LVTN_2/src/usv_controller/src/state_reader.cpp:28:61:[m[K [01;35m[Kwarning: [m[Kunused parameter ‘[01m[Kmsg[m[K’ [[01;35m[K]8;;https://gcc.gnu.org/onlinedocs/gcc/Warning-Options.html#index-Wunused-parameter-Wunused-parameter]8;;[m[K]
   28 | [01;35m[K:msg::Odometry::SharedPtr msg[m[K){
      | [01;35m[K~~~~~~~~~~~~~~~~~~~~~~~~~~^~~[m[K

[100%] [32m[1mLinking CXX executable state_reader[0m
[100%] Built target state_reader
-- Install configuration: ""
-- Up-to-date: /home/olive/LVTN_2/install/usv_controller/share/usv_controller/config
-- Up-to-date: /home/olive/LVTN_2/install/usv_controller/share/usv_controller/config/config.yaml
-- Up-to-date: /home/olive/LVTN_2/install/usv_controller/share/usv_controller/launch
-- Installing: /home/olive/LVTN_2/install/usv_controller/lib/usv_controller/state_reader
-- Set runtime path of "/home/olive/LVTN_2/install/usv_controller/lib/usv_controller/state_reader" to ""
-- Installing: /home/olive/LVTN_2/install/usv_controller/share/ament_index/resource_index/package_run_dependencies/usv_controller
-- Up-to-date: /home/olive/LVTN_2/install/usv_controller/share/ament_index/resource_index/parent_prefix_path/usv_controller
-- Up-to-date: /home/olive/LVTN_2/install/usv_controller/share/usv_controller/environment/ament_prefix_path.sh
-- Installing: /home/olive/LVTN_2/install/usv_controller/share/usv_controller/environment/ament_prefix_path.dsv
-- Up-to-date: /home/olive/LVTN_2/install/usv_controller/share/usv_controller/environment/path.sh
-- Installing: /home/olive/LVTN_2/install/usv_controller/share/usv_controller/environment/path.dsv
-- Up-to-date: /home/olive/LVTN_2/install/usv_controller/share/usv_controller/local_setup.bash
-- Up-to-date: /home/olive/LVTN_2/install/usv_controller/share/usv_controller/local_setup.sh
-- Up-to-date: /home/olive/LVTN_2/install/usv_controller/share/usv_controller/local_setup.zsh
-- Installing: /home/olive/LVTN_2/install/usv_controller/share/usv_controller/local_setup.dsv
-- Installing: /home/olive/LVTN_2/install/usv_controller/share/usv_controller/package.dsv
-- Up-to-date: /home/olive/LVTN_2/install/usv_controller/share/ament_index/resource_index/packages/usv_controller
-- Up-to-date: /home/olive/LVTN_2/install/usv_controller/share/usv_controller/cmake/usv_controllerConfig.cmake
-- Up-to-date: /home/olive/LVTN_2/install/usv_controller/share/usv_controller/cmake/usv_controllerConfig-version.cmake
-- Installing: /home/olive/LVTN_2/install/usv_controller/share/usv_controller/package.xml
