[0.017s] Invoking command in '/home/olive/LVTN_2/build/usv_controller': CMAKE_PREFIX_PATH=/opt/ros/humble /usr/bin/cmake --build /home/olive/LVTN_2/build/usv_controller -- -j16 -l16
[0.106s] [ 25%] [32mBuilding CXX object CMakeFiles/thruster_controller.dir/src/thruster_controller.cpp.o[0m
[0.107s] [ 75%] Built target state_reader
[3.408s] [01m[K/home/olive/LVTN_2/src/usv_controller/src/thruster_controller.cpp:89:25:[m[K [01;31m[Kerror: [m[Kexpected ‘[01m[K;[m[K’ at end of member declaration
[3.408s]    89 |     ~ThrusterController([01;31m[K)[m[K
[3.408s]       |                         [01;31m[K^[m[K
[3.408s]       |                          [32m[K;[m[K
[3.466s] [01m[K/home/olive/LVTN_2/src/usv_controller/src/thruster_controller.cpp:[m[K In constructor ‘[01m[KThrusterController::ThrusterController()[m[K’:
[3.467s] [01m[K/home/olive/LVTN_2/src/usv_controller/src/thruster_controller.cpp:64:5:[m[K [01;31m[Kerror: [m[Kno match for ‘[01m[Koperator~[m[K’ (operand type is ‘[01m[KThrusterController[m[K’)
[3.467s]    64 |     [01;31m[K~ThrusterController()[m[K
[3.467s]       |     [01;31m[K^~~~~~~~~~~~~~~~~~~~~[m[K
[3.467s] In file included from [01m[K/opt/ros/humble/include/rclcpp/rclcpp/executors.hpp:18[m[K,
[3.467s]                  from [01m[K/opt/ros/humble/include/rclcpp/rclcpp/rclcpp.hpp:155[m[K,
[3.467s]                  from [01m[K/home/olive/LVTN_2/src/usv_controller/src/thruster_controller.cpp:1[m[K:
[3.467s] [01m[K/usr/include/c++/11/future:160:20:[m[K [01;36m[Knote: [m[Kcandidate: ‘[01m[Kconstexpr std::launch std::operator~(std::launch)[m[K’
[3.467s]   160 |   constexpr launch [01;36m[Koperator[m[K~(launch __x) noexcept
[3.467s]       |                    [01;36m[K^~~~~~~~[m[K
[3.468s] [01m[K/usr/include/c++/11/future:160:37:[m[K [01;36m[Knote: [m[K  no known conversion for argument 1 from ‘[01m[KThrusterController[m[K’ to ‘[01m[Kstd::launch[m[K’
[3.468s]   160 |   constexpr launch operator~([01;36m[Klaunch __x[m[K) noexcept
[3.468s]       |                              [01;36m[K~~~~~~~^~~[m[K
[3.468s] In file included from [01m[K/usr/include/c++/11/ios:42[m[K,
[3.468s]                  from [01m[K/usr/include/c++/11/ostream:38[m[K,
[3.468s]                  from [01m[K/usr/include/c++/11/iostream:39[m[K,
[3.468s]                  from [01m[K/opt/ros/humble/include/rclcpp/rclcpp/executor.hpp:22[m[K,
[3.468s]                  from [01m[K/opt/ros/humble/include/rclcpp/rclcpp/executors/multi_threaded_executor.hpp:25[m[K,
[3.468s]                  from [01m[K/opt/ros/humble/include/rclcpp/rclcpp/executors.hpp:21[m[K,
[3.468s]                  from [01m[K/opt/ros/humble/include/rclcpp/rclcpp/rclcpp.hpp:155[m[K,
[3.469s]                  from [01m[K/home/olive/LVTN_2/src/usv_controller/src/thruster_controller.cpp:1[m[K:
[3.469s] [01m[K/usr/include/c++/11/bits/ios_base.h:95:3:[m[K [01;36m[Knote: [m[Kcandidate: ‘[01m[Kconstexpr std::_Ios_Fmtflags std::operator~(std::_Ios_Fmtflags)[m[K’
[3.469s]    95 |   [01;36m[Koperator[m[K~(_Ios_Fmtflags __a)
[3.469s]       |   [01;36m[K^~~~~~~~[m[K
[3.469s] [01m[K/usr/include/c++/11/bits/ios_base.h:95:27:[m[K [01;36m[Knote: [m[K  no known conversion for argument 1 from ‘[01m[KThrusterController[m[K’ to ‘[01m[Kstd::_Ios_Fmtflags[m[K’
[3.469s]    95 |   operator~([01;36m[K_Ios_Fmtflags __a[m[K)
[3.469s]       |             [01;36m[K~~~~~~~~~~~~~~^~~[m[K
[3.469s] [01m[K/usr/include/c++/11/bits/ios_base.h:137:3:[m[K [01;36m[Knote: [m[Kcandidate: ‘[01m[Kconstexpr std::_Ios_Openmode std::operator~(std::_Ios_Openmode)[m[K’
[3.469s]   137 |   [01;36m[Koperator[m[K~(_Ios_Openmode __a)
[3.470s]       |   [01;36m[K^~~~~~~~[m[K
[3.470s] [01m[K/usr/include/c++/11/bits/ios_base.h:137:27:[m[K [01;36m[Knote: [m[K  no known conversion for argument 1 from ‘[01m[KThrusterController[m[K’ to ‘[01m[Kstd::_Ios_Openmode[m[K’
[3.470s]   137 |   operator~([01;36m[K_Ios_Openmode __a[m[K)
[3.470s]       |             [01;36m[K~~~~~~~~~~~~~~^~~[m[K
[3.470s] [01m[K/usr/include/c++/11/bits/ios_base.h:177:3:[m[K [01;36m[Knote: [m[Kcandidate: ‘[01m[Kconstexpr std::_Ios_Iostate std::operator~(std::_Ios_Iostate)[m[K’
[3.470s]   177 |   [01;36m[Koperator[m[K~(_Ios_Iostate __a)
[3.470s]       |   [01;36m[K^~~~~~~~[m[K
[3.470s] [01m[K/usr/include/c++/11/bits/ios_base.h:177:26:[m[K [01;36m[Knote: [m[K  no known conversion for argument 1 from ‘[01m[KThrusterController[m[K’ to ‘[01m[Kstd::_Ios_Iostate[m[K’
[3.470s]   177 |   operator~([01;36m[K_Ios_Iostate __a[m[K)
[3.470s]       |             [01;36m[K~~~~~~~~~~~~~^~~[m[K
[3.480s] [01m[K/home/olive/LVTN_2/src/usv_controller/src/thruster_controller.cpp:[m[K In member function ‘[01m[Kvoid ThrusterController::ControlLoop()[m[K’:
[3.480s] [01m[K/home/olive/LVTN_2/src/usv_controller/src/thruster_controller.cpp:175:12:[m[K [01;35m[Kwarning: [m[Kunused variable ‘[01m[Kerror_u[m[K’ [[01;35m[K]8;;https://gcc.gnu.org/onlinedocs/gcc/Warning-Options.html#index-Wunused-variable-Wunused-variable]8;;[m[K]
[3.480s]   175 |     double [01;35m[Kerror_u[m[K = u_d_ - u_;
[3.480s]       |            [01;35m[K^~~~~~~[m[K
[3.480s] [01m[K/home/olive/LVTN_2/src/usv_controller/src/thruster_controller.cpp:176:12:[m[K [01;35m[Kwarning: [m[Kunused variable ‘[01m[Kerror_v[m[K’ [[01;35m[K]8;;https://gcc.gnu.org/onlinedocs/gcc/Warning-Options.html#index-Wunused-variable-Wunused-variable]8;;[m[K]
[3.480s]   176 |     double [01;35m[Kerror_v[m[K = v_d_ - v_;
[3.480s]       |            [01;35m[K^~~~~~~[m[K
[5.964s] gmake[2]: *** [CMakeFiles/thruster_controller.dir/build.make:76: CMakeFiles/thruster_controller.dir/src/thruster_controller.cpp.o] Error 1
[5.964s] gmake[1]: *** [CMakeFiles/Makefile2:165: CMakeFiles/thruster_controller.dir/all] Error 2
[5.965s] gmake: *** [Makefile:146: all] Error 2
[5.968s] Invoked command in '/home/olive/LVTN_2/build/usv_controller' returned '2': CMAKE_PREFIX_PATH=/opt/ros/humble /usr/bin/cmake --build /home/olive/LVTN_2/build/usv_controller -- -j16 -l16
