-- Found ament_cmake: 1.3.14 (/opt/ros/humble/share/ament_cmake/cmake)
-- Found rclcpp: 16.0.19 (/opt/ros/humble/share/rclcpp/cmake)
-- Found rosidl_generator_c: 3.1.9 (/opt/ros/humble/share/rosidl_generator_c/cmake)
-- Found rosidl_adapter: 3.1.9 (/opt/ros/humble/share/rosidl_adapter/cmake)
-- Found rosidl_generator_cpp: 3.1.9 (/opt/ros/humble/share/rosidl_generator_cpp/cmake)
-- Using all available rosidl_typesupport_c: rosidl_typesupport_fastrtps_c;rosidl_typesupport_introspection_c
-- Using all available rosidl_typesupport_cpp: rosidl_typesupport_fastrtps_cpp;rosidl_typesupport_introspection_cpp
-- Found rmw_implementation_cmake: 6.1.2 (/opt/ros/humble/share/rmw_implementation_cmake/cmake)
-- Found rmw_fastrtps_cpp: 6.2.10 (/opt/ros/humble/share/rmw_fastrtps_cpp/cmake)
-- Using RMW implementation 'rmw_fastrtps_cpp' as default
-- Found tf2: 0.25.20 (/opt/ros/humble/share/tf2/cmake)
-- Found nav_msgs: 4.9.1 (/opt/ros/humble/share/nav_msgs/cmake)
-- Found ament_lint_auto: 0.12.15 (/opt/ros/humble/share/ament_lint_auto/cmake)
-- Added test 'cppcheck' to perform static code analysis on C / C++ code
-- Configured cppcheck include dirs: 
-- Configured cppcheck exclude dirs and/or files: 
-- Added test 'lint_cmake' to check CMake code style
-- Added test 'uncrustify' to check C / C++ code style
-- Configured uncrustify additional arguments: 
-- Added test 'xmllint' to check XML markup files
-- Configuring done
-- Generating done
-- Build files have been written to: /home/olive/LVTN_2/build/usv_controller
[35m[1mConsolidate compiler generated dependencies of target state_reader[0m
[ 50%] [32mBuilding CXX object CMakeFiles/state_reader.dir/src/state_reader.cpp.o[0m
[01m[K/home/olive/LVTN_2/src/usv_controller/src/state_reader.cpp:24:45:[m[K [01;31m[Kerror: [m[Ktemplate argument 1 is invalid
   24 | av_msgs/msg/Odometry[01;31m[K>[m[K:: SharedPtr sub;
      |                     [01;31m[K^[m[K

[01m[K/home/olive/LVTN_2/src/usv_controller/src/state_reader.cpp:24:45:[m[K [01;31m[Kerror: [m[Ktemplate argument 3 is invalid
[01m[K/home/olive/LVTN_2/src/usv_controller/src/state_reader.cpp:24:45:[m[K [01;31m[Kerror: [m[Ktemplate argument 4 is invalid
[01m[K/home/olive/LVTN_2/src/usv_controller/src/state_reader.cpp:24:45:[m[K [01;31m[Kerror: [m[Ktemplate argument 5 is invalid
[01m[K/home/olive/LVTN_2/src/usv_controller/src/state_reader.cpp:24:49:[m[K [01;31m[Kerror: [m[Kexpected ‘[01m[K;[m[K’ at end of member declaration
   24 | sgs/msg/Odometry>:: [01;31m[KSharedPtr[m[K sub;
      |                     [01;31m[K^~~~~~~~~[m[K
      |                              [32m[K;[m[K
[01m[K/home/olive/LVTN_2/src/usv_controller/src/state_reader.cpp:24:59:[m[K [01;31m[Kerror: [m[K‘[01m[Ksub[m[K’ does not name a type
   24 | /msg/Odometry>:: SharedPtr [01;31m[Ksub[m[K;
      |                            [01;31m[K^~~[m[K

[01m[K/home/olive/LVTN_2/src/usv_controller/src/state_reader.cpp:[m[K In constructor ‘[01m[KStateReader::StateReader()[m[K’:
[01m[K/home/olive/LVTN_2/src/usv_controller/src/state_reader.cpp:21:5:[m[K [01;31m[Kerror: [m[K‘[01m[Ksub[m[K’ was not declared in this scope; did you mean ‘[01m[Kfsub[m[K’?
   21 |     [01;31m[Ksub[m[K = this->create_subscription<nav_msgs::msg::Odometry>(sub_topic_, 10, bind(&StateReader::subCallback(), this, _1));
      |     [01;31m[K^~~[m[K
      |     [32m[Kfsub[m[K
[01m[K/home/olive/LVTN_2/src/usv_controller/src/state_reader.cpp:21:97:[m[K [01;31m[Kerror: [m[K‘[01m[KsubCallback[m[K’ is not a member of ‘[01m[KStateReader[m[K’
   21 |  bind(&StateReader::[01;31m[KsubCallback[m[K(), this, _1));
      |                     [01;31m[K^~~~~~~~~~~[m[K

gmake[2]: *** [CMakeFiles/state_reader.dir/build.make:76: CMakeFiles/state_reader.dir/src/state_reader.cpp.o] Error 1
gmake[1]: *** [CMakeFiles/Makefile2:137: CMakeFiles/state_reader.dir/all] Error 2
gmake: *** [Makefile:146: all] Error 2
