[0.172s] DEBUG:colcon:Command line arguments: ['/usr/bin/colcon', 'build', '--packages-select', 'usv_controller', 'usv_description', '--event-handlers', 'console_direct+']
[0.172s] DEBUG:colcon:Parsed command line arguments: Namespace(log_base=None, log_level=None, verb_name='build', build_base='build', install_base='install', merge_install=False, symlink_install=False, test_result_base=None, continue_on_error=False, executor='parallel', parallel_workers=16, event_handlers=['console_direct+'], ignore_user_meta=False, metas=['./colcon.meta'], base_paths=['.'], packages_ignore=None, packages_ignore_regex=None, paths=None, packages_up_to=None, packages_up_to_regex=None, packages_above=None, packages_above_and_dependencies=None, packages_above_depth=None, packages_select_by_dep=None, packages_skip_by_dep=None, packages_skip_up_to=None, packages_select_build_failed=False, packages_skip_build_finished=False, packages_select_test_failures=False, packages_skip_test_passed=False, packages_select=['usv_controller', 'usv_description'], packages_skip=None, packages_select_regex=None, packages_skip_regex=None, packages_start=None, packages_end=None, allow_overriding=[], cmake_args=None, cmake_target=None, cmake_target_skip_unavailable=False, cmake_clean_cache=False, cmake_clean_first=False, cmake_force_configure=False, ament_cmake_args=None, catkin_cmake_args=None, catkin_skip_building_tests=False, verb_parser=<colcon_defaults.argument_parser.defaults.DefaultArgumentsDecorator object at 0x7d180207d660>, verb_extension=<colcon_core.verb.build.BuildVerb object at 0x7d180207cd60>, main=<bound method BuildVerb.main of <colcon_core.verb.build.BuildVerb object at 0x7d180207cd60>>)
[0.432s] Level 1:colcon.colcon_core.package_discovery:discover_packages(colcon_meta) check parameters
[0.433s] Level 1:colcon.colcon_core.package_discovery:discover_packages(recursive) check parameters
[0.433s] Level 1:colcon.colcon_core.package_discovery:discover_packages(ignore) check parameters
[0.433s] Level 1:colcon.colcon_core.package_discovery:discover_packages(path) check parameters
[0.433s] Level 1:colcon.colcon_core.package_discovery:discover_packages(colcon_meta) discover
[0.433s] Level 1:colcon.colcon_core.package_discovery:discover_packages(recursive) discover
[0.433s] INFO:colcon.colcon_core.package_discovery:Crawling recursively for packages in '/home/olive/LVTN_2'
[0.433s] Level 1:colcon.colcon_core.package_identification:_identify(.) by extensions ['ignore', 'ignore_ament_install']
[0.433s] Level 1:colcon.colcon_core.package_identification:_identify(.) by extension 'ignore'
[0.433s] Level 1:colcon.colcon_core.package_identification:_identify(.) by extension 'ignore_ament_install'
[0.434s] Level 1:colcon.colcon_core.package_identification:_identify(.) by extensions ['colcon_pkg']
[0.434s] Level 1:colcon.colcon_core.package_identification:_identify(.) by extension 'colcon_pkg'
[0.434s] Level 1:colcon.colcon_core.package_identification:_identify(.) by extensions ['colcon_meta']
[0.434s] Level 1:colcon.colcon_core.package_identification:_identify(.) by extension 'colcon_meta'
[0.434s] Level 1:colcon.colcon_core.package_identification:_identify(.) by extensions ['ros']
[0.434s] Level 1:colcon.colcon_core.package_identification:_identify(.) by extension 'ros'
[0.453s] Level 1:colcon.colcon_core.package_identification:_identify(.) by extensions ['cmake', 'python']
[0.453s] Level 1:colcon.colcon_core.package_identification:_identify(.) by extension 'cmake'
[0.453s] Level 1:colcon.colcon_core.package_identification:_identify(.) by extension 'python'
[0.453s] Level 1:colcon.colcon_core.package_identification:_identify(.) by extensions ['python_setup_py']
[0.453s] Level 1:colcon.colcon_core.package_identification:_identify(.) by extension 'python_setup_py'
[0.454s] Level 1:colcon.colcon_core.package_identification:_identify(STL) by extensions ['ignore', 'ignore_ament_install']
[0.454s] Level 1:colcon.colcon_core.package_identification:_identify(STL) by extension 'ignore'
[0.454s] Level 1:colcon.colcon_core.package_identification:_identify(STL) by extension 'ignore_ament_install'
[0.454s] Level 1:colcon.colcon_core.package_identification:_identify(STL) by extensions ['colcon_pkg']
[0.454s] Level 1:colcon.colcon_core.package_identification:_identify(STL) by extension 'colcon_pkg'
[0.454s] Level 1:colcon.colcon_core.package_identification:_identify(STL) by extensions ['colcon_meta']
[0.454s] Level 1:colcon.colcon_core.package_identification:_identify(STL) by extension 'colcon_meta'
[0.454s] Level 1:colcon.colcon_core.package_identification:_identify(STL) by extensions ['ros']
[0.454s] Level 1:colcon.colcon_core.package_identification:_identify(STL) by extension 'ros'
[0.454s] Level 1:colcon.colcon_core.package_identification:_identify(STL) by extensions ['cmake', 'python']
[0.454s] Level 1:colcon.colcon_core.package_identification:_identify(STL) by extension 'cmake'
[0.454s] Level 1:colcon.colcon_core.package_identification:_identify(STL) by extension 'python'
[0.454s] Level 1:colcon.colcon_core.package_identification:_identify(STL) by extensions ['python_setup_py']
[0.454s] Level 1:colcon.colcon_core.package_identification:_identify(STL) by extension 'python_setup_py'
[0.455s] Level 1:colcon.colcon_core.package_identification:_identify(backups) by extensions ['ignore', 'ignore_ament_install']
[0.455s] Level 1:colcon.colcon_core.package_identification:_identify(backups) by extension 'ignore'
[0.455s] Level 1:colcon.colcon_core.package_identification:_identify(backups) by extension 'ignore_ament_install'
[0.455s] Level 1:colcon.colcon_core.package_identification:_identify(backups) by extensions ['colcon_pkg']
[0.455s] Level 1:colcon.colcon_core.package_identification:_identify(backups) by extension 'colcon_pkg'
[0.455s] Level 1:colcon.colcon_core.package_identification:_identify(backups) by extensions ['colcon_meta']
[0.455s] Level 1:colcon.colcon_core.package_identification:_identify(backups) by extension 'colcon_meta'
[0.455s] Level 1:colcon.colcon_core.package_identification:_identify(backups) by extensions ['ros']
[0.455s] Level 1:colcon.colcon_core.package_identification:_identify(backups) by extension 'ros'
[0.455s] Level 1:colcon.colcon_core.package_identification:_identify(backups) by extensions ['cmake', 'python']
[0.455s] Level 1:colcon.colcon_core.package_identification:_identify(backups) by extension 'cmake'
[0.455s] Level 1:colcon.colcon_core.package_identification:_identify(backups) by extension 'python'
[0.455s] Level 1:colcon.colcon_core.package_identification:_identify(backups) by extensions ['python_setup_py']
[0.455s] Level 1:colcon.colcon_core.package_identification:_identify(backups) by extension 'python_setup_py'
[0.456s] Level 1:colcon.colcon_core.package_identification:_identify(build) by extensions ['ignore', 'ignore_ament_install']
[0.456s] Level 1:colcon.colcon_core.package_identification:_identify(build) by extension 'ignore'
[0.456s] Level 1:colcon.colcon_core.package_identification:_identify(build) ignored
[0.456s] Level 1:colcon.colcon_core.package_identification:_identify(install) by extensions ['ignore', 'ignore_ament_install']
[0.456s] Level 1:colcon.colcon_core.package_identification:_identify(install) by extension 'ignore'
[0.457s] Level 1:colcon.colcon_core.package_identification:_identify(install) ignored
[0.457s] Level 1:colcon.colcon_core.package_identification:_identify(log) by extensions ['ignore', 'ignore_ament_install']
[0.458s] Level 1:colcon.colcon_core.package_identification:_identify(log) by extension 'ignore'
[0.458s] Level 1:colcon.colcon_core.package_identification:_identify(log) ignored
[0.458s] Level 1:colcon.colcon_core.package_identification:_identify(src) by extensions ['ignore', 'ignore_ament_install']
[0.458s] Level 1:colcon.colcon_core.package_identification:_identify(src) by extension 'ignore'
[0.458s] Level 1:colcon.colcon_core.package_identification:_identify(src) by extension 'ignore_ament_install'
[0.458s] Level 1:colcon.colcon_core.package_identification:_identify(src) by extensions ['colcon_pkg']
[0.458s] Level 1:colcon.colcon_core.package_identification:_identify(src) by extension 'colcon_pkg'
[0.458s] Level 1:colcon.colcon_core.package_identification:_identify(src) by extensions ['colcon_meta']
[0.458s] Level 1:colcon.colcon_core.package_identification:_identify(src) by extension 'colcon_meta'
[0.459s] Level 1:colcon.colcon_core.package_identification:_identify(src) by extensions ['ros']
[0.459s] Level 1:colcon.colcon_core.package_identification:_identify(src) by extension 'ros'
[0.459s] Level 1:colcon.colcon_core.package_identification:_identify(src) by extensions ['cmake', 'python']
[0.459s] Level 1:colcon.colcon_core.package_identification:_identify(src) by extension 'cmake'
[0.459s] Level 1:colcon.colcon_core.package_identification:_identify(src) by extension 'python'
[0.459s] Level 1:colcon.colcon_core.package_identification:_identify(src) by extensions ['python_setup_py']
[0.459s] Level 1:colcon.colcon_core.package_identification:_identify(src) by extension 'python_setup_py'
[0.459s] Level 1:colcon.colcon_core.package_identification:_identify(src/usv_controller) by extensions ['ignore', 'ignore_ament_install']
[0.460s] Level 1:colcon.colcon_core.package_identification:_identify(src/usv_controller) by extension 'ignore'
[0.460s] Level 1:colcon.colcon_core.package_identification:_identify(src/usv_controller) by extension 'ignore_ament_install'
[0.460s] Level 1:colcon.colcon_core.package_identification:_identify(src/usv_controller) by extensions ['colcon_pkg']
[0.460s] Level 1:colcon.colcon_core.package_identification:_identify(src/usv_controller) by extension 'colcon_pkg'
[0.460s] Level 1:colcon.colcon_core.package_identification:_identify(src/usv_controller) by extensions ['colcon_meta']
[0.460s] Level 1:colcon.colcon_core.package_identification:_identify(src/usv_controller) by extension 'colcon_meta'
[0.460s] Level 1:colcon.colcon_core.package_identification:_identify(src/usv_controller) by extensions ['ros']
[0.460s] Level 1:colcon.colcon_core.package_identification:_identify(src/usv_controller) by extension 'ros'
[0.466s] DEBUG:colcon.colcon_core.package_identification:Package 'src/usv_controller' with type 'ros.ament_cmake' and name 'usv_controller'
[0.466s] Level 1:colcon.colcon_core.package_identification:_identify(src/usv_description) by extensions ['ignore', 'ignore_ament_install']
[0.466s] Level 1:colcon.colcon_core.package_identification:_identify(src/usv_description) by extension 'ignore'
[0.466s] Level 1:colcon.colcon_core.package_identification:_identify(src/usv_description) by extension 'ignore_ament_install'
[0.466s] Level 1:colcon.colcon_core.package_identification:_identify(src/usv_description) by extensions ['colcon_pkg']
[0.466s] Level 1:colcon.colcon_core.package_identification:_identify(src/usv_description) by extension 'colcon_pkg'
[0.466s] Level 1:colcon.colcon_core.package_identification:_identify(src/usv_description) by extensions ['colcon_meta']
[0.467s] Level 1:colcon.colcon_core.package_identification:_identify(src/usv_description) by extension 'colcon_meta'
[0.467s] Level 1:colcon.colcon_core.package_identification:_identify(src/usv_description) by extensions ['ros']
[0.467s] Level 1:colcon.colcon_core.package_identification:_identify(src/usv_description) by extension 'ros'
[0.468s] DEBUG:colcon.colcon_core.package_identification:Package 'src/usv_description' with type 'ros.ament_cmake' and name 'usv_description'
[0.468s] Level 1:colcon.colcon_core.package_discovery:discover_packages(recursive) using defaults
[0.468s] Level 1:colcon.colcon_core.package_discovery:discover_packages(ignore) discover
[0.468s] Level 1:colcon.colcon_core.package_discovery:discover_packages(ignore) using defaults
[0.468s] Level 1:colcon.colcon_core.package_discovery:discover_packages(path) discover
[0.468s] Level 1:colcon.colcon_core.package_discovery:discover_packages(path) using defaults
[0.512s] Level 1:colcon.colcon_core.package_discovery:discover_packages(prefix_path) check parameters
[0.512s] Level 1:colcon.colcon_core.package_discovery:discover_packages(prefix_path) discover
[0.516s] DEBUG:colcon.colcon_installed_package_information.package_discovery:Found 425 installed packages in /opt/ros/humble
[0.519s] Level 1:colcon.colcon_core.package_discovery:discover_packages(prefix_path) using defaults
[0.578s] Level 5:colcon.colcon_core.verb:set package 'usv_controller' build argument 'cmake_args' from command line to 'None'
[0.578s] Level 5:colcon.colcon_core.verb:set package 'usv_controller' build argument 'cmake_target' from command line to 'None'
[0.578s] Level 5:colcon.colcon_core.verb:set package 'usv_controller' build argument 'cmake_target_skip_unavailable' from command line to 'False'
[0.578s] Level 5:colcon.colcon_core.verb:set package 'usv_controller' build argument 'cmake_clean_cache' from command line to 'False'
[0.578s] Level 5:colcon.colcon_core.verb:set package 'usv_controller' build argument 'cmake_clean_first' from command line to 'False'
[0.578s] Level 5:colcon.colcon_core.verb:set package 'usv_controller' build argument 'cmake_force_configure' from command line to 'False'
[0.578s] Level 5:colcon.colcon_core.verb:set package 'usv_controller' build argument 'ament_cmake_args' from command line to 'None'
[0.578s] Level 5:colcon.colcon_core.verb:set package 'usv_controller' build argument 'catkin_cmake_args' from command line to 'None'
[0.578s] Level 5:colcon.colcon_core.verb:set package 'usv_controller' build argument 'catkin_skip_building_tests' from command line to 'False'
[0.579s] DEBUG:colcon.colcon_core.verb:Building package 'usv_controller' with the following arguments: {'ament_cmake_args': None, 'build_base': '/home/olive/LVTN_2/build/usv_controller', 'catkin_cmake_args': None, 'catkin_skip_building_tests': False, 'cmake_args': None, 'cmake_clean_cache': False, 'cmake_clean_first': False, 'cmake_force_configure': False, 'cmake_target': None, 'cmake_target_skip_unavailable': False, 'install_base': '/home/olive/LVTN_2/install/usv_controller', 'merge_install': False, 'path': '/home/olive/LVTN_2/src/usv_controller', 'symlink_install': False, 'test_result_base': None}
[0.579s] Level 5:colcon.colcon_core.verb:set package 'usv_description' build argument 'cmake_args' from command line to 'None'
[0.579s] Level 5:colcon.colcon_core.verb:set package 'usv_description' build argument 'cmake_target' from command line to 'None'
[0.579s] Level 5:colcon.colcon_core.verb:set package 'usv_description' build argument 'cmake_target_skip_unavailable' from command line to 'False'
[0.579s] Level 5:colcon.colcon_core.verb:set package 'usv_description' build argument 'cmake_clean_cache' from command line to 'False'
[0.579s] Level 5:colcon.colcon_core.verb:set package 'usv_description' build argument 'cmake_clean_first' from command line to 'False'
[0.579s] Level 5:colcon.colcon_core.verb:set package 'usv_description' build argument 'cmake_force_configure' from command line to 'False'
[0.579s] Level 5:colcon.colcon_core.verb:set package 'usv_description' build argument 'ament_cmake_args' from command line to 'None'
[0.579s] Level 5:colcon.colcon_core.verb:set package 'usv_description' build argument 'catkin_cmake_args' from command line to 'None'
[0.579s] Level 5:colcon.colcon_core.verb:set package 'usv_description' build argument 'catkin_skip_building_tests' from command line to 'False'
[0.579s] DEBUG:colcon.colcon_core.verb:Building package 'usv_description' with the following arguments: {'ament_cmake_args': None, 'build_base': '/home/olive/LVTN_2/build/usv_description', 'catkin_cmake_args': None, 'catkin_skip_building_tests': False, 'cmake_args': None, 'cmake_clean_cache': False, 'cmake_clean_first': False, 'cmake_force_configure': False, 'cmake_target': None, 'cmake_target_skip_unavailable': False, 'install_base': '/home/olive/LVTN_2/install/usv_description', 'merge_install': False, 'path': '/home/olive/LVTN_2/src/usv_description', 'symlink_install': False, 'test_result_base': None}
[0.579s] INFO:colcon.colcon_core.executor:Executing jobs using 'parallel' executor
[0.581s] DEBUG:colcon.colcon_parallel_executor.executor.parallel:run_until_complete
[0.581s] INFO:colcon.colcon_ros.task.ament_cmake.build:Building ROS package in '/home/olive/LVTN_2/src/usv_controller' with build type 'ament_cmake'
[0.581s] INFO:colcon.colcon_cmake.task.cmake.build:Building CMake package in '/home/olive/LVTN_2/src/usv_controller'
[0.583s] INFO:colcon.colcon_core.plugin_system:Skipping extension 'colcon_core.shell.bat': Not used on non-Windows systems
[0.583s] INFO:colcon.colcon_core.shell:Skip shell extension 'powershell' for command environment: Not usable outside of PowerShell
[0.583s] DEBUG:colcon.colcon_core.shell:Skip shell extension 'dsv' for command environment
[0.587s] INFO:colcon.colcon_ros.task.ament_cmake.build:Building ROS package in '/home/olive/LVTN_2/src/usv_description' with build type 'ament_cmake'
[0.587s] INFO:colcon.colcon_cmake.task.cmake.build:Building CMake package in '/home/olive/LVTN_2/src/usv_description'
[0.587s] INFO:colcon.colcon_core.shell:Skip shell extension 'powershell' for command environment: Not usable outside of PowerShell
[0.587s] DEBUG:colcon.colcon_core.shell:Skip shell extension 'dsv' for command environment
[0.595s] DEBUG:colcon.colcon_core.event_handler.log_command:Invoking command in '/home/olive/LVTN_2/build/usv_controller': CMAKE_PREFIX_PATH=/opt/ros/humble /usr/bin/cmake --build /home/olive/LVTN_2/build/usv_controller -- -j16 -l16
[0.598s] DEBUG:colcon.colcon_core.event_handler.log_command:Invoking command in '/home/olive/LVTN_2/build/usv_description': CMAKE_PREFIX_PATH=/opt/ros/humble /usr/bin/cmake --build /home/olive/LVTN_2/build/usv_description -- -j16 -l16
[0.644s] DEBUG:colcon.colcon_core.event_handler.log_command:Invoked command in '/home/olive/LVTN_2/build/usv_description' returned '0': CMAKE_PREFIX_PATH=/opt/ros/humble /usr/bin/cmake --build /home/olive/LVTN_2/build/usv_description -- -j16 -l16
[0.659s] DEBUG:colcon.colcon_core.event_handler.log_command:Invoking command in '/home/olive/LVTN_2/build/usv_description': CMAKE_PREFIX_PATH=/opt/ros/humble /usr/bin/cmake --install /home/olive/LVTN_2/build/usv_description
[0.688s] Level 1:colcon.colcon_core.environment:create_environment_scripts_only(usv_description)
[0.689s] DEBUG:colcon.colcon_core.event_handler.log_command:Invoked command in '/home/olive/LVTN_2/build/usv_description' returned '0': CMAKE_PREFIX_PATH=/opt/ros/humble /usr/bin/cmake --install /home/olive/LVTN_2/build/usv_description
[0.692s] Level 1:colcon.colcon_core.environment:checking '/home/olive/LVTN_2/install/usv_description' for CMake module files
[0.692s] Level 1:colcon.colcon_core.environment:checking '/home/olive/LVTN_2/install/usv_description' for CMake config files
[0.693s] Level 1:colcon.colcon_core.shell:create_environment_hook('usv_description', 'cmake_prefix_path')
[0.693s] INFO:colcon.colcon_core.shell:Creating environment hook '/home/olive/LVTN_2/install/usv_description/share/usv_description/hook/cmake_prefix_path.ps1'
[0.694s] INFO:colcon.colcon_core.shell:Creating environment descriptor '/home/olive/LVTN_2/install/usv_description/share/usv_description/hook/cmake_prefix_path.dsv'
[0.695s] INFO:colcon.colcon_core.shell:Creating environment hook '/home/olive/LVTN_2/install/usv_description/share/usv_description/hook/cmake_prefix_path.sh'
[0.696s] Level 1:colcon.colcon_core.environment:checking '/home/olive/LVTN_2/install/usv_description/bin'
[0.696s] Level 1:colcon.colcon_core.environment:checking '/home/olive/LVTN_2/install/usv_description/lib/pkgconfig/usv_description.pc'
[0.696s] Level 1:colcon.colcon_core.environment:checking '/home/olive/LVTN_2/install/usv_description/lib/python3.10/site-packages'
[0.697s] Level 1:colcon.colcon_core.environment:checking '/home/olive/LVTN_2/install/usv_description/bin'
[0.697s] INFO:colcon.colcon_core.shell:Creating package script '/home/olive/LVTN_2/install/usv_description/share/usv_description/package.ps1'
[0.699s] INFO:colcon.colcon_core.shell:Creating package descriptor '/home/olive/LVTN_2/install/usv_description/share/usv_description/package.dsv'
[0.700s] INFO:colcon.colcon_core.shell:Creating package script '/home/olive/LVTN_2/install/usv_description/share/usv_description/package.sh'
[0.700s] INFO:colcon.colcon_core.shell:Creating package script '/home/olive/LVTN_2/install/usv_description/share/usv_description/package.bash'
[0.701s] INFO:colcon.colcon_core.shell:Creating package script '/home/olive/LVTN_2/install/usv_description/share/usv_description/package.zsh'
[0.703s] Level 1:colcon.colcon_core.environment:create_file_with_runtime_dependencies(/home/olive/LVTN_2/install/usv_description/share/colcon-core/packages/usv_description)
[0.704s] Level 1:colcon.colcon_core.environment:create_environment_scripts_only(usv_description)
[0.704s] Level 1:colcon.colcon_core.environment:checking '/home/olive/LVTN_2/install/usv_description' for CMake module files
[0.705s] Level 1:colcon.colcon_core.environment:checking '/home/olive/LVTN_2/install/usv_description' for CMake config files
[0.705s] Level 1:colcon.colcon_core.shell:create_environment_hook('usv_description', 'cmake_prefix_path')
[0.706s] INFO:colcon.colcon_core.shell:Creating environment hook '/home/olive/LVTN_2/install/usv_description/share/usv_description/hook/cmake_prefix_path.ps1'
[0.707s] INFO:colcon.colcon_core.shell:Creating environment descriptor '/home/olive/LVTN_2/install/usv_description/share/usv_description/hook/cmake_prefix_path.dsv'
[0.707s] INFO:colcon.colcon_core.shell:Creating environment hook '/home/olive/LVTN_2/install/usv_description/share/usv_description/hook/cmake_prefix_path.sh'
[0.708s] Level 1:colcon.colcon_core.environment:checking '/home/olive/LVTN_2/install/usv_description/bin'
[0.708s] Level 1:colcon.colcon_core.environment:checking '/home/olive/LVTN_2/install/usv_description/lib/pkgconfig/usv_description.pc'
[0.708s] Level 1:colcon.colcon_core.environment:checking '/home/olive/LVTN_2/install/usv_description/lib/python3.10/site-packages'
[0.709s] Level 1:colcon.colcon_core.environment:checking '/home/olive/LVTN_2/install/usv_description/bin'
[0.710s] INFO:colcon.colcon_core.shell:Creating package script '/home/olive/LVTN_2/install/usv_description/share/usv_description/package.ps1'
[0.711s] INFO:colcon.colcon_core.shell:Creating package descriptor '/home/olive/LVTN_2/install/usv_description/share/usv_description/package.dsv'
[0.712s] INFO:colcon.colcon_core.shell:Creating package script '/home/olive/LVTN_2/install/usv_description/share/usv_description/package.sh'
[0.712s] INFO:colcon.colcon_core.shell:Creating package script '/home/olive/LVTN_2/install/usv_description/share/usv_description/package.bash'
[0.713s] INFO:colcon.colcon_core.shell:Creating package script '/home/olive/LVTN_2/install/usv_description/share/usv_description/package.zsh'
[0.714s] Level 1:colcon.colcon_core.environment:create_file_with_runtime_dependencies(/home/olive/LVTN_2/install/usv_description/share/colcon-core/packages/usv_description)
[12.292s] DEBUG:colcon.colcon_core.event_handler.log_command:Invoked command in '/home/olive/LVTN_2/build/usv_controller' returned '0': CMAKE_PREFIX_PATH=/opt/ros/humble /usr/bin/cmake --build /home/olive/LVTN_2/build/usv_controller -- -j16 -l16
[12.295s] DEBUG:colcon.colcon_core.event_handler.log_command:Invoking command in '/home/olive/LVTN_2/build/usv_controller': CMAKE_PREFIX_PATH=/opt/ros/humble /usr/bin/cmake --install /home/olive/LVTN_2/build/usv_controller
[12.314s] Level 1:colcon.colcon_core.environment:create_environment_scripts_only(usv_controller)
[12.315s] Level 1:colcon.colcon_core.environment:checking '/home/olive/LVTN_2/install/usv_controller' for CMake module files
[12.315s] DEBUG:colcon.colcon_core.event_handler.log_command:Invoked command in '/home/olive/LVTN_2/build/usv_controller' returned '0': CMAKE_PREFIX_PATH=/opt/ros/humble /usr/bin/cmake --install /home/olive/LVTN_2/build/usv_controller
[12.316s] Level 1:colcon.colcon_core.environment:checking '/home/olive/LVTN_2/install/usv_controller' for CMake config files
[12.316s] Level 1:colcon.colcon_core.shell:create_environment_hook('usv_controller', 'cmake_prefix_path')
[12.316s] INFO:colcon.colcon_core.shell:Creating environment hook '/home/olive/LVTN_2/install/usv_controller/share/usv_controller/hook/cmake_prefix_path.ps1'
[12.317s] INFO:colcon.colcon_core.shell:Creating environment descriptor '/home/olive/LVTN_2/install/usv_controller/share/usv_controller/hook/cmake_prefix_path.dsv'
[12.317s] INFO:colcon.colcon_core.shell:Creating environment hook '/home/olive/LVTN_2/install/usv_controller/share/usv_controller/hook/cmake_prefix_path.sh'
[12.318s] Level 1:colcon.colcon_core.environment:checking '/home/olive/LVTN_2/install/usv_controller/lib'
[12.318s] Level 1:colcon.colcon_core.environment:checking '/home/olive/LVTN_2/install/usv_controller/bin'
[12.318s] Level 1:colcon.colcon_core.environment:checking '/home/olive/LVTN_2/install/usv_controller/lib/pkgconfig/usv_controller.pc'
[12.319s] Level 1:colcon.colcon_core.environment:checking '/home/olive/LVTN_2/install/usv_controller/lib/python3.10/site-packages'
[12.319s] Level 1:colcon.colcon_core.environment:checking '/home/olive/LVTN_2/install/usv_controller/bin'
[12.320s] INFO:colcon.colcon_core.shell:Creating package script '/home/olive/LVTN_2/install/usv_controller/share/usv_controller/package.ps1'
[12.320s] INFO:colcon.colcon_core.shell:Creating package descriptor '/home/olive/LVTN_2/install/usv_controller/share/usv_controller/package.dsv'
[12.321s] INFO:colcon.colcon_core.shell:Creating package script '/home/olive/LVTN_2/install/usv_controller/share/usv_controller/package.sh'
[12.322s] INFO:colcon.colcon_core.shell:Creating package script '/home/olive/LVTN_2/install/usv_controller/share/usv_controller/package.bash'
[12.322s] INFO:colcon.colcon_core.shell:Creating package script '/home/olive/LVTN_2/install/usv_controller/share/usv_controller/package.zsh'
[12.322s] Level 1:colcon.colcon_core.environment:create_file_with_runtime_dependencies(/home/olive/LVTN_2/install/usv_controller/share/colcon-core/packages/usv_controller)
[12.323s] Level 1:colcon.colcon_core.environment:create_environment_scripts_only(usv_controller)
[12.323s] Level 1:colcon.colcon_core.environment:checking '/home/olive/LVTN_2/install/usv_controller' for CMake module files
[12.324s] Level 1:colcon.colcon_core.environment:checking '/home/olive/LVTN_2/install/usv_controller' for CMake config files
[12.324s] Level 1:colcon.colcon_core.shell:create_environment_hook('usv_controller', 'cmake_prefix_path')
[12.324s] INFO:colcon.colcon_core.shell:Creating environment hook '/home/olive/LVTN_2/install/usv_controller/share/usv_controller/hook/cmake_prefix_path.ps1'
[12.325s] INFO:colcon.colcon_core.shell:Creating environment descriptor '/home/olive/LVTN_2/install/usv_controller/share/usv_controller/hook/cmake_prefix_path.dsv'
[12.325s] INFO:colcon.colcon_core.shell:Creating environment hook '/home/olive/LVTN_2/install/usv_controller/share/usv_controller/hook/cmake_prefix_path.sh'
[12.326s] Level 1:colcon.colcon_core.environment:checking '/home/olive/LVTN_2/install/usv_controller/lib'
[12.326s] Level 1:colcon.colcon_core.environment:checking '/home/olive/LVTN_2/install/usv_controller/bin'
[12.326s] Level 1:colcon.colcon_core.environment:checking '/home/olive/LVTN_2/install/usv_controller/lib/pkgconfig/usv_controller.pc'
[12.326s] Level 1:colcon.colcon_core.environment:checking '/home/olive/LVTN_2/install/usv_controller/lib/python3.10/site-packages'
[12.327s] Level 1:colcon.colcon_core.environment:checking '/home/olive/LVTN_2/install/usv_controller/bin'
[12.327s] INFO:colcon.colcon_core.shell:Creating package script '/home/olive/LVTN_2/install/usv_controller/share/usv_controller/package.ps1'
[12.328s] INFO:colcon.colcon_core.shell:Creating package descriptor '/home/olive/LVTN_2/install/usv_controller/share/usv_controller/package.dsv'
[12.328s] INFO:colcon.colcon_core.shell:Creating package script '/home/olive/LVTN_2/install/usv_controller/share/usv_controller/package.sh'
[12.329s] INFO:colcon.colcon_core.shell:Creating package script '/home/olive/LVTN_2/install/usv_controller/share/usv_controller/package.bash'
[12.329s] INFO:colcon.colcon_core.shell:Creating package script '/home/olive/LVTN_2/install/usv_controller/share/usv_controller/package.zsh'
[12.330s] Level 1:colcon.colcon_core.environment:create_file_with_runtime_dependencies(/home/olive/LVTN_2/install/usv_controller/share/colcon-core/packages/usv_controller)
[12.330s] DEBUG:colcon.colcon_parallel_executor.executor.parallel:closing loop
[12.331s] DEBUG:colcon.colcon_parallel_executor.executor.parallel:loop closed
[12.331s] DEBUG:colcon.colcon_parallel_executor.executor.parallel:run_until_complete finished with '0'
[12.331s] DEBUG:colcon.colcon_core.event_reactor:joining thread
[12.342s] INFO:colcon.colcon_core.plugin_system:Skipping extension 'colcon_notification.desktop_notification.terminal_notifier': Not used on non-Darwin systems
[12.342s] INFO:colcon.colcon_core.plugin_system:Skipping extension 'colcon_notification.desktop_notification.win32': Not used on non-Windows systems
[12.342s] INFO:colcon.colcon_notification.desktop_notification:Sending desktop notification using 'notify2'
[12.378s] DEBUG:colcon.colcon_core.event_reactor:joined thread
[12.380s] INFO:colcon.colcon_core.shell:Creating prefix script '/home/olive/LVTN_2/install/local_setup.ps1'
[12.383s] INFO:colcon.colcon_core.shell:Creating prefix util module '/home/olive/LVTN_2/install/_local_setup_util_ps1.py'
[12.387s] INFO:colcon.colcon_core.shell:Creating prefix chain script '/home/olive/LVTN_2/install/setup.ps1'
[12.390s] INFO:colcon.colcon_core.shell:Creating prefix script '/home/olive/LVTN_2/install/local_setup.sh'
[12.391s] INFO:colcon.colcon_core.shell:Creating prefix util module '/home/olive/LVTN_2/install/_local_setup_util_sh.py'
[12.392s] INFO:colcon.colcon_core.shell:Creating prefix chain script '/home/olive/LVTN_2/install/setup.sh'
[12.394s] INFO:colcon.colcon_core.shell:Creating prefix script '/home/olive/LVTN_2/install/local_setup.bash'
[12.395s] INFO:colcon.colcon_core.shell:Creating prefix chain script '/home/olive/LVTN_2/install/setup.bash'
[12.396s] INFO:colcon.colcon_core.shell:Creating prefix script '/home/olive/LVTN_2/install/local_setup.zsh'
[12.397s] INFO:colcon.colcon_core.shell:Creating prefix chain script '/home/olive/LVTN_2/install/setup.zsh'
