[0.014s] Invoking command in '/home/olive/LVTN_2/build/usv_controller': CMAKE_PREFIX_PATH=${CMAKE_PREFIX_PATH}:/opt/ros/humble /usr/bin/cmake --build /home/olive/LVTN_2/build/usv_controller -- -j16 -l16
[0.051s] [35m[1mConsolidate compiler generated dependencies of target thruster_controller[0m
[0.061s] [ 50%] Built target state_reader
[0.064s] [ 75%] [32mBuilding CXX object CMakeFiles/thruster_controller.dir/src/thruster_controller.cpp.o[0m
[8.685s] [100%] [32m[1mLinking CXX executable thruster_controller[0m
[9.012s] [100%] Built target thruster_controller
[9.019s] Invoked command in '/home/olive/LVTN_2/build/usv_controller' returned '0': CMAKE_PREFIX_PATH=${CMAKE_PREFIX_PATH}:/opt/ros/humble /usr/bin/cmake --build /home/olive/LVTN_2/build/usv_controller -- -j16 -l16
[9.021s] Invoking command in '/home/olive/LVTN_2/build/usv_controller': CMAKE_PREFIX_PATH=${CMAKE_PREFIX_PATH}:/opt/ros/humble /usr/bin/cmake --install /home/olive/LVTN_2/build/usv_controller
[9.024s] -- Install configuration: ""
[9.025s] -- Up-to-date: /home/olive/LVTN_2/install/usv_controller/share/usv_controller/config
[9.025s] -- Up-to-date: /home/olive/LVTN_2/install/usv_controller/share/usv_controller/config/config.yaml
[9.025s] -- Up-to-date: /home/olive/LVTN_2/install/usv_controller/share/usv_controller/launch
[9.025s] -- Up-to-date: /home/olive/LVTN_2/install/usv_controller/lib/usv_controller/state_reader
[9.025s] -- Installing: /home/olive/LVTN_2/install/usv_controller/lib/usv_controller/thruster_controller
[9.027s] -- Set runtime path of "/home/olive/LVTN_2/install/usv_controller/lib/usv_controller/thruster_controller" to ""
[9.027s] -- Up-to-date: /home/olive/LVTN_2/install/usv_controller/share/ament_index/resource_index/package_run_dependencies/usv_controller
[9.027s] -- Up-to-date: /home/olive/LVTN_2/install/usv_controller/share/ament_index/resource_index/parent_prefix_path/usv_controller
[9.027s] -- Up-to-date: /home/olive/LVTN_2/install/usv_controller/share/usv_controller/environment/ament_prefix_path.sh
[9.028s] -- Up-to-date: /home/olive/LVTN_2/install/usv_controller/share/usv_controller/environment/ament_prefix_path.dsv
[9.028s] -- Up-to-date: /home/olive/LVTN_2/install/usv_controller/share/usv_controller/environment/path.sh
[9.028s] -- Up-to-date: /home/olive/LVTN_2/install/usv_controller/share/usv_controller/environment/path.dsv
[9.028s] -- Up-to-date: /home/olive/LVTN_2/install/usv_controller/share/usv_controller/local_setup.bash
[9.028s] -- Up-to-date: /home/olive/LVTN_2/install/usv_controller/share/usv_controller/local_setup.sh
[9.028s] -- Up-to-date: /home/olive/LVTN_2/install/usv_controller/share/usv_controller/local_setup.zsh
[9.028s] -- Up-to-date: /home/olive/LVTN_2/install/usv_controller/share/usv_controller/local_setup.dsv
[9.028s] -- Installing: /home/olive/LVTN_2/install/usv_controller/share/usv_controller/package.dsv
[9.028s] -- Up-to-date: /home/olive/LVTN_2/install/usv_controller/share/ament_index/resource_index/packages/usv_controller
[9.028s] -- Up-to-date: /home/olive/LVTN_2/install/usv_controller/share/usv_controller/cmake/usv_controllerConfig.cmake
[9.029s] -- Up-to-date: /home/olive/LVTN_2/install/usv_controller/share/usv_controller/cmake/usv_controllerConfig-version.cmake
[9.029s] -- Up-to-date: /home/olive/LVTN_2/install/usv_controller/share/usv_controller/package.xml
[9.029s] Invoked command in '/home/olive/LVTN_2/build/usv_controller' returned '0': CMAKE_PREFIX_PATH=${CMAKE_PREFIX_PATH}:/opt/ros/humble /usr/bin/cmake --install /home/olive/LVTN_2/build/usv_controller
